Archive member included because of file (symbol)

/usr/local/arm-none-eabi/bin/../lib/gcc/arm-none-eabi/4.7.3/libgcc.a(_udivsi3.o)
                              obj/ddram_main.o (__aeabi_uidivmod)
/usr/local/arm-none-eabi/bin/../lib/gcc/arm-none-eabi/4.7.3/libgcc.a(_dvmd_tls.o)
                              /usr/local/arm-none-eabi/bin/../lib/gcc/arm-none-eabi/4.7.3/libgcc.a(_udivsi3.o) (__aeabi_idiv0)
/usr/local/arm-none-eabi/bin/../arm-none-eabi/sysroot/lib/libc.a(lib_a-atexit.o)
                              /usr/local/arm-none-eabi/bin/../lib/gcc/arm-none-eabi/4.7.3/../../../../arm-none-eabi/lib/crt0.o (atexit)
/usr/local/arm-none-eabi/bin/../arm-none-eabi/sysroot/lib/libc.a(lib_a-exit.o)
                              /usr/local/arm-none-eabi/bin/../lib/gcc/arm-none-eabi/4.7.3/../../../../arm-none-eabi/lib/crt0.o (exit)
/usr/local/arm-none-eabi/bin/../arm-none-eabi/sysroot/lib/libc.a(lib_a-fini.o)
                              /usr/local/arm-none-eabi/bin/../lib/gcc/arm-none-eabi/4.7.3/../../../../arm-none-eabi/lib/crt0.o (__libc_fini_array)
/usr/local/arm-none-eabi/bin/../arm-none-eabi/sysroot/lib/libc.a(lib_a-impure.o)
                              /usr/local/arm-none-eabi/bin/../arm-none-eabi/sysroot/lib/libc.a(lib_a-exit.o) (_global_impure_ptr)
/usr/local/arm-none-eabi/bin/../arm-none-eabi/sysroot/lib/libc.a(lib_a-init.o)
                              /usr/local/arm-none-eabi/bin/../lib/gcc/arm-none-eabi/4.7.3/../../../../arm-none-eabi/lib/crt0.o (__libc_init_array)
/usr/local/arm-none-eabi/bin/../arm-none-eabi/sysroot/lib/libc.a(lib_a-iprintf.o)
                              obj/ddram_main.o (iprintf)
/usr/local/arm-none-eabi/bin/../arm-none-eabi/sysroot/lib/libc.a(lib_a-memcpy-stub.o)
                              obj/ddram_main.o (memcpy)
/usr/local/arm-none-eabi/bin/../arm-none-eabi/sysroot/lib/libc.a(lib_a-memset.o)
                              /usr/local/arm-none-eabi/bin/../lib/gcc/arm-none-eabi/4.7.3/../../../../arm-none-eabi/lib/crt0.o (memset)
/usr/local/arm-none-eabi/bin/../arm-none-eabi/sysroot/lib/libc.a(lib_a-vfiprintf.o)
                              /usr/local/arm-none-eabi/bin/../arm-none-eabi/sysroot/lib/libc.a(lib_a-iprintf.o) (_vfiprintf_r)
/usr/local/arm-none-eabi/bin/../arm-none-eabi/sysroot/lib/libc.a(lib_a-wsetup.o)
                              /usr/local/arm-none-eabi/bin/../arm-none-eabi/sysroot/lib/libc.a(lib_a-vfiprintf.o) (__swsetup_r)
/usr/local/arm-none-eabi/bin/../arm-none-eabi/sysroot/lib/libc.a(lib_a-__atexit.o)
                              /usr/local/arm-none-eabi/bin/../arm-none-eabi/sysroot/lib/libc.a(lib_a-atexit.o) (__register_exitproc)
/usr/local/arm-none-eabi/bin/../arm-none-eabi/sysroot/lib/libc.a(lib_a-__call_atexit.o)
                              /usr/local/arm-none-eabi/bin/../arm-none-eabi/sysroot/lib/libc.a(lib_a-exit.o) (__call_exitprocs)
/usr/local/arm-none-eabi/bin/../arm-none-eabi/sysroot/lib/libc.a(lib_a-fflush.o)
                              /usr/local/arm-none-eabi/bin/../arm-none-eabi/sysroot/lib/libc.a(lib_a-vfiprintf.o) (_fflush_r)
/usr/local/arm-none-eabi/bin/../arm-none-eabi/sysroot/lib/libc.a(lib_a-findfp.o)
                              /usr/local/arm-none-eabi/bin/../arm-none-eabi/sysroot/lib/libc.a(lib_a-vfiprintf.o) (__sinit)
/usr/local/arm-none-eabi/bin/../arm-none-eabi/sysroot/lib/libc.a(lib_a-fputwc.o)
                              /usr/local/arm-none-eabi/bin/../arm-none-eabi/sysroot/lib/libc.a(lib_a-vfiprintf.o) (_fputwc_r)
/usr/local/arm-none-eabi/bin/../arm-none-eabi/sysroot/lib/libc.a(lib_a-freer.o)
                              /usr/local/arm-none-eabi/bin/../arm-none-eabi/sysroot/lib/libc.a(lib_a-wsetup.o) (_free_r)
/usr/local/arm-none-eabi/bin/../arm-none-eabi/sysroot/lib/libc.a(lib_a-fvwrite.o)
                              /usr/local/arm-none-eabi/bin/../arm-none-eabi/sysroot/lib/libc.a(lib_a-vfiprintf.o) (__sfvwrite_r)
/usr/local/arm-none-eabi/bin/../arm-none-eabi/sysroot/lib/libc.a(lib_a-fwalk.o)
                              /usr/local/arm-none-eabi/bin/../arm-none-eabi/sysroot/lib/libc.a(lib_a-findfp.o) (_fwalk)
/usr/local/arm-none-eabi/bin/../arm-none-eabi/sysroot/lib/libc.a(lib_a-locale.o)
                              /usr/local/arm-none-eabi/bin/../arm-none-eabi/sysroot/lib/libc.a(lib_a-fputwc.o) (__locale_mb_cur_max)
/usr/local/arm-none-eabi/bin/../arm-none-eabi/sysroot/lib/libc.a(lib_a-makebuf.o)
                              /usr/local/arm-none-eabi/bin/../arm-none-eabi/sysroot/lib/libc.a(lib_a-wsetup.o) (__smakebuf_r)
/usr/local/arm-none-eabi/bin/../arm-none-eabi/sysroot/lib/libc.a(lib_a-mallocr.o)
                              /usr/local/arm-none-eabi/bin/../arm-none-eabi/sysroot/lib/libc.a(lib_a-findfp.o) (_malloc_r)
/usr/local/arm-none-eabi/bin/../arm-none-eabi/sysroot/lib/libc.a(lib_a-memchr-stub.o)
                              /usr/local/arm-none-eabi/bin/../arm-none-eabi/sysroot/lib/libc.a(lib_a-vfiprintf.o) (memchr)
/usr/local/arm-none-eabi/bin/../arm-none-eabi/sysroot/lib/libc.a(lib_a-memmove.o)
[...]
Memory Configuration

Name             Origin             Length             Attributes
romcodesram      0x0000000000306000 0x0000000000002000 w !xr
sram             0x0000000000300000 0x0000000000020000 w !xr
ddr_ebi0         0x0000000020000000 0x0000000004000000 w !xr
*default*        0x0000000000000000 0xffffffffffffffff

Linker script and memory map

LOAD /usr/local/arm-none-eabi/bin/../lib/gcc/arm-none-eabi/4.7.3/crti.o
LOAD /usr/local/arm-none-eabi/bin/../lib/gcc/arm-none-eabi/4.7.3/crtbegin.o
LOAD /usr/local/arm-none-eabi/bin/../lib/gcc/arm-none-eabi/4.7.3/../../../../arm-none-eabi/lib/crt0.o
LOAD obj/ddram_applet_cstartup.o
LOAD obj/ddram_main.o
START GROUP
LOAD /usr/local/arm-none-eabi/bin/../lib/gcc/arm-none-eabi/4.7.3/libgcc.a
LOAD /usr/local/arm-none-eabi/bin/../arm-none-eabi/sysroot/lib/libc.a
LOAD ../../libraries/libchip_sama5d3x/lib/libchip_sama5d3x_gcc_rel.a
LOAD ../../libraries/libboard_sama5d3x-ek/lib/libboard_sama5d3x_ek_gcc_rel.a
LOAD ../../libraries/libspiflash/lib/libspiflash_gcc_rel.a
END GROUP
START GROUP
LOAD /usr/local/arm-none-eabi/bin/../lib/gcc/arm-none-eabi/4.7.3/libgcc.a
LOAD /usr/local/arm-none-eabi/bin/../arm-none-eabi/sysroot/lib/libc.a
END GROUP
LOAD /usr/local/arm-none-eabi/bin/../lib/gcc/arm-none-eabi/4.7.3/crtend.o
LOAD /usr/local/arm-none-eabi/bin/../lib/gcc/arm-none-eabi/4.7.3/crtn.o

.fixed0         0x0000000020000000     0x96d0
                0x0000000020000000                . = ALIGN (0x4)
                0x0000000020000000                _sfixed = .
 *(.textisp .textisp.*)
 .textisp       0x0000000020000000       0xf0 obj/ddram_applet_cstartup.o
                0x0000000020000000                entry
 *(.text .text.* .gnu.linkonce.t.*)
 .text          0x00000000200000f0      0x128 /usr/local/arm-none-eabi/bin/../lib/gcc/arm-none-eabi/4.7.3/crtbegin.o
 .text.startup.main
                0x0000000020000218      0x530 obj/ddram_main.o
                0x0000000020000218                main
 .text          0x0000000020000748      0x114 /usr/local/arm-none-eabi/bin/../lib/gcc/arm-none-eabi/4.7.3/libgcc.a(_udivsi3.o)
                0x0000000020000748                __udivsi3
                0x0000000020000748                __aeabi_uidiv
                0x000000002000083c                __aeabi_uidivmod
 .text          0x000000002000085c        0x4 /usr/local/arm-none-eabi/bin/../lib/gcc/arm-none-eabi/4.7.3/libgcc.a(_dvmd_tls.o)
                0x000000002000085c                __aeabi_ldiv0
                0x000000002000085c                __aeabi_idiv0
 .text          0x0000000020000860       0x5c /usr/local/arm-none-eabi/bin/../arm-none-eabi/sysroot/lib/libc.a(lib_a-iprintf.o)
                0x0000000020000860                iprintf
                0x0000000020000894                _iprintf_r
 .text          0x00000000200008bc       0x20 /usr/local/arm-none-eabi/bin/../arm-none-eabi/sysroot/lib/libc.a(lib_a-memcpy-stub.o)
                0x00000000200008bc                memcpy
 .text          0x00000000200008dc       0x1c /usr/local/arm-none-eabi/bin/../arm-none-eabi/sysroot/lib/libc.a(lib_a-memset.o)
                0x00000000200008dc                memset
 .text          0x00000000200008f8     0x1004 /usr/local/arm-none-eabi/bin/../arm-none-eabi/sysroot/lib/libc.a(lib_a-vfiprintf.o)
                0x00000000200008f8                __sprint_r
                0x00000000200009a8                _vfiprintf_r
                0x00000000200018d0                vfiprintf
 .text          0x00000000200018fc      0x128 /usr/local/arm-none-eabi/bin/../arm-none-eabi/sysroot/lib/libc.a(lib_a-wsetup.o)
                0x00000000200018fc                __swsetup_r
 .text          0x0000000020001a24      0x284 /usr/local/arm-none-eabi/bin/../arm-none-eabi/sysroot/lib/libc.a(lib_a-fflush.o)
                0x0000000020001a24                __sflush_r
                0x0000000020001c24                _fflush_r
                0x0000000020001c64                fflush
 .text          0x0000000020001ca8      0x2a4 /usr/local/arm-none-eabi/bin/../arm-none-eabi/sysroot/lib/libc.a(lib_a-findfp.o)
                0x0000000020001cb8                _cleanup_r
                0x0000000020001d4c                __sfmoreglue
                0x0000000020001d90                _cleanup
                0x0000000020001da0                __sinit
                0x0000000020001e18                __sfp
                0x0000000020001ef4                __sfp_lock_acquire
                0x0000000020001ef8                __sfp_lock_release
                0x0000000020001efc                __sinit_lock_acquire
                0x0000000020001f00                __sinit_lock_release
                0x0000000020001f04                __fp_lock_all
                0x0000000020001f28                __fp_unlock_all
 .text          0x0000000020001f4c      0x17c /usr/local/arm-none-eabi/bin/../arm-none-eabi/sysroot/lib/libc.a(lib_a-fputwc.o)
                0x0000000020001f4c                _fputwc_r
                0x0000000020002084                fputwc
 .text          0x00000000200020c8      0x340 /usr/local/arm-none-eabi/bin/../arm-none-eabi/sysroot/lib/libc.a(lib_a-freer.o)
                0x00000000200020c8                _malloc_trim_r
                0x00000000200021c4                _free_r
 .text          0x0000000020002408      0x454 /usr/local/arm-none-eabi/bin/../arm-none-eabi/sysroot/lib/libc.a(lib_a-fvwrite.o)
                0x0000000020002408                __sfvwrite_r
 .text          0x000000002000285c       0xf0 /usr/local/arm-none-eabi/bin/../arm-none-eabi/sysroot/lib/libc.a(lib_a-fwalk.o)
                0x000000002000285c                _fwalk
                0x00000000200028d0                _fwalk_reent
 .text          0x000000002000294c       0xd0 /usr/local/arm-none-eabi/bin/../arm-none-eabi/sysroot/lib/libc.a(lib_a-locale.o)
                0x000000002000294c                _setlocale_r
                0x00000000200029b8                __locale_charset
                0x00000000200029c4                __locale_mb_cur_max
                0x00000000200029d4                __locale_msgcharset
                0x00000000200029e0                __locale_cjk_lang
                0x00000000200029e8                _localeconv_r
                0x00000000200029f4                setlocale
                0x0000000020002a10                localeconv
 .text          0x0000000020002a1c      0x140 /usr/local/arm-none-eabi/bin/../arm-none-eabi/sysroot/lib/libc.a(lib_a-makebuf.o)
                0x0000000020002a1c                __smakebuf_r
 .text          0x0000000020002b5c      0x618 /usr/local/arm-none-eabi/bin/../arm-none-eabi/sysroot/lib/libc.a(lib_a-mallocr.o)
                0x0000000020002b5c                _malloc_r
 .text          0x0000000020003174       0x34 /usr/local/arm-none-eabi/bin/../arm-none-eabi/sysroot/lib/libc.a(lib_a-memchr-stub.o)
                0x0000000020003174                memchr
 .text          0x00000000200031a8       0x5c /usr/local/arm-none-eabi/bin/../arm-none-eabi/sysroot/lib/libc.a(lib_a-memmove.o)
                0x00000000200031a8                memmove
 .text          0x0000000020003204        0x8 /usr/local/arm-none-eabi/bin/../arm-none-eabi/sysroot/lib/libc.a(lib_a-mlock.o)
                0x0000000020003204                __malloc_lock
                0x0000000020003208                __malloc_unlock
 .text          0x000000002000320c      0x454 /usr/local/arm-none-eabi/bin/../arm-none-eabi/sysroot/lib/libc.a(lib_a-reallocr.o)
                0x000000002000320c                _realloc_r
 .text          0x0000000020003660       0x3c /usr/local/arm-none-eabi/bin/../arm-none-eabi/sysroot/lib/libc.a(lib_a-sbrkr.o)
                0x0000000020003660                _sbrk_r
 .text          0x000000002000369c       0xd8 /usr/local/arm-none-eabi/bin/../arm-none-eabi/sysroot/lib/libc.a(lib_a-stdio.o)
                0x000000002000369c                __sread
                0x00000000200036d0                __seofread
                0x00000000200036d8                __swrite
                0x000000002000372c                __sseek
                0x0000000020003760                __sclose
 .text          0x0000000020003774       0x1c /usr/local/arm-none-eabi/bin/../arm-none-eabi/sysroot/lib/libc.a(lib_a-strcmp.o)
                0x0000000020003774                strcmp
 .text          0x0000000020003790       0x1c /usr/local/arm-none-eabi/bin/../arm-none-eabi/sysroot/lib/libc.a(lib_a-strlen.o)
                0x0000000020003790                strlen
 .text          0x00000000200037ac       0x58 /usr/local/arm-none-eabi/bin/../arm-none-eabi/sysroot/lib/libc.a(lib_a-strncpy.o)
                0x00000000200037ac                strncpy
 .text          0x0000000020003804      0x128 /usr/local/arm-none-eabi/bin/../arm-none-eabi/sysroot/lib/libc.a(lib_a-wbuf.o)
                0x0000000020003804                __swbuf_r
                0x0000000020003910                __swbuf
 .text          0x000000002000392c       0xb0 /usr/local/arm-none-eabi/bin/../arm-none-eabi/sysroot/lib/libc.a(lib_a-wcrtomb.o)
                0x000000002000392c                _wcrtomb_r
                0x00000000200039b0                wcrtomb
 .text          0x00000000200039dc       0x74 /usr/local/arm-none-eabi/bin/../arm-none-eabi/sysroot/lib/libc.a(lib_a-wctomb_r.o)
                0x00000000200039dc                __ascii_wctomb
                0x0000000020003a08                _wctomb_r
 .text          0x0000000020003a50       0x44 /usr/local/arm-none-eabi/bin/../arm-none-eabi/sysroot/lib/libc.a(lib_a-writer.o)
                0x0000000020003a50                _write_r
 .text          0x0000000020003a94       0x3c /usr/local/arm-none-eabi/bin/../arm-none-eabi/sysroot/lib/libc.a(lib_a-closer.o)
                0x0000000020003a94                _close_r
 .text          0x0000000020003ad0       0xf0 /usr/local/arm-none-eabi/bin/../arm-none-eabi/sysroot/lib/libc.a(lib_a-fclose.o)
                0x0000000020003ad0                _fclose_r
                0x0000000020003bac                fclose
 .text          0x0000000020003bc0       0x40 /usr/local/arm-none-eabi/bin/../arm-none-eabi/sysroot/lib/libc.a(lib_a-fstatr.o)
                0x0000000020003bc0                _fstat_r
 .text          0x0000000020003c00       0x3c /usr/local/arm-none-eabi/bin/../arm-none-eabi/sysroot/lib/libc.a(lib_a-isattyr.o)
                0x0000000020003c00                _isatty_r
 .text          0x0000000020003c3c       0x44 /usr/local/arm-none-eabi/bin/../arm-none-eabi/sysroot/lib/libc.a(lib_a-lseekr.o)
                0x0000000020003c3c                _lseek_r
 .text          0x0000000020003c80       0x44 /usr/local/arm-none-eabi/bin/../arm-none-eabi/sysroot/lib/libc.a(lib_a-readr.o)
                0x0000000020003c80                _read_r
 .text.PIO_Configure
                0x0000000020003cc4      0x200 ../../libraries/libchip_sama5d3x/lib/libchip_sama5d3x_gcc_rel.a(pio.o)
                0x0000000020003cc4                PIO_Configure
 .text.PMC_EnablePeripheral
                0x0000000020003ec4       0x44 ../../libraries/libchip_sama5d3x/lib/libchip_sama5d3x_gcc_rel.a(pmc.o)
                0x0000000020003ec4                PMC_EnablePeripheral
 .text.PMC_DisablePeripheral
                0x0000000020003f08       0x84 ../../libraries/libchip_sama5d3x/lib/libchip_sama5d3x_gcc_rel.a(pmc.o)
                0x0000000020003f08                PMC_DisablePeripheral
 .text.PMC_IsPeriphEnabled
                0x0000000020003f8c       0x20 ../../libraries/libchip_sama5d3x/lib/libchip_sama5d3x_gcc_rel.a(pmc.o)
                0x0000000020003f8c                PMC_IsPeriphEnabled
 .text.DBGU_Configure
                0x0000000020003fac       0xe0 ../../libraries/libboard_sama5d3x-ek/lib/libboard_sama5d3x_ek_gcc_rel.a(dbgu_console.o)
                0x0000000020003fac                DBGU_Configure
 .text.DBGU_PutChar
                0x000000002000408c       0x60 ../../libraries/libboard_sama5d3x-ek/lib/libboard_sama5d3x_ek_gcc_rel.a(dbgu_console.o)
                0x000000002000408c                DBGU_PutChar
 .text.DMAD_Initialize
                0x00000000200040ec       0xd8 ../../libraries/libboard_sama5d3x-ek/lib/libboard_sama5d3x_ek_gcc_rel.a(dmad.o)
                0x00000000200040ec                DMAD_Initialize
 .text.DMAD_Handler
                0x00000000200041c4      0x1ac ../../libraries/libboard_sama5d3x-ek/lib/libboard_sama5d3x_ek_gcc_rel.a(dmad.o)
                0x00000000200041c4                DMAD_Handler
 .text.DMAD_AllocateChannel
                0x0000000020004370      0x170 ../../libraries/libboard_sama5d3x-ek/lib/libboard_sama5d3x_ek_gcc_rel.a(dmad.o)
                0x0000000020004370                DMAD_AllocateChannel
 .text.DMAD_FreeChannel
                0x00000000200044e0       0x84 ../../libraries/libboard_sama5d3x-ek/lib/libboard_sama5d3x_ek_gcc_rel.a(dmad.o)
                0x00000000200044e0                DMAD_FreeChannel
 .text.DMAD_SetCallback
                0x0000000020004564       0x88 ../../libraries/libboard_sama5d3x-ek/lib/libboard_sama5d3x_ek_gcc_rel.a(dmad.o)
                0x0000000020004564                DMAD_SetCallback
 .text.DMAD_PrepareChannel
                0x00000000200045ec      0x14c ../../libraries/libboard_sama5d3x-ek/lib/libboard_sama5d3x_ek_gcc_rel.a(dmad.o)
                0x00000000200045ec                DMAD_PrepareChannel
 .text.DMAD_StartTransfer
                0x0000000020004738       0xd4 ../../libraries/libboard_sama5d3x-ek/lib/libboard_sama5d3x_ek_gcc_rel.a(dmad.o)
                0x0000000020004738                DMAD_StartTransfer
 .text.DMAD_PrepareMultiTransfer
                0x000000002000480c       0xc0 ../../libraries/libboard_sama5d3x-ek/lib/libboard_sama5d3x_ek_gcc_rel.a(dmad.o)
                0x000000002000480c                DMAD_PrepareMultiTransfer
 .text.DMAIF_Get_ChannelNumber
                0x00000000200048cc       0x64 ../../libraries/libboard_sama5d3x-ek/lib/libboard_sama5d3x_ek_gcc_rel.a(dma_hardware_interface.o)
                0x00000000200048cc                DMAIF_Get_ChannelNumber
 .text.DMAIF_IsValidatedPeripherOnDma
                0x0000000020004930       0x4c ../../libraries/libboard_sama5d3x-ek/lib/libboard_sama5d3x_ek_gcc_rel.a(dma_hardware_interface.o)
                0x0000000020004930                DMAIF_IsValidatedPeripherOnDma
 .text.min      0x000000002000497c        0xc ../../libraries/libboard_sama5d3x-ek/lib/libboard_sama5d3x_ek_gcc_rel.a(math.o)
                0x000000002000497c                min
 .text._sbrk    0x0000000020004988       0x30 ../../libraries/libboard_sama5d3x-ek/lib/libboard_sama5d3x_ek_gcc_rel.a(syscalls.o)
                0x0000000020004988                _sbrk
 .text._close   0x00000000200049b8        0x8 ../../libraries/libboard_sama5d3x-ek/lib/libboard_sama5d3x_ek_gcc_rel.a(syscalls.o)
                0x00000000200049b8                _close
 .text._fstat   0x00000000200049c0       0x10 ../../libraries/libboard_sama5d3x-ek/lib/libboard_sama5d3x_ek_gcc_rel.a(syscalls.o)
                0x00000000200049c0                _fstat
 .text._isatty  0x00000000200049d0        0x8 ../../libraries/libboard_sama5d3x-ek/lib/libboard_sama5d3x_ek_gcc_rel.a(syscalls.o)
                0x00000000200049d0                _isatty
 .text._lseek   0x00000000200049d8        0x8 ../../libraries/libboard_sama5d3x-ek/lib/libboard_sama5d3x_ek_gcc_rel.a(syscalls.o)
                0x00000000200049d8                _lseek
 .text._read    0x00000000200049e0        0x8 ../../libraries/libboard_sama5d3x-ek/lib/libboard_sama5d3x_ek_gcc_rel.a(syscalls.o)
                0x00000000200049e0                _read
 .text._write   0x00000000200049e8       0x40 ../../libraries/libboard_sama5d3x-ek/lib/libboard_sama5d3x_ek_gcc_rel.a(syscalls.o)
                0x00000000200049e8                _write
 .text._exit    0x0000000020004a28       0x24 ../../libraries/libboard_sama5d3x-ek/lib/libboard_sama5d3x_ek_gcc_rel.a(syscalls.o)
                0x0000000020004a28                _exit
 .text._kill    0x0000000020004a4c        0x4 ../../libraries/libboard_sama5d3x-ek/lib/libboard_sama5d3x_ek_gcc_rel.a(syscalls.o)
                0x0000000020004a4c                _kill
 .text._getpid  0x0000000020004a50        0x8 ../../libraries/libboard_sama5d3x-ek/lib/libboard_sama5d3x_ek_gcc_rel.a(syscalls.o)
                0x0000000020004a50                _getpid
 .text.AT45D_Wait
                0x0000000020004a58       0x2c ../../libraries/libspiflash/lib/libspiflash_gcc_rel.a(at45d.o)
 .text.AT45D_GetStatus
                0x0000000020004a84       0xa8 ../../libraries/libspiflash/lib/libspiflash_gcc_rel.a(at45d.o)
                0x0000000020004a84                AT45D_GetStatus
 .text.AT45D_WaitReady
                0x0000000020004b2c       0x5c ../../libraries/libspiflash/lib/libspiflash_gcc_rel.a(at45d.o)
                0x0000000020004b2c                AT45D_WaitReady
 .text.AT45D_Read
                0x0000000020004b88       0xbc ../../libraries/libspiflash/lib/libspiflash_gcc_rel.a(at45d.o)
                0x0000000020004b88                AT45D_Read
 .text.AT45D_Write
                0x0000000020004c44       0xf4 ../../libraries/libspiflash/lib/libspiflash_gcc_rel.a(at45d.o)
                0x0000000020004c44                AT45D_Write
 .text.AT45D_Erase
                0x0000000020004d38       0xac ../../libraries/libspiflash/lib/libspiflash_gcc_rel.a(at45d.o)
                0x0000000020004d38                AT45D_Erase
 .text.AT45D_BinaryPage
                0x0000000020004de4       0xe8 ../../libraries/libspiflash/lib/libspiflash_gcc_rel.a(at45d.o)
                0x0000000020004de4                AT45D_BinaryPage
 .text.AT45_Configure
                0x0000000020004ecc       0xcc ../../libraries/libspiflash/lib/libspiflash_gcc_rel.a(at45_spi.o)
                0x0000000020004ecc                AT45_Configure
 .text.AT45_IsBusy
                0x0000000020004f98       0x58 ../../libraries/libspiflash/lib/libspiflash_gcc_rel.a(at45_spi.o)
                0x0000000020004f98                AT45_IsBusy
 .text.AT45_SendCommand
                0x0000000020004ff0      0x17c ../../libraries/libspiflash/lib/libspiflash_gcc_rel.a(at45_spi.o)
                0x0000000020004ff0                AT45_SendCommand
 .text.AT45_FindDevice
                0x000000002000516c       0x80 ../../libraries/libspiflash/lib/libspiflash_gcc_rel.a(at45_spi.o)
                0x000000002000516c                AT45_FindDevice
 .text.AT45_PageSize
                0x00000000200051ec       0x2c ../../libraries/libspiflash/lib/libspiflash_gcc_rel.a(at45_spi.o)
                0x00000000200051ec                AT45_PageSize
 .text.SPID_Rx_Cb
                0x0000000020005218       0xbc ../../libraries/libspiflash/lib/libspiflash_gcc_rel.a(spid_dma.o)
 .text.SPID_Configure
                0x00000000200052d4       0x64 ../../libraries/libspiflash/lib/libspiflash_gcc_rel.a(spid_dma.o)
                0x00000000200052d4                SPID_Configure
 .text.SPID_ConfigureCS
                0x0000000020005338       0x60 ../../libraries/libspiflash/lib/libspiflash_gcc_rel.a(spid_dma.o)
                0x0000000020005338                SPID_ConfigureCS
 .text.SPID_SendCommand
                0x0000000020005398      0x338 ../../libraries/libspiflash/lib/libspiflash_gcc_rel.a(spid_dma.o)
                0x0000000020005398                SPID_SendCommand
 .text.SPID_Handler
                0x00000000200056d0        0x4 ../../libraries/libspiflash/lib/libspiflash_gcc_rel.a(spid_dma.o)
                0x00000000200056d0                SPID_Handler
 .text.SPID_DmaHandler
                0x00000000200056d4       0x20 ../../libraries/libspiflash/lib/libspiflash_gcc_rel.a(spid_dma.o)
                0x00000000200056d4                SPID_DmaHandler
 .text.SPID_IsBusy
                0x00000000200056f4       0x10 ../../libraries/libspiflash/lib/libspiflash_gcc_rel.a(spid_dma.o)
                0x00000000200056f4                SPID_IsBusy
 .text          0x0000000020005704       0x3c /usr/local/arm-none-eabi/bin/../lib/gcc/arm-none-eabi/4.7.3/libgcc.a(_aeabi_uldivmod.o)
                0x0000000020005704                __aeabi_uldivmod
 .text          0x0000000020005740       0x84 /usr/local/arm-none-eabi/bin/../lib/gcc/arm-none-eabi/4.7.3/libgcc.a(bpabi.o)
                0x0000000020005740                __gnu_ldivmod_helper
                0x0000000020005784                __gnu_uldivmod_helper
 .text          0x00000000200057c4      0x4f8 /usr/local/arm-none-eabi/bin/../lib/gcc/arm-none-eabi/4.7.3/libgcc.a(_divdi3.o)
                0x00000000200057c4                __divdi3
 .text          0x0000000020005cbc      0x498 /usr/local/arm-none-eabi/bin/../lib/gcc/arm-none-eabi/4.7.3/libgcc.a(_udivdi3.o)
                0x0000000020005cbc                __udivdi3
 .text          0x0000000020006154      0xfb0 /usr/local/arm-none-eabi/bin/../lib/gcc/arm-none-eabi/4.7.3/libgcc.a(unwind-arm.o)
                0x00000000200065dc                _Unwind_GetCFA
                0x00000000200065e4                __gnu_Unwind_RaiseException
                0x0000000020006690                __gnu_Unwind_ForcedUnwind
                0x00000000200066b4                __gnu_Unwind_Resume
                0x000000002000672c                __gnu_Unwind_Resume_or_Rethrow
                0x000000002000674c                _Unwind_Complete
                0x0000000020006750                _Unwind_DeleteException
                0x0000000020006774                _Unwind_VRS_Get
                0x00000000200067e8                _Unwind_VRS_Set
                0x0000000020006c8c                __aeabi_unwind_cpp_pr2
                0x0000000020006c94                __aeabi_unwind_cpp_pr1
                0x0000000020006c9c                __aeabi_unwind_cpp_pr0
                0x0000000020006ca4                __gnu_Unwind_Backtrace
                0x0000000020006d70                _Unwind_VRS_Pop
 .text          0x0000000020007104      0x1b0 /usr/local/arm-none-eabi/bin/../lib/gcc/arm-none-eabi/4.7.3/libgcc.a(libunwind.o)
                0x0000000020007104                __restore_core_regs
                0x0000000020007104                restore_core_regs
                0x0000000020007120                __gnu_Unwind_Restore_VFP
                0x0000000020007128                __gnu_Unwind_Save_VFP
                0x0000000020007130                __gnu_Unwind_Restore_VFP_D
                0x0000000020007138                __gnu_Unwind_Save_VFP_D
                0x0000000020007140                __gnu_Unwind_Restore_VFP_D_16_to_31
                0x0000000020007148                __gnu_Unwind_Save_VFP_D_16_to_31
                0x0000000020007150                __gnu_Unwind_Restore_WMMXD
                0x0000000020007194                __gnu_Unwind_Save_WMMXD
                0x00000000200071d8                __gnu_Unwind_Restore_WMMXC
                0x00000000200071ec                __gnu_Unwind_Save_WMMXC
                0x0000000020007200                ___Unwind_RaiseException
                0x0000000020007200                _Unwind_RaiseException
                0x0000000020007224                ___Unwind_Resume
                0x0000000020007224                _Unwind_Resume
                0x0000000020007248                _Unwind_Resume_or_Rethrow
                0x0000000020007248                ___Unwind_Resume_or_Rethrow
                0x000000002000726c                ___Unwind_ForcedUnwind
                0x000000002000726c                _Unwind_ForcedUnwind
                0x0000000020007290                _Unwind_Backtrace
                0x0000000020007290                ___Unwind_Backtrace
 .text          0x00000000200072b4      0x53c /usr/local/arm-none-eabi/bin/../lib/gcc/arm-none-eabi/4.7.3/libgcc.a(pr-support.o)
                0x0000000020007348                __gnu_unwind_execute
                0x0000000020007764                __gnu_unwind_frame
                0x00000000200077ac                _Unwind_GetRegionStart
                0x00000000200077c0                _Unwind_GetLanguageSpecificData
                0x00000000200077e0                _Unwind_GetDataRelBase
                0x00000000200077e8                _Unwind_GetTextRelBase
 .text          0x00000000200077f0       0x48 /usr/local/arm-none-eabi/bin/../lib/gcc/arm-none-eabi/4.7.3/libgcc.a(_clzsi2.o)
                0x00000000200077f0                __clzsi2
 .text          0x0000000020007838       0x14 /usr/local/arm-none-eabi/bin/../arm-none-eabi/sysroot/lib/libc.a(lib_a-abort.o)
                0x0000000020007838                abort
 .text          0x000000002000784c       0x60 /usr/local/arm-none-eabi/bin/../arm-none-eabi/sysroot/lib/libc.a(lib_a-assert.o)
                0x000000002000784c                __assert_func
                0x000000002000789c                __assert
 .text          0x00000000200078ac       0x58 /usr/local/arm-none-eabi/bin/../arm-none-eabi/sysroot/lib/libc.a(lib_a-fiprintf.o)
                0x00000000200078ac                _fiprintf_r
                0x00000000200078d0                fiprintf
 .text          0x0000000020007904      0x164 /usr/local/arm-none-eabi/bin/../arm-none-eabi/sysroot/lib/libc.a(lib_a-setvbuf.o)
                0x0000000020007904                setvbuf
 .text          0x0000000020007a68      0x22c /usr/local/arm-none-eabi/bin/../arm-none-eabi/sysroot/lib/libc.a(lib_a-signal.o)
                0x0000000020007a68                _init_signal_r
                0x0000000020007ac4                _signal_r
                0x0000000020007b18                _raise_r
                0x0000000020007bb0                __sigtramp_r
                0x0000000020007c40                raise
                0x0000000020007c54                signal
                0x0000000020007c70                _init_signal
                0x0000000020007c80                __sigtramp
 .text          0x0000000020007c94       0x50 /usr/local/arm-none-eabi/bin/../arm-none-eabi/sysroot/lib/libc.a(lib_a-signalr.o)
                0x0000000020007c94                _kill_r
                0x0000000020007cd4                _getpid_r
 .text          0x0000000020007ce4       0x40 /usr/local/arm-none-eabi/bin/../arm-none-eabi/sysroot/lib/libc.a(lib_a-malloc.o)
                0x0000000020007ce4                malloc
                0x0000000020007d04                free
 .text.DMAC_Enable
                0x0000000020007d24       0x48 ../../libraries/libchip_sama5d3x/lib/libchip_sama5d3x_gcc_rel.a(dmac.o)
                0x0000000020007d24                DMAC_Enable
 .text.DMAC_EnableIt
                0x0000000020007d6c       0x44 ../../libraries/libchip_sama5d3x/lib/libchip_sama5d3x_gcc_rel.a(dmac.o)
                0x0000000020007d6c                DMAC_EnableIt
 .text.DMAC_DisableIt
                0x0000000020007db0       0x44 ../../libraries/libchip_sama5d3x/lib/libchip_sama5d3x_gcc_rel.a(dmac.o)
                0x0000000020007db0                DMAC_DisableIt
 .text.DMAC_GetStatus
                0x0000000020007df4       0x44 ../../libraries/libchip_sama5d3x/lib/libchip_sama5d3x_gcc_rel.a(dmac.o)
                0x0000000020007df4                DMAC_GetStatus
 .text.DMAC_EnableChannel
                0x0000000020007e38       0x6c ../../libraries/libchip_sama5d3x/lib/libchip_sama5d3x_gcc_rel.a(dmac.o)
                0x0000000020007e38                DMAC_EnableChannel
 .text.DMAC_DisableChannel
                0x0000000020007ea4       0x6c ../../libraries/libchip_sama5d3x/lib/libchip_sama5d3x_gcc_rel.a(dmac.o)
                0x0000000020007ea4                DMAC_DisableChannel
 .text.DMAC_GetChannelStatus
                0x0000000020007f10       0x44 ../../libraries/libchip_sama5d3x/lib/libchip_sama5d3x_gcc_rel.a(dmac.o)
                0x0000000020007f10                DMAC_GetChannelStatus
 .text.DMAC_SetDescriptorAddr
                0x0000000020007f54       0x94 ../../libraries/libchip_sama5d3x/lib/libchip_sama5d3x_gcc_rel.a(dmac.o)
                0x0000000020007f54                DMAC_SetDescriptorAddr
 .text.DMAC_SetControlB
                0x0000000020007fe8       0x6c ../../libraries/libchip_sama5d3x/lib/libchip_sama5d3x_gcc_rel.a(dmac.o)
                0x0000000020007fe8                DMAC_SetControlB
 .text.DMAC_SetCFG
                0x0000000020008054       0x70 ../../libraries/libchip_sama5d3x/lib/libchip_sama5d3x_gcc_rel.a(dmac.o)
                0x0000000020008054                DMAC_SetCFG
 .text.SPI_Enable
                0x00000000200080c4        0xc ../../libraries/libchip_sama5d3x/lib/libchip_sama5d3x_gcc_rel.a(spi.o)
                0x00000000200080c4                SPI_Enable
 .text.SPI_Disable
                0x00000000200080d0        0xc ../../libraries/libchip_sama5d3x/lib/libchip_sama5d3x_gcc_rel.a(spi.o)
                0x00000000200080d0                SPI_Disable
 .text.SPI_Configure
                0x00000000200080dc       0x40 ../../libraries/libchip_sama5d3x/lib/libchip_sama5d3x_gcc_rel.a(spi.o)
                0x00000000200080dc                SPI_Configure
 .text.SPI_ChipSelect
                0x000000002000811c       0x24 ../../libraries/libchip_sama5d3x/lib/libchip_sama5d3x_gcc_rel.a(spi.o)
                0x000000002000811c                SPI_ChipSelect
 .text.SPI_ReleaseCS
                0x0000000020008140        0xc ../../libraries/libchip_sama5d3x/lib/libchip_sama5d3x_gcc_rel.a(spi.o)
                0x0000000020008140                SPI_ReleaseCS
 .text.SPI_ConfigureNPCS
                0x000000002000814c        0xc ../../libraries/libchip_sama5d3x/lib/libchip_sama5d3x_gcc_rel.a(spi.o)
                0x000000002000814c                SPI_ConfigureNPCS
 *(.glue_7t)
 .glue_7t       0x0000000000000000        0x0 linker stubs
 *(.glue_7)
 .glue_7        0x0000000000000000        0x0 linker stubs
 *(.CP15_*)
 *(.rodata .rodata* .gnu.linkonce.r.*)
 .rodata.str1.1
                0x0000000020008158      0x251 obj/ddram_main.o
 *fill*         0x00000000200083a9        0x3 00
 .rodata        0x00000000200083ac        0x4 /usr/local/arm-none-eabi/bin/../arm-none-eabi/sysroot/lib/libc.a(lib_a-impure.o)
                0x00000000200083ac                _global_impure_ptr
 .rodata.str1.1
                0x00000000200083b0        0x2 /usr/local/arm-none-eabi/bin/../arm-none-eabi/sysroot/lib/libc.a(lib_a-impure.o)
 .rodata        0x00000000200083b2       0x20 /usr/local/arm-none-eabi/bin/../arm-none-eabi/sysroot/lib/libc.a(lib_a-vfiprintf.o)
 .rodata.str1.1
                0x00000000200083d2       0x22 /usr/local/arm-none-eabi/bin/../arm-none-eabi/sysroot/lib/libc.a(lib_a-vfiprintf.o)
 .rodata.str1.1
                0x00000000200083f4        0x8 /usr/local/arm-none-eabi/bin/../arm-none-eabi/sysroot/lib/libc.a(lib_a-locale.o)
                                          0xb (size before relaxing)
 .rodata.str1.1
                0x00000000200083fc       0x82 ../../libraries/libchip_sama5d3x/lib/libchip_sama5d3x_gcc_rel.a(pmc.o)
 *fill*         0x000000002000847e        0x2 00
 .rodata        0x0000000020008480       0x24 ../../libraries/libboard_sama5d3x-ek/lib/libboard_sama5d3x_ek_gcc_rel.a(dbgu_console.o)
 .rodata        0x00000000200084a4       0xdb ../../libraries/libboard_sama5d3x-ek/lib/libboard_sama5d3x_ek_gcc_rel.a(dmad.o)
 .rodata.str1.1
                0x000000002000857f       0x22 ../../libraries/libboard_sama5d3x-ek/lib/libboard_sama5d3x_ek_gcc_rel.a(dmad.o)
 *fill*         0x00000000200085a1        0x3 00
 .rodata        0x00000000200085a4      0x1e0 ../../libraries/libboard_sama5d3x-ek/lib/libboard_sama5d3x_ek_gcc_rel.a(dma_hardware_interface.o)
 .rodata.str1.1
                0x0000000020008784       0x19 ../../libraries/libboard_sama5d3x-ek/lib/libboard_sama5d3x_ek_gcc_rel.a(syscalls.o)
 .rodata        0x000000002000879d       0x57 ../../libraries/libspiflash/lib/libspiflash_gcc_rel.a(at45d.o)
 .rodata.str1.1
                0x00000000200087f4       0x5f ../../libraries/libspiflash/lib/libspiflash_gcc_rel.a(at45d.o)
 *fill*         0x0000000020008853        0x1 00
 .rodata        0x0000000020008854      0x110 ../../libraries/libspiflash/lib/libspiflash_gcc_rel.a(at45_spi.o)
 .rodata.str1.1
                0x0000000020008964       0xa2 ../../libraries/libspiflash/lib/libspiflash_gcc_rel.a(at45_spi.o)
                                         0xb0 (size before relaxing)
 .rodata.str1.1
                0x0000000020008a06       0x3c /usr/local/arm-none-eabi/bin/../arm-none-eabi/sysroot/lib/libc.a(lib_a-assert.o)
                                         0x3d (size before relaxing)
 .rodata        0x0000000020008a42      0x2d3 ../../libraries/libchip_sama5d3x/lib/libchip_sama5d3x_gcc_rel.a(dmac.o)
 .rodata.str1.1
                0x0000000020008d15       0x41 ../../libraries/libchip_sama5d3x/lib/libchip_sama5d3x_gcc_rel.a(dmac.o)
 *(.ARM.extab* .gnu.linkonce.armextab.*)
 *fill*         0x0000000020008d56        0x2 00
 .ARM.extab     0x0000000020008d58       0x18 /usr/local/arm-none-eabi/bin/../lib/gcc/arm-none-eabi/4.7.3/libgcc.a(unwind-arm.o)
 .ARM.extab     0x0000000020008d70       0x18 /usr/local/arm-none-eabi/bin/../lib/gcc/arm-none-eabi/4.7.3/libgcc.a(pr-support.o)
                0x0000000020008d88                . = ALIGN (0x4)
 *(.init)
 .init          0x0000000020008d88        0xc /usr/local/arm-none-eabi/bin/../lib/gcc/arm-none-eabi/4.7.3/crti.o
                0x0000000020008d88                _init
 .init          0x0000000020008d94        0xc /usr/local/arm-none-eabi/bin/../lib/gcc/arm-none-eabi/4.7.3/crtn.o
                0x0000000020008da0                . = ALIGN (0x4)
                0x0000000020008da0                __preinit_array_start = .
 *(.preinit_array)
                0x0000000020008da0                __preinit_array_end = .
                0x0000000020008da0                . = ALIGN (0x4)
                0x0000000020008da0                __init_array_start = .
 *(SORT(.init_array.*))
 *(.init_array)
 .init_array    0x0000000020008da0        0x4 /usr/local/arm-none-eabi/bin/../lib/gcc/arm-none-eabi/4.7.3/crtbegin.o
                0x0000000020008da4                __init_array_end = .
                0x0000000020008da4                . = ALIGN (0x4)
 *crtbegin.o(.ctors)
 *(EXCLUDE_FILE(*crtend.o) .ctors)
 *(SORT(.ctors.*))
 *crtend.o(.ctors)
                0x0000000020008da4                . = ALIGN (0x4)
 *(.fini)
 .fini          0x0000000020008da4        0xc /usr/local/arm-none-eabi/bin/../lib/gcc/arm-none-eabi/4.7.3/crti.o
                0x0000000020008da4                _fini
 .fini          0x0000000020008db0        0xc /usr/local/arm-none-eabi/bin/../lib/gcc/arm-none-eabi/4.7.3/crtn.o
                0x0000000020008dbc                . = ALIGN (0x4)
                0x0000000020008dbc                __fini_array_start = .
 *(.fini_array)
 .fini_array    0x0000000020008dbc        0x4 /usr/local/arm-none-eabi/bin/../lib/gcc/arm-none-eabi/4.7.3/crtbegin.o
 *(SORT(.fini_array.*))
                0x0000000020008dc0                __fini_array_end = .
 *crtbegin.o(.dtors)
 *(EXCLUDE_FILE(*crtend.o) .dtors)
 *(SORT(.dtors.*))
 *crtend.o(.dtors)
 *(.data .data.*)
 .data          0x0000000020008dc0       0x30 obj/ddram_main.o
 .data          0x0000000020008df0      0x430 /usr/local/arm-none-eabi/bin/../arm-none-eabi/sysroot/lib/libc.a(lib_a-impure.o)
                0x0000000020008df0                _impure_ptr
 .data          0x0000000020009220       0x7c /usr/local/arm-none-eabi/bin/../arm-none-eabi/sysroot/lib/libc.a(lib_a-locale.o)
                0x0000000020009240                __mb_cur_max
 .data          0x000000002000929c      0x410 /usr/local/arm-none-eabi/bin/../arm-none-eabi/sysroot/lib/libc.a(lib_a-mallocr.o)
                0x000000002000929c                __malloc_av_
                0x00000000200096a4                __malloc_sbrk_base
                0x00000000200096a8                __malloc_trim_threshold
 .data          0x00000000200096ac        0x4 /usr/local/arm-none-eabi/bin/../arm-none-eabi/sysroot/lib/libc.a(lib_a-wctomb_r.o)
                0x00000000200096ac                __wctomb
 .data          0x00000000200096b0       0x1c ../../libraries/libboard_sama5d3x-ek/lib/libboard_sama5d3x_ek_gcc_rel.a(dbgu_console.o)
 .data          0x00000000200096cc        0x4 ../../libraries/libboard_sama5d3x-ek/lib/libboard_sama5d3x_ek_gcc_rel.a(trace.o)
                0x00000000200096cc                dwTraceLevel
                0x00000000200096d0                . = ALIGN (0x4)
                0x00000000200096d0                _efixed = .

.vfp11_veneer   0x00000000200096d0        0x0
 .vfp11_veneer  0x0000000000000000        0x0 linker stubs

.v4_bx          0x00000000200096d0        0x0
 .v4_bx         0x0000000000000000        0x0 linker stubs

.iplt           0x00000000200096d0        0x0
 .iplt          0x0000000000000000        0x0 /usr/local/arm-none-eabi/bin/../lib/gcc/arm-none-eabi/4.7.3/crtbegin.o

.rel.dyn        0x00000000200096d0        0x0
 .rel.iplt      0x0000000000000000        0x0 /usr/local/arm-none-eabi/bin/../lib/gcc/arm-none-eabi/4.7.3/crtbegin.o
                0x00000000200096d0                . = ALIGN (0x4)
                0x00000000200096d0                _etext = .

.relocate       0x00000000200096d0        0x0
                0x00000000200096d0                . = ALIGN (0x4)
                0x00000000200096d0                _srelocate = .
                0x00000000200096d0                . = ALIGN (0x4)
                0x00000000200096d0                _erelocate = .

.bss            0x00000000200096d0      0x210
                0x00000000200096d0                . = ALIGN (0x4)
                0x00000000200096d0                _sbss = .
                0x00000000200096d0                _szero = .
 *(.bss .bss.*)
 .bss           0x00000000200096d0       0x1c /usr/local/arm-none-eabi/bin/../lib/gcc/arm-none-eabi/4.7.3/crtbegin.o
 .bss           0x00000000200096ec      0x158 obj/ddram_main.o
 .bss           0x0000000020009844       0x34 /usr/local/arm-none-eabi/bin/../arm-none-eabi/sysroot/lib/libc.a(lib_a-mallocr.o)
                0x0000000020009844                __malloc_top_pad
                0x0000000020009848                __malloc_current_mallinfo
                0x0000000020009870                __malloc_max_sbrked_mem
                0x0000000020009874                __malloc_max_total_mem
 .bss           0x0000000020009878        0x1 ../../libraries/libboard_sama5d3x-ek/lib/libboard_sama5d3x_ek_gcc_rel.a(dbgu_console.o)
                0x0000000020009878                _bConsoleIsInitialized
 *fill*         0x0000000020009879        0x3 00
 .bss           0x000000002000987c        0x4 ../../libraries/libboard_sama5d3x-ek/lib/libboard_sama5d3x_ek_gcc_rel.a(syscalls.o)
 .bss           0x0000000020009880        0x1 ../../libraries/libspiflash/lib/libspiflash_gcc_rel.a(at45_spi.o)
 *fill*         0x0000000020009881        0x3 00
 .bss           0x0000000020009884       0x58 ../../libraries/libspiflash/lib/libspiflash_gcc_rel.a(spid_dma.o)
 *(COMMON)
 COMMON         0x00000000200098dc        0x4 /usr/local/arm-none-eabi/bin/../arm-none-eabi/sysroot/lib/libc.a(lib_a-reent.o)
                0x00000000200098dc                errno
                0x00000000200098e0                . = ALIGN (0x4)
                0x00000000200098e0                _ebss = .
                0x00000000200098e0                _ezero = .
                0x00000000200098e0                PROVIDE (__exidx_start, .)

.ARM.exidx      0x00000000200098e0       0xd0
 *(.ARM.exidx* .gnu.linkonce.armexidx.*)
 .ARM.exidx     0x00000000200098e0        0x8 /usr/local/arm-none-eabi/bin/../lib/gcc/arm-none-eabi/4.7.3/libgcc.a(_divdi3.o)
 .ARM.exidx     0x00000000200098e8        0x0 /usr/local/arm-none-eabi/bin/../lib/gcc/arm-none-eabi/4.7.3/libgcc.a(_udivdi3.o)
                                          0x8 (size before relaxing)
 .ARM.exidx     0x00000000200098e8       0x90 /usr/local/arm-none-eabi/bin/../lib/gcc/arm-none-eabi/4.7.3/libgcc.a(unwind-arm.o)
                                         0xd8 (size before relaxing)
 .ARM.exidx     0x0000000020009978       0x38 /usr/local/arm-none-eabi/bin/../lib/gcc/arm-none-eabi/4.7.3/libgcc.a(pr-support.o)
                                         0x48 (size before relaxing)
                0x00000000200099b0                PROVIDE (__exidx_end, .)
                0x0000000023e00000                PROVIDE (_heap, ALIGN (((ORIGIN (ddr_ebi0) + 0x4000000) - 0x200000), 0x8))
                0x0000000023f00000                PROVIDE (_eheap, ALIGN (((ORIGIN (ddr_ebi0) + 0x4000000) - 0x100000), 0x8))
                0x0000000024000000                _sstack = 0x24000000
                0x00000000200099b0                . = ALIGN (0x4)
                0x00000000200099b0                _end = .
OUTPUT(bin/applet-dataflash-sama5d3x.elf elf32-littlearm)

.eh_frame       0x00000000200099b0        0x0
 .eh_frame      0x00000000200099b0        0x0 /usr/local/arm-none-eabi/bin/../lib/gcc/arm-none-eabi/4.7.3/crtbegin.o

.jcr            0x00000000200099b0        0x0
 .jcr           0x00000000200099b0        0x0 /usr/local/arm-none-eabi/bin/../lib/gcc/arm-none-eabi/4.7.3/crtbegin.o

.tm_clone_table
                0x00000000200099b0        0x0
 .tm_clone_table
                0x00000000200099b0        0x0 /usr/local/arm-none-eabi/bin/../lib/gcc/arm-none-eabi/4.7.3/crtbegin.o
 .tm_clone_table
                0x00000000200099b0        0x0 /usr/local/arm-none-eabi/bin/../lib/gcc/arm-none-eabi/4.7.3/crtend.o

.igot.plt       0x00000000200099b0        0x0
 .igot.plt      0x0000000000000000        0x0 /usr/local/arm-none-eabi/bin/../lib/gcc/arm-none-eabi/4.7.3/crtbegin.o

.ARM.attributes
                0x0000000000000000       0x2e
 .ARM.attributes
                0x0000000000000000       0x18 /usr/local/arm-none-eabi/bin/../lib/gcc/arm-none-eabi/4.7.3/crti.o
 .ARM.attributes
                0x0000000000000018       0x32 /usr/local/arm-none-eabi/bin/../lib/gcc/arm-none-eabi/4.7.3/crtbegin.o
 .ARM.attributes
                0x000000000000004a       0x18 obj/ddram_applet_cstartup.o
 .ARM.attributes
                0x0000000000000062       0x32 obj/ddram_main.o
 .ARM.attributes
                0x0000000000000094       0x1a /usr/local/arm-none-eabi/bin/../lib/gcc/arm-none-eabi/4.7.3/libgcc.a(_udivsi3.o)
 .ARM.attributes
                0x00000000000000ae       0x18 /usr/local/arm-none-eabi/bin/../lib/gcc/arm-none-eabi/4.7.3/libgcc.a(_dvmd_tls.o)
 .ARM.attributes
                0x00000000000000c6       0x32 /usr/local/arm-none-eabi/bin/../arm-none-eabi/sysroot/lib/libc.a(lib_a-impure.o)
 .ARM.attributes
                0x00000000000000f8       0x32 /usr/local/arm-none-eabi/bin/../arm-none-eabi/sysroot/lib/libc.a(lib_a-iprintf.o)
 .ARM.attributes
                0x000000000000012a       0x32 /usr/local/arm-none-eabi/bin/../arm-none-eabi/sysroot/lib/libc.a(lib_a-memcpy-stub.o)
 .ARM.attributes
                0x000000000000015c       0x32 /usr/local/arm-none-eabi/bin/../arm-none-eabi/sysroot/lib/libc.a(lib_a-memset.o)
 .ARM.attributes
                0x000000000000018e       0x32 /usr/local/arm-none-eabi/bin/../arm-none-eabi/sysroot/lib/libc.a(lib_a-vfiprintf.o)
 .ARM.attributes
                0x00000000000001c0       0x32 /usr/local/arm-none-eabi/bin/../arm-none-eabi/sysroot/lib/libc.a(lib_a-wsetup.o)
 .ARM.attributes
                0x00000000000001f2       0x32 /usr/local/arm-none-eabi/bin/../arm-none-eabi/sysroot/lib/libc.a(lib_a-fflush.o)
 .ARM.attributes
                0x0000000000000224       0x32 /usr/local/arm-none-eabi/bin/../arm-none-eabi/sysroot/lib/libc.a(lib_a-findfp.o)
 .ARM.attributes
                0x0000000000000256       0x32 /usr/local/arm-none-eabi/bin/../arm-none-eabi/sysroot/lib/libc.a(lib_a-fputwc.o)
 .ARM.attributes
                0x0000000000000288       0x32 /usr/local/arm-none-eabi/bin/../arm-none-eabi/sysroot/lib/libc.a(lib_a-freer.o)
 .ARM.attributes
                0x00000000000002ba       0x32 /usr/local/arm-none-eabi/bin/../arm-none-eabi/sysroot/lib/libc.a(lib_a-fvwrite.o)
 .ARM.attributes
                0x00000000000002ec       0x32 /usr/local/arm-none-eabi/bin/../arm-none-eabi/sysroot/lib/libc.a(lib_a-fwalk.o)
 .ARM.attributes
                0x000000000000031e       0x32 /usr/local/arm-none-eabi/bin/../arm-none-eabi/sysroot/lib/libc.a(lib_a-locale.o)
 .ARM.attributes
                0x0000000000000350       0x32 /usr/local/arm-none-eabi/bin/../arm-none-eabi/sysroot/lib/libc.a(lib_a-makebuf.o)
 .ARM.attributes
                0x0000000000000382       0x32 /usr/local/arm-none-eabi/bin/../arm-none-eabi/sysroot/lib/libc.a(lib_a-mallocr.o)
 .ARM.attributes
                0x00000000000003b4       0x32 /usr/local/arm-none-eabi/bin/../arm-none-eabi/sysroot/lib/libc.a(lib_a-memchr-stub.o)
 .ARM.attributes
                0x00000000000003e6       0x32 /usr/local/arm-none-eabi/bin/../arm-none-eabi/sysroot/lib/libc.a(lib_a-memmove.o)
 .ARM.attributes
                0x0000000000000418       0x32 /usr/local/arm-none-eabi/bin/../arm-none-eabi/sysroot/lib/libc.a(lib_a-mlock.o)
 .ARM.attributes
                0x000000000000044a       0x32 /usr/local/arm-none-eabi/bin/../arm-none-eabi/sysroot/lib/libc.a(lib_a-reallocr.o)
 .ARM.attributes
                0x000000000000047c       0x32 /usr/local/arm-none-eabi/bin/../arm-none-eabi/sysroot/lib/libc.a(lib_a-sbrkr.o)
 .ARM.attributes
                0x00000000000004ae       0x32 /usr/local/arm-none-eabi/bin/../arm-none-eabi/sysroot/lib/libc.a(lib_a-stdio.o)
 .ARM.attributes
                0x00000000000004e0       0x32 /usr/local/arm-none-eabi/bin/../arm-none-eabi/sysroot/lib/libc.a(lib_a-strcmp.o)
 .ARM.attributes
                0x0000000000000512       0x32 /usr/local/arm-none-eabi/bin/../arm-none-eabi/sysroot/lib/libc.a(lib_a-strlen.o)
 .ARM.attributes
                0x0000000000000544       0x32 /usr/local/arm-none-eabi/bin/../arm-none-eabi/sysroot/lib/libc.a(lib_a-strncpy.o)
 .ARM.attributes
                0x0000000000000576       0x32 /usr/local/arm-none-eabi/bin/../arm-none-eabi/sysroot/lib/libc.a(lib_a-wbuf.o)
 .ARM.attributes
                0x00000000000005a8       0x32 /usr/local/arm-none-eabi/bin/../arm-none-eabi/sysroot/lib/libc.a(lib_a-wcrtomb.o)
 .ARM.attributes
                0x00000000000005da       0x32 /usr/local/arm-none-eabi/bin/../arm-none-eabi/sysroot/lib/libc.a(lib_a-wctomb_r.o)
 .ARM.attributes
                0x000000000000060c       0x32 /usr/local/arm-none-eabi/bin/../arm-none-eabi/sysroot/lib/libc.a(lib_a-writer.o)
 .ARM.attributes
                0x000000000000063e       0x32 /usr/local/arm-none-eabi/bin/../arm-none-eabi/sysroot/lib/libc.a(lib_a-closer.o)
 .ARM.attributes
                0x0000000000000670       0x32 /usr/local/arm-none-eabi/bin/../arm-none-eabi/sysroot/lib/libc.a(lib_a-fclose.o)
 .ARM.attributes
                0x00000000000006a2       0x32 /usr/local/arm-none-eabi/bin/../arm-none-eabi/sysroot/lib/libc.a(lib_a-fstatr.o)
 .ARM.attributes
                0x00000000000006d4       0x32 /usr/local/arm-none-eabi/bin/../arm-none-eabi/sysroot/lib/libc.a(lib_a-isattyr.o)
 .ARM.attributes
                0x0000000000000706       0x32 /usr/local/arm-none-eabi/bin/../arm-none-eabi/sysroot/lib/libc.a(lib_a-lseekr.o)
 .ARM.attributes
                0x0000000000000738       0x32 /usr/local/arm-none-eabi/bin/../arm-none-eabi/sysroot/lib/libc.a(lib_a-readr.o)
 .ARM.attributes
                0x000000000000076a       0x32 /usr/local/arm-none-eabi/bin/../arm-none-eabi/sysroot/lib/libc.a(lib_a-reent.o)
 .ARM.attributes
                0x000000000000079c       0x32 ../../libraries/libchip_sama5d3x/lib/libchip_sama5d3x_gcc_rel.a(pio.o)
 .ARM.attributes
                0x00000000000007ce       0x32 ../../libraries/libchip_sama5d3x/lib/libchip_sama5d3x_gcc_rel.a(pmc.o)
 .ARM.attributes
                0x0000000000000800       0x32 ../../libraries/libboard_sama5d3x-ek/lib/libboard_sama5d3x_ek_gcc_rel.a(dbgu_console.o)
 .ARM.attributes
                0x0000000000000832       0x32 ../../libraries/libboard_sama5d3x-ek/lib/libboard_sama5d3x_ek_gcc_rel.a(dmad.o)
 .ARM.attributes
                0x0000000000000864       0x32 ../../libraries/libboard_sama5d3x-ek/lib/libboard_sama5d3x_ek_gcc_rel.a(dma_hardware_interface.o)
 .ARM.attributes
                0x0000000000000896       0x32 ../../libraries/libboard_sama5d3x-ek/lib/libboard_sama5d3x_ek_gcc_rel.a(math.o)
 .ARM.attributes
                0x00000000000008c8       0x32 ../../libraries/libboard_sama5d3x-ek/lib/libboard_sama5d3x_ek_gcc_rel.a(syscalls.o)
 .ARM.attributes
                0x00000000000008fa       0x32 ../../libraries/libboard_sama5d3x-ek/lib/libboard_sama5d3x_ek_gcc_rel.a(trace.o)
 .ARM.attributes
                0x000000000000092c       0x32 ../../libraries/libspiflash/lib/libspiflash_gcc_rel.a(at45d.o)
 .ARM.attributes
                0x000000000000095e       0x32 ../../libraries/libspiflash/lib/libspiflash_gcc_rel.a(at45_spi.o)
 .ARM.attributes
                0x0000000000000990       0x32 ../../libraries/libspiflash/lib/libspiflash_gcc_rel.a(spid_dma.o)
 .ARM.attributes
                0x00000000000009c2       0x1a /usr/local/arm-none-eabi/bin/../lib/gcc/arm-none-eabi/4.7.3/libgcc.a(_aeabi_uldivmod.o)
 .ARM.attributes
                0x00000000000009dc       0x32 /usr/local/arm-none-eabi/bin/../lib/gcc/arm-none-eabi/4.7.3/libgcc.a(bpabi.o)
 .ARM.attributes
                0x0000000000000a0e       0x32 /usr/local/arm-none-eabi/bin/../lib/gcc/arm-none-eabi/4.7.3/libgcc.a(_divdi3.o)
 .ARM.attributes
                0x0000000000000a40       0x32 /usr/local/arm-none-eabi/bin/../lib/gcc/arm-none-eabi/4.7.3/libgcc.a(_udivdi3.o)
 .ARM.attributes
                0x0000000000000a72       0x1a /usr/local/arm-none-eabi/bin/../lib/gcc/arm-none-eabi/4.7.3/libgcc.a(_clzsi2.o)
 .ARM.attributes
                0x0000000000000a8c       0x32 /usr/local/arm-none-eabi/bin/../arm-none-eabi/sysroot/lib/libc.a(lib_a-abort.o)
 .ARM.attributes
                0x0000000000000abe       0x32 /usr/local/arm-none-eabi/bin/../arm-none-eabi/sysroot/lib/libc.a(lib_a-assert.o)
 .ARM.attributes
                0x0000000000000af0       0x32 /usr/local/arm-none-eabi/bin/../arm-none-eabi/sysroot/lib/libc.a(lib_a-fiprintf.o)
 .ARM.attributes
                0x0000000000000b22       0x32 /usr/local/arm-none-eabi/bin/../arm-none-eabi/sysroot/lib/libc.a(lib_a-setvbuf.o)
 .ARM.attributes
                0x0000000000000b54       0x32 /usr/local/arm-none-eabi/bin/../arm-none-eabi/sysroot/lib/libc.a(lib_a-signal.o)
 .ARM.attributes
                0x0000000000000b86       0x32 /usr/local/arm-none-eabi/bin/../arm-none-eabi/sysroot/lib/libc.a(lib_a-signalr.o)
 .ARM.attributes
                0x0000000000000bb8       0x32 /usr/local/arm-none-eabi/bin/../arm-none-eabi/sysroot/lib/libc.a(lib_a-malloc.o)
 .ARM.attributes
                0x0000000000000bea       0x32 ../../libraries/libchip_sama5d3x/lib/libchip_sama5d3x_gcc_rel.a(dmac.o)
 .ARM.attributes
                0x0000000000000c1c       0x32 ../../libraries/libchip_sama5d3x/lib/libchip_sama5d3x_gcc_rel.a(spi.o)
 .ARM.attributes
                0x0000000000000c4e       0x32 /usr/local/arm-none-eabi/bin/../lib/gcc/arm-none-eabi/4.7.3/crtend.o
 .ARM.attributes
                0x0000000000000c80       0x1a /usr/local/arm-none-eabi/bin/../lib/gcc/arm-none-eabi/4.7.3/crtn.o

.comment        0x0000000000000000       0x21
 .comment       0x0000000000000000       0x21 /usr/local/arm-none-eabi/bin/../lib/gcc/arm-none-eabi/4.7.3/crtbegin.o
                                         0x22 (size before relaxing)
 .comment       0x0000000000000000       0x22 obj/ddram_main.o
 .comment       0x0000000000000000       0x22 /usr/local/arm-none-eabi/bin/../arm-none-eabi/sysroot/lib/libc.a(lib_a-impure.o)
 .comment       0x0000000000000000       0x22 /usr/local/arm-none-eabi/bin/../arm-none-eabi/sysroot/lib/libc.a(lib_a-iprintf.o)
 .comment       0x0000000000000000       0x22 /usr/local/arm-none-eabi/bin/../arm-none-eabi/sysroot/lib/libc.a(lib_a-memcpy-stub.o)
 .comment       0x0000000000000000       0x22 /usr/local/arm-none-eabi/bin/../arm-none-eabi/sysroot/lib/libc.a(lib_a-memset.o)
 .comment       0x0000000000000000       0x22 /usr/local/arm-none-eabi/bin/../arm-none-eabi/sysroot/lib/libc.a(lib_a-vfiprintf.o)
 .comment       0x0000000000000000       0x22 /usr/local/arm-none-eabi/bin/../arm-none-eabi/sysroot/lib/libc.a(lib_a-wsetup.o)
 .comment       0x0000000000000000       0x22 /usr/local/arm-none-eabi/bin/../arm-none-eabi/sysroot/lib/libc.a(lib_a-fflush.o)
 .comment       0x0000000000000000       0x22 /usr/local/arm-none-eabi/bin/../arm-none-eabi/sysroot/lib/libc.a(lib_a-findfp.o)
 .comment       0x0000000000000000       0x22 /usr/local/arm-none-eabi/bin/../arm-none-eabi/sysroot/lib/libc.a(lib_a-fputwc.o)
 .comment       0x0000000000000000       0x22 /usr/local/arm-none-eabi/bin/../arm-none-eabi/sysroot/lib/libc.a(lib_a-freer.o)
 .comment       0x0000000000000000       0x22 /usr/local/arm-none-eabi/bin/../arm-none-eabi/sysroot/lib/libc.a(lib_a-fvwrite.o)
 .comment       0x0000000000000000       0x22 /usr/local/arm-none-eabi/bin/../arm-none-eabi/sysroot/lib/libc.a(lib_a-fwalk.o)
 .comment       0x0000000000000000       0x22 /usr/local/arm-none-eabi/bin/../arm-none-eabi/sysroot/lib/libc.a(lib_a-locale.o)
 .comment       0x0000000000000000       0x22 /usr/local/arm-none-eabi/bin/../arm-none-eabi/sysroot/lib/libc.a(lib_a-makebuf.o)
 .comment       0x0000000000000000       0x22 /usr/local/arm-none-eabi/bin/../arm-none-eabi/sysroot/lib/libc.a(lib_a-mallocr.o)
 .comment       0x0000000000000000       0x22 /usr/local/arm-none-eabi/bin/../arm-none-eabi/sysroot/lib/libc.a(lib_a-memchr-stub.o)
 .comment       0x0000000000000000       0x22 /usr/local/arm-none-eabi/bin/../arm-none-eabi/sysroot/lib/libc.a(lib_a-memmove.o)
 .comment       0x0000000000000000       0x22 /usr/local/arm-none-eabi/bin/../arm-none-eabi/sysroot/lib/libc.a(lib_a-mlock.o)
 .comment       0x0000000000000000       0x22 /usr/local/arm-none-eabi/bin/../arm-none-eabi/sysroot/lib/libc.a(lib_a-reallocr.o)
 .comment       0x0000000000000000       0x22 /usr/local/arm-none-eabi/bin/../arm-none-eabi/sysroot/lib/libc.a(lib_a-sbrkr.o)
 .comment       0x0000000000000000       0x22 /usr/local/arm-none-eabi/bin/../arm-none-eabi/sysroot/lib/libc.a(lib_a-stdio.o)
 .comment       0x0000000000000000       0x22 /usr/local/arm-none-eabi/bin/../arm-none-eabi/sysroot/lib/libc.a(lib_a-strcmp.o)
 .comment       0x0000000000000000       0x22 /usr/local/arm-none-eabi/bin/../arm-none-eabi/sysroot/lib/libc.a(lib_a-strlen.o)
 .comment       0x0000000000000000       0x22 /usr/local/arm-none-eabi/bin/../arm-none-eabi/sysroot/lib/libc.a(lib_a-strncpy.o)
 .comment       0x0000000000000000       0x22 /usr/local/arm-none-eabi/bin/../arm-none-eabi/sysroot/lib/libc.a(lib_a-wbuf.o)
 .comment       0x0000000000000000       0x22 /usr/local/arm-none-eabi/bin/../arm-none-eabi/sysroot/lib/libc.a(lib_a-wcrtomb.o)
 .comment       0x0000000000000000       0x22 /usr/local/arm-none-eabi/bin/../arm-none-eabi/sysroot/lib/libc.a(lib_a-wctomb_r.o)
 .comment       0x0000000000000000       0x22 /usr/local/arm-none-eabi/bin/../arm-none-eabi/sysroot/lib/libc.a(lib_a-writer.o)
 .comment       0x0000000000000000       0x22 /usr/local/arm-none-eabi/bin/../arm-none-eabi/sysroot/lib/libc.a(lib_a-closer.o)
 .comment       0x0000000000000000       0x22 /usr/local/arm-none-eabi/bin/../arm-none-eabi/sysroot/lib/libc.a(lib_a-fclose.o)
 .comment       0x0000000000000000       0x22 /usr/local/arm-none-eabi/bin/../arm-none-eabi/sysroot/lib/libc.a(lib_a-fstatr.o)
 .comment       0x0000000000000000       0x22 /usr/local/arm-none-eabi/bin/../arm-none-eabi/sysroot/lib/libc.a(lib_a-isattyr.o)
 .comment       0x0000000000000000       0x22 /usr/local/arm-none-eabi/bin/../arm-none-eabi/sysroot/lib/libc.a(lib_a-lseekr.o)
 .comment       0x0000000000000000       0x22 /usr/local/arm-none-eabi/bin/../arm-none-eabi/sysroot/lib/libc.a(lib_a-readr.o)
 .comment       0x0000000000000000       0x22 /usr/local/arm-none-eabi/bin/../arm-none-eabi/sysroot/lib/libc.a(lib_a-reent.o)
 .comment       0x0000000000000000       0x22 ../../libraries/libchip_sama5d3x/lib/libchip_sama5d3x_gcc_rel.a(pio.o)
 .comment       0x0000000000000000       0x22 ../../libraries/libchip_sama5d3x/lib/libchip_sama5d3x_gcc_rel.a(pmc.o)
 .comment       0x0000000000000000       0x22 ../../libraries/libboard_sama5d3x-ek/lib/libboard_sama5d3x_ek_gcc_rel.a(dbgu_console.o)
 .comment       0x0000000000000000       0x22 ../../libraries/libboard_sama5d3x-ek/lib/libboard_sama5d3x_ek_gcc_rel.a(dmad.o)
 .comment       0x0000000000000000       0x22 ../../libraries/libboard_sama5d3x-ek/lib/libboard_sama5d3x_ek_gcc_rel.a(dma_hardware_interface.o)
 .comment       0x0000000000000000       0x22 ../../libraries/libboard_sama5d3x-ek/lib/libboard_sama5d3x_ek_gcc_rel.a(math.o)
 .comment       0x0000000000000000       0x22 ../../libraries/libboard_sama5d3x-ek/lib/libboard_sama5d3x_ek_gcc_rel.a(syscalls.o)
 .comment       0x0000000000000000       0x22 ../../libraries/libboard_sama5d3x-ek/lib/libboard_sama5d3x_ek_gcc_rel.a(trace.o)
 .comment       0x0000000000000000       0x22 ../../libraries/libspiflash/lib/libspiflash_gcc_rel.a(at45d.o)
 .comment       0x0000000000000000       0x22 ../../libraries/libspiflash/lib/libspiflash_gcc_rel.a(at45_spi.o)
 .comment       0x0000000000000000       0x22 ../../libraries/libspiflash/lib/libspiflash_gcc_rel.a(spid_dma.o)
 .comment       0x0000000000000000       0x22 /usr/local/arm-none-eabi/bin/../lib/gcc/arm-none-eabi/4.7.3/libgcc.a(bpabi.o)
 .comment       0x0000000000000000       0x22 /usr/local/arm-none-eabi/bin/../lib/gcc/arm-none-eabi/4.7.3/libgcc.a(_divdi3.o)
 .comment       0x0000000000000000       0x22 /usr/local/arm-none-eabi/bin/../lib/gcc/arm-none-eabi/4.7.3/libgcc.a(_udivdi3.o)
 .comment       0x0000000000000000       0x22 /usr/local/arm-none-eabi/bin/../arm-none-eabi/sysroot/lib/libc.a(lib_a-abort.o)
 .comment       0x0000000000000000       0x22 /usr/local/arm-none-eabi/bin/../arm-none-eabi/sysroot/lib/libc.a(lib_a-assert.o)
 .comment       0x0000000000000000       0x22 /usr/local/arm-none-eabi/bin/../arm-none-eabi/sysroot/lib/libc.a(lib_a-fiprintf.o)
 .comment       0x0000000000000000       0x22 /usr/local/arm-none-eabi/bin/../arm-none-eabi/sysroot/lib/libc.a(lib_a-setvbuf.o)
 .comment       0x0000000000000000       0x22 /usr/local/arm-none-eabi/bin/../arm-none-eabi/sysroot/lib/libc.a(lib_a-signal.o)
 .comment       0x0000000000000000       0x22 /usr/local/arm-none-eabi/bin/../arm-none-eabi/sysroot/lib/libc.a(lib_a-signalr.o)
 .comment       0x0000000000000000       0x22 /usr/local/arm-none-eabi/bin/../arm-none-eabi/sysroot/lib/libc.a(lib_a-malloc.o)
 .comment       0x0000000000000000       0x22 ../../libraries/libchip_sama5d3x/lib/libchip_sama5d3x_gcc_rel.a(dmac.o)
 .comment       0x0000000000000000       0x22 ../../libraries/libchip_sama5d3x/lib/libchip_sama5d3x_gcc_rel.a(spi.o)
 .comment       0x0000000000000000       0x22 /usr/local/arm-none-eabi/bin/../lib/gcc/arm-none-eabi/4.7.3/crtend.o

.debug_line     0x0000000000000000     0x6ef5
 .debug_line    0x0000000000000000       0x71 obj/ddram_applet_cstartup.o
 .debug_line    0x0000000000000071      0x2f6 obj/ddram_main.o
 .debug_line    0x0000000000000367       0xca /usr/local/arm-none-eabi/bin/../lib/gcc/arm-none-eabi/4.7.3/libgcc.a(_udivsi3.o)
 .debug_line    0x0000000000000431       0xa1 /usr/local/arm-none-eabi/bin/../lib/gcc/arm-none-eabi/4.7.3/libgcc.a(_dvmd_tls.o)
 .debug_line    0x00000000000004d2      0x1b0 /usr/local/arm-none-eabi/bin/../arm-none-eabi/sysroot/lib/libc.a(lib_a-impure.o)
 .debug_line    0x0000000000000682      0x25e /usr/local/arm-none-eabi/bin/../arm-none-eabi/sysroot/lib/libc.a(lib_a-iprintf.o)
 .debug_line    0x00000000000008e0      0x1c3 /usr/local/arm-none-eabi/bin/../arm-none-eabi/sysroot/lib/libc.a(lib_a-memcpy-stub.o)
 .debug_line    0x0000000000000aa3      0x1bb /usr/local/arm-none-eabi/bin/../arm-none-eabi/sysroot/lib/libc.a(lib_a-memset.o)
 .debug_line    0x0000000000000c5e      0x65f /usr/local/arm-none-eabi/bin/../arm-none-eabi/sysroot/lib/libc.a(lib_a-vfiprintf.o)
 .debug_line    0x00000000000012bd      0x28a /usr/local/arm-none-eabi/bin/../arm-none-eabi/sysroot/lib/libc.a(lib_a-wsetup.o)
 .debug_line    0x0000000000001547      0x2fa /usr/local/arm-none-eabi/bin/../arm-none-eabi/sysroot/lib/libc.a(lib_a-fflush.o)
 .debug_line    0x0000000000001841      0x2f9 /usr/local/arm-none-eabi/bin/../arm-none-eabi/sysroot/lib/libc.a(lib_a-findfp.o)
 .debug_line    0x0000000000001b3a      0x287 /usr/local/arm-none-eabi/bin/../arm-none-eabi/sysroot/lib/libc.a(lib_a-fputwc.o)
 .debug_line    0x0000000000001dc1      0x2e3 /usr/local/arm-none-eabi/bin/../arm-none-eabi/sysroot/lib/libc.a(lib_a-freer.o)
 .debug_line    0x00000000000020a4      0x322 /usr/local/arm-none-eabi/bin/../arm-none-eabi/sysroot/lib/libc.a(lib_a-fvwrite.o)
 .debug_line    0x00000000000023c6      0x285 /usr/local/arm-none-eabi/bin/../arm-none-eabi/sysroot/lib/libc.a(lib_a-fwalk.o)
 .debug_line    0x000000000000264b      0x27a /usr/local/arm-none-eabi/bin/../arm-none-eabi/sysroot/lib/libc.a(lib_a-locale.o)
 .debug_line    0x00000000000028c5      0x2b0 /usr/local/arm-none-eabi/bin/../arm-none-eabi/sysroot/lib/libc.a(lib_a-makebuf.o)
 .debug_line    0x0000000000002b75      0x39b /usr/local/arm-none-eabi/bin/../arm-none-eabi/sysroot/lib/libc.a(lib_a-mallocr.o)
 .debug_line    0x0000000000002f10      0x1ce /usr/local/arm-none-eabi/bin/../arm-none-eabi/sysroot/lib/libc.a(lib_a-memchr-stub.o)
 .debug_line    0x00000000000030de      0x1da /usr/local/arm-none-eabi/bin/../arm-none-eabi/sysroot/lib/libc.a(lib_a-memmove.o)
 .debug_line    0x00000000000032b8      0x1c2 /usr/local/arm-none-eabi/bin/../arm-none-eabi/sysroot/lib/libc.a(lib_a-mlock.o)
 .debug_line    0x000000000000347a      0x28e /usr/local/arm-none-eabi/bin/../arm-none-eabi/sysroot/lib/libc.a(lib_a-reallocr.o)
 .debug_line    0x0000000000003708      0x246 /usr/local/arm-none-eabi/bin/../arm-none-eabi/sysroot/lib/libc.a(lib_a-sbrkr.o)
 .debug_line    0x000000000000394e      0x269 /usr/local/arm-none-eabi/bin/../arm-none-eabi/sysroot/lib/libc.a(lib_a-stdio.o)
 .debug_line    0x0000000000003bb7      0x11f /usr/local/arm-none-eabi/bin/../arm-none-eabi/sysroot/lib/libc.a(lib_a-strcmp.o)
 .debug_line    0x0000000000003cd6      0x1b1 /usr/local/arm-none-eabi/bin/../arm-none-eabi/sysroot/lib/libc.a(lib_a-strlen.o)
 .debug_line    0x0000000000003e87      0x1d8 /usr/local/arm-none-eabi/bin/../arm-none-eabi/sysroot/lib/libc.a(lib_a-strncpy.o)
 .debug_line    0x000000000000405f      0x28d /usr/local/arm-none-eabi/bin/../arm-none-eabi/sysroot/lib/libc.a(lib_a-wbuf.o)
 .debug_line    0x00000000000042ec      0x25e /usr/local/arm-none-eabi/bin/../arm-none-eabi/sysroot/lib/libc.a(lib_a-wcrtomb.o)
 .debug_line    0x000000000000454a      0x264 /usr/local/arm-none-eabi/bin/../arm-none-eabi/sysroot/lib/libc.a(lib_a-wctomb_r.o)
 .debug_line    0x00000000000047ae      0x246 /usr/local/arm-none-eabi/bin/../arm-none-eabi/sysroot/lib/libc.a(lib_a-writer.o)
 .debug_line    0x00000000000049f4      0x247 /usr/local/arm-none-eabi/bin/../arm-none-eabi/sysroot/lib/libc.a(lib_a-closer.o)
 .debug_line    0x0000000000004c3b      0x28b /usr/local/arm-none-eabi/bin/../arm-none-eabi/sysroot/lib/libc.a(lib_a-fclose.o)
 .debug_line    0x0000000000004ec6      0x25c /usr/local/arm-none-eabi/bin/../arm-none-eabi/sysroot/lib/libc.a(lib_a-fstatr.o)
 .debug_line    0x0000000000005122      0x248 /usr/local/arm-none-eabi/bin/../arm-none-eabi/sysroot/lib/libc.a(lib_a-isattyr.o)
 .debug_line    0x000000000000536a      0x246 /usr/local/arm-none-eabi/bin/../arm-none-eabi/sysroot/lib/libc.a(lib_a-lseekr.o)
 .debug_line    0x00000000000055b0      0x245 /usr/local/arm-none-eabi/bin/../arm-none-eabi/sysroot/lib/libc.a(lib_a-readr.o)
 .debug_line    0x00000000000057f5      0x289 /usr/local/arm-none-eabi/bin/../arm-none-eabi/sysroot/lib/libc.a(lib_a-reent.o)
 .debug_line    0x0000000000005a7e       0xa6 /usr/local/arm-none-eabi/bin/../lib/gcc/arm-none-eabi/4.7.3/libgcc.a(_aeabi_uldivmod.o)
 .debug_line    0x0000000000005b24       0xa7 /usr/local/arm-none-eabi/bin/../lib/gcc/arm-none-eabi/4.7.3/libgcc.a(bpabi.o)
 .debug_line    0x0000000000005bcb      0x11b /usr/local/arm-none-eabi/bin/../lib/gcc/arm-none-eabi/4.7.3/libgcc.a(_divdi3.o)
 .debug_line    0x0000000000005ce6      0x10e /usr/local/arm-none-eabi/bin/../lib/gcc/arm-none-eabi/4.7.3/libgcc.a(_udivdi3.o)
 .debug_line    0x0000000000005df4       0xae /usr/local/arm-none-eabi/bin/../lib/gcc/arm-none-eabi/4.7.3/libgcc.a(_clzsi2.o)
 .debug_line    0x0000000000005ea2      0x1a1 /usr/local/arm-none-eabi/bin/../arm-none-eabi/sysroot/lib/libc.a(lib_a-abort.o)
 .debug_line    0x0000000000006043      0x258 /usr/local/arm-none-eabi/bin/../arm-none-eabi/sysroot/lib/libc.a(lib_a-assert.o)
 .debug_line    0x000000000000629b      0x25d /usr/local/arm-none-eabi/bin/../arm-none-eabi/sysroot/lib/libc.a(lib_a-fiprintf.o)
 .debug_line    0x00000000000064f8      0x29d /usr/local/arm-none-eabi/bin/../arm-none-eabi/sysroot/lib/libc.a(lib_a-setvbuf.o)
 .debug_line    0x0000000000006795      0x2d2 /usr/local/arm-none-eabi/bin/../arm-none-eabi/sysroot/lib/libc.a(lib_a-signal.o)
 .debug_line    0x0000000000006a67      0x24d /usr/local/arm-none-eabi/bin/../arm-none-eabi/sysroot/lib/libc.a(lib_a-signalr.o)
 .debug_line    0x0000000000006cb4      0x241 /usr/local/arm-none-eabi/bin/../arm-none-eabi/sysroot/lib/libc.a(lib_a-malloc.o)

.debug_info     0x0000000000000000    0x1b2ad
 .debug_info    0x0000000000000000       0x91 obj/ddram_applet_cstartup.o
 .debug_info    0x0000000000000091     0x15b4 obj/ddram_main.o
 .debug_info    0x0000000000001645      0x114 /usr/local/arm-none-eabi/bin/../lib/gcc/arm-none-eabi/4.7.3/libgcc.a(_udivsi3.o)
 .debug_info    0x0000000000001759      0x114 /usr/local/arm-none-eabi/bin/../lib/gcc/arm-none-eabi/4.7.3/libgcc.a(_dvmd_tls.o)
 .debug_info    0x000000000000186d      0x961 /usr/local/arm-none-eabi/bin/../arm-none-eabi/sysroot/lib/libc.a(lib_a-impure.o)
 .debug_info    0x00000000000021ce      0xa8d /usr/local/arm-none-eabi/bin/../arm-none-eabi/sysroot/lib/libc.a(lib_a-iprintf.o)
 .debug_info    0x0000000000002c5b      0x102 /usr/local/arm-none-eabi/bin/../arm-none-eabi/sysroot/lib/libc.a(lib_a-memcpy-stub.o)
 .debug_info    0x0000000000002d5d       0xd3 /usr/local/arm-none-eabi/bin/../arm-none-eabi/sysroot/lib/libc.a(lib_a-memset.o)
 .debug_info    0x0000000000002e30     0x1545 /usr/local/arm-none-eabi/bin/../arm-none-eabi/sysroot/lib/libc.a(lib_a-vfiprintf.o)
 .debug_info    0x0000000000004375      0xa01 /usr/local/arm-none-eabi/bin/../arm-none-eabi/sysroot/lib/libc.a(lib_a-wsetup.o)
 .debug_info    0x0000000000004d76      0xb89 /usr/local/arm-none-eabi/bin/../arm-none-eabi/sysroot/lib/libc.a(lib_a-fflush.o)
 .debug_info    0x00000000000058ff      0xdbc /usr/local/arm-none-eabi/bin/../arm-none-eabi/sysroot/lib/libc.a(lib_a-findfp.o)
 .debug_info    0x00000000000066bb      0xb7f /usr/local/arm-none-eabi/bin/../arm-none-eabi/sysroot/lib/libc.a(lib_a-fputwc.o)
 .debug_info    0x000000000000723a      0xd0e /usr/local/arm-none-eabi/bin/../arm-none-eabi/sysroot/lib/libc.a(lib_a-freer.o)
 .debug_info    0x0000000000007f48      0xd7f /usr/local/arm-none-eabi/bin/../arm-none-eabi/sysroot/lib/libc.a(lib_a-fvwrite.o)
 .debug_info    0x0000000000008cc7      0xa75 /usr/local/arm-none-eabi/bin/../arm-none-eabi/sysroot/lib/libc.a(lib_a-fwalk.o)
 .debug_info    0x000000000000973c      0xd0f /usr/local/arm-none-eabi/bin/../arm-none-eabi/sysroot/lib/libc.a(lib_a-locale.o)
 .debug_info    0x000000000000a44b      0xbea /usr/local/arm-none-eabi/bin/../arm-none-eabi/sysroot/lib/libc.a(lib_a-makebuf.o)
 .debug_info    0x000000000000b035      0xe25 /usr/local/arm-none-eabi/bin/../arm-none-eabi/sysroot/lib/libc.a(lib_a-mallocr.o)
 .debug_info    0x000000000000be5a       0xf8 /usr/local/arm-none-eabi/bin/../arm-none-eabi/sysroot/lib/libc.a(lib_a-memchr-stub.o)
 .debug_info    0x000000000000bf52      0x102 /usr/local/arm-none-eabi/bin/../arm-none-eabi/sysroot/lib/libc.a(lib_a-memmove.o)
 .debug_info    0x000000000000c054      0x985 /usr/local/arm-none-eabi/bin/../arm-none-eabi/sysroot/lib/libc.a(lib_a-mlock.o)
 .debug_info    0x000000000000c9d9      0xd86 /usr/local/arm-none-eabi/bin/../arm-none-eabi/sysroot/lib/libc.a(lib_a-reallocr.o)
 .debug_info    0x000000000000d75f      0x9cc /usr/local/arm-none-eabi/bin/../arm-none-eabi/sysroot/lib/libc.a(lib_a-sbrkr.o)
 .debug_info    0x000000000000e12b      0xc7c /usr/local/arm-none-eabi/bin/../arm-none-eabi/sysroot/lib/libc.a(lib_a-stdio.o)
 .debug_info    0x000000000000eda7       0xb5 /usr/local/arm-none-eabi/bin/../arm-none-eabi/sysroot/lib/libc.a(lib_a-strcmp.o)
 .debug_info    0x000000000000ee5c       0xcd /usr/local/arm-none-eabi/bin/../arm-none-eabi/sysroot/lib/libc.a(lib_a-strlen.o)
 .debug_info    0x000000000000ef29       0xf6 /usr/local/arm-none-eabi/bin/../arm-none-eabi/sysroot/lib/libc.a(lib_a-strncpy.o)
 .debug_info    0x000000000000f01f      0xaa2 /usr/local/arm-none-eabi/bin/../arm-none-eabi/sysroot/lib/libc.a(lib_a-wbuf.o)
 .debug_info    0x000000000000fac1      0xaa9 /usr/local/arm-none-eabi/bin/../arm-none-eabi/sysroot/lib/libc.a(lib_a-wcrtomb.o)
 .debug_info    0x000000000001056a      0xa92 /usr/local/arm-none-eabi/bin/../arm-none-eabi/sysroot/lib/libc.a(lib_a-wctomb_r.o)
 .debug_info    0x0000000000010ffc      0x9ff /usr/local/arm-none-eabi/bin/../arm-none-eabi/sysroot/lib/libc.a(lib_a-writer.o)
 .debug_info    0x00000000000119fb      0x9b6 /usr/local/arm-none-eabi/bin/../arm-none-eabi/sysroot/lib/libc.a(lib_a-closer.o)
 .debug_info    0x00000000000123b1      0xac3 /usr/local/arm-none-eabi/bin/../arm-none-eabi/sysroot/lib/libc.a(lib_a-fclose.o)
 .debug_info    0x0000000000012e74      0xb61 /usr/local/arm-none-eabi/bin/../arm-none-eabi/sysroot/lib/libc.a(lib_a-fstatr.o)
 .debug_info    0x00000000000139d5      0x9b6 /usr/local/arm-none-eabi/bin/../arm-none-eabi/sysroot/lib/libc.a(lib_a-isattyr.o)
 .debug_info    0x000000000001438b      0x9ed /usr/local/arm-none-eabi/bin/../arm-none-eabi/sysroot/lib/libc.a(lib_a-lseekr.o)
 .debug_info    0x0000000000014d78      0x9f8 /usr/local/arm-none-eabi/bin/../arm-none-eabi/sysroot/lib/libc.a(lib_a-readr.o)
 .debug_info    0x0000000000015770      0xb22 /usr/local/arm-none-eabi/bin/../arm-none-eabi/sysroot/lib/libc.a(lib_a-reent.o)
 .debug_info    0x0000000000016292      0x110 /usr/local/arm-none-eabi/bin/../lib/gcc/arm-none-eabi/4.7.3/libgcc.a(_aeabi_uldivmod.o)
 .debug_info    0x00000000000163a2      0x170 /usr/local/arm-none-eabi/bin/../lib/gcc/arm-none-eabi/4.7.3/libgcc.a(bpabi.o)
 .debug_info    0x0000000000016512      0x5e5 /usr/local/arm-none-eabi/bin/../lib/gcc/arm-none-eabi/4.7.3/libgcc.a(_divdi3.o)
 .debug_info    0x0000000000016af7      0x5a4 /usr/local/arm-none-eabi/bin/../lib/gcc/arm-none-eabi/4.7.3/libgcc.a(_udivdi3.o)
 .debug_info    0x000000000001709b      0x114 /usr/local/arm-none-eabi/bin/../lib/gcc/arm-none-eabi/4.7.3/libgcc.a(_clzsi2.o)
 .debug_info    0x00000000000171af       0xdb /usr/local/arm-none-eabi/bin/../arm-none-eabi/sysroot/lib/libc.a(lib_a-abort.o)
 .debug_info    0x000000000001728a      0xa70 /usr/local/arm-none-eabi/bin/../arm-none-eabi/sysroot/lib/libc.a(lib_a-assert.o)
 .debug_info    0x0000000000017cfa      0xaa3 /usr/local/arm-none-eabi/bin/../arm-none-eabi/sysroot/lib/libc.a(lib_a-fiprintf.o)
 .debug_info    0x000000000001879d      0xa79 /usr/local/arm-none-eabi/bin/../arm-none-eabi/sysroot/lib/libc.a(lib_a-setvbuf.o)
 .debug_info    0x0000000000019216      0xc6e /usr/local/arm-none-eabi/bin/../arm-none-eabi/sysroot/lib/libc.a(lib_a-signal.o)
 .debug_info    0x0000000000019e84      0xa37 /usr/local/arm-none-eabi/bin/../arm-none-eabi/sysroot/lib/libc.a(lib_a-signalr.o)
 .debug_info    0x000000000001a8bb      0x9f2 /usr/local/arm-none-eabi/bin/../arm-none-eabi/sysroot/lib/libc.a(lib_a-malloc.o)

.debug_abbrev   0x0000000000000000     0x527d
 .debug_abbrev  0x0000000000000000       0x14 obj/ddram_applet_cstartup.o
 .debug_abbrev  0x0000000000000014      0x242 obj/ddram_main.o
 .debug_abbrev  0x0000000000000256       0x14 /usr/local/arm-none-eabi/bin/../lib/gcc/arm-none-eabi/4.7.3/libgcc.a(_udivsi3.o)
 .debug_abbrev  0x000000000000026a       0x14 /usr/local/arm-none-eabi/bin/../lib/gcc/arm-none-eabi/4.7.3/libgcc.a(_dvmd_tls.o)
 .debug_abbrev  0x000000000000027e      0x160 /usr/local/arm-none-eabi/bin/../arm-none-eabi/sysroot/lib/libc.a(lib_a-impure.o)
 .debug_abbrev  0x00000000000003de      0x1ed /usr/local/arm-none-eabi/bin/../arm-none-eabi/sysroot/lib/libc.a(lib_a-iprintf.o)
 .debug_abbrev  0x00000000000005cb       0xa2 /usr/local/arm-none-eabi/bin/../arm-none-eabi/sysroot/lib/libc.a(lib_a-memcpy-stub.o)
 .debug_abbrev  0x000000000000066d       0x8c /usr/local/arm-none-eabi/bin/../arm-none-eabi/sysroot/lib/libc.a(lib_a-memset.o)
 .debug_abbrev  0x00000000000006f9      0x3df /usr/local/arm-none-eabi/bin/../arm-none-eabi/sysroot/lib/libc.a(lib_a-vfiprintf.o)
 .debug_abbrev  0x0000000000000ad8      0x1d5 /usr/local/arm-none-eabi/bin/../arm-none-eabi/sysroot/lib/libc.a(lib_a-wsetup.o)
 .debug_abbrev  0x0000000000000cad      0x259 /usr/local/arm-none-eabi/bin/../arm-none-eabi/sysroot/lib/libc.a(lib_a-fflush.o)
 .debug_abbrev  0x0000000000000f06      0x317 /usr/local/arm-none-eabi/bin/../arm-none-eabi/sysroot/lib/libc.a(lib_a-findfp.o)
 .debug_abbrev  0x000000000000121d      0x27c /usr/local/arm-none-eabi/bin/../arm-none-eabi/sysroot/lib/libc.a(lib_a-fputwc.o)
 .debug_abbrev  0x0000000000001499      0x23a /usr/local/arm-none-eabi/bin/../arm-none-eabi/sysroot/lib/libc.a(lib_a-freer.o)
 .debug_abbrev  0x00000000000016d3      0x22b /usr/local/arm-none-eabi/bin/../arm-none-eabi/sysroot/lib/libc.a(lib_a-fvwrite.o)
 .debug_abbrev  0x00000000000018fe      0x1b3 /usr/local/arm-none-eabi/bin/../arm-none-eabi/sysroot/lib/libc.a(lib_a-fwalk.o)
 .debug_abbrev  0x0000000000001ab1      0x2a1 /usr/local/arm-none-eabi/bin/../arm-none-eabi/sysroot/lib/libc.a(lib_a-locale.o)
 .debug_abbrev  0x0000000000001d52      0x1e8 /usr/local/arm-none-eabi/bin/../arm-none-eabi/sysroot/lib/libc.a(lib_a-makebuf.o)
 .debug_abbrev  0x0000000000001f3a      0x286 /usr/local/arm-none-eabi/bin/../arm-none-eabi/sysroot/lib/libc.a(lib_a-mallocr.o)
 .debug_abbrev  0x00000000000021c0       0xa9 /usr/local/arm-none-eabi/bin/../arm-none-eabi/sysroot/lib/libc.a(lib_a-memchr-stub.o)
 .debug_abbrev  0x0000000000002269       0x9a /usr/local/arm-none-eabi/bin/../arm-none-eabi/sysroot/lib/libc.a(lib_a-memmove.o)
 .debug_abbrev  0x0000000000002303      0x17a /usr/local/arm-none-eabi/bin/../arm-none-eabi/sysroot/lib/libc.a(lib_a-mlock.o)
 .debug_abbrev  0x000000000000247d      0x23d /usr/local/arm-none-eabi/bin/../arm-none-eabi/sysroot/lib/libc.a(lib_a-reallocr.o)
 .debug_abbrev  0x00000000000026ba      0x1dd /usr/local/arm-none-eabi/bin/../arm-none-eabi/sysroot/lib/libc.a(lib_a-sbrkr.o)
 .debug_abbrev  0x0000000000002897      0x229 /usr/local/arm-none-eabi/bin/../arm-none-eabi/sysroot/lib/libc.a(lib_a-stdio.o)
 .debug_abbrev  0x0000000000002ac0       0x70 /usr/local/arm-none-eabi/bin/../arm-none-eabi/sysroot/lib/libc.a(lib_a-strcmp.o)
 .debug_abbrev  0x0000000000002b30       0x8a /usr/local/arm-none-eabi/bin/../arm-none-eabi/sysroot/lib/libc.a(lib_a-strlen.o)
 .debug_abbrev  0x0000000000002bba       0x8c /usr/local/arm-none-eabi/bin/../arm-none-eabi/sysroot/lib/libc.a(lib_a-strncpy.o)
 .debug_abbrev  0x0000000000002c46      0x21a /usr/local/arm-none-eabi/bin/../arm-none-eabi/sysroot/lib/libc.a(lib_a-wbuf.o)
 .debug_abbrev  0x0000000000002e60      0x205 /usr/local/arm-none-eabi/bin/../arm-none-eabi/sysroot/lib/libc.a(lib_a-wcrtomb.o)
 .debug_abbrev  0x0000000000003065      0x210 /usr/local/arm-none-eabi/bin/../arm-none-eabi/sysroot/lib/libc.a(lib_a-wctomb_r.o)
 .debug_abbrev  0x0000000000003275      0x1d4 /usr/local/arm-none-eabi/bin/../arm-none-eabi/sysroot/lib/libc.a(lib_a-writer.o)
 .debug_abbrev  0x0000000000003449      0x1cf /usr/local/arm-none-eabi/bin/../arm-none-eabi/sysroot/lib/libc.a(lib_a-closer.o)
 .debug_abbrev  0x0000000000003618      0x232 /usr/local/arm-none-eabi/bin/../arm-none-eabi/sysroot/lib/libc.a(lib_a-fclose.o)
 .debug_abbrev  0x000000000000384a      0x1de /usr/local/arm-none-eabi/bin/../arm-none-eabi/sysroot/lib/libc.a(lib_a-fstatr.o)
 .debug_abbrev  0x0000000000003a28      0x1cf /usr/local/arm-none-eabi/bin/../arm-none-eabi/sysroot/lib/libc.a(lib_a-isattyr.o)
 .debug_abbrev  0x0000000000003bf7      0x1de /usr/local/arm-none-eabi/bin/../arm-none-eabi/sysroot/lib/libc.a(lib_a-lseekr.o)
 .debug_abbrev  0x0000000000003dd5      0x1cf /usr/local/arm-none-eabi/bin/../arm-none-eabi/sysroot/lib/libc.a(lib_a-readr.o)
 .debug_abbrev  0x0000000000003fa4      0x26e /usr/local/arm-none-eabi/bin/../arm-none-eabi/sysroot/lib/libc.a(lib_a-reent.o)
 .debug_abbrev  0x0000000000004212       0x14 /usr/local/arm-none-eabi/bin/../lib/gcc/arm-none-eabi/4.7.3/libgcc.a(_aeabi_uldivmod.o)
 .debug_abbrev  0x0000000000004226       0xb5 /usr/local/arm-none-eabi/bin/../lib/gcc/arm-none-eabi/4.7.3/libgcc.a(bpabi.o)
 .debug_abbrev  0x00000000000042db      0x165 /usr/local/arm-none-eabi/bin/../lib/gcc/arm-none-eabi/4.7.3/libgcc.a(_divdi3.o)
 .debug_abbrev  0x0000000000004440      0x154 /usr/local/arm-none-eabi/bin/../lib/gcc/arm-none-eabi/4.7.3/libgcc.a(_udivdi3.o)
 .debug_abbrev  0x0000000000004594       0x14 /usr/local/arm-none-eabi/bin/../lib/gcc/arm-none-eabi/4.7.3/libgcc.a(_clzsi2.o)
 .debug_abbrev  0x00000000000045a8       0x93 /usr/local/arm-none-eabi/bin/../arm-none-eabi/sysroot/lib/libc.a(lib_a-abort.o)
 .debug_abbrev  0x000000000000463b      0x1da /usr/local/arm-none-eabi/bin/../arm-none-eabi/sysroot/lib/libc.a(lib_a-assert.o)
 .debug_abbrev  0x0000000000004815      0x1f8 /usr/local/arm-none-eabi/bin/../arm-none-eabi/sysroot/lib/libc.a(lib_a-fiprintf.o)
 .debug_abbrev  0x0000000000004a0d      0x217 /usr/local/arm-none-eabi/bin/../arm-none-eabi/sysroot/lib/libc.a(lib_a-setvbuf.o)
 .debug_abbrev  0x0000000000004c24      0x2a8 /usr/local/arm-none-eabi/bin/../arm-none-eabi/sysroot/lib/libc.a(lib_a-signal.o)
 .debug_abbrev  0x0000000000004ecc      0x1da /usr/local/arm-none-eabi/bin/../arm-none-eabi/sysroot/lib/libc.a(lib_a-signalr.o)
 .debug_abbrev  0x00000000000050a6      0x1d7 /usr/local/arm-none-eabi/bin/../arm-none-eabi/sysroot/lib/libc.a(lib_a-malloc.o)

.debug_aranges  0x0000000000000000      0x658
 .debug_aranges
                0x0000000000000000       0x20 obj/ddram_applet_cstartup.o
 .debug_aranges
                0x0000000000000020       0x20 obj/ddram_main.o
 .debug_aranges
                0x0000000000000040       0x20 /usr/local/arm-none-eabi/bin/../lib/gcc/arm-none-eabi/4.7.3/libgcc.a(_udivsi3.o)
 .debug_aranges
                0x0000000000000060       0x20 /usr/local/arm-none-eabi/bin/../lib/gcc/arm-none-eabi/4.7.3/libgcc.a(_dvmd_tls.o)
 .debug_aranges
                0x0000000000000080       0x18 /usr/local/arm-none-eabi/bin/../arm-none-eabi/sysroot/lib/libc.a(lib_a-impure.o)
 .debug_aranges
                0x0000000000000098       0x20 /usr/local/arm-none-eabi/bin/../arm-none-eabi/sysroot/lib/libc.a(lib_a-iprintf.o)
 .debug_aranges
                0x00000000000000b8       0x20 /usr/local/arm-none-eabi/bin/../arm-none-eabi/sysroot/lib/libc.a(lib_a-memcpy-stub.o)
 .debug_aranges
                0x00000000000000d8       0x20 /usr/local/arm-none-eabi/bin/../arm-none-eabi/sysroot/lib/libc.a(lib_a-memset.o)
 .debug_aranges
                0x00000000000000f8       0x20 /usr/local/arm-none-eabi/bin/../arm-none-eabi/sysroot/lib/libc.a(lib_a-vfiprintf.o)
 .debug_aranges
                0x0000000000000118       0x20 /usr/local/arm-none-eabi/bin/../arm-none-eabi/sysroot/lib/libc.a(lib_a-wsetup.o)
 .debug_aranges
                0x0000000000000138       0x20 /usr/local/arm-none-eabi/bin/../arm-none-eabi/sysroot/lib/libc.a(lib_a-fflush.o)
 .debug_aranges
                0x0000000000000158       0x20 /usr/local/arm-none-eabi/bin/../arm-none-eabi/sysroot/lib/libc.a(lib_a-findfp.o)
 .debug_aranges
                0x0000000000000178       0x20 /usr/local/arm-none-eabi/bin/../arm-none-eabi/sysroot/lib/libc.a(lib_a-fputwc.o)
 .debug_aranges
                0x0000000000000198       0x20 /usr/local/arm-none-eabi/bin/../arm-none-eabi/sysroot/lib/libc.a(lib_a-freer.o)
 .debug_aranges
                0x00000000000001b8       0x20 /usr/local/arm-none-eabi/bin/../arm-none-eabi/sysroot/lib/libc.a(lib_a-fvwrite.o)
 .debug_aranges
                0x00000000000001d8       0x20 /usr/local/arm-none-eabi/bin/../arm-none-eabi/sysroot/lib/libc.a(lib_a-fwalk.o)
 .debug_aranges
                0x00000000000001f8       0x20 /usr/local/arm-none-eabi/bin/../arm-none-eabi/sysroot/lib/libc.a(lib_a-locale.o)
 .debug_aranges
                0x0000000000000218       0x20 /usr/local/arm-none-eabi/bin/../arm-none-eabi/sysroot/lib/libc.a(lib_a-makebuf.o)
 .debug_aranges
                0x0000000000000238       0x20 /usr/local/arm-none-eabi/bin/../arm-none-eabi/sysroot/lib/libc.a(lib_a-mallocr.o)
 .debug_aranges
                0x0000000000000258       0x20 /usr/local/arm-none-eabi/bin/../arm-none-eabi/sysroot/lib/libc.a(lib_a-memchr-stub.o)
 .debug_aranges
                0x0000000000000278       0x20 /usr/local/arm-none-eabi/bin/../arm-none-eabi/sysroot/lib/libc.a(lib_a-memmove.o)
 .debug_aranges
                0x0000000000000298       0x20 /usr/local/arm-none-eabi/bin/../arm-none-eabi/sysroot/lib/libc.a(lib_a-mlock.o)
 .debug_aranges
                0x00000000000002b8       0x20 /usr/local/arm-none-eabi/bin/../arm-none-eabi/sysroot/lib/libc.a(lib_a-reallocr.o)
 .debug_aranges
                0x00000000000002d8       0x20 /usr/local/arm-none-eabi/bin/../arm-none-eabi/sysroot/lib/libc.a(lib_a-sbrkr.o)
 .debug_aranges
                0x00000000000002f8       0x20 /usr/local/arm-none-eabi/bin/../arm-none-eabi/sysroot/lib/libc.a(lib_a-stdio.o)
 .debug_aranges
                0x0000000000000318       0x20 /usr/local/arm-none-eabi/bin/../arm-none-eabi/sysroot/lib/libc.a(lib_a-strcmp.o)
 .debug_aranges
                0x0000000000000338       0x20 /usr/local/arm-none-eabi/bin/../arm-none-eabi/sysroot/lib/libc.a(lib_a-strlen.o)
 .debug_aranges
                0x0000000000000358       0x20 /usr/local/arm-none-eabi/bin/../arm-none-eabi/sysroot/lib/libc.a(lib_a-strncpy.o)
 .debug_aranges
                0x0000000000000378       0x20 /usr/local/arm-none-eabi/bin/../arm-none-eabi/sysroot/lib/libc.a(lib_a-wbuf.o)
 .debug_aranges
                0x0000000000000398       0x20 /usr/local/arm-none-eabi/bin/../arm-none-eabi/sysroot/lib/libc.a(lib_a-wcrtomb.o)
 .debug_aranges
                0x00000000000003b8       0x20 /usr/local/arm-none-eabi/bin/../arm-none-eabi/sysroot/lib/libc.a(lib_a-wctomb_r.o)
 .debug_aranges
                0x00000000000003d8       0x20 /usr/local/arm-none-eabi/bin/../arm-none-eabi/sysroot/lib/libc.a(lib_a-writer.o)
 .debug_aranges
                0x00000000000003f8       0x20 /usr/local/arm-none-eabi/bin/../arm-none-eabi/sysroot/lib/libc.a(lib_a-closer.o)
 .debug_aranges
                0x0000000000000418       0x20 /usr/local/arm-none-eabi/bin/../arm-none-eabi/sysroot/lib/libc.a(lib_a-fclose.o)
 .debug_aranges
                0x0000000000000438       0x20 /usr/local/arm-none-eabi/bin/../arm-none-eabi/sysroot/lib/libc.a(lib_a-fstatr.o)
 .debug_aranges
                0x0000000000000458       0x20 /usr/local/arm-none-eabi/bin/../arm-none-eabi/sysroot/lib/libc.a(lib_a-isattyr.o)
 .debug_aranges
                0x0000000000000478       0x20 /usr/local/arm-none-eabi/bin/../arm-none-eabi/sysroot/lib/libc.a(lib_a-lseekr.o)
 .debug_aranges
                0x0000000000000498       0x20 /usr/local/arm-none-eabi/bin/../arm-none-eabi/sysroot/lib/libc.a(lib_a-readr.o)
 .debug_aranges
                0x00000000000004b8       0x20 /usr/local/arm-none-eabi/bin/../arm-none-eabi/sysroot/lib/libc.a(lib_a-reent.o)
 .debug_aranges
                0x00000000000004d8       0x20 /usr/local/arm-none-eabi/bin/../lib/gcc/arm-none-eabi/4.7.3/libgcc.a(_aeabi_uldivmod.o)
 .debug_aranges
                0x00000000000004f8       0x20 /usr/local/arm-none-eabi/bin/../lib/gcc/arm-none-eabi/4.7.3/libgcc.a(bpabi.o)
 .debug_aranges
                0x0000000000000518       0x20 /usr/local/arm-none-eabi/bin/../lib/gcc/arm-none-eabi/4.7.3/libgcc.a(_divdi3.o)
 .debug_aranges
                0x0000000000000538       0x20 /usr/local/arm-none-eabi/bin/../lib/gcc/arm-none-eabi/4.7.3/libgcc.a(_udivdi3.o)
 .debug_aranges
                0x0000000000000558       0x20 /usr/local/arm-none-eabi/bin/../lib/gcc/arm-none-eabi/4.7.3/libgcc.a(_clzsi2.o)
 .debug_aranges
                0x0000000000000578       0x20 /usr/local/arm-none-eabi/bin/../arm-none-eabi/sysroot/lib/libc.a(lib_a-abort.o)
 .debug_aranges
                0x0000000000000598       0x20 /usr/local/arm-none-eabi/bin/../arm-none-eabi/sysroot/lib/libc.a(lib_a-assert.o)
 .debug_aranges
                0x00000000000005b8       0x20 /usr/local/arm-none-eabi/bin/../arm-none-eabi/sysroot/lib/libc.a(lib_a-fiprintf.o)
 .debug_aranges
                0x00000000000005d8       0x20 /usr/local/arm-none-eabi/bin/../arm-none-eabi/sysroot/lib/libc.a(lib_a-setvbuf.o)
 .debug_aranges
                0x00000000000005f8       0x20 /usr/local/arm-none-eabi/bin/../arm-none-eabi/sysroot/lib/libc.a(lib_a-signal.o)
 .debug_aranges
                0x0000000000000618       0x20 /usr/local/arm-none-eabi/bin/../arm-none-eabi/sysroot/lib/libc.a(lib_a-signalr.o)
 .debug_aranges
                0x0000000000000638       0x20 /usr/local/arm-none-eabi/bin/../arm-none-eabi/sysroot/lib/libc.a(lib_a-malloc.o)

.debug_loc      0x0000000000000000     0x6a6c
 .debug_loc     0x0000000000000000      0x1e7 obj/ddram_main.o
 .debug_loc     0x00000000000001e7       0x8c /usr/local/arm-none-eabi/bin/../arm-none-eabi/sysroot/lib/libc.a(lib_a-iprintf.o)
 .debug_loc     0x0000000000000273       0x39 /usr/local/arm-none-eabi/bin/../arm-none-eabi/sysroot/lib/libc.a(lib_a-memcpy-stub.o)
 .debug_loc     0x00000000000002ac       0x3f /usr/local/arm-none-eabi/bin/../arm-none-eabi/sysroot/lib/libc.a(lib_a-memset.o)
 .debug_loc     0x00000000000002eb     0x109c /usr/local/arm-none-eabi/bin/../arm-none-eabi/sysroot/lib/libc.a(lib_a-vfiprintf.o)
 .debug_loc     0x0000000000001387       0x5c /usr/local/arm-none-eabi/bin/../arm-none-eabi/sysroot/lib/libc.a(lib_a-wsetup.o)
 .debug_loc     0x00000000000013e3      0x258 /usr/local/arm-none-eabi/bin/../arm-none-eabi/sysroot/lib/libc.a(lib_a-fflush.o)
 .debug_loc     0x000000000000163b      0x2bb /usr/local/arm-none-eabi/bin/../arm-none-eabi/sysroot/lib/libc.a(lib_a-findfp.o)
 .debug_loc     0x00000000000018f6      0x1a5 /usr/local/arm-none-eabi/bin/../arm-none-eabi/sysroot/lib/libc.a(lib_a-fputwc.o)
 .debug_loc     0x0000000000001a9b      0x3bf /usr/local/arm-none-eabi/bin/../arm-none-eabi/sysroot/lib/libc.a(lib_a-freer.o)
 .debug_loc     0x0000000000001e5a      0x4e9 /usr/local/arm-none-eabi/bin/../arm-none-eabi/sysroot/lib/libc.a(lib_a-fvwrite.o)
 .debug_loc     0x0000000000002343      0x175 /usr/local/arm-none-eabi/bin/../arm-none-eabi/sysroot/lib/libc.a(lib_a-fwalk.o)
 .debug_loc     0x00000000000024b8      0x141 /usr/local/arm-none-eabi/bin/../arm-none-eabi/sysroot/lib/libc.a(lib_a-locale.o)
 .debug_loc     0x00000000000025f9      0x10a /usr/local/arm-none-eabi/bin/../arm-none-eabi/sysroot/lib/libc.a(lib_a-makebuf.o)
 .debug_loc     0x0000000000002703      0x7fa /usr/local/arm-none-eabi/bin/../arm-none-eabi/sysroot/lib/libc.a(lib_a-mallocr.o)
 .debug_loc     0x0000000000002efd       0x81 /usr/local/arm-none-eabi/bin/../arm-none-eabi/sysroot/lib/libc.a(lib_a-memchr-stub.o)
 .debug_loc     0x0000000000002f7e       0xd2 /usr/local/arm-none-eabi/bin/../arm-none-eabi/sysroot/lib/libc.a(lib_a-memmove.o)
 .debug_loc     0x0000000000003050      0xb12 /usr/local/arm-none-eabi/bin/../arm-none-eabi/sysroot/lib/libc.a(lib_a-reallocr.o)
 .debug_loc     0x0000000000003b62       0x5f /usr/local/arm-none-eabi/bin/../arm-none-eabi/sysroot/lib/libc.a(lib_a-sbrkr.o)
 .debug_loc     0x0000000000003bc1      0x25d /usr/local/arm-none-eabi/bin/../arm-none-eabi/sysroot/lib/libc.a(lib_a-stdio.o)
 .debug_loc     0x0000000000003e1e       0x21 /usr/local/arm-none-eabi/bin/../arm-none-eabi/sysroot/lib/libc.a(lib_a-strcmp.o)
 .debug_loc     0x0000000000003e3f       0x21 /usr/local/arm-none-eabi/bin/../arm-none-eabi/sysroot/lib/libc.a(lib_a-strlen.o)
 .debug_loc     0x0000000000003e60      0x102 /usr/local/arm-none-eabi/bin/../arm-none-eabi/sysroot/lib/libc.a(lib_a-strncpy.o)
 .debug_loc     0x0000000000003f62      0x125 /usr/local/arm-none-eabi/bin/../arm-none-eabi/sysroot/lib/libc.a(lib_a-wbuf.o)
 .debug_loc     0x0000000000004087      0x19b /usr/local/arm-none-eabi/bin/../arm-none-eabi/sysroot/lib/libc.a(lib_a-wcrtomb.o)
 .debug_loc     0x0000000000004222       0xfe /usr/local/arm-none-eabi/bin/../arm-none-eabi/sysroot/lib/libc.a(lib_a-wctomb_r.o)
 .debug_loc     0x0000000000004320       0xb7 /usr/local/arm-none-eabi/bin/../arm-none-eabi/sysroot/lib/libc.a(lib_a-writer.o)
 .debug_loc     0x00000000000043d7       0x5f /usr/local/arm-none-eabi/bin/../arm-none-eabi/sysroot/lib/libc.a(lib_a-closer.o)
 .debug_loc     0x0000000000004436       0xd2 /usr/local/arm-none-eabi/bin/../arm-none-eabi/sysroot/lib/libc.a(lib_a-fclose.o)
 .debug_loc     0x0000000000004508       0x8b /usr/local/arm-none-eabi/bin/../arm-none-eabi/sysroot/lib/libc.a(lib_a-fstatr.o)
 .debug_loc     0x0000000000004593       0x5f /usr/local/arm-none-eabi/bin/../arm-none-eabi/sysroot/lib/libc.a(lib_a-isattyr.o)
 .debug_loc     0x00000000000045f2       0xb7 /usr/local/arm-none-eabi/bin/../arm-none-eabi/sysroot/lib/libc.a(lib_a-lseekr.o)
 .debug_loc     0x00000000000046a9       0xb7 /usr/local/arm-none-eabi/bin/../arm-none-eabi/sysroot/lib/libc.a(lib_a-readr.o)
 .debug_loc     0x0000000000004760      0x165 /usr/local/arm-none-eabi/bin/../arm-none-eabi/sysroot/lib/libc.a(lib_a-reent.o)
 .debug_loc     0x00000000000048c5       0xe0 /usr/local/arm-none-eabi/bin/../lib/gcc/arm-none-eabi/4.7.3/libgcc.a(bpabi.o)
 .debug_loc     0x00000000000049a5      0xb77 /usr/local/arm-none-eabi/bin/../lib/gcc/arm-none-eabi/4.7.3/libgcc.a(_divdi3.o)
 .debug_loc     0x000000000000551c      0xc8c /usr/local/arm-none-eabi/bin/../lib/gcc/arm-none-eabi/4.7.3/libgcc.a(_udivdi3.o)
 .debug_loc     0x00000000000061a8       0x20 /usr/local/arm-none-eabi/bin/../arm-none-eabi/sysroot/lib/libc.a(lib_a-abort.o)
 .debug_loc     0x00000000000061c8      0x146 /usr/local/arm-none-eabi/bin/../arm-none-eabi/sysroot/lib/libc.a(lib_a-assert.o)
 .debug_loc     0x000000000000630e       0xc6 /usr/local/arm-none-eabi/bin/../arm-none-eabi/sysroot/lib/libc.a(lib_a-fiprintf.o)
 .debug_loc     0x00000000000063d4      0x174 /usr/local/arm-none-eabi/bin/../arm-none-eabi/sysroot/lib/libc.a(lib_a-setvbuf.o)
 .debug_loc     0x0000000000006548      0x3c0 /usr/local/arm-none-eabi/bin/../arm-none-eabi/sysroot/lib/libc.a(lib_a-signal.o)
 .debug_loc     0x0000000000006908       0xcc /usr/local/arm-none-eabi/bin/../arm-none-eabi/sysroot/lib/libc.a(lib_a-signalr.o)
 .debug_loc     0x00000000000069d4       0x98 /usr/local/arm-none-eabi/bin/../arm-none-eabi/sysroot/lib/libc.a(lib_a-malloc.o)

.debug_ranges   0x0000000000000000      0x1e8
 .debug_ranges  0x0000000000000000       0x10 obj/ddram_main.o
 .debug_ranges  0x0000000000000010       0x38 /usr/local/arm-none-eabi/bin/../arm-none-eabi/sysroot/lib/libc.a(lib_a-vfiprintf.o)
 .debug_ranges  0x0000000000000048       0xc8 /usr/local/arm-none-eabi/bin/../lib/gcc/arm-none-eabi/4.7.3/libgcc.a(_divdi3.o)
 .debug_ranges  0x0000000000000110       0xd8 /usr/local/arm-none-eabi/bin/../lib/gcc/arm-none-eabi/4.7.3/libgcc.a(_udivdi3.o)

.debug_str      0x0000000000000000     0x2c7f
 .debug_str     0x0000000000000000      0x8aa obj/ddram_main.o
                                        0x91b (size before relaxing)
 .debug_str     0x00000000000008aa      0x3ff /usr/local/arm-none-eabi/bin/../arm-none-eabi/sysroot/lib/libc.a(lib_a-impure.o)
                                        0x4ea (size before relaxing)
 .debug_str     0x0000000000000ca9      0x12d /usr/local/arm-none-eabi/bin/../arm-none-eabi/sysroot/lib/libc.a(lib_a-iprintf.o)
                                        0x59b (size before relaxing)
 .debug_str     0x0000000000000dd6       0x91 /usr/local/arm-none-eabi/bin/../arm-none-eabi/sysroot/lib/libc.a(lib_a-memcpy-stub.o)
                                        0x13d (size before relaxing)
 .debug_str     0x0000000000000e67       0x73 /usr/local/arm-none-eabi/bin/../arm-none-eabi/sysroot/lib/libc.a(lib_a-memset.o)
                                        0x11f (size before relaxing)
 .debug_str     0x0000000000000eda      0x2ea /usr/local/arm-none-eabi/bin/../arm-none-eabi/sysroot/lib/libc.a(lib_a-vfiprintf.o)
                                        0x8bc (size before relaxing)
 .debug_str     0x00000000000011c4       0x87 /usr/local/arm-none-eabi/bin/../arm-none-eabi/sysroot/lib/libc.a(lib_a-wsetup.o)
                                        0x57d (size before relaxing)
 .debug_str     0x000000000000124b       0xa2 /usr/local/arm-none-eabi/bin/../arm-none-eabi/sysroot/lib/libc.a(lib_a-fflush.o)
                                        0x5b8 (size before relaxing)
 .debug_str     0x00000000000012ed      0x143 /usr/local/arm-none-eabi/bin/../arm-none-eabi/sysroot/lib/libc.a(lib_a-findfp.o)
                                        0x667 (size before relaxing)
 .debug_str     0x0000000000001430       0xa4 /usr/local/arm-none-eabi/bin/../arm-none-eabi/sysroot/lib/libc.a(lib_a-fputwc.o)
                                        0x5b8 (size before relaxing)
 .debug_str     0x00000000000014d4      0x240 /usr/local/arm-none-eabi/bin/../arm-none-eabi/sysroot/lib/libc.a(lib_a-freer.o)
                                        0x6c7 (size before relaxing)
 .debug_str     0x0000000000001714       0xa4 /usr/local/arm-none-eabi/bin/../arm-none-eabi/sysroot/lib/libc.a(lib_a-fvwrite.o)
                                        0x600 (size before relaxing)
 .debug_str     0x00000000000017b8       0x80 /usr/local/arm-none-eabi/bin/../arm-none-eabi/sysroot/lib/libc.a(lib_a-fwalk.o)
                                        0x573 (size before relaxing)
 .debug_str     0x0000000000001838      0x1cb /usr/local/arm-none-eabi/bin/../arm-none-eabi/sysroot/lib/libc.a(lib_a-locale.o)
                                        0x7cb (size before relaxing)
 .debug_str     0x0000000000001a03      0x161 /usr/local/arm-none-eabi/bin/../arm-none-eabi/sysroot/lib/libc.a(lib_a-makebuf.o)
                                        0x677 (size before relaxing)
 .debug_str     0x0000000000001b64       0xdf /usr/local/arm-none-eabi/bin/../arm-none-eabi/sysroot/lib/libc.a(lib_a-mallocr.o)
                                        0x77d (size before relaxing)