Archive member included because of file (symbol)

/usr/local/arm-none-eabi/bin/../lib/gcc/arm-none-eabi/4.7.3/libgcc.a(_udivsi3.o)
                              obj/ddram_main.o (__aeabi_uidiv)
/usr/local/arm-none-eabi/bin/../lib/gcc/arm-none-eabi/4.7.3/libgcc.a(_dvmd_tls.o)
                              /usr/local/arm-none-eabi/bin/../lib/gcc/arm-none-eabi/4.7.3/libgcc.a(_udivsi3.o) (__aeabi_idiv0)
/usr/local/arm-none-eabi/bin/../arm-none-eabi/sysroot/lib/libc.a(lib_a-atexit.o)
                              /usr/local/arm-none-eabi/bin/../lib/gcc/arm-none-eabi/4.7.3/../../../../arm-none-eabi/lib/crt0.o (atexit)
/usr/local/arm-none-eabi/bin/../arm-none-eabi/sysroot/lib/libc.a(lib_a-exit.o)
                              /usr/local/arm-none-eabi/bin/../lib/gcc/arm-none-eabi/4.7.3/../../../../arm-none-eabi/lib/crt0.o (exit)
/usr/local/arm-none-eabi/bin/../arm-none-eabi/sysroot/lib/libc.a(lib_a-fini.o)
                              /usr/local/arm-none-eabi/bin/../lib/gcc/arm-none-eabi/4.7.3/../../../../arm-none-eabi/lib/crt0.o (__libc_fini_array)
/usr/local/arm-none-eabi/bin/../arm-none-eabi/sysroot/lib/libc.a(lib_a-impure.o)
                              /usr/local/arm-none-eabi/bin/../arm-none-eabi/sysroot/lib/libc.a(lib_a-exit.o) (_global_impure_ptr)
/usr/local/arm-none-eabi/bin/../arm-none-eabi/sysroot/lib/libc.a(lib_a-init.o)
                              /usr/local/arm-none-eabi/bin/../lib/gcc/arm-none-eabi/4.7.3/../../../../arm-none-eabi/lib/crt0.o (__libc_init_array)
/usr/local/arm-none-eabi/bin/../arm-none-eabi/sysroot/lib/libc.a(lib_a-iprintf.o)
                              obj/ddram_main.o (iprintf)
/usr/local/arm-none-eabi/bin/../arm-none-eabi/sysroot/lib/libc.a(lib_a-memcpy-stub.o)
                              obj/ddram_main.o (memcpy)
/usr/local/arm-none-eabi/bin/../arm-none-eabi/sysroot/lib/libc.a(lib_a-memset.o)
                              /usr/local/arm-none-eabi/bin/../lib/gcc/arm-none-eabi/4.7.3/../../../../arm-none-eabi/lib/crt0.o (memset)
/usr/local/arm-none-eabi/bin/../arm-none-eabi/sysroot/lib/libc.a(lib_a-vfiprintf.o)
                              /usr/local/arm-none-eabi/bin/../arm-none-eabi/sysroot/lib/libc.a(lib_a-iprintf.o) (_vfiprintf_r)
/usr/local/arm-none-eabi/bin/../arm-none-eabi/sysroot/lib/libc.a(lib_a-wsetup.o)
                              /usr/local/arm-none-eabi/bin/../arm-none-eabi/sysroot/lib/libc.a(lib_a-vfiprintf.o) (__swsetup_r)
/usr/local/arm-none-eabi/bin/../arm-none-eabi/sysroot/lib/libc.a(lib_a-__atexit.o)
                              /usr/local/arm-none-eabi/bin/../arm-none-eabi/sysroot/lib/libc.a(lib_a-atexit.o) (__register_exitproc)
/usr/local/arm-none-eabi/bin/../arm-none-eabi/sysroot/lib/libc.a(lib_a-__call_atexit.o)
                              /usr/local/arm-none-eabi/bin/../arm-none-eabi/sysroot/lib/libc.a(lib_a-exit.o) (__call_exitprocs)
/usr/local/arm-none-eabi/bin/../arm-none-eabi/sysroot/lib/libc.a(lib_a-fflush.o)
                              /usr/local/arm-none-eabi/bin/../arm-none-eabi/sysroot/lib/libc.a(lib_a-vfiprintf.o) (_fflush_r)
/usr/local/arm-none-eabi/bin/../arm-none-eabi/sysroot/lib/libc.a(lib_a-findfp.o)
                              /usr/local/arm-none-eabi/bin/../arm-none-eabi/sysroot/lib/libc.a(lib_a-vfiprintf.o) (__sinit)
/usr/local/arm-none-eabi/bin/../arm-none-eabi/sysroot/lib/libc.a(lib_a-fputwc.o)
                              /usr/local/arm-none-eabi/bin/../arm-none-eabi/sysroot/lib/libc.a(lib_a-vfiprintf.o) (_fputwc_r)
/usr/local/arm-none-eabi/bin/../arm-none-eabi/sysroot/lib/libc.a(lib_a-freer.o)
                              /usr/local/arm-none-eabi/bin/../arm-none-eabi/sysroot/lib/libc.a(lib_a-wsetup.o) (_free_r)
/usr/local/arm-none-eabi/bin/../arm-none-eabi/sysroot/lib/libc.a(lib_a-fvwrite.o)
                              /usr/local/arm-none-eabi/bin/../arm-none-eabi/sysroot/lib/libc.a(lib_a-vfiprintf.o) (__sfvwrite_r)
/usr/local/arm-none-eabi/bin/../arm-none-eabi/sysroot/lib/libc.a(lib_a-fwalk.o)
                              /usr/local/arm-none-eabi/bin/../arm-none-eabi/sysroot/lib/libc.a(lib_a-findfp.o) (_fwalk)
/usr/local/arm-none-eabi/bin/../arm-none-eabi/sysroot/lib/libc.a(lib_a-locale.o)
                              /usr/local/arm-none-eabi/bin/../arm-none-eabi/sysroot/lib/libc.a(lib_a-fputwc.o) (__locale_mb_cur_max)
/usr/local/arm-none-eabi/bin/../arm-none-eabi/sysroot/lib/libc.a(lib_a-makebuf.o)
                              /usr/local/arm-none-eabi/bin/../arm-none-eabi/sysroot/lib/libc.a(lib_a-wsetup.o) (__smakebuf_r)
/usr/local/arm-none-eabi/bin/../arm-none-eabi/sysroot/lib/libc.a(lib_a-mallocr.o)
                              /usr/local/arm-none-eabi/bin/../arm-none-eabi/sysroot/lib/libc.a(lib_a-findfp.o) (_malloc_r)
/usr/local/arm-none-eabi/bin/../arm-none-eabi/sysroot/lib/libc.a(lib_a-memchr-stub.o)
                              /usr/local/arm-none-eabi/bin/../arm-none-eabi/sysroot/lib/libc.a(lib_a-vfiprintf.o) (memchr)
/usr/local/arm-none-eabi/bin/../arm-none-eabi/sysroot/lib/libc.a(lib_a-memmove.o)
[...]
Memory Configuration

Name             Origin             Length             Attributes
romcodesram      0x0000000000306000 0x0000000000002000 w !xr
sram             0x0000000000300000 0x0000000000020000 w !xr
ddr_ebi0         0x0000000020000000 0x0000000004000000 w !xr
*default*        0x0000000000000000 0xffffffffffffffff

Linker script and memory map

LOAD /usr/local/arm-none-eabi/bin/../lib/gcc/arm-none-eabi/4.7.3/crti.o
LOAD /usr/local/arm-none-eabi/bin/../lib/gcc/arm-none-eabi/4.7.3/crtbegin.o
LOAD /usr/local/arm-none-eabi/bin/../lib/gcc/arm-none-eabi/4.7.3/../../../../arm-none-eabi/lib/crt0.o
LOAD obj/ddram_applet_cstartup.o
LOAD obj/ddram_main.o
START GROUP
LOAD /usr/local/arm-none-eabi/bin/../lib/gcc/arm-none-eabi/4.7.3/libgcc.a
LOAD /usr/local/arm-none-eabi/bin/../arm-none-eabi/sysroot/lib/libc.a
LOAD ../../libraries/libchip_sama5d3x/lib/libchip_sama5d3x_gcc_rel.a
LOAD ../../libraries/libboard_sama5d3x-ek/lib/libboard_sama5d3x_ek_gcc_rel.a
LOAD ../../libraries/libnandflash/lib/libnandflash_gcc_rel.a
LOAD ../../libraries/libpmecc/lib/libpmecc_gcc_rel.a
END GROUP
START GROUP
LOAD /usr/local/arm-none-eabi/bin/../lib/gcc/arm-none-eabi/4.7.3/libgcc.a
LOAD /usr/local/arm-none-eabi/bin/../arm-none-eabi/sysroot/lib/libc.a
END GROUP
LOAD /usr/local/arm-none-eabi/bin/../lib/gcc/arm-none-eabi/4.7.3/crtend.o
LOAD /usr/local/arm-none-eabi/bin/../lib/gcc/arm-none-eabi/4.7.3/crtn.o

.fixed0         0x0000000020000000    0x106a8
                0x0000000020000000                . = ALIGN (0x4)
                0x0000000020000000                _sfixed = .
 *(.textisp .textisp.*)
 .textisp       0x0000000020000000       0xf0 obj/ddram_applet_cstartup.o
                0x0000000020000000                entry
 *(.text .text.* .gnu.linkonce.t.*)
 .text          0x00000000200000f0      0x128 /usr/local/arm-none-eabi/bin/../lib/gcc/arm-none-eabi/4.7.3/crtbegin.o
 .text.unlikely.drop_ffs
                0x0000000020000218       0x34 obj/ddram_main.o
 .text.isValidPmeccParam
                0x000000002000024c      0x290 obj/ddram_main.o
                0x000000002000024c                isValidPmeccParam
 .text.startup.main
                0x00000000200004dc     0x182c obj/ddram_main.o
                0x00000000200004dc                main
 .text          0x0000000020001d08      0x114 /usr/local/arm-none-eabi/bin/../lib/gcc/arm-none-eabi/4.7.3/libgcc.a(_udivsi3.o)
                0x0000000020001d08                __udivsi3
                0x0000000020001d08                __aeabi_uidiv
                0x0000000020001dfc                __aeabi_uidivmod
 .text          0x0000000020001e1c        0x4 /usr/local/arm-none-eabi/bin/../lib/gcc/arm-none-eabi/4.7.3/libgcc.a(_dvmd_tls.o)
                0x0000000020001e1c                __aeabi_ldiv0
                0x0000000020001e1c                __aeabi_idiv0
 .text          0x0000000020001e20       0x5c /usr/local/arm-none-eabi/bin/../arm-none-eabi/sysroot/lib/libc.a(lib_a-iprintf.o)
                0x0000000020001e20                iprintf
                0x0000000020001e54                _iprintf_r
 .text          0x0000000020001e7c       0x20 /usr/local/arm-none-eabi/bin/../arm-none-eabi/sysroot/lib/libc.a(lib_a-memcpy-stub.o)
                0x0000000020001e7c                memcpy
 .text          0x0000000020001e9c       0x1c /usr/local/arm-none-eabi/bin/../arm-none-eabi/sysroot/lib/libc.a(lib_a-memset.o)
                0x0000000020001e9c                memset
 .text          0x0000000020001eb8     0x1004 /usr/local/arm-none-eabi/bin/../arm-none-eabi/sysroot/lib/libc.a(lib_a-vfiprintf.o)
                0x0000000020001eb8                __sprint_r
                0x0000000020001f68                _vfiprintf_r
                0x0000000020002e90                vfiprintf
 .text          0x0000000020002ebc      0x128 /usr/local/arm-none-eabi/bin/../arm-none-eabi/sysroot/lib/libc.a(lib_a-wsetup.o)
                0x0000000020002ebc                __swsetup_r
 .text          0x0000000020002fe4      0x284 /usr/local/arm-none-eabi/bin/../arm-none-eabi/sysroot/lib/libc.a(lib_a-fflush.o)
                0x0000000020002fe4                __sflush_r
                0x00000000200031e4                _fflush_r
                0x0000000020003224                fflush
 .text          0x0000000020003268      0x2a4 /usr/local/arm-none-eabi/bin/../arm-none-eabi/sysroot/lib/libc.a(lib_a-findfp.o)
                0x0000000020003278                _cleanup_r
                0x000000002000330c                __sfmoreglue
                0x0000000020003350                _cleanup
                0x0000000020003360                __sinit
                0x00000000200033d8                __sfp
                0x00000000200034b4                __sfp_lock_acquire
                0x00000000200034b8                __sfp_lock_release
                0x00000000200034bc                __sinit_lock_acquire
                0x00000000200034c0                __sinit_lock_release
                0x00000000200034c4                __fp_lock_all
                0x00000000200034e8                __fp_unlock_all
 .text          0x000000002000350c      0x17c /usr/local/arm-none-eabi/bin/../arm-none-eabi/sysroot/lib/libc.a(lib_a-fputwc.o)
                0x000000002000350c                _fputwc_r
                0x0000000020003644                fputwc
 .text          0x0000000020003688      0x340 /usr/local/arm-none-eabi/bin/../arm-none-eabi/sysroot/lib/libc.a(lib_a-freer.o)
                0x0000000020003688                _malloc_trim_r
                0x0000000020003784                _free_r
 .text          0x00000000200039c8      0x454 /usr/local/arm-none-eabi/bin/../arm-none-eabi/sysroot/lib/libc.a(lib_a-fvwrite.o)
                0x00000000200039c8                __sfvwrite_r
 .text          0x0000000020003e1c       0xf0 /usr/local/arm-none-eabi/bin/../arm-none-eabi/sysroot/lib/libc.a(lib_a-fwalk.o)
                0x0000000020003e1c                _fwalk
                0x0000000020003e90                _fwalk_reent
 .text          0x0000000020003f0c       0xd0 /usr/local/arm-none-eabi/bin/../arm-none-eabi/sysroot/lib/libc.a(lib_a-locale.o)
                0x0000000020003f0c                _setlocale_r
                0x0000000020003f78                __locale_charset
                0x0000000020003f84                __locale_mb_cur_max
                0x0000000020003f94                __locale_msgcharset
                0x0000000020003fa0                __locale_cjk_lang
                0x0000000020003fa8                _localeconv_r
                0x0000000020003fb4                setlocale
                0x0000000020003fd0                localeconv
 .text          0x0000000020003fdc      0x140 /usr/local/arm-none-eabi/bin/../arm-none-eabi/sysroot/lib/libc.a(lib_a-makebuf.o)
                0x0000000020003fdc                __smakebuf_r
 .text          0x000000002000411c      0x618 /usr/local/arm-none-eabi/bin/../arm-none-eabi/sysroot/lib/libc.a(lib_a-mallocr.o)
                0x000000002000411c                _malloc_r
 .text          0x0000000020004734       0x34 /usr/local/arm-none-eabi/bin/../arm-none-eabi/sysroot/lib/libc.a(lib_a-memchr-stub.o)
                0x0000000020004734                memchr
 .text          0x0000000020004768       0x5c /usr/local/arm-none-eabi/bin/../arm-none-eabi/sysroot/lib/libc.a(lib_a-memmove.o)
                0x0000000020004768                memmove
 .text          0x00000000200047c4        0x8 /usr/local/arm-none-eabi/bin/../arm-none-eabi/sysroot/lib/libc.a(lib_a-mlock.o)
                0x00000000200047c4                __malloc_lock
                0x00000000200047c8                __malloc_unlock
 .text          0x00000000200047cc      0x454 /usr/local/arm-none-eabi/bin/../arm-none-eabi/sysroot/lib/libc.a(lib_a-reallocr.o)
                0x00000000200047cc                _realloc_r
 .text          0x0000000020004c20       0x3c /usr/local/arm-none-eabi/bin/../arm-none-eabi/sysroot/lib/libc.a(lib_a-sbrkr.o)
                0x0000000020004c20                _sbrk_r
 .text          0x0000000020004c5c       0xd8 /usr/local/arm-none-eabi/bin/../arm-none-eabi/sysroot/lib/libc.a(lib_a-stdio.o)
                0x0000000020004c5c                __sread
                0x0000000020004c90                __seofread
                0x0000000020004c98                __swrite
                0x0000000020004cec                __sseek
                0x0000000020004d20                __sclose
 .text          0x0000000020004d34       0x1c /usr/local/arm-none-eabi/bin/../arm-none-eabi/sysroot/lib/libc.a(lib_a-strcmp.o)
                0x0000000020004d34                strcmp
 .text          0x0000000020004d50       0x1c /usr/local/arm-none-eabi/bin/../arm-none-eabi/sysroot/lib/libc.a(lib_a-strlen.o)
                0x0000000020004d50                strlen
 .text          0x0000000020004d6c       0x58 /usr/local/arm-none-eabi/bin/../arm-none-eabi/sysroot/lib/libc.a(lib_a-strncpy.o)
                0x0000000020004d6c                strncpy
 .text          0x0000000020004dc4      0x128 /usr/local/arm-none-eabi/bin/../arm-none-eabi/sysroot/lib/libc.a(lib_a-wbuf.o)
                0x0000000020004dc4                __swbuf_r
                0x0000000020004ed0                __swbuf
 .text          0x0000000020004eec       0xb0 /usr/local/arm-none-eabi/bin/../arm-none-eabi/sysroot/lib/libc.a(lib_a-wcrtomb.o)
                0x0000000020004eec                _wcrtomb_r
                0x0000000020004f70                wcrtomb
 .text          0x0000000020004f9c       0x74 /usr/local/arm-none-eabi/bin/../arm-none-eabi/sysroot/lib/libc.a(lib_a-wctomb_r.o)
                0x0000000020004f9c                __ascii_wctomb
                0x0000000020004fc8                _wctomb_r
 .text          0x0000000020005010       0x44 /usr/local/arm-none-eabi/bin/../arm-none-eabi/sysroot/lib/libc.a(lib_a-writer.o)
                0x0000000020005010                _write_r
 .text          0x0000000020005054       0x3c /usr/local/arm-none-eabi/bin/../arm-none-eabi/sysroot/lib/libc.a(lib_a-closer.o)
                0x0000000020005054                _close_r
 .text          0x0000000020005090       0xf0 /usr/local/arm-none-eabi/bin/../arm-none-eabi/sysroot/lib/libc.a(lib_a-fclose.o)
                0x0000000020005090                _fclose_r
                0x000000002000516c                fclose
 .text          0x0000000020005180       0x40 /usr/local/arm-none-eabi/bin/../arm-none-eabi/sysroot/lib/libc.a(lib_a-fstatr.o)
                0x0000000020005180                _fstat_r
 .text          0x00000000200051c0       0x3c /usr/local/arm-none-eabi/bin/../arm-none-eabi/sysroot/lib/libc.a(lib_a-isattyr.o)
                0x00000000200051c0                _isatty_r
 .text          0x00000000200051fc       0x44 /usr/local/arm-none-eabi/bin/../arm-none-eabi/sysroot/lib/libc.a(lib_a-lseekr.o)
                0x00000000200051fc                _lseek_r
 .text          0x0000000020005240       0x44 /usr/local/arm-none-eabi/bin/../arm-none-eabi/sysroot/lib/libc.a(lib_a-readr.o)
                0x0000000020005240                _read_r
 .text.PIO_Configure
                0x0000000020005284      0x200 ../../libraries/libchip_sama5d3x/lib/libchip_sama5d3x_gcc_rel.a(pio.o)
                0x0000000020005284                PIO_Configure
 .text.PIO_Get  0x0000000020005484       0x2c ../../libraries/libchip_sama5d3x/lib/libchip_sama5d3x_gcc_rel.a(pio.o)
                0x0000000020005484                PIO_Get
 .text.PMC_EnablePeripheral
                0x00000000200054b0       0x44 ../../libraries/libchip_sama5d3x/lib/libchip_sama5d3x_gcc_rel.a(pmc.o)
                0x00000000200054b0                PMC_EnablePeripheral
 .text.PMC_IsPeriphEnabled
                0x00000000200054f4       0x20 ../../libraries/libchip_sama5d3x/lib/libchip_sama5d3x_gcc_rel.a(pmc.o)
                0x00000000200054f4                PMC_IsPeriphEnabled
 .text.WDT_Disable
                0x0000000020005514        0xc ../../libraries/libchip_sama5d3x/lib/libchip_sama5d3x_gcc_rel.a(wdt.o)
                0x0000000020005514                WDT_Disable
 .text.BOARD_ConfigureNandFlash
                0x0000000020005520       0x60 ../../libraries/libboard_sama5d3x-ek/lib/libboard_sama5d3x_ek_gcc_rel.a(board_memories.o)
                0x0000000020005520                BOARD_ConfigureNandFlash
 .text.DMAD_Initialize
                0x0000000020005580       0xd8 ../../libraries/libboard_sama5d3x-ek/lib/libboard_sama5d3x_ek_gcc_rel.a(dmad.o)
                0x0000000020005580                DMAD_Initialize
 .text.DMAD_Handler
                0x0000000020005658      0x1ac ../../libraries/libboard_sama5d3x-ek/lib/libboard_sama5d3x_ek_gcc_rel.a(dmad.o)
                0x0000000020005658                DMAD_Handler
 .text.DMAD_AllocateChannel
                0x0000000020005804      0x170 ../../libraries/libboard_sama5d3x-ek/lib/libboard_sama5d3x_ek_gcc_rel.a(dmad.o)
                0x0000000020005804                DMAD_AllocateChannel
 .text.DMAD_FreeChannel
                0x0000000020005974       0x84 ../../libraries/libboard_sama5d3x-ek/lib/libboard_sama5d3x_ek_gcc_rel.a(dmad.o)
                0x0000000020005974                DMAD_FreeChannel
 .text.DMAD_PrepareChannel
                0x00000000200059f8      0x14c ../../libraries/libboard_sama5d3x-ek/lib/libboard_sama5d3x_ek_gcc_rel.a(dmad.o)
                0x00000000200059f8                DMAD_PrepareChannel
 .text.DMAD_IsTransferDone
                0x0000000020005b44       0xa0 ../../libraries/libboard_sama5d3x-ek/lib/libboard_sama5d3x_ek_gcc_rel.a(dmad.o)
                0x0000000020005b44                DMAD_IsTransferDone
 .text.DMAD_StartTransfer
                0x0000000020005be4       0xd4 ../../libraries/libboard_sama5d3x-ek/lib/libboard_sama5d3x_ek_gcc_rel.a(dmad.o)
                0x0000000020005be4                DMAD_StartTransfer
 .text.DMAD_PrepareSingleTransfer
                0x0000000020005cb8       0xe4 ../../libraries/libboard_sama5d3x-ek/lib/libboard_sama5d3x_ek_gcc_rel.a(dmad.o)
                0x0000000020005cb8                DMAD_PrepareSingleTransfer
 .text.DMAIF_Get_ChannelNumber
                0x0000000020005d9c       0x64 ../../libraries/libboard_sama5d3x-ek/lib/libboard_sama5d3x_ek_gcc_rel.a(dma_hardware_interface.o)
                0x0000000020005d9c                DMAIF_Get_ChannelNumber
 .text.DMAIF_IsValidatedPeripherOnDma
                0x0000000020005e00       0x4c ../../libraries/libboard_sama5d3x-ek/lib/libboard_sama5d3x_ek_gcc_rel.a(dma_hardware_interface.o)
                0x0000000020005e00                DMAIF_IsValidatedPeripherOnDma
 .text.power    0x0000000020005e4c       0x20 ../../libraries/libboard_sama5d3x-ek/lib/libboard_sama5d3x_ek_gcc_rel.a(math.o)
                0x0000000020005e4c                power
 .text._sbrk    0x0000000020005e6c       0x30 ../../libraries/libboard_sama5d3x-ek/lib/libboard_sama5d3x_ek_gcc_rel.a(syscalls.o)
                0x0000000020005e6c                _sbrk
 .text._close   0x0000000020005e9c        0x8 ../../libraries/libboard_sama5d3x-ek/lib/libboard_sama5d3x_ek_gcc_rel.a(syscalls.o)
                0x0000000020005e9c                _close
 .text._fstat   0x0000000020005ea4       0x10 ../../libraries/libboard_sama5d3x-ek/lib/libboard_sama5d3x_ek_gcc_rel.a(syscalls.o)
                0x0000000020005ea4                _fstat
 .text._isatty  0x0000000020005eb4        0x8 ../../libraries/libboard_sama5d3x-ek/lib/libboard_sama5d3x_ek_gcc_rel.a(syscalls.o)
                0x0000000020005eb4                _isatty
 .text._lseek   0x0000000020005ebc        0x8 ../../libraries/libboard_sama5d3x-ek/lib/libboard_sama5d3x_ek_gcc_rel.a(syscalls.o)
                0x0000000020005ebc                _lseek
 .text._read    0x0000000020005ec4        0x8 ../../libraries/libboard_sama5d3x-ek/lib/libboard_sama5d3x_ek_gcc_rel.a(syscalls.o)
                0x0000000020005ec4                _read
 .text._write   0x0000000020005ecc       0x40 ../../libraries/libboard_sama5d3x-ek/lib/libboard_sama5d3x_ek_gcc_rel.a(syscalls.o)
                0x0000000020005ecc                _write
 .text._exit    0x0000000020005f0c       0x24 ../../libraries/libboard_sama5d3x-ek/lib/libboard_sama5d3x_ek_gcc_rel.a(syscalls.o)
                0x0000000020005f0c                _exit
 .text._kill    0x0000000020005f30        0x4 ../../libraries/libboard_sama5d3x-ek/lib/libboard_sama5d3x_ek_gcc_rel.a(syscalls.o)
                0x0000000020005f30                _kill
 .text._getpid  0x0000000020005f34        0x8 ../../libraries/libboard_sama5d3x-ek/lib/libboard_sama5d3x_ek_gcc_rel.a(syscalls.o)
                0x0000000020005f34                _getpid
 .text.DBGU_Configure
                0x0000000020005f3c       0xe0 ../../libraries/libboard_sama5d3x-ek/lib/libboard_sama5d3x_ek_gcc_rel.a(dbgu_console.o)
                0x0000000020005f3c                DBGU_Configure
 .text.DBGU_PutChar
                0x000000002000601c       0x60 ../../libraries/libboard_sama5d3x-ek/lib/libboard_sama5d3x_ek_gcc_rel.a(dbgu_console.o)
                0x000000002000601c                DBGU_PutChar
 .text.NandFlashConfigureDmaChannels
                0x000000002000607c      0x164 ../../libraries/libnandflash/lib/libnandflash_gcc_rel.a(NandFlashDma.o)
                0x000000002000607c                NandFlashConfigureDmaChannels
 .text.NandFlashDmaTransferToNand
                0x00000000200061e0       0xa4 ../../libraries/libnandflash/lib/libnandflash_gcc_rel.a(NandFlashDma.o)
                0x00000000200061e0                NandFlashDmaTransferToNand
 .text.NandFlashDmaTransferFromNand
                0x0000000020006284       0xa0 ../../libraries/libnandflash/lib/libnandflash_gcc_rel.a(NandFlashDma.o)
                0x0000000020006284                NandFlashDmaTransferFromNand
 .text.NandFlashFreeDma
                0x0000000020006324       0x68 ../../libraries/libnandflash/lib/libnandflash_gcc_rel.a(NandFlashDma.o)
                0x0000000020006324                NandFlashFreeDma
 .text.NandFlashModel_Find
                0x000000002000638c      0x238 ../../libraries/libnandflash/lib/libnandflash_gcc_rel.a(NandFlashModel.o)
                0x000000002000638c                NandFlashModel_Find
 .text.NandFlashModel_TranslateAccess
                0x00000000200065c4       0xfc ../../libraries/libnandflash/lib/libnandflash_gcc_rel.a(NandFlashModel.o)
                0x00000000200065c4                NandFlashModel_TranslateAccess
 .text.NandFlashModel_GetScheme
                0x00000000200066c0        0x8 ../../libraries/libnandflash/lib/libnandflash_gcc_rel.a(NandFlashModel.o)
                0x00000000200066c0                NandFlashModel_GetScheme
 .text.NandFlashModel_GetDeviceSizeInBlocks
                0x00000000200066c8       0x34 ../../libraries/libnandflash/lib/libnandflash_gcc_rel.a(NandFlashModel.o)
                0x00000000200066c8                NandFlashModel_GetDeviceSizeInBlocks
 .text.NandFlashModel_GetDeviceSizeInPages
                0x00000000200066fc       0x54 ../../libraries/libnandflash/lib/libnandflash_gcc_rel.a(NandFlashModel.o)
                0x00000000200066fc                NandFlashModel_GetDeviceSizeInPages
 .text.NandFlashModel_GetDeviceSizeInBytes
                0x0000000020006750       0x10 ../../libraries/libnandflash/lib/libnandflash_gcc_rel.a(NandFlashModel.o)
                0x0000000020006750                NandFlashModel_GetDeviceSizeInBytes
 .text.NandFlashModel_GetDeviceSizeInMBytes
                0x0000000020006760        0x8 ../../libraries/libnandflash/lib/libnandflash_gcc_rel.a(NandFlashModel.o)
                0x0000000020006760                NandFlashModel_GetDeviceSizeInMBytes
 .text.NandFlashModel_GetBlockSizeInPages
                0x0000000020006768       0x34 ../../libraries/libnandflash/lib/libnandflash_gcc_rel.a(NandFlashModel.o)
                0x0000000020006768                NandFlashModel_GetBlockSizeInPages
 .text.NandFlashModel_GetBlockSizeInBytes
                0x000000002000679c        0xc ../../libraries/libnandflash/lib/libnandflash_gcc_rel.a(NandFlashModel.o)
                0x000000002000679c                NandFlashModel_GetBlockSizeInBytes
 .text.NandFlashModel_GetPageDataSize
                0x00000000200067a8        0x8 ../../libraries/libnandflash/lib/libnandflash_gcc_rel.a(NandFlashModel.o)
                0x00000000200067a8                NandFlashModel_GetPageDataSize
 .text.NandFlashModel_GetPageSpareSize
                0x00000000200067b0       0x18 ../../libraries/libnandflash/lib/libnandflash_gcc_rel.a(NandFlashModel.o)
                0x00000000200067b0                NandFlashModel_GetPageSpareSize
 .text.NandFlashModel_GetDataBusWidth
                0x00000000200067c8       0x14 ../../libraries/libnandflash/lib/libnandflash_gcc_rel.a(NandFlashModel.o)
                0x00000000200067c8                NandFlashModel_GetDataBusWidth
 .text._NandReadStatus
                0x00000000200067dc       0x44 ../../libraries/libnandflash/lib/libnandflash_gcc_rel.a(NandFlashOnfi.o)
 .text.NandIsOnficompatible
                0x0000000020006820       0x6c ../../libraries/libnandflash/lib/libnandflash_gcc_rel.a(NandFlashOnfi.o)
                0x0000000020006820                NandIsOnficompatible
 .text.NandGetOnfiPageParam
                0x000000002000688c      0x1bc ../../libraries/libnandflash/lib/libnandflash_gcc_rel.a(NandFlashOnfi.o)
                0x000000002000688c                NandGetOnfiPageParam
 .text.NandEnableInternalEcc
                0x0000000020006a48       0xb4 ../../libraries/libnandflash/lib/libnandflash_gcc_rel.a(NandFlashOnfi.o)
                0x0000000020006a48                NandEnableInternalEcc
 .text.NandDisableInternalEcc
                0x0000000020006afc       0x38 ../../libraries/libnandflash/lib/libnandflash_gcc_rel.a(NandFlashOnfi.o)
                0x0000000020006afc                NandDisableInternalEcc
 .text.NandEbiDetect
                0x0000000020006b34       0xb4 ../../libraries/libnandflash/lib/libnandflash_gcc_rel.a(NandFlashOnfi.o)
                0x0000000020006b34                NandEbiDetect
 .text.NandSetTrimffs
                0x0000000020006be8       0x10 ../../libraries/libnandflash/lib/libnandflash_gcc_rel.a(NandFlashOnfi.o)
                0x0000000020006be8                NandSetTrimffs
 .text.isNandTrimffs
                0x0000000020006bf8       0x10 ../../libraries/libnandflash/lib/libnandflash_gcc_rel.a(NandFlashOnfi.o)
                0x0000000020006bf8                isNandTrimffs
 .text.NandSetTrimPage
                0x0000000020006c08       0x10 ../../libraries/libnandflash/lib/libnandflash_gcc_rel.a(NandFlashOnfi.o)
                0x0000000020006c08                NandSetTrimPage
 .text.NandGetTrimPage
                0x0000000020006c18       0x10 ../../libraries/libnandflash/lib/libnandflash_gcc_rel.a(NandFlashOnfi.o)
                0x0000000020006c18                NandGetTrimPage
 .text.Smc_OpConfigure
                0x0000000020006c28       0x10 ../../libraries/libnandflash/lib/libnandflash_gcc_rel.a(NandSmc.o)
                0x0000000020006c28                Smc_OpConfigure
 .text.isSmcOpNfcEn
                0x0000000020006c38       0x14 ../../libraries/libnandflash/lib/libnandflash_gcc_rel.a(NandSmc.o)
                0x0000000020006c38                isSmcOpNfcEn
 .text.isSmcOpNfcSramEn
                0x0000000020006c4c       0x18 ../../libraries/libnandflash/lib/libnandflash_gcc_rel.a(NandSmc.o)
                0x0000000020006c4c                isSmcOpNfcSramEn
 .text.setSmcOpEccType
                0x0000000020006c64       0x20 ../../libraries/libnandflash/lib/libnandflash_gcc_rel.a(NandSmc.o)
                0x0000000020006c64                setSmcOpEccType
 .text.getSmcOpEccType
                0x0000000020006c84       0x18 ../../libraries/libnandflash/lib/libnandflash_gcc_rel.a(NandSmc.o)
                0x0000000020006c84                getSmcOpEccType
 .text.Smc_Issue_Cle_Ale
                0x0000000020006c9c      0x344 ../../libraries/libnandflash/lib/libnandflash_gcc_rel.a(NandSmc.o)
                0x0000000020006c9c                Smc_Issue_Cle_Ale
 .text.Smc_WaitForNandReady
                0x0000000020006fe0       0x70 ../../libraries/libnandflash/lib/libnandflash_gcc_rel.a(NandSmc.o)
                0x0000000020006fe0                Smc_WaitForNandReady
 .text.Smc_IsOperationComplete
                0x0000000020007050       0x4c ../../libraries/libnandflash/lib/libnandflash_gcc_rel.a(NandSmc.o)
                0x0000000020007050                Smc_IsOperationComplete
 .text.Smc_Data_Array_In
                0x000000002000709c       0xe0 ../../libraries/libnandflash/lib/libnandflash_gcc_rel.a(NandSmc.o)
                0x000000002000709c                Smc_Data_Array_In
 .text.Smc_Data_Array_Out
                0x000000002000717c       0xc0 ../../libraries/libnandflash/lib/libnandflash_gcc_rel.a(NandSmc.o)
                0x000000002000717c                Smc_Data_Array_Out
 .text.NandSpareScheme_ReadBadBlockMarker
                0x000000002000723c       0x10 ../../libraries/libnandflash/lib/libnandflash_gcc_rel.a(NandSpareScheme.o)
                0x000000002000723c                NandSpareScheme_ReadBadBlockMarker
 .text.NandSpareScheme_WriteBadBlockMarker
                0x000000002000724c        0xc ../../libraries/libnandflash/lib/libnandflash_gcc_rel.a(NandSpareScheme.o)
                0x000000002000724c                NandSpareScheme_WriteBadBlockMarker
 .text.NandSpareScheme_ReadEcc
                0x0000000020007258       0x2c ../../libraries/libnandflash/lib/libnandflash_gcc_rel.a(NandSpareScheme.o)
                0x0000000020007258                NandSpareScheme_ReadEcc
 .text.NandSpareScheme_WriteEcc
                0x0000000020007284       0x34 ../../libraries/libnandflash/lib/libnandflash_gcc_rel.a(NandSpareScheme.o)
                0x0000000020007284                NandSpareScheme_WriteEcc
 .text.NandSpareScheme_build4096
                0x00000000200072b8       0x50 ../../libraries/libnandflash/lib/libnandflash_gcc_rel.a(NandSpareScheme.o)
                0x00000000200072b8                NandSpareScheme_build4096
 .text.WritePageWithPmecc.isra.0
                0x0000000020007308      0x3dc ../../libraries/libnandflash/lib/libnandflash_gcc_rel.a(RawNandFlash.o)
 .text.RawNandFlash_Reset
                0x00000000200076e4       0x74 ../../libraries/libnandflash/lib/libnandflash_gcc_rel.a(RawNandFlash.o)
                0x00000000200076e4                RawNandFlash_Reset
 .text.RawNandFlash_ReadId
                0x0000000020007758       0xc4 ../../libraries/libnandflash/lib/libnandflash_gcc_rel.a(RawNandFlash.o)
                0x0000000020007758                RawNandFlash_ReadId
 .text.RawNandFlash_Initialize
                0x000000002000781c      0x12c ../../libraries/libnandflash/lib/libnandflash_gcc_rel.a(RawNandFlash.o)
                0x000000002000781c                RawNandFlash_Initialize
 .text.RawNandFlash_EraseBlock
                0x0000000020007948      0x14c ../../libraries/libnandflash/lib/libnandflash_gcc_rel.a(RawNandFlash.o)
                0x0000000020007948                RawNandFlash_EraseBlock
 .text.RawNandFlash_ReadPage
                0x0000000020007a94      0x854 ../../libraries/libnandflash/lib/libnandflash_gcc_rel.a(RawNandFlash.o)
                0x0000000020007a94                RawNandFlash_ReadPage
 .text.RawNandFlash_WritePage
                0x00000000200082e8      0x718 ../../libraries/libnandflash/lib/libnandflash_gcc_rel.a(RawNandFlash.o)
                0x00000000200082e8                RawNandFlash_WritePage
 .text.SkipBlockNandFlash_CheckBlock
                0x0000000020008a00      0x12c ../../libraries/libnandflash/lib/libnandflash_gcc_rel.a(SkipBlockNandFlash.o)
                0x0000000020008a00                SkipBlockNandFlash_CheckBlock
 .text.SkipBlockNandFlash_Initialize
                0x0000000020008b2c      0x154 ../../libraries/libnandflash/lib/libnandflash_gcc_rel.a(SkipBlockNandFlash.o)
                0x0000000020008b2c                SkipBlockNandFlash_Initialize
 .text.SkipBlockNandFlash_EraseBlock
                0x0000000020008c80      0x134 ../../libraries/libnandflash/lib/libnandflash_gcc_rel.a(SkipBlockNandFlash.o)
                0x0000000020008c80                SkipBlockNandFlash_EraseBlock
 .text.SkipBlockNandFlash_ReadBlock
                0x0000000020008db4      0x134 ../../libraries/libnandflash/lib/libnandflash_gcc_rel.a(SkipBlockNandFlash.o)
                0x0000000020008db4                SkipBlockNandFlash_ReadBlock
 .text.SkipBlockNandFlash_WriteBlock
                0x0000000020008ee8      0x128 ../../libraries/libnandflash/lib/libnandflash_gcc_rel.a(SkipBlockNandFlash.o)
                0x0000000020008ee8                SkipBlockNandFlash_WriteBlock
 .text.EccNandFlash_WritePageWithSoftwareEcc
                0x0000000020009010      0x140 ../../libraries/libnandflash/lib/libnandflash_gcc_rel.a(EccNandFlash.o)
 .text.EccNandFlash_ReadPageWithPmecc
                0x0000000020009150      0x1b0 ../../libraries/libnandflash/lib/libnandflash_gcc_rel.a(EccNandFlash.o)
 .text.EccNandFlash_ReadPageWithSoftwareEcc
                0x0000000020009300      0x1c4 ../../libraries/libnandflash/lib/libnandflash_gcc_rel.a(EccNandFlash.o)
 .text.EccNandFlash_Initialize
                0x00000000200094c4       0x64 ../../libraries/libnandflash/lib/libnandflash_gcc_rel.a(EccNandFlash.o)
                0x00000000200094c4                EccNandFlash_Initialize
 .text.EccNandFlash_ReadPage
                0x0000000020009528      0x18c ../../libraries/libnandflash/lib/libnandflash_gcc_rel.a(EccNandFlash.o)
                0x0000000020009528                EccNandFlash_ReadPage
 .text.EccNandFlash_WritePage
                0x00000000200096b4      0x1d0 ../../libraries/libnandflash/lib/libnandflash_gcc_rel.a(EccNandFlash.o)
                0x00000000200096b4                EccNandFlash_WritePage
 .text.get_sigma
                0x0000000020009884      0x5ac ../../libraries/libpmecc/lib/libpmecc_gcc_rel.a(pmecc.o)
 .text.PMECC_Initialize
                0x0000000020009e30      0x260 ../../libraries/libpmecc/lib/libpmecc_gcc_rel.a(pmecc.o)
                0x0000000020009e30                PMECC_Initialize
 .text.PMECC_CorrectionAlgo
                0x000000002000a090      0x388 ../../libraries/libpmecc/lib/libpmecc_gcc_rel.a(pmecc.o)
                0x000000002000a090                PMECC_CorrectionAlgo
 .text.PMECC_GetCurrentPmeccDescriptor
                0x000000002000a418       0x10 ../../libraries/libpmecc/lib/libpmecc_gcc_rel.a(pmecc.o)
                0x000000002000a418                PMECC_GetCurrentPmeccDescriptor
 .text.PMECC_Disable
                0x000000002000a428       0x24 ../../libraries/libpmecc/lib/libpmecc_gcc_rel.a(pmecc.o)
                0x000000002000a428                PMECC_Disable
 .text          0x000000002000a44c      0x148 /usr/local/arm-none-eabi/bin/../lib/gcc/arm-none-eabi/4.7.3/libgcc.a(_divsi3.o)
                0x000000002000a44c                __aeabi_idiv
                0x000000002000a44c                __divsi3
                0x000000002000a574                __aeabi_idivmod
 .text          0x000000002000a594       0x3c /usr/local/arm-none-eabi/bin/../lib/gcc/arm-none-eabi/4.7.3/libgcc.a(_aeabi_uldivmod.o)
                0x000000002000a594                __aeabi_uldivmod
 .text          0x000000002000a5d0       0x84 /usr/local/arm-none-eabi/bin/../lib/gcc/arm-none-eabi/4.7.3/libgcc.a(bpabi.o)
                0x000000002000a5d0                __gnu_ldivmod_helper
                0x000000002000a614                __gnu_uldivmod_helper
 .text          0x000000002000a654      0x4f8 /usr/local/arm-none-eabi/bin/../lib/gcc/arm-none-eabi/4.7.3/libgcc.a(_divdi3.o)
                0x000000002000a654                __divdi3
 .text          0x000000002000ab4c      0x498 /usr/local/arm-none-eabi/bin/../lib/gcc/arm-none-eabi/4.7.3/libgcc.a(_udivdi3.o)
                0x000000002000ab4c                __udivdi3
 .text          0x000000002000afe4      0xfb0 /usr/local/arm-none-eabi/bin/../lib/gcc/arm-none-eabi/4.7.3/libgcc.a(unwind-arm.o)
                0x000000002000b46c                _Unwind_GetCFA
                0x000000002000b474                __gnu_Unwind_RaiseException
                0x000000002000b520                __gnu_Unwind_ForcedUnwind
                0x000000002000b544                __gnu_Unwind_Resume
                0x000000002000b5bc                __gnu_Unwind_Resume_or_Rethrow
                0x000000002000b5dc                _Unwind_Complete
                0x000000002000b5e0                _Unwind_DeleteException
                0x000000002000b604                _Unwind_VRS_Get
                0x000000002000b678                _Unwind_VRS_Set
                0x000000002000bb1c                __aeabi_unwind_cpp_pr2
                0x000000002000bb24                __aeabi_unwind_cpp_pr1
                0x000000002000bb2c                __aeabi_unwind_cpp_pr0
                0x000000002000bb34                __gnu_Unwind_Backtrace
                0x000000002000bc00                _Unwind_VRS_Pop
 .text          0x000000002000bf94      0x1b0 /usr/local/arm-none-eabi/bin/../lib/gcc/arm-none-eabi/4.7.3/libgcc.a(libunwind.o)
                0x000000002000bf94                __restore_core_regs
                0x000000002000bf94                restore_core_regs
                0x000000002000bfb0                __gnu_Unwind_Restore_VFP
                0x000000002000bfb8                __gnu_Unwind_Save_VFP
                0x000000002000bfc0                __gnu_Unwind_Restore_VFP_D
                0x000000002000bfc8                __gnu_Unwind_Save_VFP_D
                0x000000002000bfd0                __gnu_Unwind_Restore_VFP_D_16_to_31
                0x000000002000bfd8                __gnu_Unwind_Save_VFP_D_16_to_31
                0x000000002000bfe0                __gnu_Unwind_Restore_WMMXD
                0x000000002000c024                __gnu_Unwind_Save_WMMXD
                0x000000002000c068                __gnu_Unwind_Restore_WMMXC
                0x000000002000c07c                __gnu_Unwind_Save_WMMXC
                0x000000002000c090                ___Unwind_RaiseException
                0x000000002000c090                _Unwind_RaiseException
                0x000000002000c0b4                ___Unwind_Resume
                0x000000002000c0b4                _Unwind_Resume
                0x000000002000c0d8                _Unwind_Resume_or_Rethrow
                0x000000002000c0d8                ___Unwind_Resume_or_Rethrow
                0x000000002000c0fc                ___Unwind_ForcedUnwind
                0x000000002000c0fc                _Unwind_ForcedUnwind
                0x000000002000c120                _Unwind_Backtrace
                0x000000002000c120                ___Unwind_Backtrace
 .text          0x000000002000c144      0x53c /usr/local/arm-none-eabi/bin/../lib/gcc/arm-none-eabi/4.7.3/libgcc.a(pr-support.o)
                0x000000002000c1d8                __gnu_unwind_execute
                0x000000002000c5f4                __gnu_unwind_frame
                0x000000002000c63c                _Unwind_GetRegionStart
                0x000000002000c650                _Unwind_GetLanguageSpecificData
                0x000000002000c670                _Unwind_GetDataRelBase
                0x000000002000c678                _Unwind_GetTextRelBase
 .text          0x000000002000c680       0x48 /usr/local/arm-none-eabi/bin/../lib/gcc/arm-none-eabi/4.7.3/libgcc.a(_clzsi2.o)
                0x000000002000c680                __clzsi2
 .text          0x000000002000c6c8       0x14 /usr/local/arm-none-eabi/bin/../arm-none-eabi/sysroot/lib/libc.a(lib_a-abort.o)
                0x000000002000c6c8                abort
 .text          0x000000002000c6dc       0x60 /usr/local/arm-none-eabi/bin/../arm-none-eabi/sysroot/lib/libc.a(lib_a-assert.o)
                0x000000002000c6dc                __assert_func
                0x000000002000c72c                __assert
 .text          0x000000002000c73c       0x58 /usr/local/arm-none-eabi/bin/../arm-none-eabi/sysroot/lib/libc.a(lib_a-fiprintf.o)
                0x000000002000c73c                _fiprintf_r
                0x000000002000c760                fiprintf
 .text          0x000000002000c794      0x164 /usr/local/arm-none-eabi/bin/../arm-none-eabi/sysroot/lib/libc.a(lib_a-setvbuf.o)
                0x000000002000c794                setvbuf
 .text          0x000000002000c8f8      0x22c /usr/local/arm-none-eabi/bin/../arm-none-eabi/sysroot/lib/libc.a(lib_a-signal.o)
                0x000000002000c8f8                _init_signal_r
                0x000000002000c954                _signal_r
                0x000000002000c9a8                _raise_r
                0x000000002000ca40                __sigtramp_r
                0x000000002000cad0                raise
                0x000000002000cae4                signal
                0x000000002000cb00                _init_signal
                0x000000002000cb10                __sigtramp
 .text          0x000000002000cb24       0x50 /usr/local/arm-none-eabi/bin/../arm-none-eabi/sysroot/lib/libc.a(lib_a-signalr.o)
                0x000000002000cb24                _kill_r
                0x000000002000cb64                _getpid_r
 .text          0x000000002000cb74       0x40 /usr/local/arm-none-eabi/bin/../arm-none-eabi/sysroot/lib/libc.a(lib_a-malloc.o)
                0x000000002000cb74                malloc
                0x000000002000cb94                free
 .text.DMAC_Enable
                0x000000002000cbb4       0x48 ../../libraries/libchip_sama5d3x/lib/libchip_sama5d3x_gcc_rel.a(dmac.o)
                0x000000002000cbb4                DMAC_Enable
 .text.DMAC_EnableIt
                0x000000002000cbfc       0x44 ../../libraries/libchip_sama5d3x/lib/libchip_sama5d3x_gcc_rel.a(dmac.o)
                0x000000002000cbfc                DMAC_EnableIt
 .text.DMAC_DisableIt
                0x000000002000cc40       0x44 ../../libraries/libchip_sama5d3x/lib/libchip_sama5d3x_gcc_rel.a(dmac.o)
                0x000000002000cc40                DMAC_DisableIt
 .text.DMAC_GetStatus
                0x000000002000cc84       0x44 ../../libraries/libchip_sama5d3x/lib/libchip_sama5d3x_gcc_rel.a(dmac.o)
                0x000000002000cc84                DMAC_GetStatus
 .text.DMAC_EnableChannel
                0x000000002000ccc8       0x6c ../../libraries/libchip_sama5d3x/lib/libchip_sama5d3x_gcc_rel.a(dmac.o)
                0x000000002000ccc8                DMAC_EnableChannel
 .text.DMAC_DisableChannel
                0x000000002000cd34       0x6c ../../libraries/libchip_sama5d3x/lib/libchip_sama5d3x_gcc_rel.a(dmac.o)
                0x000000002000cd34                DMAC_DisableChannel
 .text.DMAC_GetChannelStatus
                0x000000002000cda0       0x44 ../../libraries/libchip_sama5d3x/lib/libchip_sama5d3x_gcc_rel.a(dmac.o)
                0x000000002000cda0                DMAC_GetChannelStatus
 .text.DMAC_SetSourceAddr
                0x000000002000cde4       0x70 ../../libraries/libchip_sama5d3x/lib/libchip_sama5d3x_gcc_rel.a(dmac.o)
                0x000000002000cde4                DMAC_SetSourceAddr
 .text.DMAC_SetDestinationAddr
                0x000000002000ce54       0x6c ../../libraries/libchip_sama5d3x/lib/libchip_sama5d3x_gcc_rel.a(dmac.o)
                0x000000002000ce54                DMAC_SetDestinationAddr
 .text.DMAC_SetDescriptorAddr
                0x000000002000cec0       0x94 ../../libraries/libchip_sama5d3x/lib/libchip_sama5d3x_gcc_rel.a(dmac.o)
                0x000000002000cec0                DMAC_SetDescriptorAddr
 .text.DMAC_SetControlA
                0x000000002000cf54       0x70 ../../libraries/libchip_sama5d3x/lib/libchip_sama5d3x_gcc_rel.a(dmac.o)
                0x000000002000cf54                DMAC_SetControlA
 .text.DMAC_SetControlB
                0x000000002000cfc4       0x6c ../../libraries/libchip_sama5d3x/lib/libchip_sama5d3x_gcc_rel.a(dmac.o)
                0x000000002000cfc4                DMAC_SetControlB
 .text.DMAC_SetCFG
                0x000000002000d030       0x70 ../../libraries/libchip_sama5d3x/lib/libchip_sama5d3x_gcc_rel.a(dmac.o)
                0x000000002000d030                DMAC_SetCFG
 .text.SMC_Handler
                0x000000002000d0a0       0x60 ../../libraries/libchip_sama5d3x/lib/libchip_sama5d3x_gcc_rel.a(smcNfc.o)
 .text.SMC_NFC_EnableSpareRead
                0x000000002000d100       0x14 ../../libraries/libchip_sama5d3x/lib/libchip_sama5d3x_gcc_rel.a(smcNfc.o)
                0x000000002000d100                SMC_NFC_EnableSpareRead
 .text.SMC_NFC_EnableSpareWrite
                0x000000002000d114       0x14 ../../libraries/libchip_sama5d3x/lib/libchip_sama5d3x_gcc_rel.a(smcNfc.o)
                0x000000002000d114                SMC_NFC_EnableSpareWrite
 .text.SMC_NFC_Wait_CommandDone
                0x000000002000d128       0x34 ../../libraries/libchip_sama5d3x/lib/libchip_sama5d3x_gcc_rel.a(smcNfc.o)
                0x000000002000d128                SMC_NFC_Wait_CommandDone
 .text.SMC_NFC_Wait_XfrDone
                0x000000002000d15c       0x34 ../../libraries/libchip_sama5d3x/lib/libchip_sama5d3x_gcc_rel.a(smcNfc.o)
                0x000000002000d15c                SMC_NFC_Wait_XfrDone
 .text.SMC_NFC_Wait_HammingReady
                0x000000002000d190       0x34 ../../libraries/libchip_sama5d3x/lib/libchip_sama5d3x_gcc_rel.a(smcNfc.o)
                0x000000002000d190                SMC_NFC_Wait_HammingReady
 .text.SMC_NFC_Wait_RBbusy
                0x000000002000d1c4       0x34 ../../libraries/libchip_sama5d3x/lib/libchip_sama5d3x_gcc_rel.a(smcNfc.o)
                0x000000002000d1c4                SMC_NFC_Wait_RBbusy
 .text.SMC_NFC_SendCommand
                0x000000002000d1f8       0x4c ../../libraries/libchip_sama5d3x/lib/libchip_sama5d3x_gcc_rel.a(smcNfc.o)
                0x000000002000d1f8                SMC_NFC_SendCommand
 .text.SMC_ECC_GetValue
                0x000000002000d244       0x88 ../../libraries/libchip_sama5d3x/lib/libchip_sama5d3x_gcc_rel.a(smcNfc.o)
                0x000000002000d244                SMC_ECC_GetValue
 .text.SMC_ECC_GetEccParity
                0x000000002000d2cc      0x154 ../../libraries/libchip_sama5d3x/lib/libchip_sama5d3x_gcc_rel.a(smcNfc.o)
                0x000000002000d2cc                SMC_ECC_GetEccParity
 .text.CountBitsInByte
                0x000000002000d420       0x28 ../../libraries/libboard_sama5d3x-ek/lib/libboard_sama5d3x_ek_gcc_rel.a(hamming.o)
 .text.Compute256
                0x000000002000d448      0x168 ../../libraries/libboard_sama5d3x-ek/lib/libboard_sama5d3x_ek_gcc_rel.a(hamming.o)
 .text.Hamming_Compute256x
                0x000000002000d5b0       0x70 ../../libraries/libboard_sama5d3x-ek/lib/libboard_sama5d3x_ek_gcc_rel.a(hamming.o)
                0x000000002000d5b0                Hamming_Compute256x
 .text.Hamming_Verify256x
                0x000000002000d620      0x214 ../../libraries/libboard_sama5d3x-ek/lib/libboard_sama5d3x_ek_gcc_rel.a(hamming.o)
                0x000000002000d620                Hamming_Verify256x
 *(.glue_7t)
 .glue_7t       0x0000000000000000        0x0 linker stubs
 *(.glue_7)
 .glue_7        0x0000000000000000        0x0 linker stubs
 *(.CP15_*)
 *(.rodata .rodata* .gnu.linkonce.r.*)
 .rodata        0x000000002000d834       0x24 obj/ddram_main.o
 .rodata.str1.1
                0x000000002000d858      0xafa obj/ddram_main.o
 *fill*         0x000000002000e352        0x2 00
 .rodata        0x000000002000e354        0x4 /usr/local/arm-none-eabi/bin/../arm-none-eabi/sysroot/lib/libc.a(lib_a-impure.o)
                0x000000002000e354                _global_impure_ptr
 .rodata.str1.1
                0x000000002000e358        0x2 /usr/local/arm-none-eabi/bin/../arm-none-eabi/sysroot/lib/libc.a(lib_a-impure.o)
 .rodata        0x000000002000e35a       0x20 /usr/local/arm-none-eabi/bin/../arm-none-eabi/sysroot/lib/libc.a(lib_a-vfiprintf.o)
 .rodata.str1.1
                0x000000002000e37a       0x22 /usr/local/arm-none-eabi/bin/../arm-none-eabi/sysroot/lib/libc.a(lib_a-vfiprintf.o)
 .rodata.str1.1
                0x000000002000e39c        0x8 /usr/local/arm-none-eabi/bin/../arm-none-eabi/sysroot/lib/libc.a(lib_a-locale.o)
                                          0xb (size before relaxing)
 .rodata        0x000000002000e3a4       0xdb ../../libraries/libboard_sama5d3x-ek/lib/libboard_sama5d3x_ek_gcc_rel.a(dmad.o)
 .rodata.str1.1
                0x000000002000e47f       0x22 ../../libraries/libboard_sama5d3x-ek/lib/libboard_sama5d3x_ek_gcc_rel.a(dmad.o)
 *fill*         0x000000002000e4a1        0x3 00
 .rodata        0x000000002000e4a4      0x1e0 ../../libraries/libboard_sama5d3x-ek/lib/libboard_sama5d3x_ek_gcc_rel.a(dma_hardware_interface.o)
 .rodata.str1.1
                0x000000002000e684       0x19 ../../libraries/libboard_sama5d3x-ek/lib/libboard_sama5d3x_ek_gcc_rel.a(syscalls.o)
 *fill*         0x000000002000e69d        0x3 00
 .rodata        0x000000002000e6a0       0x24 ../../libraries/libboard_sama5d3x-ek/lib/libboard_sama5d3x_ek_gcc_rel.a(dbgu_console.o)
 .rodata.str1.1
                0x000000002000e6c4      0x126 ../../libraries/libnandflash/lib/libnandflash_gcc_rel.a(NandFlashModel.o)
 .rodata.str1.1
                0x000000002000e7ea       0x7c ../../libraries/libnandflash/lib/libnandflash_gcc_rel.a(NandFlashOnfi.o)
 *fill*         0x000000002000e866        0x2 00
 .rodata        0x000000002000e868       0x14 ../../libraries/libnandflash/lib/libnandflash_gcc_rel.a(NandSmc.o)
 .rodata        0x000000002000e87c      0x62a ../../libraries/libnandflash/lib/libnandflash_gcc_rel.a(NandSpareScheme.o)
                0x000000002000e8b1                nandSpareScheme8192
                0x000000002000e9e2                nandSpareScheme4096
                0x000000002000eb13                nandSpareScheme2048
                0x000000002000ec44                nandSpareScheme512
                0x000000002000ed75                nandSpareScheme256
 .rodata        0x000000002000eea6       0x2d ../../libraries/libnandflash/lib/libnandflash_gcc_rel.a(RawNandFlash.o)
 .rodata.str1.1
                0x000000002000eed3      0x276 ../../libraries/libnandflash/lib/libnandflash_gcc_rel.a(RawNandFlash.o)
 .rodata.str1.1
                0x000000002000f149      0x2e9 ../../libraries/libnandflash/lib/libnandflash_gcc_rel.a(SkipBlockNandFlash.o)
 .rodata        0x000000002000f432       0x2d ../../libraries/libnandflash/lib/libnandflash_gcc_rel.a(EccNandFlash.o)
 .rodata.str1.1
                0x000000002000f45f       0xe3 ../../libraries/libnandflash/lib/libnandflash_gcc_rel.a(EccNandFlash.o)
                                         0xf1 (size before relaxing)
 *fill*         0x000000002000f542        0x2 00
 .rodata        0x000000002000f544      0x3c0 ../../libraries/libnandflash/lib/libnandflash_gcc_rel.a(NandFlashModelList.o)
                0x000000002000f544                nandFlashModelList
 .rodata.str1.1
                0x000000002000f904       0x28 ../../libraries/libpmecc/lib/libpmecc_gcc_rel.a(pmecc.o)
 .rodata.str1.1
                0x000000002000f92c       0x3c /usr/local/arm-none-eabi/bin/../arm-none-eabi/sysroot/lib/libc.a(lib_a-assert.o)
                                         0x3d (size before relaxing)
 .rodata        0x000000002000f968      0x2d3 ../../libraries/libchip_sama5d3x/lib/libchip_sama5d3x_gcc_rel.a(dmac.o)
 .rodata.str1.1
                0x000000002000fc3b       0x41 ../../libraries/libchip_sama5d3x/lib/libchip_sama5d3x_gcc_rel.a(dmac.o)
 .rodata.str1.1
                0x000000002000fc7c       0x1e ../../libraries/libchip_sama5d3x/lib/libchip_sama5d3x_gcc_rel.a(smcNfc.o)
 .rodata.str1.1
                0x000000002000fc9a       0xa7 ../../libraries/libboard_sama5d3x-ek/lib/libboard_sama5d3x_ek_gcc_rel.a(hamming.o)
 *(.ARM.extab* .gnu.linkonce.armextab.*)
 *fill*         0x000000002000fd41        0x3 00
 .ARM.extab     0x000000002000fd44       0x18 /usr/local/arm-none-eabi/bin/../lib/gcc/arm-none-eabi/4.7.3/libgcc.a(unwind-arm.o)
 .ARM.extab     0x000000002000fd5c       0x18 /usr/local/arm-none-eabi/bin/../lib/gcc/arm-none-eabi/4.7.3/libgcc.a(pr-support.o)
                0x000000002000fd74                . = ALIGN (0x4)
 *(.init)
 .init          0x000000002000fd74        0xc /usr/local/arm-none-eabi/bin/../lib/gcc/arm-none-eabi/4.7.3/crti.o
                0x000000002000fd74                _init
 .init          0x000000002000fd80        0xc /usr/local/arm-none-eabi/bin/../lib/gcc/arm-none-eabi/4.7.3/crtn.o
                0x000000002000fd8c                . = ALIGN (0x4)
                0x000000002000fd8c                __preinit_array_start = .
 *(.preinit_array)
                0x000000002000fd8c                __preinit_array_end = .
                0x000000002000fd8c                . = ALIGN (0x4)
                0x000000002000fd8c                __init_array_start = .
 *(SORT(.init_array.*))
 *(.init_array)
 .init_array    0x000000002000fd8c        0x4 /usr/local/arm-none-eabi/bin/../lib/gcc/arm-none-eabi/4.7.3/crtbegin.o
                0x000000002000fd90                __init_array_end = .
                0x000000002000fd90                . = ALIGN (0x4)
 *crtbegin.o(.ctors)
 *(EXCLUDE_FILE(*crtend.o) .ctors)
 *(SORT(.ctors.*))
 *crtend.o(.ctors)
                0x000000002000fd90                . = ALIGN (0x4)
 *(.fini)
 .fini          0x000000002000fd90        0xc /usr/local/arm-none-eabi/bin/../lib/gcc/arm-none-eabi/4.7.3/crti.o
                0x000000002000fd90                _fini
 .fini          0x000000002000fd9c        0xc /usr/local/arm-none-eabi/bin/../lib/gcc/arm-none-eabi/4.7.3/crtn.o
                0x000000002000fda8                . = ALIGN (0x4)
                0x000000002000fda8                __fini_array_start = .
 *(.fini_array)
 .fini_array    0x000000002000fda8        0x4 /usr/local/arm-none-eabi/bin/../lib/gcc/arm-none-eabi/4.7.3/crtbegin.o
 *(SORT(.fini_array.*))
                0x000000002000fdac                __fini_array_end = .
 *crtbegin.o(.dtors)
 *(EXCLUDE_FILE(*crtend.o) .dtors)
 *(SORT(.dtors.*))
 *crtend.o(.dtors)
 *(.data .data.*)
 .data          0x000000002000fdac       0x14 obj/ddram_main.o
 .data          0x000000002000fdc0      0x430 /usr/local/arm-none-eabi/bin/../arm-none-eabi/sysroot/lib/libc.a(lib_a-impure.o)
                0x000000002000fdc0                _impure_ptr
 .data          0x00000000200101f0       0x7c /usr/local/arm-none-eabi/bin/../arm-none-eabi/sysroot/lib/libc.a(lib_a-locale.o)
                0x0000000020010210                __mb_cur_max
 .data          0x000000002001026c      0x410 /usr/local/arm-none-eabi/bin/../arm-none-eabi/sysroot/lib/libc.a(lib_a-mallocr.o)
                0x000000002001026c                __malloc_av_
                0x0000000020010674                __malloc_sbrk_base
                0x0000000020010678                __malloc_trim_threshold
 .data          0x000000002001067c        0x4 /usr/local/arm-none-eabi/bin/../arm-none-eabi/sysroot/lib/libc.a(lib_a-wctomb_r.o)
                0x000000002001067c                __wctomb
 .data          0x0000000020010680        0x4 ../../libraries/libboard_sama5d3x-ek/lib/libboard_sama5d3x_ek_gcc_rel.a(trace.o)
                0x0000000020010680                dwTraceLevel
 .data          0x0000000020010684       0x1c ../../libraries/libboard_sama5d3x-ek/lib/libboard_sama5d3x_ek_gcc_rel.a(dbgu_console.o)
 .data          0x00000000200106a0        0x4 ../../libraries/libpmecc/lib/libpmecc_gcc_rel.a(pmecc_gallois_field_1024.o)
                0x00000000200106a0                pmecc_gf_1024
 .data          0x00000000200106a4        0x4 ../../libraries/libpmecc/lib/libpmecc_gcc_rel.a(pmecc_gallois_field_512.o)
                0x00000000200106a4                pmecc_gf_512
                0x00000000200106a8                . = ALIGN (0x4)
                0x00000000200106a8                _efixed = .

.vfp11_veneer   0x00000000200106a8        0x0
 .vfp11_veneer  0x0000000000000000        0x0 linker stubs

.v4_bx          0x00000000200106a8        0x0
 .v4_bx         0x0000000000000000        0x0 linker stubs

.iplt           0x00000000200106a8        0x0
 .iplt          0x0000000000000000        0x0 /usr/local/arm-none-eabi/bin/../lib/gcc/arm-none-eabi/4.7.3/crtbegin.o

.rel.dyn        0x00000000200106a8        0x0
 .rel.iplt      0x0000000000000000        0x0 /usr/local/arm-none-eabi/bin/../lib/gcc/arm-none-eabi/4.7.3/crtbegin.o
                0x00000000200106a8                . = ALIGN (0x4)
                0x00000000200106a8                _etext = .

.relocate       0x00000000200106a8        0x0
                0x00000000200106a8                . = ALIGN (0x4)
                0x00000000200106a8                _srelocate = .
                0x00000000200106a8                . = ALIGN (0x4)
                0x00000000200106a8                _erelocate = .

.bss            0x00000000200106a8     0x1108
                0x00000000200106a8                . = ALIGN (0x4)
                0x00000000200106a8                _sbss = .
                0x00000000200106a8                _szero = .
 *(.bss .bss.*)
 .bss           0x00000000200106a8       0x1c /usr/local/arm-none-eabi/bin/../lib/gcc/arm-none-eabi/4.7.3/crtbegin.o
 .bss           0x00000000200106c4     0x1058 obj/ddram_main.o
 .bss           0x000000002001171c       0x34 /usr/local/arm-none-eabi/bin/../arm-none-eabi/sysroot/lib/libc.a(lib_a-mallocr.o)
                0x000000002001171c                __malloc_top_pad
                0x0000000020011720                __malloc_current_mallinfo
                0x0000000020011748                __malloc_max_sbrked_mem
                0x000000002001174c                __malloc_max_total_mem
 .bss           0x0000000020011750        0x4 ../../libraries/libboard_sama5d3x-ek/lib/libboard_sama5d3x_ek_gcc_rel.a(syscalls.o)
 .bss           0x0000000020011754        0x1 ../../libraries/libboard_sama5d3x-ek/lib/libboard_sama5d3x_ek_gcc_rel.a(dbgu_console.o)
                0x0000000020011754                _bConsoleIsInitialized
 *fill*         0x0000000020011755        0x3 00
 .bss           0x0000000020011758       0x34 ../../libraries/libnandflash/lib/libnandflash_gcc_rel.a(NandFlashDma.o)
 .bss           0x000000002001178c        0x8 ../../libraries/libnandflash/lib/libnandflash_gcc_rel.a(NandFlashOnfi.o)
                0x0000000020011790                isDropJss
                0x0000000020011791                currentEcc
 .bss           0x0000000020011794        0x1 ../../libraries/libnandflash/lib/libnandflash_gcc_rel.a(NandSmc.o)
 *fill*         0x0000000020011795        0x3 00
 .bss           0x0000000020011798        0x4 ../../libraries/libpmecc/lib/libpmecc_gcc_rel.a(pmecc.o)
 .bss           0x000000002001179c        0x1 ../../libraries/libchip_sama5d3x/lib/libchip_sama5d3x_gcc_rel.a(smcNfc.o)
 *(COMMON)
 *fill*         0x000000002001179d        0x3 00
 COMMON         0x00000000200117a0        0x8 obj/ddram_main.o
                0x00000000200117a0                backupPmeccHeader
                0x00000000200117a4                currentPmeccHeader
 COMMON         0x00000000200117a8        0x4 /usr/local/arm-none-eabi/bin/../arm-none-eabi/sysroot/lib/libc.a(lib_a-reent.o)
                0x00000000200117a8                errno
 COMMON         0x00000000200117ac        0x2 ../../libraries/libnandflash/lib/libnandflash_gcc_rel.a(NandFlashOnfi.o)
                0x00000000200117ac                jffsTrimPage
                0x00000000200117b0                . = ALIGN (0x4)
 *fill*         0x00000000200117ae        0x2 00
                0x00000000200117b0                _ebss = .
                0x00000000200117b0                _ezero = .
                0x00000000200117b0                PROVIDE (__exidx_start, .)

.ARM.exidx      0x00000000200117b0       0xd0
 *(.ARM.exidx* .gnu.linkonce.armexidx.*)
 .ARM.exidx     0x00000000200117b0        0x8 /usr/local/arm-none-eabi/bin/../lib/gcc/arm-none-eabi/4.7.3/libgcc.a(_divdi3.o)
 .ARM.exidx     0x00000000200117b8        0x0 /usr/local/arm-none-eabi/bin/../lib/gcc/arm-none-eabi/4.7.3/libgcc.a(_udivdi3.o)
                                          0x8 (size before relaxing)
 .ARM.exidx     0x00000000200117b8       0x90 /usr/local/arm-none-eabi/bin/../lib/gcc/arm-none-eabi/4.7.3/libgcc.a(unwind-arm.o)
                                         0xd8 (size before relaxing)
 .ARM.exidx     0x0000000020011848       0x38 /usr/local/arm-none-eabi/bin/../lib/gcc/arm-none-eabi/4.7.3/libgcc.a(pr-support.o)
                                         0x48 (size before relaxing)
                0x0000000020011880                PROVIDE (__exidx_end, .)
                0x0000000023e00000                PROVIDE (_heap, ALIGN (((ORIGIN (ddr_ebi0) + 0x4000000) - 0x200000), 0x8))
                0x0000000023f00000                PROVIDE (_eheap, ALIGN (((ORIGIN (ddr_ebi0) + 0x4000000) - 0x100000), 0x8))
                0x0000000024000000                _sstack = 0x24000000
                0x0000000020011880                . = ALIGN (0x4)
                0x0000000020011880                _end = .
OUTPUT(bin/applet-nandflash-sama5d3x.elf elf32-littlearm)

.eh_frame       0x0000000020011880        0x0
 .eh_frame      0x0000000020011880        0x0 /usr/local/arm-none-eabi/bin/../lib/gcc/arm-none-eabi/4.7.3/crtbegin.o

.jcr            0x0000000020011880        0x0
 .jcr           0x0000000020011880        0x0 /usr/local/arm-none-eabi/bin/../lib/gcc/arm-none-eabi/4.7.3/crtbegin.o

.tm_clone_table
                0x0000000020011880        0x0
 .tm_clone_table
                0x0000000020011880        0x0 /usr/local/arm-none-eabi/bin/../lib/gcc/arm-none-eabi/4.7.3/crtbegin.o
 .tm_clone_table
                0x0000000020011880        0x0 /usr/local/arm-none-eabi/bin/../lib/gcc/arm-none-eabi/4.7.3/crtend.o

.igot.plt       0x0000000020011880        0x0
 .igot.plt      0x0000000000000000        0x0 /usr/local/arm-none-eabi/bin/../lib/gcc/arm-none-eabi/4.7.3/crtbegin.o

.ARM.attributes
                0x0000000000000000       0x2e
 .ARM.attributes
                0x0000000000000000       0x18 /usr/local/arm-none-eabi/bin/../lib/gcc/arm-none-eabi/4.7.3/crti.o
 .ARM.attributes
                0x0000000000000018       0x32 /usr/local/arm-none-eabi/bin/../lib/gcc/arm-none-eabi/4.7.3/crtbegin.o
 .ARM.attributes
                0x000000000000004a       0x18 obj/ddram_applet_cstartup.o
 .ARM.attributes
                0x0000000000000062       0x32 obj/ddram_main.o
 .ARM.attributes
                0x0000000000000094       0x1a /usr/local/arm-none-eabi/bin/../lib/gcc/arm-none-eabi/4.7.3/libgcc.a(_udivsi3.o)
 .ARM.attributes
                0x00000000000000ae       0x18 /usr/local/arm-none-eabi/bin/../lib/gcc/arm-none-eabi/4.7.3/libgcc.a(_dvmd_tls.o)
 .ARM.attributes
                0x00000000000000c6       0x32 /usr/local/arm-none-eabi/bin/../arm-none-eabi/sysroot/lib/libc.a(lib_a-impure.o)
 .ARM.attributes
                0x00000000000000f8       0x32 /usr/local/arm-none-eabi/bin/../arm-none-eabi/sysroot/lib/libc.a(lib_a-iprintf.o)
 .ARM.attributes
                0x000000000000012a       0x32 /usr/local/arm-none-eabi/bin/../arm-none-eabi/sysroot/lib/libc.a(lib_a-memcpy-stub.o)
 .ARM.attributes
                0x000000000000015c       0x32 /usr/local/arm-none-eabi/bin/../arm-none-eabi/sysroot/lib/libc.a(lib_a-memset.o)
 .ARM.attributes
                0x000000000000018e       0x32 /usr/local/arm-none-eabi/bin/../arm-none-eabi/sysroot/lib/libc.a(lib_a-vfiprintf.o)
 .ARM.attributes
                0x00000000000001c0       0x32 /usr/local/arm-none-eabi/bin/../arm-none-eabi/sysroot/lib/libc.a(lib_a-wsetup.o)
 .ARM.attributes
                0x00000000000001f2       0x32 /usr/local/arm-none-eabi/bin/../arm-none-eabi/sysroot/lib/libc.a(lib_a-fflush.o)
 .ARM.attributes
                0x0000000000000224       0x32 /usr/local/arm-none-eabi/bin/../arm-none-eabi/sysroot/lib/libc.a(lib_a-findfp.o)
 .ARM.attributes
                0x0000000000000256       0x32 /usr/local/arm-none-eabi/bin/../arm-none-eabi/sysroot/lib/libc.a(lib_a-fputwc.o)
 .ARM.attributes
                0x0000000000000288       0x32 /usr/local/arm-none-eabi/bin/../arm-none-eabi/sysroot/lib/libc.a(lib_a-freer.o)
 .ARM.attributes
                0x00000000000002ba       0x32 /usr/local/arm-none-eabi/bin/../arm-none-eabi/sysroot/lib/libc.a(lib_a-fvwrite.o)
 .ARM.attributes
                0x00000000000002ec       0x32 /usr/local/arm-none-eabi/bin/../arm-none-eabi/sysroot/lib/libc.a(lib_a-fwalk.o)
 .ARM.attributes
                0x000000000000031e       0x32 /usr/local/arm-none-eabi/bin/../arm-none-eabi/sysroot/lib/libc.a(lib_a-locale.o)
 .ARM.attributes
                0x0000000000000350       0x32 /usr/local/arm-none-eabi/bin/../arm-none-eabi/sysroot/lib/libc.a(lib_a-makebuf.o)
 .ARM.attributes
                0x0000000000000382       0x32 /usr/local/arm-none-eabi/bin/../arm-none-eabi/sysroot/lib/libc.a(lib_a-mallocr.o)
 .ARM.attributes
                0x00000000000003b4       0x32 /usr/local/arm-none-eabi/bin/../arm-none-eabi/sysroot/lib/libc.a(lib_a-memchr-stub.o)
 .ARM.attributes
                0x00000000000003e6       0x32 /usr/local/arm-none-eabi/bin/../arm-none-eabi/sysroot/lib/libc.a(lib_a-memmove.o)
 .ARM.attributes
                0x0000000000000418       0x32 /usr/local/arm-none-eabi/bin/../arm-none-eabi/sysroot/lib/libc.a(lib_a-mlock.o)
 .ARM.attributes
                0x000000000000044a       0x32 /usr/local/arm-none-eabi/bin/../arm-none-eabi/sysroot/lib/libc.a(lib_a-reallocr.o)
 .ARM.attributes
                0x000000000000047c       0x32 /usr/local/arm-none-eabi/bin/../arm-none-eabi/sysroot/lib/libc.a(lib_a-sbrkr.o)
 .ARM.attributes
                0x00000000000004ae       0x32 /usr/local/arm-none-eabi/bin/../arm-none-eabi/sysroot/lib/libc.a(lib_a-stdio.o)
 .ARM.attributes
                0x00000000000004e0       0x32 /usr/local/arm-none-eabi/bin/../arm-none-eabi/sysroot/lib/libc.a(lib_a-strcmp.o)
 .ARM.attributes
                0x0000000000000512       0x32 /usr/local/arm-none-eabi/bin/../arm-none-eabi/sysroot/lib/libc.a(lib_a-strlen.o)
 .ARM.attributes
                0x0000000000000544       0x32 /usr/local/arm-none-eabi/bin/../arm-none-eabi/sysroot/lib/libc.a(lib_a-strncpy.o)
 .ARM.attributes
                0x0000000000000576       0x32 /usr/local/arm-none-eabi/bin/../arm-none-eabi/sysroot/lib/libc.a(lib_a-wbuf.o)
 .ARM.attributes
                0x00000000000005a8       0x32 /usr/local/arm-none-eabi/bin/../arm-none-eabi/sysroot/lib/libc.a(lib_a-wcrtomb.o)
 .ARM.attributes
                0x00000000000005da       0x32 /usr/local/arm-none-eabi/bin/../arm-none-eabi/sysroot/lib/libc.a(lib_a-wctomb_r.o)
 .ARM.attributes
                0x000000000000060c       0x32 /usr/local/arm-none-eabi/bin/../arm-none-eabi/sysroot/lib/libc.a(lib_a-writer.o)
 .ARM.attributes
                0x000000000000063e       0x32 /usr/local/arm-none-eabi/bin/../arm-none-eabi/sysroot/lib/libc.a(lib_a-closer.o)
 .ARM.attributes
                0x0000000000000670       0x32 /usr/local/arm-none-eabi/bin/../arm-none-eabi/sysroot/lib/libc.a(lib_a-fclose.o)
 .ARM.attributes
                0x00000000000006a2       0x32 /usr/local/arm-none-eabi/bin/../arm-none-eabi/sysroot/lib/libc.a(lib_a-fstatr.o)
 .ARM.attributes
                0x00000000000006d4       0x32 /usr/local/arm-none-eabi/bin/../arm-none-eabi/sysroot/lib/libc.a(lib_a-isattyr.o)
 .ARM.attributes
                0x0000000000000706       0x32 /usr/local/arm-none-eabi/bin/../arm-none-eabi/sysroot/lib/libc.a(lib_a-lseekr.o)
 .ARM.attributes
                0x0000000000000738       0x32 /usr/local/arm-none-eabi/bin/../arm-none-eabi/sysroot/lib/libc.a(lib_a-readr.o)
 .ARM.attributes
                0x000000000000076a       0x32 /usr/local/arm-none-eabi/bin/../arm-none-eabi/sysroot/lib/libc.a(lib_a-reent.o)
 .ARM.attributes
                0x000000000000079c       0x32 ../../libraries/libchip_sama5d3x/lib/libchip_sama5d3x_gcc_rel.a(pio.o)
 .ARM.attributes
                0x00000000000007ce       0x32 ../../libraries/libchip_sama5d3x/lib/libchip_sama5d3x_gcc_rel.a(pmc.o)
 .ARM.attributes
                0x0000000000000800       0x32 ../../libraries/libchip_sama5d3x/lib/libchip_sama5d3x_gcc_rel.a(wdt.o)
 .ARM.attributes
                0x0000000000000832       0x32 ../../libraries/libboard_sama5d3x-ek/lib/libboard_sama5d3x_ek_gcc_rel.a(board_memories.o)
 .ARM.attributes
                0x0000000000000864       0x32 ../../libraries/libboard_sama5d3x-ek/lib/libboard_sama5d3x_ek_gcc_rel.a(dmad.o)
 .ARM.attributes
                0x0000000000000896       0x32 ../../libraries/libboard_sama5d3x-ek/lib/libboard_sama5d3x_ek_gcc_rel.a(dma_hardware_interface.o)
 .ARM.attributes
                0x00000000000008c8       0x32 ../../libraries/libboard_sama5d3x-ek/lib/libboard_sama5d3x_ek_gcc_rel.a(math.o)
 .ARM.attributes
                0x00000000000008fa       0x32 ../../libraries/libboard_sama5d3x-ek/lib/libboard_sama5d3x_ek_gcc_rel.a(syscalls.o)
 .ARM.attributes
                0x000000000000092c       0x32 ../../libraries/libboard_sama5d3x-ek/lib/libboard_sama5d3x_ek_gcc_rel.a(trace.o)
 .ARM.attributes
                0x000000000000095e       0x32 ../../libraries/libboard_sama5d3x-ek/lib/libboard_sama5d3x_ek_gcc_rel.a(dbgu_console.o)
 .ARM.attributes
                0x0000000000000990       0x32 ../../libraries/libnandflash/lib/libnandflash_gcc_rel.a(NandFlashDma.o)
 .ARM.attributes
                0x00000000000009c2       0x32 ../../libraries/libnandflash/lib/libnandflash_gcc_rel.a(NandFlashModel.o)
 .ARM.attributes
                0x00000000000009f4       0x32 ../../libraries/libnandflash/lib/libnandflash_gcc_rel.a(NandFlashOnfi.o)
 .ARM.attributes
                0x0000000000000a26       0x32 ../../libraries/libnandflash/lib/libnandflash_gcc_rel.a(NandSmc.o)
 .ARM.attributes
                0x0000000000000a58       0x32 ../../libraries/libnandflash/lib/libnandflash_gcc_rel.a(NandSpareScheme.o)
 .ARM.attributes
                0x0000000000000a8a       0x32 ../../libraries/libnandflash/lib/libnandflash_gcc_rel.a(RawNandFlash.o)
 .ARM.attributes
                0x0000000000000abc       0x32 ../../libraries/libnandflash/lib/libnandflash_gcc_rel.a(SkipBlockNandFlash.o)
 .ARM.attributes
                0x0000000000000aee       0x32 ../../libraries/libnandflash/lib/libnandflash_gcc_rel.a(EccNandFlash.o)
 .ARM.attributes
                0x0000000000000b20       0x32 ../../libraries/libnandflash/lib/libnandflash_gcc_rel.a(NandFlashModelList.o)
 .ARM.attributes
                0x0000000000000b52       0x32 ../../libraries/libpmecc/lib/libpmecc_gcc_rel.a(pmecc.o)
 .ARM.attributes
                0x0000000000000b84       0x32 ../../libraries/libpmecc/lib/libpmecc_gcc_rel.a(pmecc_gallois_field_1024.o)
 .ARM.attributes
                0x0000000000000bb6       0x32 ../../libraries/libpmecc/lib/libpmecc_gcc_rel.a(pmecc_gallois_field_512.o)
 .ARM.attributes
                0x0000000000000be8       0x1a /usr/local/arm-none-eabi/bin/../lib/gcc/arm-none-eabi/4.7.3/libgcc.a(_divsi3.o)
 .ARM.attributes
                0x0000000000000c02       0x1a /usr/local/arm-none-eabi/bin/../lib/gcc/arm-none-eabi/4.7.3/libgcc.a(_aeabi_uldivmod.o)
 .ARM.attributes
                0x0000000000000c1c       0x32 /usr/local/arm-none-eabi/bin/../lib/gcc/arm-none-eabi/4.7.3/libgcc.a(bpabi.o)
 .ARM.attributes
                0x0000000000000c4e       0x32 /usr/local/arm-none-eabi/bin/../lib/gcc/arm-none-eabi/4.7.3/libgcc.a(_divdi3.o)
 .ARM.attributes
                0x0000000000000c80       0x32 /usr/local/arm-none-eabi/bin/../lib/gcc/arm-none-eabi/4.7.3/libgcc.a(_udivdi3.o)
 .ARM.attributes
                0x0000000000000cb2       0x1a /usr/local/arm-none-eabi/bin/../lib/gcc/arm-none-eabi/4.7.3/libgcc.a(_clzsi2.o)
 .ARM.attributes
                0x0000000000000ccc       0x32 /usr/local/arm-none-eabi/bin/../arm-none-eabi/sysroot/lib/libc.a(lib_a-abort.o)
 .ARM.attributes
                0x0000000000000cfe       0x32 /usr/local/arm-none-eabi/bin/../arm-none-eabi/sysroot/lib/libc.a(lib_a-assert.o)
 .ARM.attributes
                0x0000000000000d30       0x32 /usr/local/arm-none-eabi/bin/../arm-none-eabi/sysroot/lib/libc.a(lib_a-fiprintf.o)
 .ARM.attributes
                0x0000000000000d62       0x32 /usr/local/arm-none-eabi/bin/../arm-none-eabi/sysroot/lib/libc.a(lib_a-setvbuf.o)
 .ARM.attributes
                0x0000000000000d94       0x32 /usr/local/arm-none-eabi/bin/../arm-none-eabi/sysroot/lib/libc.a(lib_a-signal.o)
 .ARM.attributes
                0x0000000000000dc6       0x32 /usr/local/arm-none-eabi/bin/../arm-none-eabi/sysroot/lib/libc.a(lib_a-signalr.o)
 .ARM.attributes
                0x0000000000000df8       0x32 /usr/local/arm-none-eabi/bin/../arm-none-eabi/sysroot/lib/libc.a(lib_a-malloc.o)
 .ARM.attributes
                0x0000000000000e2a       0x32 ../../libraries/libchip_sama5d3x/lib/libchip_sama5d3x_gcc_rel.a(dmac.o)
 .ARM.attributes
                0x0000000000000e5c       0x32 ../../libraries/libchip_sama5d3x/lib/libchip_sama5d3x_gcc_rel.a(smcNfc.o)
 .ARM.attributes
                0x0000000000000e8e       0x32 ../../libraries/libboard_sama5d3x-ek/lib/libboard_sama5d3x_ek_gcc_rel.a(hamming.o)
 .ARM.attributes
                0x0000000000000ec0       0x32 /usr/local/arm-none-eabi/bin/../lib/gcc/arm-none-eabi/4.7.3/crtend.o
 .ARM.attributes
                0x0000000000000ef2       0x1a /usr/local/arm-none-eabi/bin/../lib/gcc/arm-none-eabi/4.7.3/crtn.o

.comment        0x0000000000000000       0x21
 .comment       0x0000000000000000       0x21 /usr/local/arm-none-eabi/bin/../lib/gcc/arm-none-eabi/4.7.3/crtbegin.o
                                         0x22 (size before relaxing)
 .comment       0x0000000000000000       0x22 obj/ddram_main.o
 .comment       0x0000000000000000       0x22 /usr/local/arm-none-eabi/bin/../arm-none-eabi/sysroot/lib/libc.a(lib_a-impure.o)
 .comment       0x0000000000000000       0x22 /usr/local/arm-none-eabi/bin/../arm-none-eabi/sysroot/lib/libc.a(lib_a-iprintf.o)
 .comment       0x0000000000000000       0x22 /usr/local/arm-none-eabi/bin/../arm-none-eabi/sysroot/lib/libc.a(lib_a-memcpy-stub.o)
 .comment       0x0000000000000000       0x22 /usr/local/arm-none-eabi/bin/../arm-none-eabi/sysroot/lib/libc.a(lib_a-memset.o)
 .comment       0x0000000000000000       0x22 /usr/local/arm-none-eabi/bin/../arm-none-eabi/sysroot/lib/libc.a(lib_a-vfiprintf.o)
 .comment       0x0000000000000000       0x22 /usr/local/arm-none-eabi/bin/../arm-none-eabi/sysroot/lib/libc.a(lib_a-wsetup.o)
 .comment       0x0000000000000000       0x22 /usr/local/arm-none-eabi/bin/../arm-none-eabi/sysroot/lib/libc.a(lib_a-fflush.o)
 .comment       0x0000000000000000       0x22 /usr/local/arm-none-eabi/bin/../arm-none-eabi/sysroot/lib/libc.a(lib_a-findfp.o)
 .comment       0x0000000000000000       0x22 /usr/local/arm-none-eabi/bin/../arm-none-eabi/sysroot/lib/libc.a(lib_a-fputwc.o)
 .comment       0x0000000000000000       0x22 /usr/local/arm-none-eabi/bin/../arm-none-eabi/sysroot/lib/libc.a(lib_a-freer.o)
 .comment       0x0000000000000000       0x22 /usr/local/arm-none-eabi/bin/../arm-none-eabi/sysroot/lib/libc.a(lib_a-fvwrite.o)
 .comment       0x0000000000000000       0x22 /usr/local/arm-none-eabi/bin/../arm-none-eabi/sysroot/lib/libc.a(lib_a-fwalk.o)
 .comment       0x0000000000000000       0x22 /usr/local/arm-none-eabi/bin/../arm-none-eabi/sysroot/lib/libc.a(lib_a-locale.o)
 .comment       0x0000000000000000       0x22 /usr/local/arm-none-eabi/bin/../arm-none-eabi/sysroot/lib/libc.a(lib_a-makebuf.o)
 .comment       0x0000000000000000       0x22 /usr/local/arm-none-eabi/bin/../arm-none-eabi/sysroot/lib/libc.a(lib_a-mallocr.o)
 .comment       0x0000000000000000       0x22 /usr/local/arm-none-eabi/bin/../arm-none-eabi/sysroot/lib/libc.a(lib_a-memchr-stub.o)
 .comment       0x0000000000000000       0x22 /usr/local/arm-none-eabi/bin/../arm-none-eabi/sysroot/lib/libc.a(lib_a-memmove.o)
 .comment       0x0000000000000000       0x22 /usr/local/arm-none-eabi/bin/../arm-none-eabi/sysroot/lib/libc.a(lib_a-mlock.o)
 .comment       0x0000000000000000       0x22 /usr/local/arm-none-eabi/bin/../arm-none-eabi/sysroot/lib/libc.a(lib_a-reallocr.o)
 .comment       0x0000000000000000       0x22 /usr/local/arm-none-eabi/bin/../arm-none-eabi/sysroot/lib/libc.a(lib_a-sbrkr.o)
 .comment       0x0000000000000000       0x22 /usr/local/arm-none-eabi/bin/../arm-none-eabi/sysroot/lib/libc.a(lib_a-stdio.o)
 .comment       0x0000000000000000       0x22 /usr/local/arm-none-eabi/bin/../arm-none-eabi/sysroot/lib/libc.a(lib_a-strcmp.o)
 .comment       0x0000000000000000       0x22 /usr/local/arm-none-eabi/bin/../arm-none-eabi/sysroot/lib/libc.a(lib_a-strlen.o)
 .comment       0x0000000000000000       0x22 /usr/local/arm-none-eabi/bin/../arm-none-eabi/sysroot/lib/libc.a(lib_a-strncpy.o)
 .comment       0x0000000000000000       0x22 /usr/local/arm-none-eabi/bin/../arm-none-eabi/sysroot/lib/libc.a(lib_a-wbuf.o)
 .comment       0x0000000000000000       0x22 /usr/local/arm-none-eabi/bin/../arm-none-eabi/sysroot/lib/libc.a(lib_a-wcrtomb.o)
 .comment       0x0000000000000000       0x22 /usr/local/arm-none-eabi/bin/../arm-none-eabi/sysroot/lib/libc.a(lib_a-wctomb_r.o)
 .comment       0x0000000000000000       0x22 /usr/local/arm-none-eabi/bin/../arm-none-eabi/sysroot/lib/libc.a(lib_a-writer.o)
 .comment       0x0000000000000000       0x22 /usr/local/arm-none-eabi/bin/../arm-none-eabi/sysroot/lib/libc.a(lib_a-closer.o)
 .comment       0x0000000000000000       0x22 /usr/local/arm-none-eabi/bin/../arm-none-eabi/sysroot/lib/libc.a(lib_a-fclose.o)
 .comment       0x0000000000000000       0x22 /usr/local/arm-none-eabi/bin/../arm-none-eabi/sysroot/lib/libc.a(lib_a-fstatr.o)
 .comment       0x0000000000000000       0x22 /usr/local/arm-none-eabi/bin/../arm-none-eabi/sysroot/lib/libc.a(lib_a-isattyr.o)
 .comment       0x0000000000000000       0x22 /usr/local/arm-none-eabi/bin/../arm-none-eabi/sysroot/lib/libc.a(lib_a-lseekr.o)
 .comment       0x0000000000000000       0x22 /usr/local/arm-none-eabi/bin/../arm-none-eabi/sysroot/lib/libc.a(lib_a-readr.o)
 .comment       0x0000000000000000       0x22 /usr/local/arm-none-eabi/bin/../arm-none-eabi/sysroot/lib/libc.a(lib_a-reent.o)
 .comment       0x0000000000000000       0x22 ../../libraries/libchip_sama5d3x/lib/libchip_sama5d3x_gcc_rel.a(pio.o)
 .comment       0x0000000000000000       0x22 ../../libraries/libchip_sama5d3x/lib/libchip_sama5d3x_gcc_rel.a(pmc.o)
 .comment       0x0000000000000000       0x22 ../../libraries/libchip_sama5d3x/lib/libchip_sama5d3x_gcc_rel.a(wdt.o)
 .comment       0x0000000000000000       0x22 ../../libraries/libboard_sama5d3x-ek/lib/libboard_sama5d3x_ek_gcc_rel.a(board_memories.o)
 .comment       0x0000000000000000       0x22 ../../libraries/libboard_sama5d3x-ek/lib/libboard_sama5d3x_ek_gcc_rel.a(dmad.o)
 .comment       0x0000000000000000       0x22 ../../libraries/libboard_sama5d3x-ek/lib/libboard_sama5d3x_ek_gcc_rel.a(dma_hardware_interface.o)
 .comment       0x0000000000000000       0x22 ../../libraries/libboard_sama5d3x-ek/lib/libboard_sama5d3x_ek_gcc_rel.a(math.o)
 .comment       0x0000000000000000       0x22 ../../libraries/libboard_sama5d3x-ek/lib/libboard_sama5d3x_ek_gcc_rel.a(syscalls.o)
 .comment       0x0000000000000000       0x22 ../../libraries/libboard_sama5d3x-ek/lib/libboard_sama5d3x_ek_gcc_rel.a(trace.o)
 .comment       0x0000000000000000       0x22 ../../libraries/libboard_sama5d3x-ek/lib/libboard_sama5d3x_ek_gcc_rel.a(dbgu_console.o)
 .comment       0x0000000000000000       0x22 ../../libraries/libnandflash/lib/libnandflash_gcc_rel.a(NandFlashDma.o)
 .comment       0x0000000000000000       0x22 ../../libraries/libnandflash/lib/libnandflash_gcc_rel.a(NandFlashModel.o)
 .comment       0x0000000000000000       0x22 ../../libraries/libnandflash/lib/libnandflash_gcc_rel.a(NandFlashOnfi.o)
 .comment       0x0000000000000000       0x22 ../../libraries/libnandflash/lib/libnandflash_gcc_rel.a(NandSmc.o)
 .comment       0x0000000000000000       0x22 ../../libraries/libnandflash/lib/libnandflash_gcc_rel.a(NandSpareScheme.o)
 .comment       0x0000000000000000       0x22 ../../libraries/libnandflash/lib/libnandflash_gcc_rel.a(RawNandFlash.o)
 .comment       0x0000000000000000       0x22 ../../libraries/libnandflash/lib/libnandflash_gcc_rel.a(SkipBlockNandFlash.o)
 .comment       0x0000000000000000       0x22 ../../libraries/libnandflash/lib/libnandflash_gcc_rel.a(EccNandFlash.o)
 .comment       0x0000000000000000       0x22 ../../libraries/libnandflash/lib/libnandflash_gcc_rel.a(NandFlashModelList.o)
 .comment       0x0000000000000000       0x22 ../../libraries/libpmecc/lib/libpmecc_gcc_rel.a(pmecc.o)
 .comment       0x0000000000000000       0x22 ../../libraries/libpmecc/lib/libpmecc_gcc_rel.a(pmecc_gallois_field_1024.o)
 .comment       0x0000000000000000       0x22 ../../libraries/libpmecc/lib/libpmecc_gcc_rel.a(pmecc_gallois_field_512.o)
 .comment       0x0000000000000000       0x22 /usr/local/arm-none-eabi/bin/../lib/gcc/arm-none-eabi/4.7.3/libgcc.a(bpabi.o)
 .comment       0x0000000000000000       0x22 /usr/local/arm-none-eabi/bin/../lib/gcc/arm-none-eabi/4.7.3/libgcc.a(_divdi3.o)
 .comment       0x0000000000000000       0x22 /usr/local/arm-none-eabi/bin/../lib/gcc/arm-none-eabi/4.7.3/libgcc.a(_udivdi3.o)
 .comment       0x0000000000000000       0x22 /usr/local/arm-none-eabi/bin/../arm-none-eabi/sysroot/lib/libc.a(lib_a-abort.o)
 .comment       0x0000000000000000       0x22 /usr/local/arm-none-eabi/bin/../arm-none-eabi/sysroot/lib/libc.a(lib_a-assert.o)
 .comment       0x0000000000000000       0x22 /usr/local/arm-none-eabi/bin/../arm-none-eabi/sysroot/lib/libc.a(lib_a-fiprintf.o)
 .comment       0x0000000000000000       0x22 /usr/local/arm-none-eabi/bin/../arm-none-eabi/sysroot/lib/libc.a(lib_a-setvbuf.o)
 .comment       0x0000000000000000       0x22 /usr/local/arm-none-eabi/bin/../arm-none-eabi/sysroot/lib/libc.a(lib_a-signal.o)
 .comment       0x0000000000000000       0x22 /usr/local/arm-none-eabi/bin/../arm-none-eabi/sysroot/lib/libc.a(lib_a-signalr.o)
 .comment       0x0000000000000000       0x22 /usr/local/arm-none-eabi/bin/../arm-none-eabi/sysroot/lib/libc.a(lib_a-malloc.o)
 .comment       0x0000000000000000       0x22 ../../libraries/libchip_sama5d3x/lib/libchip_sama5d3x_gcc_rel.a(dmac.o)
 .comment       0x0000000000000000       0x22 ../../libraries/libchip_sama5d3x/lib/libchip_sama5d3x_gcc_rel.a(smcNfc.o)
 .comment       0x0000000000000000       0x22 ../../libraries/libboard_sama5d3x-ek/lib/libboard_sama5d3x_ek_gcc_rel.a(hamming.o)
 .comment       0x0000000000000000       0x22 /usr/local/arm-none-eabi/bin/../lib/gcc/arm-none-eabi/4.7.3/crtend.o

.debug_line     0x0000000000000000     0x747b
 .debug_line    0x0000000000000000       0x71 obj/ddram_applet_cstartup.o
 .debug_line    0x0000000000000071      0x7a6 obj/ddram_main.o
 .debug_line    0x0000000000000817       0xca /usr/local/arm-none-eabi/bin/../lib/gcc/arm-none-eabi/4.7.3/libgcc.a(_udivsi3.o)
 .debug_line    0x00000000000008e1       0xa1 /usr/local/arm-none-eabi/bin/../lib/gcc/arm-none-eabi/4.7.3/libgcc.a(_dvmd_tls.o)
 .debug_line    0x0000000000000982      0x1b0 /usr/local/arm-none-eabi/bin/../arm-none-eabi/sysroot/lib/libc.a(lib_a-impure.o)
 .debug_line    0x0000000000000b32      0x25e /usr/local/arm-none-eabi/bin/../arm-none-eabi/sysroot/lib/libc.a(lib_a-iprintf.o)
 .debug_line    0x0000000000000d90      0x1c3 /usr/local/arm-none-eabi/bin/../arm-none-eabi/sysroot/lib/libc.a(lib_a-memcpy-stub.o)
 .debug_line    0x0000000000000f53      0x1bb /usr/local/arm-none-eabi/bin/../arm-none-eabi/sysroot/lib/libc.a(lib_a-memset.o)
 .debug_line    0x000000000000110e      0x65f /usr/local/arm-none-eabi/bin/../arm-none-eabi/sysroot/lib/libc.a(lib_a-vfiprintf.o)
 .debug_line    0x000000000000176d      0x28a /usr/local/arm-none-eabi/bin/../arm-none-eabi/sysroot/lib/libc.a(lib_a-wsetup.o)
 .debug_line    0x00000000000019f7      0x2fa /usr/local/arm-none-eabi/bin/../arm-none-eabi/sysroot/lib/libc.a(lib_a-fflush.o)
 .debug_line    0x0000000000001cf1      0x2f9 /usr/local/arm-none-eabi/bin/../arm-none-eabi/sysroot/lib/libc.a(lib_a-findfp.o)
 .debug_line    0x0000000000001fea      0x287 /usr/local/arm-none-eabi/bin/../arm-none-eabi/sysroot/lib/libc.a(lib_a-fputwc.o)
 .debug_line    0x0000000000002271      0x2e3 /usr/local/arm-none-eabi/bin/../arm-none-eabi/sysroot/lib/libc.a(lib_a-freer.o)
 .debug_line    0x0000000000002554      0x322 /usr/local/arm-none-eabi/bin/../arm-none-eabi/sysroot/lib/libc.a(lib_a-fvwrite.o)
 .debug_line    0x0000000000002876      0x285 /usr/local/arm-none-eabi/bin/../arm-none-eabi/sysroot/lib/libc.a(lib_a-fwalk.o)
 .debug_line    0x0000000000002afb      0x27a /usr/local/arm-none-eabi/bin/../arm-none-eabi/sysroot/lib/libc.a(lib_a-locale.o)
 .debug_line    0x0000000000002d75      0x2b0 /usr/local/arm-none-eabi/bin/../arm-none-eabi/sysroot/lib/libc.a(lib_a-makebuf.o)
 .debug_line    0x0000000000003025      0x39b /usr/local/arm-none-eabi/bin/../arm-none-eabi/sysroot/lib/libc.a(lib_a-mallocr.o)
 .debug_line    0x00000000000033c0      0x1ce /usr/local/arm-none-eabi/bin/../arm-none-eabi/sysroot/lib/libc.a(lib_a-memchr-stub.o)
 .debug_line    0x000000000000358e      0x1da /usr/local/arm-none-eabi/bin/../arm-none-eabi/sysroot/lib/libc.a(lib_a-memmove.o)
 .debug_line    0x0000000000003768      0x1c2 /usr/local/arm-none-eabi/bin/../arm-none-eabi/sysroot/lib/libc.a(lib_a-mlock.o)
 .debug_line    0x000000000000392a      0x28e /usr/local/arm-none-eabi/bin/../arm-none-eabi/sysroot/lib/libc.a(lib_a-reallocr.o)
 .debug_line    0x0000000000003bb8      0x246 /usr/local/arm-none-eabi/bin/../arm-none-eabi/sysroot/lib/libc.a(lib_a-sbrkr.o)
 .debug_line    0x0000000000003dfe      0x269 /usr/local/arm-none-eabi/bin/../arm-none-eabi/sysroot/lib/libc.a(lib_a-stdio.o)
 .debug_line    0x0000000000004067      0x11f /usr/local/arm-none-eabi/bin/../arm-none-eabi/sysroot/lib/libc.a(lib_a-strcmp.o)
 .debug_line    0x0000000000004186      0x1b1 /usr/local/arm-none-eabi/bin/../arm-none-eabi/sysroot/lib/libc.a(lib_a-strlen.o)
 .debug_line    0x0000000000004337      0x1d8 /usr/local/arm-none-eabi/bin/../arm-none-eabi/sysroot/lib/libc.a(lib_a-strncpy.o)
 .debug_line    0x000000000000450f      0x28d /usr/local/arm-none-eabi/bin/../arm-none-eabi/sysroot/lib/libc.a(lib_a-wbuf.o)
 .debug_line    0x000000000000479c      0x25e /usr/local/arm-none-eabi/bin/../arm-none-eabi/sysroot/lib/libc.a(lib_a-wcrtomb.o)
 .debug_line    0x00000000000049fa      0x264 /usr/local/arm-none-eabi/bin/../arm-none-eabi/sysroot/lib/libc.a(lib_a-wctomb_r.o)
 .debug_line    0x0000000000004c5e      0x246 /usr/local/arm-none-eabi/bin/../arm-none-eabi/sysroot/lib/libc.a(lib_a-writer.o)
 .debug_line    0x0000000000004ea4      0x247 /usr/local/arm-none-eabi/bin/../arm-none-eabi/sysroot/lib/libc.a(lib_a-closer.o)
 .debug_line    0x00000000000050eb      0x28b /usr/local/arm-none-eabi/bin/../arm-none-eabi/sysroot/lib/libc.a(lib_a-fclose.o)
 .debug_line    0x0000000000005376      0x25c /usr/local/arm-none-eabi/bin/../arm-none-eabi/sysroot/lib/libc.a(lib_a-fstatr.o)
 .debug_line    0x00000000000055d2      0x248 /usr/local/arm-none-eabi/bin/../arm-none-eabi/sysroot/lib/libc.a(lib_a-isattyr.o)
 .debug_line    0x000000000000581a      0x246 /usr/local/arm-none-eabi/bin/../arm-none-eabi/sysroot/lib/libc.a(lib_a-lseekr.o)
 .debug_line    0x0000000000005a60      0x245 /usr/local/arm-none-eabi/bin/../arm-none-eabi/sysroot/lib/libc.a(lib_a-readr.o)
 .debug_line    0x0000000000005ca5      0x289 /usr/local/arm-none-eabi/bin/../arm-none-eabi/sysroot/lib/libc.a(lib_a-reent.o)
 .debug_line    0x0000000000005f2e       0xd6 /usr/local/arm-none-eabi/bin/../lib/gcc/arm-none-eabi/4.7.3/libgcc.a(_divsi3.o)
 .debug_line    0x0000000000006004       0xa6 /usr/local/arm-none-eabi/bin/../lib/gcc/arm-none-eabi/4.7.3/libgcc.a(_aeabi_uldivmod.o)
 .debug_line    0x00000000000060aa       0xa7 /usr/local/arm-none-eabi/bin/../lib/gcc/arm-none-eabi/4.7.3/libgcc.a(bpabi.o)
 .debug_line    0x0000000000006151      0x11b /usr/local/arm-none-eabi/bin/../lib/gcc/arm-none-eabi/4.7.3/libgcc.a(_divdi3.o)
 .debug_line    0x000000000000626c      0x10e /usr/local/arm-none-eabi/bin/../lib/gcc/arm-none-eabi/4.7.3/libgcc.a(_udivdi3.o)
 .debug_line    0x000000000000637a       0xae /usr/local/arm-none-eabi/bin/../lib/gcc/arm-none-eabi/4.7.3/libgcc.a(_clzsi2.o)
 .debug_line    0x0000000000006428      0x1a1 /usr/local/arm-none-eabi/bin/../arm-none-eabi/sysroot/lib/libc.a(lib_a-abort.o)
 .debug_line    0x00000000000065c9      0x258 /usr/local/arm-none-eabi/bin/../arm-none-eabi/sysroot/lib/libc.a(lib_a-assert.o)
 .debug_line    0x0000000000006821      0x25d /usr/local/arm-none-eabi/bin/../arm-none-eabi/sysroot/lib/libc.a(lib_a-fiprintf.o)
 .debug_line    0x0000000000006a7e      0x29d /usr/local/arm-none-eabi/bin/../arm-none-eabi/sysroot/lib/libc.a(lib_a-setvbuf.o)
 .debug_line    0x0000000000006d1b      0x2d2 /usr/local/arm-none-eabi/bin/../arm-none-eabi/sysroot/lib/libc.a(lib_a-signal.o)
 .debug_line    0x0000000000006fed      0x24d /usr/local/arm-none-eabi/bin/../arm-none-eabi/sysroot/lib/libc.a(lib_a-signalr.o)
 .debug_line    0x000000000000723a      0x241 /usr/local/arm-none-eabi/bin/../arm-none-eabi/sysroot/lib/libc.a(lib_a-malloc.o)

.debug_info     0x0000000000000000    0x1c817
 .debug_info    0x0000000000000000       0x91 obj/ddram_applet_cstartup.o
 .debug_info    0x0000000000000091     0x2a0a obj/ddram_main.o
 .debug_info    0x0000000000002a9b      0x114 /usr/local/arm-none-eabi/bin/../lib/gcc/arm-none-eabi/4.7.3/libgcc.a(_udivsi3.o)
 .debug_info    0x0000000000002baf      0x114 /usr/local/arm-none-eabi/bin/../lib/gcc/arm-none-eabi/4.7.3/libgcc.a(_dvmd_tls.o)
 .debug_info    0x0000000000002cc3      0x961 /usr/local/arm-none-eabi/bin/../arm-none-eabi/sysroot/lib/libc.a(lib_a-impure.o)
 .debug_info    0x0000000000003624      0xa8d /usr/local/arm-none-eabi/bin/../arm-none-eabi/sysroot/lib/libc.a(lib_a-iprintf.o)
 .debug_info    0x00000000000040b1      0x102 /usr/local/arm-none-eabi/bin/../arm-none-eabi/sysroot/lib/libc.a(lib_a-memcpy-stub.o)
 .debug_info    0x00000000000041b3       0xd3 /usr/local/arm-none-eabi/bin/../arm-none-eabi/sysroot/lib/libc.a(lib_a-memset.o)
 .debug_info    0x0000000000004286     0x1545 /usr/local/arm-none-eabi/bin/../arm-none-eabi/sysroot/lib/libc.a(lib_a-vfiprintf.o)
 .debug_info    0x00000000000057cb      0xa01 /usr/local/arm-none-eabi/bin/../arm-none-eabi/sysroot/lib/libc.a(lib_a-wsetup.o)
 .debug_info    0x00000000000061cc      0xb89 /usr/local/arm-none-eabi/bin/../arm-none-eabi/sysroot/lib/libc.a(lib_a-fflush.o)
 .debug_info    0x0000000000006d55      0xdbc /usr/local/arm-none-eabi/bin/../arm-none-eabi/sysroot/lib/libc.a(lib_a-findfp.o)
 .debug_info    0x0000000000007b11      0xb7f /usr/local/arm-none-eabi/bin/../arm-none-eabi/sysroot/lib/libc.a(lib_a-fputwc.o)
 .debug_info    0x0000000000008690      0xd0e /usr/local/arm-none-eabi/bin/../arm-none-eabi/sysroot/lib/libc.a(lib_a-freer.o)
 .debug_info    0x000000000000939e      0xd7f /usr/local/arm-none-eabi/bin/../arm-none-eabi/sysroot/lib/libc.a(lib_a-fvwrite.o)
 .debug_info    0x000000000000a11d      0xa75 /usr/local/arm-none-eabi/bin/../arm-none-eabi/sysroot/lib/libc.a(lib_a-fwalk.o)
 .debug_info    0x000000000000ab92      0xd0f /usr/local/arm-none-eabi/bin/../arm-none-eabi/sysroot/lib/libc.a(lib_a-locale.o)
 .debug_info    0x000000000000b8a1      0xbea /usr/local/arm-none-eabi/bin/../arm-none-eabi/sysroot/lib/libc.a(lib_a-makebuf.o)
 .debug_info    0x000000000000c48b      0xe25 /usr/local/arm-none-eabi/bin/../arm-none-eabi/sysroot/lib/libc.a(lib_a-mallocr.o)
 .debug_info    0x000000000000d2b0       0xf8 /usr/local/arm-none-eabi/bin/../arm-none-eabi/sysroot/lib/libc.a(lib_a-memchr-stub.o)
 .debug_info    0x000000000000d3a8      0x102 /usr/local/arm-none-eabi/bin/../arm-none-eabi/sysroot/lib/libc.a(lib_a-memmove.o)
 .debug_info    0x000000000000d4aa      0x985 /usr/local/arm-none-eabi/bin/../arm-none-eabi/sysroot/lib/libc.a(lib_a-mlock.o)
 .debug_info    0x000000000000de2f      0xd86 /usr/local/arm-none-eabi/bin/../arm-none-eabi/sysroot/lib/libc.a(lib_a-reallocr.o)
 .debug_info    0x000000000000ebb5      0x9cc /usr/local/arm-none-eabi/bin/../arm-none-eabi/sysroot/lib/libc.a(lib_a-sbrkr.o)
 .debug_info    0x000000000000f581      0xc7c /usr/local/arm-none-eabi/bin/../arm-none-eabi/sysroot/lib/libc.a(lib_a-stdio.o)
 .debug_info    0x00000000000101fd       0xb5 /usr/local/arm-none-eabi/bin/../arm-none-eabi/sysroot/lib/libc.a(lib_a-strcmp.o)
 .debug_info    0x00000000000102b2       0xcd /usr/local/arm-none-eabi/bin/../arm-none-eabi/sysroot/lib/libc.a(lib_a-strlen.o)
 .debug_info    0x000000000001037f       0xf6 /usr/local/arm-none-eabi/bin/../arm-none-eabi/sysroot/lib/libc.a(lib_a-strncpy.o)
 .debug_info    0x0000000000010475      0xaa2 /usr/local/arm-none-eabi/bin/../arm-none-eabi/sysroot/lib/libc.a(lib_a-wbuf.o)
 .debug_info    0x0000000000010f17      0xaa9 /usr/local/arm-none-eabi/bin/../arm-none-eabi/sysroot/lib/libc.a(lib_a-wcrtomb.o)
 .debug_info    0x00000000000119c0      0xa92 /usr/local/arm-none-eabi/bin/../arm-none-eabi/sysroot/lib/libc.a(lib_a-wctomb_r.o)
 .debug_info    0x0000000000012452      0x9ff /usr/local/arm-none-eabi/bin/../arm-none-eabi/sysroot/lib/libc.a(lib_a-writer.o)
 .debug_info    0x0000000000012e51      0x9b6 /usr/local/arm-none-eabi/bin/../arm-none-eabi/sysroot/lib/libc.a(lib_a-closer.o)
 .debug_info    0x0000000000013807      0xac3 /usr/local/arm-none-eabi/bin/../arm-none-eabi/sysroot/lib/libc.a(lib_a-fclose.o)
 .debug_info    0x00000000000142ca      0xb61 /usr/local/arm-none-eabi/bin/../arm-none-eabi/sysroot/lib/libc.a(lib_a-fstatr.o)
 .debug_info    0x0000000000014e2b      0x9b6 /usr/local/arm-none-eabi/bin/../arm-none-eabi/sysroot/lib/libc.a(lib_a-isattyr.o)
 .debug_info    0x00000000000157e1      0x9ed /usr/local/arm-none-eabi/bin/../arm-none-eabi/sysroot/lib/libc.a(lib_a-lseekr.o)
 .debug_info    0x00000000000161ce      0x9f8 /usr/local/arm-none-eabi/bin/../arm-none-eabi/sysroot/lib/libc.a(lib_a-readr.o)
 .debug_info    0x0000000000016bc6      0xb22 /usr/local/arm-none-eabi/bin/../arm-none-eabi/sysroot/lib/libc.a(lib_a-reent.o)
 .debug_info    0x00000000000176e8      0x114 /usr/local/arm-none-eabi/bin/../lib/gcc/arm-none-eabi/4.7.3/libgcc.a(_divsi3.o)
 .debug_info    0x00000000000177fc      0x110 /usr/local/arm-none-eabi/bin/../lib/gcc/arm-none-eabi/4.7.3/libgcc.a(_aeabi_uldivmod.o)
 .debug_info    0x000000000001790c      0x170 /usr/local/arm-none-eabi/bin/../lib/gcc/arm-none-eabi/4.7.3/libgcc.a(bpabi.o)
 .debug_info    0x0000000000017a7c      0x5e5 /usr/local/arm-none-eabi/bin/../lib/gcc/arm-none-eabi/4.7.3/libgcc.a(_divdi3.o)
 .debug_info    0x0000000000018061      0x5a4 /usr/local/arm-none-eabi/bin/../lib/gcc/arm-none-eabi/4.7.3/libgcc.a(_udivdi3.o)
 .debug_info    0x0000000000018605      0x114 /usr/local/arm-none-eabi/bin/../lib/gcc/arm-none-eabi/4.7.3/libgcc.a(_clzsi2.o)
 .debug_info    0x0000000000018719       0xdb /usr/local/arm-none-eabi/bin/../arm-none-eabi/sysroot/lib/libc.a(lib_a-abort.o)
 .debug_info    0x00000000000187f4      0xa70 /usr/local/arm-none-eabi/bin/../arm-none-eabi/sysroot/lib/libc.a(lib_a-assert.o)
 .debug_info    0x0000000000019264      0xaa3 /usr/local/arm-none-eabi/bin/../arm-none-eabi/sysroot/lib/libc.a(lib_a-fiprintf.o)
 .debug_info    0x0000000000019d07      0xa79 /usr/local/arm-none-eabi/bin/../arm-none-eabi/sysroot/lib/libc.a(lib_a-setvbuf.o)
 .debug_info    0x000000000001a780      0xc6e /usr/local/arm-none-eabi/bin/../arm-none-eabi/sysroot/lib/libc.a(lib_a-signal.o)
 .debug_info    0x000000000001b3ee      0xa37 /usr/local/arm-none-eabi/bin/../arm-none-eabi/sysroot/lib/libc.a(lib_a-signalr.o)
 .debug_info    0x000000000001be25      0x9f2 /usr/local/arm-none-eabi/bin/../arm-none-eabi/sysroot/lib/libc.a(lib_a-malloc.o)

.debug_abbrev   0x0000000000000000     0x5381
 .debug_abbrev  0x0000000000000000       0x14 obj/ddram_applet_cstartup.o
 .debug_abbrev  0x0000000000000014      0x332 obj/ddram_main.o
 .debug_abbrev  0x0000000000000346       0x14 /usr/local/arm-none-eabi/bin/../lib/gcc/arm-none-eabi/4.7.3/libgcc.a(_udivsi3.o)
 .debug_abbrev  0x000000000000035a       0x14 /usr/local/arm-none-eabi/bin/../lib/gcc/arm-none-eabi/4.7.3/libgcc.a(_dvmd_tls.o)
 .debug_abbrev  0x000000000000036e      0x160 /usr/local/arm-none-eabi/bin/../arm-none-eabi/sysroot/lib/libc.a(lib_a-impure.o)
 .debug_abbrev  0x00000000000004ce      0x1ed /usr/local/arm-none-eabi/bin/../arm-none-eabi/sysroot/lib/libc.a(lib_a-iprintf.o)
 .debug_abbrev  0x00000000000006bb       0xa2 /usr/local/arm-none-eabi/bin/../arm-none-eabi/sysroot/lib/libc.a(lib_a-memcpy-stub.o)
 .debug_abbrev  0x000000000000075d       0x8c /usr/local/arm-none-eabi/bin/../arm-none-eabi/sysroot/lib/libc.a(lib_a-memset.o)
 .debug_abbrev  0x00000000000007e9      0x3df /usr/local/arm-none-eabi/bin/../arm-none-eabi/sysroot/lib/libc.a(lib_a-vfiprintf.o)
 .debug_abbrev  0x0000000000000bc8      0x1d5 /usr/local/arm-none-eabi/bin/../arm-none-eabi/sysroot/lib/libc.a(lib_a-wsetup.o)
 .debug_abbrev  0x0000000000000d9d      0x259 /usr/local/arm-none-eabi/bin/../arm-none-eabi/sysroot/lib/libc.a(lib_a-fflush.o)
 .debug_abbrev  0x0000000000000ff6      0x317 /usr/local/arm-none-eabi/bin/../arm-none-eabi/sysroot/lib/libc.a(lib_a-findfp.o)
 .debug_abbrev  0x000000000000130d      0x27c /usr/local/arm-none-eabi/bin/../arm-none-eabi/sysroot/lib/libc.a(lib_a-fputwc.o)
 .debug_abbrev  0x0000000000001589      0x23a /usr/local/arm-none-eabi/bin/../arm-none-eabi/sysroot/lib/libc.a(lib_a-freer.o)
 .debug_abbrev  0x00000000000017c3      0x22b /usr/local/arm-none-eabi/bin/../arm-none-eabi/sysroot/lib/libc.a(lib_a-fvwrite.o)
 .debug_abbrev  0x00000000000019ee      0x1b3 /usr/local/arm-none-eabi/bin/../arm-none-eabi/sysroot/lib/libc.a(lib_a-fwalk.o)
 .debug_abbrev  0x0000000000001ba1      0x2a1 /usr/local/arm-none-eabi/bin/../arm-none-eabi/sysroot/lib/libc.a(lib_a-locale.o)
 .debug_abbrev  0x0000000000001e42      0x1e8 /usr/local/arm-none-eabi/bin/../arm-none-eabi/sysroot/lib/libc.a(lib_a-makebuf.o)
 .debug_abbrev  0x000000000000202a      0x286 /usr/local/arm-none-eabi/bin/../arm-none-eabi/sysroot/lib/libc.a(lib_a-mallocr.o)
 .debug_abbrev  0x00000000000022b0       0xa9 /usr/local/arm-none-eabi/bin/../arm-none-eabi/sysroot/lib/libc.a(lib_a-memchr-stub.o)
 .debug_abbrev  0x0000000000002359       0x9a /usr/local/arm-none-eabi/bin/../arm-none-eabi/sysroot/lib/libc.a(lib_a-memmove.o)
 .debug_abbrev  0x00000000000023f3      0x17a /usr/local/arm-none-eabi/bin/../arm-none-eabi/sysroot/lib/libc.a(lib_a-mlock.o)
 .debug_abbrev  0x000000000000256d      0x23d /usr/local/arm-none-eabi/bin/../arm-none-eabi/sysroot/lib/libc.a(lib_a-reallocr.o)