Archive member included because of file (symbol)

/usr/local/arm-none-eabi/bin/../lib/gcc/arm-none-eabi/4.7.3/libgcc.a(_divsi3.o)
                              obj/ddram_main.o (__aeabi_idiv)
/usr/local/arm-none-eabi/bin/../lib/gcc/arm-none-eabi/4.7.3/libgcc.a(_dvmd_tls.o)
                              /usr/local/arm-none-eabi/bin/../lib/gcc/arm-none-eabi/4.7.3/libgcc.a(_divsi3.o) (__aeabi_idiv0)
/usr/local/arm-none-eabi/bin/../arm-none-eabi/sysroot/lib/libc.a(lib_a-atexit.o)
                              /usr/local/arm-none-eabi/bin/../lib/gcc/arm-none-eabi/4.7.3/../../../../arm-none-eabi/lib/crt0.o (atexit)
/usr/local/arm-none-eabi/bin/../arm-none-eabi/sysroot/lib/libc.a(lib_a-exit.o)
                              /usr/local/arm-none-eabi/bin/../lib/gcc/arm-none-eabi/4.7.3/../../../../arm-none-eabi/lib/crt0.o (exit)
/usr/local/arm-none-eabi/bin/../arm-none-eabi/sysroot/lib/libc.a(lib_a-fini.o)
                              /usr/local/arm-none-eabi/bin/../lib/gcc/arm-none-eabi/4.7.3/../../../../arm-none-eabi/lib/crt0.o (__libc_fini_array)
/usr/local/arm-none-eabi/bin/../arm-none-eabi/sysroot/lib/libc.a(lib_a-impure.o)
                              /usr/local/arm-none-eabi/bin/../arm-none-eabi/sysroot/lib/libc.a(lib_a-exit.o) (_global_impure_ptr)
/usr/local/arm-none-eabi/bin/../arm-none-eabi/sysroot/lib/libc.a(lib_a-init.o)
                              /usr/local/arm-none-eabi/bin/../lib/gcc/arm-none-eabi/4.7.3/../../../../arm-none-eabi/lib/crt0.o (__libc_init_array)
/usr/local/arm-none-eabi/bin/../arm-none-eabi/sysroot/lib/libc.a(lib_a-iprintf.o)
                              obj/ddram_main.o (iprintf)
/usr/local/arm-none-eabi/bin/../arm-none-eabi/sysroot/lib/libc.a(lib_a-memcpy-stub.o)
                              obj/ddram_main.o (memcpy)
/usr/local/arm-none-eabi/bin/../arm-none-eabi/sysroot/lib/libc.a(lib_a-memset.o)
                              /usr/local/arm-none-eabi/bin/../lib/gcc/arm-none-eabi/4.7.3/../../../../arm-none-eabi/lib/crt0.o (memset)
/usr/local/arm-none-eabi/bin/../arm-none-eabi/sysroot/lib/libc.a(lib_a-vfiprintf.o)
                              /usr/local/arm-none-eabi/bin/../arm-none-eabi/sysroot/lib/libc.a(lib_a-iprintf.o) (_vfiprintf_r)
/usr/local/arm-none-eabi/bin/../arm-none-eabi/sysroot/lib/libc.a(lib_a-wsetup.o)
                              /usr/local/arm-none-eabi/bin/../arm-none-eabi/sysroot/lib/libc.a(lib_a-vfiprintf.o) (__swsetup_r)
/usr/local/arm-none-eabi/bin/../arm-none-eabi/sysroot/lib/libc.a(lib_a-__atexit.o)
                              /usr/local/arm-none-eabi/bin/../arm-none-eabi/sysroot/lib/libc.a(lib_a-atexit.o) (__register_exitproc)
/usr/local/arm-none-eabi/bin/../arm-none-eabi/sysroot/lib/libc.a(lib_a-__call_atexit.o)
                              /usr/local/arm-none-eabi/bin/../arm-none-eabi/sysroot/lib/libc.a(lib_a-exit.o) (__call_exitprocs)
/usr/local/arm-none-eabi/bin/../arm-none-eabi/sysroot/lib/libc.a(lib_a-fflush.o)
                              /usr/local/arm-none-eabi/bin/../arm-none-eabi/sysroot/lib/libc.a(lib_a-vfiprintf.o) (_fflush_r)
/usr/local/arm-none-eabi/bin/../arm-none-eabi/sysroot/lib/libc.a(lib_a-findfp.o)
                              /usr/local/arm-none-eabi/bin/../arm-none-eabi/sysroot/lib/libc.a(lib_a-vfiprintf.o) (__sinit)
/usr/local/arm-none-eabi/bin/../arm-none-eabi/sysroot/lib/libc.a(lib_a-fputwc.o)
                              /usr/local/arm-none-eabi/bin/../arm-none-eabi/sysroot/lib/libc.a(lib_a-vfiprintf.o) (_fputwc_r)
/usr/local/arm-none-eabi/bin/../arm-none-eabi/sysroot/lib/libc.a(lib_a-freer.o)
                              /usr/local/arm-none-eabi/bin/../arm-none-eabi/sysroot/lib/libc.a(lib_a-wsetup.o) (_free_r)
/usr/local/arm-none-eabi/bin/../arm-none-eabi/sysroot/lib/libc.a(lib_a-fvwrite.o)
                              /usr/local/arm-none-eabi/bin/../arm-none-eabi/sysroot/lib/libc.a(lib_a-vfiprintf.o) (__sfvwrite_r)
/usr/local/arm-none-eabi/bin/../arm-none-eabi/sysroot/lib/libc.a(lib_a-fwalk.o)
                              /usr/local/arm-none-eabi/bin/../arm-none-eabi/sysroot/lib/libc.a(lib_a-findfp.o) (_fwalk)
/usr/local/arm-none-eabi/bin/../arm-none-eabi/sysroot/lib/libc.a(lib_a-locale.o)
                              /usr/local/arm-none-eabi/bin/../arm-none-eabi/sysroot/lib/libc.a(lib_a-fputwc.o) (__locale_mb_cur_max)
/usr/local/arm-none-eabi/bin/../arm-none-eabi/sysroot/lib/libc.a(lib_a-makebuf.o)
                              /usr/local/arm-none-eabi/bin/../arm-none-eabi/sysroot/lib/libc.a(lib_a-wsetup.o) (__smakebuf_r)
/usr/local/arm-none-eabi/bin/../arm-none-eabi/sysroot/lib/libc.a(lib_a-mallocr.o)
                              /usr/local/arm-none-eabi/bin/../arm-none-eabi/sysroot/lib/libc.a(lib_a-findfp.o) (_malloc_r)
/usr/local/arm-none-eabi/bin/../arm-none-eabi/sysroot/lib/libc.a(lib_a-memchr-stub.o)
                              /usr/local/arm-none-eabi/bin/../arm-none-eabi/sysroot/lib/libc.a(lib_a-vfiprintf.o) (memchr)
/usr/local/arm-none-eabi/bin/../arm-none-eabi/sysroot/lib/libc.a(lib_a-memmove.o)
[...]
Memory Configuration

Name             Origin             Length             Attributes
romcodesram      0x0000000000306000 0x0000000000002000 w !xr
sram             0x0000000000300000 0x0000000000020000 w !xr
ddr_ebi0         0x0000000020000000 0x0000000004000000 w !xr
*default*        0x0000000000000000 0xffffffffffffffff

Linker script and memory map

LOAD /usr/local/arm-none-eabi/bin/../lib/gcc/arm-none-eabi/4.7.3/crti.o
LOAD /usr/local/arm-none-eabi/bin/../lib/gcc/arm-none-eabi/4.7.3/crtbegin.o
LOAD /usr/local/arm-none-eabi/bin/../lib/gcc/arm-none-eabi/4.7.3/../../../../arm-none-eabi/lib/crt0.o
LOAD obj/ddram_applet_cstartup.o
LOAD obj/ddram_main.o
START GROUP
LOAD /usr/local/arm-none-eabi/bin/../lib/gcc/arm-none-eabi/4.7.3/libgcc.a
LOAD /usr/local/arm-none-eabi/bin/../arm-none-eabi/sysroot/lib/libc.a
LOAD ../../libraries/libchip_sama5d3x/lib/libchip_sama5d3x_gcc_rel.a
LOAD ../../libraries/libboard_sama5d3x-ek/lib/libboard_sama5d3x_ek_gcc_rel.a
LOAD ../../libraries/libsdmmc/lib/libsdmmc_gcc_rel.a
LOAD ../../libraries/libpmecc/lib/libpmecc_gcc_rel.a
END GROUP
START GROUP
LOAD /usr/local/arm-none-eabi/bin/../lib/gcc/arm-none-eabi/4.7.3/libgcc.a
LOAD /usr/local/arm-none-eabi/bin/../arm-none-eabi/sysroot/lib/libc.a
END GROUP
LOAD /usr/local/arm-none-eabi/bin/../lib/gcc/arm-none-eabi/4.7.3/crtend.o
LOAD /usr/local/arm-none-eabi/bin/../lib/gcc/arm-none-eabi/4.7.3/crtn.o

.fixed0         0x0000000020000000     0xee90
                0x0000000020000000                . = ALIGN (0x4)
                0x0000000020000000                _sfixed = .
 *(.textisp .textisp.*)
 .textisp       0x0000000020000000       0xf0 obj/ddram_applet_cstartup.o
                0x0000000020000000                entry
 *(.text .text.* .gnu.linkonce.t.*)
 .text          0x00000000200000f0      0x128 /usr/local/arm-none-eabi/bin/../lib/gcc/arm-none-eabi/4.7.3/crtbegin.o
 .text.startup.main
                0x0000000020000218      0x510 obj/ddram_main.o
                0x0000000020000218                main
 .text          0x0000000020000728      0x148 /usr/local/arm-none-eabi/bin/../lib/gcc/arm-none-eabi/4.7.3/libgcc.a(_divsi3.o)
                0x0000000020000728                __aeabi_idiv
                0x0000000020000728                __divsi3
                0x0000000020000850                __aeabi_idivmod
 .text          0x0000000020000870        0x4 /usr/local/arm-none-eabi/bin/../lib/gcc/arm-none-eabi/4.7.3/libgcc.a(_dvmd_tls.o)
                0x0000000020000870                __aeabi_ldiv0
                0x0000000020000870                __aeabi_idiv0
 .text          0x0000000020000874       0x5c /usr/local/arm-none-eabi/bin/../arm-none-eabi/sysroot/lib/libc.a(lib_a-iprintf.o)
                0x0000000020000874                iprintf
                0x00000000200008a8                _iprintf_r
 .text          0x00000000200008d0       0x20 /usr/local/arm-none-eabi/bin/../arm-none-eabi/sysroot/lib/libc.a(lib_a-memcpy-stub.o)
                0x00000000200008d0                memcpy
 .text          0x00000000200008f0       0x1c /usr/local/arm-none-eabi/bin/../arm-none-eabi/sysroot/lib/libc.a(lib_a-memset.o)
                0x00000000200008f0                memset
 .text          0x000000002000090c     0x1004 /usr/local/arm-none-eabi/bin/../arm-none-eabi/sysroot/lib/libc.a(lib_a-vfiprintf.o)
                0x000000002000090c                __sprint_r
                0x00000000200009bc                _vfiprintf_r
                0x00000000200018e4                vfiprintf
 .text          0x0000000020001910      0x128 /usr/local/arm-none-eabi/bin/../arm-none-eabi/sysroot/lib/libc.a(lib_a-wsetup.o)
                0x0000000020001910                __swsetup_r
 .text          0x0000000020001a38      0x284 /usr/local/arm-none-eabi/bin/../arm-none-eabi/sysroot/lib/libc.a(lib_a-fflush.o)
                0x0000000020001a38                __sflush_r
                0x0000000020001c38                _fflush_r
                0x0000000020001c78                fflush
 .text          0x0000000020001cbc      0x2a4 /usr/local/arm-none-eabi/bin/../arm-none-eabi/sysroot/lib/libc.a(lib_a-findfp.o)
                0x0000000020001ccc                _cleanup_r
                0x0000000020001d60                __sfmoreglue
                0x0000000020001da4                _cleanup
                0x0000000020001db4                __sinit
                0x0000000020001e2c                __sfp
                0x0000000020001f08                __sfp_lock_acquire
                0x0000000020001f0c                __sfp_lock_release
                0x0000000020001f10                __sinit_lock_acquire
                0x0000000020001f14                __sinit_lock_release
                0x0000000020001f18                __fp_lock_all
                0x0000000020001f3c                __fp_unlock_all
 .text          0x0000000020001f60      0x17c /usr/local/arm-none-eabi/bin/../arm-none-eabi/sysroot/lib/libc.a(lib_a-fputwc.o)
                0x0000000020001f60                _fputwc_r
                0x0000000020002098                fputwc
 .text          0x00000000200020dc      0x340 /usr/local/arm-none-eabi/bin/../arm-none-eabi/sysroot/lib/libc.a(lib_a-freer.o)
                0x00000000200020dc                _malloc_trim_r
                0x00000000200021d8                _free_r
 .text          0x000000002000241c      0x454 /usr/local/arm-none-eabi/bin/../arm-none-eabi/sysroot/lib/libc.a(lib_a-fvwrite.o)
                0x000000002000241c                __sfvwrite_r
 .text          0x0000000020002870       0xf0 /usr/local/arm-none-eabi/bin/../arm-none-eabi/sysroot/lib/libc.a(lib_a-fwalk.o)
                0x0000000020002870                _fwalk
                0x00000000200028e4                _fwalk_reent
 .text          0x0000000020002960       0xd0 /usr/local/arm-none-eabi/bin/../arm-none-eabi/sysroot/lib/libc.a(lib_a-locale.o)
                0x0000000020002960                _setlocale_r
                0x00000000200029cc                __locale_charset
                0x00000000200029d8                __locale_mb_cur_max
                0x00000000200029e8                __locale_msgcharset
                0x00000000200029f4                __locale_cjk_lang
                0x00000000200029fc                _localeconv_r
                0x0000000020002a08                setlocale
                0x0000000020002a24                localeconv
 .text          0x0000000020002a30      0x140 /usr/local/arm-none-eabi/bin/../arm-none-eabi/sysroot/lib/libc.a(lib_a-makebuf.o)
                0x0000000020002a30                __smakebuf_r
 .text          0x0000000020002b70      0x618 /usr/local/arm-none-eabi/bin/../arm-none-eabi/sysroot/lib/libc.a(lib_a-mallocr.o)
                0x0000000020002b70                _malloc_r
 .text          0x0000000020003188       0x34 /usr/local/arm-none-eabi/bin/../arm-none-eabi/sysroot/lib/libc.a(lib_a-memchr-stub.o)
                0x0000000020003188                memchr
 .text          0x00000000200031bc       0x5c /usr/local/arm-none-eabi/bin/../arm-none-eabi/sysroot/lib/libc.a(lib_a-memmove.o)
                0x00000000200031bc                memmove
 .text          0x0000000020003218        0x8 /usr/local/arm-none-eabi/bin/../arm-none-eabi/sysroot/lib/libc.a(lib_a-mlock.o)
                0x0000000020003218                __malloc_lock
                0x000000002000321c                __malloc_unlock
 .text          0x0000000020003220      0x454 /usr/local/arm-none-eabi/bin/../arm-none-eabi/sysroot/lib/libc.a(lib_a-reallocr.o)
                0x0000000020003220                _realloc_r
 .text          0x0000000020003674       0x3c /usr/local/arm-none-eabi/bin/../arm-none-eabi/sysroot/lib/libc.a(lib_a-sbrkr.o)
                0x0000000020003674                _sbrk_r
 .text          0x00000000200036b0       0xd8 /usr/local/arm-none-eabi/bin/../arm-none-eabi/sysroot/lib/libc.a(lib_a-stdio.o)
                0x00000000200036b0                __sread
                0x00000000200036e4                __seofread
                0x00000000200036ec                __swrite
                0x0000000020003740                __sseek
                0x0000000020003774                __sclose
 .text          0x0000000020003788       0x1c /usr/local/arm-none-eabi/bin/../arm-none-eabi/sysroot/lib/libc.a(lib_a-strcmp.o)
                0x0000000020003788                strcmp
 .text          0x00000000200037a4       0x1c /usr/local/arm-none-eabi/bin/../arm-none-eabi/sysroot/lib/libc.a(lib_a-strlen.o)
                0x00000000200037a4                strlen
 .text          0x00000000200037c0       0x58 /usr/local/arm-none-eabi/bin/../arm-none-eabi/sysroot/lib/libc.a(lib_a-strncpy.o)
                0x00000000200037c0                strncpy
 .text          0x0000000020003818      0x128 /usr/local/arm-none-eabi/bin/../arm-none-eabi/sysroot/lib/libc.a(lib_a-wbuf.o)
                0x0000000020003818                __swbuf_r
                0x0000000020003924                __swbuf
 .text          0x0000000020003940       0xb0 /usr/local/arm-none-eabi/bin/../arm-none-eabi/sysroot/lib/libc.a(lib_a-wcrtomb.o)
                0x0000000020003940                _wcrtomb_r
                0x00000000200039c4                wcrtomb
 .text          0x00000000200039f0       0x74 /usr/local/arm-none-eabi/bin/../arm-none-eabi/sysroot/lib/libc.a(lib_a-wctomb_r.o)
                0x00000000200039f0                __ascii_wctomb
                0x0000000020003a1c                _wctomb_r
 .text          0x0000000020003a64       0x44 /usr/local/arm-none-eabi/bin/../arm-none-eabi/sysroot/lib/libc.a(lib_a-writer.o)
                0x0000000020003a64                _write_r
 .text          0x0000000020003aa8       0x3c /usr/local/arm-none-eabi/bin/../arm-none-eabi/sysroot/lib/libc.a(lib_a-closer.o)
                0x0000000020003aa8                _close_r
 .text          0x0000000020003ae4       0xf0 /usr/local/arm-none-eabi/bin/../arm-none-eabi/sysroot/lib/libc.a(lib_a-fclose.o)
                0x0000000020003ae4                _fclose_r
                0x0000000020003bc0                fclose
 .text          0x0000000020003bd4       0x40 /usr/local/arm-none-eabi/bin/../arm-none-eabi/sysroot/lib/libc.a(lib_a-fstatr.o)
                0x0000000020003bd4                _fstat_r
 .text          0x0000000020003c14       0x3c /usr/local/arm-none-eabi/bin/../arm-none-eabi/sysroot/lib/libc.a(lib_a-isattyr.o)
                0x0000000020003c14                _isatty_r
 .text          0x0000000020003c50       0x44 /usr/local/arm-none-eabi/bin/../arm-none-eabi/sysroot/lib/libc.a(lib_a-lseekr.o)
                0x0000000020003c50                _lseek_r
 .text          0x0000000020003c94       0x44 /usr/local/arm-none-eabi/bin/../arm-none-eabi/sysroot/lib/libc.a(lib_a-readr.o)
                0x0000000020003c94                _read_r
 .text.PIO_Configure
                0x0000000020003cd8      0x200 ../../libraries/libchip_sama5d3x/lib/libchip_sama5d3x_gcc_rel.a(pio.o)
                0x0000000020003cd8                PIO_Configure
 .text.PIO_Get  0x0000000020003ed8       0x2c ../../libraries/libchip_sama5d3x/lib/libchip_sama5d3x_gcc_rel.a(pio.o)
                0x0000000020003ed8                PIO_Get
 .text.PMC_EnablePeripheral
                0x0000000020003f04       0x44 ../../libraries/libchip_sama5d3x/lib/libchip_sama5d3x_gcc_rel.a(pmc.o)
                0x0000000020003f04                PMC_EnablePeripheral
 .text.PMC_DisablePeripheral
                0x0000000020003f48       0x84 ../../libraries/libchip_sama5d3x/lib/libchip_sama5d3x_gcc_rel.a(pmc.o)
                0x0000000020003f48                PMC_DisablePeripheral
 .text.PMC_IsPeriphEnabled
                0x0000000020003fcc       0x20 ../../libraries/libchip_sama5d3x/lib/libchip_sama5d3x_gcc_rel.a(pmc.o)
                0x0000000020003fcc                PMC_IsPeriphEnabled
 .text.WDT_Disable
                0x0000000020003fec        0xc ../../libraries/libchip_sama5d3x/lib/libchip_sama5d3x_gcc_rel.a(wdt.o)
                0x0000000020003fec                WDT_Disable
 .text.DMAD_Initialize
                0x0000000020003ff8       0xd8 ../../libraries/libboard_sama5d3x-ek/lib/libboard_sama5d3x_ek_gcc_rel.a(dmad.o)
                0x0000000020003ff8                DMAD_Initialize
 .text.DMAD_AllocateChannel
                0x00000000200040d0      0x170 ../../libraries/libboard_sama5d3x-ek/lib/libboard_sama5d3x_ek_gcc_rel.a(dmad.o)
                0x00000000200040d0                DMAD_AllocateChannel
 .text.DMAD_FreeChannel
                0x0000000020004240       0x84 ../../libraries/libboard_sama5d3x-ek/lib/libboard_sama5d3x_ek_gcc_rel.a(dmad.o)
                0x0000000020004240                DMAD_FreeChannel
 .text.DMAD_SetCallback
                0x00000000200042c4       0x88 ../../libraries/libboard_sama5d3x-ek/lib/libboard_sama5d3x_ek_gcc_rel.a(dmad.o)
                0x00000000200042c4                DMAD_SetCallback
 .text.DMAD_PrepareChannel
                0x000000002000434c      0x14c ../../libraries/libboard_sama5d3x-ek/lib/libboard_sama5d3x_ek_gcc_rel.a(dmad.o)
                0x000000002000434c                DMAD_PrepareChannel
 .text.DMAD_PrepareSingleTransfer
                0x0000000020004498       0xe4 ../../libraries/libboard_sama5d3x-ek/lib/libboard_sama5d3x_ek_gcc_rel.a(dmad.o)
                0x0000000020004498                DMAD_PrepareSingleTransfer
 .text.DMAIF_Get_ChannelNumber
                0x000000002000457c       0x64 ../../libraries/libboard_sama5d3x-ek/lib/libboard_sama5d3x_ek_gcc_rel.a(dma_hardware_interface.o)
                0x000000002000457c                DMAIF_Get_ChannelNumber
 .text.DMAIF_IsValidatedPeripherOnDma
                0x00000000200045e0       0x4c ../../libraries/libboard_sama5d3x-ek/lib/libboard_sama5d3x_ek_gcc_rel.a(dma_hardware_interface.o)
                0x00000000200045e0                DMAIF_IsValidatedPeripherOnDma
 .text._PeripheralEnable
                0x000000002000462c       0x48 ../../libraries/libboard_sama5d3x-ek/lib/libboard_sama5d3x_ek_gcc_rel.a(mcid_dma.o)
 .text._FinishCmd
                0x0000000020004674       0x6c ../../libraries/libboard_sama5d3x-ek/lib/libboard_sama5d3x_ek_gcc_rel.a(mcid_dma.o)
 .text._MciDMA  0x00000000200046e0      0x1b8 ../../libraries/libboard_sama5d3x-ek/lib/libboard_sama5d3x_ek_gcc_rel.a(mcid_dma.o)
 .text.MCID_Release
                0x0000000020004898       0x58 ../../libraries/libboard_sama5d3x-ek/lib/libboard_sama5d3x_ek_gcc_rel.a(mcid_dma.o)
                0x0000000020004898                MCID_Release
 .text.MCID_Lock
                0x00000000200048f0       0x78 ../../libraries/libboard_sama5d3x-ek/lib/libboard_sama5d3x_ek_gcc_rel.a(mcid_dma.o)
                0x00000000200048f0                MCID_Lock
 .text.MCI_Reset.constprop.4
                0x0000000020004968       0x5c ../../libraries/libboard_sama5d3x-ek/lib/libboard_sama5d3x_ek_gcc_rel.a(mcid_dma.o)
 .text.MCID_Init
                0x00000000200049c4      0x1c4 ../../libraries/libboard_sama5d3x-ek/lib/libboard_sama5d3x_ek_gcc_rel.a(mcid_dma.o)
                0x00000000200049c4                MCID_Init
 .text.MCID_Handler
                0x0000000020004b88      0x34c ../../libraries/libboard_sama5d3x-ek/lib/libboard_sama5d3x_ek_gcc_rel.a(mcid_dma.o)
                0x0000000020004b88                MCID_Handler
 .text.MCID_CancelCmd
                0x0000000020004ed4       0x5c ../../libraries/libboard_sama5d3x-ek/lib/libboard_sama5d3x_ek_gcc_rel.a(mcid_dma.o)
                0x0000000020004ed4                MCID_CancelCmd
 .text.MCID_Reset
                0x0000000020004f30       0xe0 ../../libraries/libboard_sama5d3x-ek/lib/libboard_sama5d3x_ek_gcc_rel.a(mcid_dma.o)
                0x0000000020004f30                MCID_Reset
 .text.MCID_IsCmdCompleted
                0x0000000020005010       0x48 ../../libraries/libboard_sama5d3x-ek/lib/libboard_sama5d3x_ek_gcc_rel.a(mcid_dma.o)
                0x0000000020005010                MCID_IsCmdCompleted
 .text.MCID_IOCtrl
                0x0000000020005058      0x288 ../../libraries/libboard_sama5d3x-ek/lib/libboard_sama5d3x_ek_gcc_rel.a(mcid_dma.o)
                0x0000000020005058                MCID_IOCtrl
 .text.MCID_SendCmd
                0x00000000200052e0      0x548 ../../libraries/libboard_sama5d3x-ek/lib/libboard_sama5d3x_ek_gcc_rel.a(mcid_dma.o)
                0x00000000200052e0                MCID_SendCmd
 .text.SDD_InitializeSdmmcMode
                0x0000000020005828       0x24 ../../libraries/libboard_sama5d3x-ek/lib/libboard_sama5d3x_ek_gcc_rel.a(mcid_dma.o)
                0x0000000020005828                SDD_InitializeSdmmcMode
 .text._sbrk    0x000000002000584c       0x30 ../../libraries/libboard_sama5d3x-ek/lib/libboard_sama5d3x_ek_gcc_rel.a(syscalls.o)
                0x000000002000584c                _sbrk
 .text._close   0x000000002000587c        0x8 ../../libraries/libboard_sama5d3x-ek/lib/libboard_sama5d3x_ek_gcc_rel.a(syscalls.o)
                0x000000002000587c                _close
 .text._fstat   0x0000000020005884       0x10 ../../libraries/libboard_sama5d3x-ek/lib/libboard_sama5d3x_ek_gcc_rel.a(syscalls.o)
                0x0000000020005884                _fstat
 .text._isatty  0x0000000020005894        0x8 ../../libraries/libboard_sama5d3x-ek/lib/libboard_sama5d3x_ek_gcc_rel.a(syscalls.o)
                0x0000000020005894                _isatty
 .text._lseek   0x000000002000589c        0x8 ../../libraries/libboard_sama5d3x-ek/lib/libboard_sama5d3x_ek_gcc_rel.a(syscalls.o)
                0x000000002000589c                _lseek
 .text._read    0x00000000200058a4        0x8 ../../libraries/libboard_sama5d3x-ek/lib/libboard_sama5d3x_ek_gcc_rel.a(syscalls.o)
                0x00000000200058a4                _read
 .text._write   0x00000000200058ac       0x40 ../../libraries/libboard_sama5d3x-ek/lib/libboard_sama5d3x_ek_gcc_rel.a(syscalls.o)
                0x00000000200058ac                _write
 .text._exit    0x00000000200058ec       0x24 ../../libraries/libboard_sama5d3x-ek/lib/libboard_sama5d3x_ek_gcc_rel.a(syscalls.o)
                0x00000000200058ec                _exit
 .text._kill    0x0000000020005910        0x4 ../../libraries/libboard_sama5d3x-ek/lib/libboard_sama5d3x_ek_gcc_rel.a(syscalls.o)
                0x0000000020005910                _kill
 .text._getpid  0x0000000020005914        0x8 ../../libraries/libboard_sama5d3x-ek/lib/libboard_sama5d3x_ek_gcc_rel.a(syscalls.o)
                0x0000000020005914                _getpid
 .text.DBGU_Configure
                0x000000002000591c       0xe0 ../../libraries/libboard_sama5d3x-ek/lib/libboard_sama5d3x_ek_gcc_rel.a(dbgu_console.o)
                0x000000002000591c                DBGU_Configure
 .text.DBGU_PutChar
                0x00000000200059fc       0x60 ../../libraries/libboard_sama5d3x-ek/lib/libboard_sama5d3x_ek_gcc_rel.a(dbgu_console.o)
                0x00000000200059fc                DBGU_PutChar
 .text.Delay    0x0000000020005a5c       0x2c ../../libraries/libsdmmc/lib/libsdmmc_gcc_rel.a(sdmmc.o)
 .text._SendCmd
                0x0000000020005a88       0xc8 ../../libraries/libsdmmc/lib/libsdmmc_gcc_rel.a(sdmmc.o)
 .text._HwSetClock
                0x0000000020005b50       0x40 ../../libraries/libsdmmc/lib/libsdmmc_gcc_rel.a(sdmmc.o)
 .text._SdParamReset
                0x0000000020005b90       0x7c ../../libraries/libsdmmc/lib/libsdmmc_gcc_rel.a(sdmmc.o)
 .text._ResetCmd
                0x0000000020005c0c       0x24 ../../libraries/libsdmmc/lib/libsdmmc_gcc_rel.a(sdmmc.o)
 .text.Cmd52    0x0000000020005c30       0xd0 ../../libraries/libsdmmc/lib/libsdmmc_gcc_rel.a(sdmmc.o)
 .text.Cmd5     0x0000000020005d00       0x90 ../../libraries/libsdmmc/lib/libsdmmc_gcc_rel.a(sdmmc.o)
 .text.Cmd55    0x0000000020005d90       0x98 ../../libraries/libsdmmc/lib/libsdmmc_gcc_rel.a(sdmmc.o)
 .text.Cmd9     0x0000000020005e28       0x94 ../../libraries/libsdmmc/lib/libsdmmc_gcc_rel.a(sdmmc.o)
 .text.Cmd13    0x0000000020005ebc       0x94 ../../libraries/libsdmmc/lib/libsdmmc_gcc_rel.a(sdmmc.o)
 .text._StopCmd
                0x0000000020005f50      0x18c ../../libraries/libsdmmc/lib/libsdmmc_gcc_rel.a(sdmmc.o)
 .text.MmcSelectCard
                0x00000000200060dc      0x178 ../../libraries/libsdmmc/lib/libsdmmc_gcc_rel.a(sdmmc.o)
 .text.MmcCmd6  0x0000000020006254      0x100 ../../libraries/libsdmmc/lib/libsdmmc_gcc_rel.a(sdmmc.o)
 .text.SdMmcUpdateInformation.part.3
                0x0000000020006354       0xe8 ../../libraries/libsdmmc/lib/libsdmmc_gcc_rel.a(sdmmc.o)
 .text.SwReset  0x000000002000643c       0x9c ../../libraries/libsdmmc/lib/libsdmmc_gcc_rel.a(sdmmc.o)
 .text.SdmmcDecodeTransSpeed.constprop.16
                0x00000000200064d8       0x48 ../../libraries/libsdmmc/lib/libsdmmc_gcc_rel.a(sdmmc.o)
 .text.SD_ReadBlocks
                0x0000000020006520      0x234 ../../libraries/libsdmmc/lib/libsdmmc_gcc_rel.a(sdmmc.o)
                0x0000000020006520                SD_ReadBlocks
 .text.SD_WriteBlocks
                0x0000000020006754      0x250 ../../libraries/libsdmmc/lib/libsdmmc_gcc_rel.a(sdmmc.o)
                0x0000000020006754                SD_WriteBlocks
 .text.SDD_Initialize
                0x00000000200069a4       0x2c ../../libraries/libsdmmc/lib/libsdmmc_gcc_rel.a(sdmmc.o)
                0x00000000200069a4                SDD_Initialize
 .text.SD_GetCardType
                0x00000000200069d0       0x48 ../../libraries/libsdmmc/lib/libsdmmc_gcc_rel.a(sdmmc.o)
                0x00000000200069d0                SD_GetCardType
 .text.SD_GetTotalSizeKB
                0x0000000020006a18       0x58 ../../libraries/libsdmmc/lib/libsdmmc_gcc_rel.a(sdmmc.o)
                0x0000000020006a18                SD_GetTotalSizeKB
 .text.SD_GetBlockSize
                0x0000000020006a70       0x4c ../../libraries/libsdmmc/lib/libsdmmc_gcc_rel.a(sdmmc.o)
                0x0000000020006a70                SD_GetBlockSize
 .text.SD_GetNumberBlocks
                0x0000000020006abc       0x48 ../../libraries/libsdmmc/lib/libsdmmc_gcc_rel.a(sdmmc.o)
                0x0000000020006abc                SD_GetNumberBlocks
 .text.SDIO_ReadDirect
                0x0000000020006b04      0x15c ../../libraries/libsdmmc/lib/libsdmmc_gcc_rel.a(sdmmc.o)
                0x0000000020006b04                SDIO_ReadDirect
 .text.SdioFindTuples
                0x0000000020006c60      0x11c ../../libraries/libsdmmc/lib/libsdmmc_gcc_rel.a(sdmmc.o)
 .text.SD_Init  0x0000000020006d7c     0x14e0 ../../libraries/libsdmmc/lib/libsdmmc_gcc_rel.a(sdmmc.o)
                0x0000000020006d7c                SD_Init
 .text.SDIO_DumpCardInformation
                0x000000002000825c      0xa38 ../../libraries/libsdmmc/lib/libsdmmc_gcc_rel.a(sdmmc.o)
                0x000000002000825c                SDIO_DumpCardInformation
 .text.SD_DumpCID
                0x0000000020008c94      0x2fc ../../libraries/libsdmmc/lib/libsdmmc_gcc_rel.a(sdmmc.o)
                0x0000000020008c94                SD_DumpCID
 .text          0x0000000020008f90      0x114 /usr/local/arm-none-eabi/bin/../lib/gcc/arm-none-eabi/4.7.3/libgcc.a(_udivsi3.o)
                0x0000000020008f90                __udivsi3
                0x0000000020008f90                __aeabi_uidiv
                0x0000000020009084                __aeabi_uidivmod
 .text          0x00000000200090a4       0x3c /usr/local/arm-none-eabi/bin/../lib/gcc/arm-none-eabi/4.7.3/libgcc.a(_aeabi_uldivmod.o)
                0x00000000200090a4                __aeabi_uldivmod
 .text          0x00000000200090e0       0x84 /usr/local/arm-none-eabi/bin/../lib/gcc/arm-none-eabi/4.7.3/libgcc.a(bpabi.o)
                0x00000000200090e0                __gnu_ldivmod_helper
                0x0000000020009124                __gnu_uldivmod_helper
 .text          0x0000000020009164      0x4f8 /usr/local/arm-none-eabi/bin/../lib/gcc/arm-none-eabi/4.7.3/libgcc.a(_divdi3.o)
                0x0000000020009164                __divdi3
 .text          0x000000002000965c      0x498 /usr/local/arm-none-eabi/bin/../lib/gcc/arm-none-eabi/4.7.3/libgcc.a(_udivdi3.o)
                0x000000002000965c                __udivdi3
 .text          0x0000000020009af4      0xfb0 /usr/local/arm-none-eabi/bin/../lib/gcc/arm-none-eabi/4.7.3/libgcc.a(unwind-arm.o)
                0x0000000020009f7c                _Unwind_GetCFA
                0x0000000020009f84                __gnu_Unwind_RaiseException
                0x000000002000a030                __gnu_Unwind_ForcedUnwind
                0x000000002000a054                __gnu_Unwind_Resume
                0x000000002000a0cc                __gnu_Unwind_Resume_or_Rethrow
                0x000000002000a0ec                _Unwind_Complete
                0x000000002000a0f0                _Unwind_DeleteException
                0x000000002000a114                _Unwind_VRS_Get
                0x000000002000a188                _Unwind_VRS_Set
                0x000000002000a62c                __aeabi_unwind_cpp_pr2
                0x000000002000a634                __aeabi_unwind_cpp_pr1
                0x000000002000a63c                __aeabi_unwind_cpp_pr0
                0x000000002000a644                __gnu_Unwind_Backtrace
                0x000000002000a710                _Unwind_VRS_Pop
 .text          0x000000002000aaa4      0x1b0 /usr/local/arm-none-eabi/bin/../lib/gcc/arm-none-eabi/4.7.3/libgcc.a(libunwind.o)
                0x000000002000aaa4                __restore_core_regs
                0x000000002000aaa4                restore_core_regs
                0x000000002000aac0                __gnu_Unwind_Restore_VFP
                0x000000002000aac8                __gnu_Unwind_Save_VFP
                0x000000002000aad0                __gnu_Unwind_Restore_VFP_D
                0x000000002000aad8                __gnu_Unwind_Save_VFP_D
                0x000000002000aae0                __gnu_Unwind_Restore_VFP_D_16_to_31
                0x000000002000aae8                __gnu_Unwind_Save_VFP_D_16_to_31
                0x000000002000aaf0                __gnu_Unwind_Restore_WMMXD
                0x000000002000ab34                __gnu_Unwind_Save_WMMXD
                0x000000002000ab78                __gnu_Unwind_Restore_WMMXC
                0x000000002000ab8c                __gnu_Unwind_Save_WMMXC
                0x000000002000aba0                ___Unwind_RaiseException
                0x000000002000aba0                _Unwind_RaiseException
                0x000000002000abc4                ___Unwind_Resume
                0x000000002000abc4                _Unwind_Resume
                0x000000002000abe8                _Unwind_Resume_or_Rethrow
                0x000000002000abe8                ___Unwind_Resume_or_Rethrow
                0x000000002000ac0c                ___Unwind_ForcedUnwind
                0x000000002000ac0c                _Unwind_ForcedUnwind
                0x000000002000ac30                _Unwind_Backtrace
                0x000000002000ac30                ___Unwind_Backtrace
 .text          0x000000002000ac54      0x53c /usr/local/arm-none-eabi/bin/../lib/gcc/arm-none-eabi/4.7.3/libgcc.a(pr-support.o)
                0x000000002000ace8                __gnu_unwind_execute
                0x000000002000b104                __gnu_unwind_frame
                0x000000002000b14c                _Unwind_GetRegionStart
                0x000000002000b160                _Unwind_GetLanguageSpecificData
                0x000000002000b180                _Unwind_GetDataRelBase
                0x000000002000b188                _Unwind_GetTextRelBase
 .text          0x000000002000b190       0x48 /usr/local/arm-none-eabi/bin/../lib/gcc/arm-none-eabi/4.7.3/libgcc.a(_clzsi2.o)
                0x000000002000b190                __clzsi2
 .text          0x000000002000b1d8       0x14 /usr/local/arm-none-eabi/bin/../arm-none-eabi/sysroot/lib/libc.a(lib_a-abort.o)
                0x000000002000b1d8                abort
 .text          0x000000002000b1ec       0x60 /usr/local/arm-none-eabi/bin/../arm-none-eabi/sysroot/lib/libc.a(lib_a-assert.o)
                0x000000002000b1ec                __assert_func
                0x000000002000b23c                __assert
 .text          0x000000002000b24c       0x58 /usr/local/arm-none-eabi/bin/../arm-none-eabi/sysroot/lib/libc.a(lib_a-fiprintf.o)
                0x000000002000b24c                _fiprintf_r
                0x000000002000b270                fiprintf
 .text          0x000000002000b2a4      0x164 /usr/local/arm-none-eabi/bin/../arm-none-eabi/sysroot/lib/libc.a(lib_a-setvbuf.o)
                0x000000002000b2a4                setvbuf
 .text          0x000000002000b408      0x22c /usr/local/arm-none-eabi/bin/../arm-none-eabi/sysroot/lib/libc.a(lib_a-signal.o)
                0x000000002000b408                _init_signal_r
                0x000000002000b464                _signal_r
                0x000000002000b4b8                _raise_r
                0x000000002000b550                __sigtramp_r
                0x000000002000b5e0                raise
                0x000000002000b5f4                signal
                0x000000002000b610                _init_signal
                0x000000002000b620                __sigtramp
 .text          0x000000002000b634       0x50 /usr/local/arm-none-eabi/bin/../arm-none-eabi/sysroot/lib/libc.a(lib_a-signalr.o)
                0x000000002000b634                _kill_r
                0x000000002000b674                _getpid_r
 .text          0x000000002000b684       0x40 /usr/local/arm-none-eabi/bin/../arm-none-eabi/sysroot/lib/libc.a(lib_a-malloc.o)
                0x000000002000b684                malloc
                0x000000002000b6a4                free
 .text.DMAC_Enable
                0x000000002000b6c4       0x48 ../../libraries/libchip_sama5d3x/lib/libchip_sama5d3x_gcc_rel.a(dmac.o)
                0x000000002000b6c4                DMAC_Enable
 .text.DMAC_EnableIt
                0x000000002000b70c       0x44 ../../libraries/libchip_sama5d3x/lib/libchip_sama5d3x_gcc_rel.a(dmac.o)
                0x000000002000b70c                DMAC_EnableIt
 .text.DMAC_DisableIt
                0x000000002000b750       0x44 ../../libraries/libchip_sama5d3x/lib/libchip_sama5d3x_gcc_rel.a(dmac.o)
                0x000000002000b750                DMAC_DisableIt
 .text.DMAC_GetStatus
                0x000000002000b794       0x44 ../../libraries/libchip_sama5d3x/lib/libchip_sama5d3x_gcc_rel.a(dmac.o)
                0x000000002000b794                DMAC_GetStatus
 .text.DMAC_EnableChannel
                0x000000002000b7d8       0x6c ../../libraries/libchip_sama5d3x/lib/libchip_sama5d3x_gcc_rel.a(dmac.o)
                0x000000002000b7d8                DMAC_EnableChannel
 .text.DMAC_DisableChannel
                0x000000002000b844       0x6c ../../libraries/libchip_sama5d3x/lib/libchip_sama5d3x_gcc_rel.a(dmac.o)
                0x000000002000b844                DMAC_DisableChannel
 .text.DMAC_GetChannelStatus
                0x000000002000b8b0       0x44 ../../libraries/libchip_sama5d3x/lib/libchip_sama5d3x_gcc_rel.a(dmac.o)
                0x000000002000b8b0                DMAC_GetChannelStatus
 .text.DMAC_SetSourceAddr
                0x000000002000b8f4       0x70 ../../libraries/libchip_sama5d3x/lib/libchip_sama5d3x_gcc_rel.a(dmac.o)
                0x000000002000b8f4                DMAC_SetSourceAddr
 .text.DMAC_SetDestinationAddr
                0x000000002000b964       0x6c ../../libraries/libchip_sama5d3x/lib/libchip_sama5d3x_gcc_rel.a(dmac.o)
                0x000000002000b964                DMAC_SetDestinationAddr
 .text.DMAC_SetDescriptorAddr
                0x000000002000b9d0       0x94 ../../libraries/libchip_sama5d3x/lib/libchip_sama5d3x_gcc_rel.a(dmac.o)
                0x000000002000b9d0                DMAC_SetDescriptorAddr
 .text.DMAC_SetControlA
                0x000000002000ba64       0x70 ../../libraries/libchip_sama5d3x/lib/libchip_sama5d3x_gcc_rel.a(dmac.o)
                0x000000002000ba64                DMAC_SetControlA
 .text.DMAC_SetControlB
                0x000000002000bad4       0x6c ../../libraries/libchip_sama5d3x/lib/libchip_sama5d3x_gcc_rel.a(dmac.o)
                0x000000002000bad4                DMAC_SetControlB
 .text.DMAC_SetCFG
                0x000000002000bb40       0x70 ../../libraries/libchip_sama5d3x/lib/libchip_sama5d3x_gcc_rel.a(dmac.o)
                0x000000002000bb40                DMAC_SetCFG
 .text.HSMCI_Enable
                0x000000002000bbb0        0xc ../../libraries/libchip_sama5d3x/lib/libchip_sama5d3x_gcc_rel.a(hsmci.o)
                0x000000002000bbb0                HSMCI_Enable
 .text.HSMCI_Disable
                0x000000002000bbbc        0xc ../../libraries/libchip_sama5d3x/lib/libchip_sama5d3x_gcc_rel.a(hsmci.o)
                0x000000002000bbbc                HSMCI_Disable
 .text.HSMCI_Reset
                0x000000002000bbc8       0x58 ../../libraries/libchip_sama5d3x/lib/libchip_sama5d3x_gcc_rel.a(hsmci.o)
                0x000000002000bbc8                HSMCI_Reset
 .text.HSMCI_SetBusWidth
                0x000000002000bc20       0x38 ../../libraries/libchip_sama5d3x/lib/libchip_sama5d3x_gcc_rel.a(hsmci.o)
                0x000000002000bc20                HSMCI_SetBusWidth
 .text.HSMCI_ConfigureMode
                0x000000002000bc58        0x8 ../../libraries/libchip_sama5d3x/lib/libchip_sama5d3x_gcc_rel.a(hsmci.o)
                0x000000002000bc58                HSMCI_ConfigureMode
 .text.HSMCI_GetMode
                0x000000002000bc60        0x8 ../../libraries/libchip_sama5d3x/lib/libchip_sama5d3x_gcc_rel.a(hsmci.o)
                0x000000002000bc60                HSMCI_GetMode
 .text.HSMCI_IsFByteEnabled
                0x000000002000bc68       0x10 ../../libraries/libchip_sama5d3x/lib/libchip_sama5d3x_gcc_rel.a(hsmci.o)
                0x000000002000bc68                HSMCI_IsFByteEnabled
 .text.HSMCI_DivCtrl
                0x000000002000bc78       0x24 ../../libraries/libchip_sama5d3x/lib/libchip_sama5d3x_gcc_rel.a(hsmci.o)
                0x000000002000bc78                HSMCI_DivCtrl
 .text.HSMCI_EnableIt
                0x000000002000bc9c        0x8 ../../libraries/libchip_sama5d3x/lib/libchip_sama5d3x_gcc_rel.a(hsmci.o)
                0x000000002000bc9c                HSMCI_EnableIt
 .text.HSMCI_DisableIt
                0x000000002000bca4        0x8 ../../libraries/libchip_sama5d3x/lib/libchip_sama5d3x_gcc_rel.a(hsmci.o)
                0x000000002000bca4                HSMCI_DisableIt
 .text.HSMCI_GetItMask
                0x000000002000bcac        0x8 ../../libraries/libchip_sama5d3x/lib/libchip_sama5d3x_gcc_rel.a(hsmci.o)
                0x000000002000bcac                HSMCI_GetItMask
 .text.HSMCI_ConfigureTransfer
                0x000000002000bcb4        0xc ../../libraries/libchip_sama5d3x/lib/libchip_sama5d3x_gcc_rel.a(hsmci.o)
                0x000000002000bcb4                HSMCI_ConfigureTransfer
 .text.HSMCI_ConfigureCompletionTO
                0x000000002000bcc0        0x8 ../../libraries/libchip_sama5d3x/lib/libchip_sama5d3x_gcc_rel.a(hsmci.o)
                0x000000002000bcc0                HSMCI_ConfigureCompletionTO
 .text.HSMCI_ConfigureDataTO
                0x000000002000bcc8        0x8 ../../libraries/libchip_sama5d3x/lib/libchip_sama5d3x_gcc_rel.a(hsmci.o)
                0x000000002000bcc8                HSMCI_ConfigureDataTO
 .text.HSMCI_GetResponse
                0x000000002000bcd0        0x8 ../../libraries/libchip_sama5d3x/lib/libchip_sama5d3x_gcc_rel.a(hsmci.o)
                0x000000002000bcd0                HSMCI_GetResponse
 .text.HSMCI_GetStatus
                0x000000002000bcd8        0x8 ../../libraries/libchip_sama5d3x/lib/libchip_sama5d3x_gcc_rel.a(hsmci.o)
                0x000000002000bcd8                HSMCI_GetStatus
 .text.HSMCI_EnableDma
                0x000000002000bce0       0x18 ../../libraries/libchip_sama5d3x/lib/libchip_sama5d3x_gcc_rel.a(hsmci.o)
                0x000000002000bce0                HSMCI_EnableDma
 .text.HSMCI_Configure
                0x000000002000bcf8        0x8 ../../libraries/libchip_sama5d3x/lib/libchip_sama5d3x_gcc_rel.a(hsmci.o)
                0x000000002000bcf8                HSMCI_Configure
 .text.HSMCI_HsEnable
                0x000000002000bd00       0x18 ../../libraries/libchip_sama5d3x/lib/libchip_sama5d3x_gcc_rel.a(hsmci.o)
                0x000000002000bd00                HSMCI_HsEnable
 .text.HSMCI_IsHsEnabled
                0x000000002000bd18       0x10 ../../libraries/libchip_sama5d3x/lib/libchip_sama5d3x_gcc_rel.a(hsmci.o)
                0x000000002000bd18                HSMCI_IsHsEnabled
 *(.glue_7t)
 .glue_7t       0x0000000000000000        0x0 linker stubs
 *(.glue_7)
 .glue_7        0x0000000000000000        0x0 linker stubs
 *(.CP15_*)
 *(.rodata .rodata* .gnu.linkonce.r.*)
 .rodata        0x000000002000bd28       0x48 obj/ddram_main.o
 .rodata.str1.1
                0x000000002000bd70      0x207 obj/ddram_main.o
 *fill*         0x000000002000bf77        0x1 00
 .rodata        0x000000002000bf78        0x4 /usr/local/arm-none-eabi/bin/../arm-none-eabi/sysroot/lib/libc.a(lib_a-impure.o)
                0x000000002000bf78                _global_impure_ptr
 .rodata.str1.1
                0x000000002000bf7c        0x2 /usr/local/arm-none-eabi/bin/../arm-none-eabi/sysroot/lib/libc.a(lib_a-impure.o)
 .rodata        0x000000002000bf7e       0x20 /usr/local/arm-none-eabi/bin/../arm-none-eabi/sysroot/lib/libc.a(lib_a-vfiprintf.o)
 .rodata.str1.1
                0x000000002000bf9e       0x22 /usr/local/arm-none-eabi/bin/../arm-none-eabi/sysroot/lib/libc.a(lib_a-vfiprintf.o)
 .rodata.str1.1
                0x000000002000bfc0        0x8 /usr/local/arm-none-eabi/bin/../arm-none-eabi/sysroot/lib/libc.a(lib_a-locale.o)
                                          0xb (size before relaxing)
 .rodata.str1.1
                0x000000002000bfc8       0x82 ../../libraries/libchip_sama5d3x/lib/libchip_sama5d3x_gcc_rel.a(pmc.o)
 .rodata        0x000000002000c04a       0xdb ../../libraries/libboard_sama5d3x-ek/lib/libboard_sama5d3x_ek_gcc_rel.a(dmad.o)
 .rodata.str1.1
                0x000000002000c125       0x22 ../../libraries/libboard_sama5d3x-ek/lib/libboard_sama5d3x_ek_gcc_rel.a(dmad.o)
 *fill*         0x000000002000c147        0x1 00
 .rodata        0x000000002000c148      0x1e0 ../../libraries/libboard_sama5d3x-ek/lib/libboard_sama5d3x_ek_gcc_rel.a(dma_hardware_interface.o)
 .rodata        0x000000002000c328       0x65 ../../libraries/libboard_sama5d3x-ek/lib/libboard_sama5d3x_ek_gcc_rel.a(mcid_dma.o)
 .rodata.str1.1
                0x000000002000c38d       0x76 ../../libraries/libboard_sama5d3x-ek/lib/libboard_sama5d3x_ek_gcc_rel.a(mcid_dma.o)
                                         0x7d (size before relaxing)
 .rodata.str1.1
                0x000000002000c403       0x19 ../../libraries/libboard_sama5d3x-ek/lib/libboard_sama5d3x_ek_gcc_rel.a(syscalls.o)
 .rodata        0x000000002000c41c       0x24 ../../libraries/libboard_sama5d3x-ek/lib/libboard_sama5d3x_ek_gcc_rel.a(dbgu_console.o)
 .rodata        0x000000002000c440      0x160 ../../libraries/libsdmmc/lib/libsdmmc_gcc_rel.a(sdmmc.o)
 .rodata.str1.1
                0x000000002000c5a0     0x1c42 ../../libraries/libsdmmc/lib/libsdmmc_gcc_rel.a(sdmmc.o)
                                       0x1c45 (size before relaxing)
 .rodata.str1.1
                0x000000002000e1e2       0x3c /usr/local/arm-none-eabi/bin/../arm-none-eabi/sysroot/lib/libc.a(lib_a-assert.o)
                                         0x3d (size before relaxing)
 .rodata        0x000000002000e21e      0x2d3 ../../libraries/libchip_sama5d3x/lib/libchip_sama5d3x_gcc_rel.a(dmac.o)
 .rodata.str1.1
                0x000000002000e4f1       0x41 ../../libraries/libchip_sama5d3x/lib/libchip_sama5d3x_gcc_rel.a(dmac.o)
 *(.ARM.extab* .gnu.linkonce.armextab.*)
 *fill*         0x000000002000e532        0x2 00
 .ARM.extab     0x000000002000e534       0x18 /usr/local/arm-none-eabi/bin/../lib/gcc/arm-none-eabi/4.7.3/libgcc.a(unwind-arm.o)
 .ARM.extab     0x000000002000e54c       0x18 /usr/local/arm-none-eabi/bin/../lib/gcc/arm-none-eabi/4.7.3/libgcc.a(pr-support.o)
                0x000000002000e564                . = ALIGN (0x4)
 *(.init)
 .init          0x000000002000e564        0xc /usr/local/arm-none-eabi/bin/../lib/gcc/arm-none-eabi/4.7.3/crti.o
                0x000000002000e564                _init
 .init          0x000000002000e570        0xc /usr/local/arm-none-eabi/bin/../lib/gcc/arm-none-eabi/4.7.3/crtn.o
                0x000000002000e57c                . = ALIGN (0x4)
                0x000000002000e57c                __preinit_array_start = .
 *(.preinit_array)
                0x000000002000e57c                __preinit_array_end = .
                0x000000002000e57c                . = ALIGN (0x4)
                0x000000002000e57c                __init_array_start = .
 *(SORT(.init_array.*))
 *(.init_array)
 .init_array    0x000000002000e57c        0x4 /usr/local/arm-none-eabi/bin/../lib/gcc/arm-none-eabi/4.7.3/crtbegin.o
                0x000000002000e580                __init_array_end = .
                0x000000002000e580                . = ALIGN (0x4)
 *crtbegin.o(.ctors)
 *(EXCLUDE_FILE(*crtend.o) .ctors)
 *(SORT(.ctors.*))
 *crtend.o(.ctors)
                0x000000002000e580                . = ALIGN (0x4)
 *(.fini)
 .fini          0x000000002000e580        0xc /usr/local/arm-none-eabi/bin/../lib/gcc/arm-none-eabi/4.7.3/crti.o
                0x000000002000e580                _fini
 .fini          0x000000002000e58c        0xc /usr/local/arm-none-eabi/bin/../lib/gcc/arm-none-eabi/4.7.3/crtn.o
                0x000000002000e598                . = ALIGN (0x4)
                0x000000002000e598                __fini_array_start = .
 *(.fini_array)
 .fini_array    0x000000002000e598        0x4 /usr/local/arm-none-eabi/bin/../lib/gcc/arm-none-eabi/4.7.3/crtbegin.o
 *(SORT(.fini_array.*))
                0x000000002000e59c                __fini_array_end = .
 *crtbegin.o(.dtors)
 *(EXCLUDE_FILE(*crtend.o) .dtors)
 *(SORT(.dtors.*))
 *crtend.o(.dtors)
 *(.data .data.*)
 *fill*         0x000000002000e59c        0x4 00
 .data          0x000000002000e5a0      0x430 /usr/local/arm-none-eabi/bin/../arm-none-eabi/sysroot/lib/libc.a(lib_a-impure.o)
                0x000000002000e5a0                _impure_ptr
 .data          0x000000002000e9d0       0x7c /usr/local/arm-none-eabi/bin/../arm-none-eabi/sysroot/lib/libc.a(lib_a-locale.o)
                0x000000002000e9f0                __mb_cur_max
 .data          0x000000002000ea4c      0x410 /usr/local/arm-none-eabi/bin/../arm-none-eabi/sysroot/lib/libc.a(lib_a-mallocr.o)
                0x000000002000ea4c                __malloc_av_
                0x000000002000ee54                __malloc_sbrk_base
                0x000000002000ee58                __malloc_trim_threshold
 .data          0x000000002000ee5c        0x4 /usr/local/arm-none-eabi/bin/../arm-none-eabi/sysroot/lib/libc.a(lib_a-wctomb_r.o)
                0x000000002000ee5c                __wctomb
 .data          0x000000002000ee60       0x10 ../../libraries/libboard_sama5d3x-ek/lib/libboard_sama5d3x_ek_gcc_rel.a(mcid_dma.o)
 .data          0x000000002000ee70        0x4 ../../libraries/libboard_sama5d3x-ek/lib/libboard_sama5d3x_ek_gcc_rel.a(trace.o)
                0x000000002000ee70                dwTraceLevel
 .data          0x000000002000ee74       0x1c ../../libraries/libboard_sama5d3x-ek/lib/libboard_sama5d3x_ek_gcc_rel.a(dbgu_console.o)
                0x000000002000ee90                . = ALIGN (0x4)
                0x000000002000ee90                _efixed = .

.vfp11_veneer   0x000000002000ee90        0x0
 .vfp11_veneer  0x0000000000000000        0x0 linker stubs

.v4_bx          0x000000002000ee90        0x0
 .v4_bx         0x0000000000000000        0x0 linker stubs

.iplt           0x000000002000ee90        0x0
 .iplt          0x0000000000000000        0x0 /usr/local/arm-none-eabi/bin/../lib/gcc/arm-none-eabi/4.7.3/crtbegin.o

.rel.dyn        0x000000002000ee90        0x0
 .rel.iplt      0x0000000000000000        0x0 /usr/local/arm-none-eabi/bin/../lib/gcc/arm-none-eabi/4.7.3/crtbegin.o
                0x000000002000ee90                . = ALIGN (0x4)
                0x000000002000ee90                _etext = .

.relocate       0x000000002000ee90        0x0
                0x000000002000ee90                . = ALIGN (0x4)
                0x000000002000ee90                _srelocate = .
                0x000000002000ee90                . = ALIGN (0x4)
                0x000000002000ee90                _erelocate = .

.bss            0x000000002000ee90      0x880
                0x000000002000ee90                . = ALIGN (0x4)
                0x000000002000ee90                _sbss = .
                0x000000002000ee90                _szero = .
 *(.bss .bss.*)
 .bss           0x000000002000ee90       0x1c /usr/local/arm-none-eabi/bin/../lib/gcc/arm-none-eabi/4.7.3/crtbegin.o
 .bss           0x000000002000eeac      0x820 obj/ddram_main.o
 .bss           0x000000002000f6cc       0x34 /usr/local/arm-none-eabi/bin/../arm-none-eabi/sysroot/lib/libc.a(lib_a-mallocr.o)
                0x000000002000f6cc                __malloc_top_pad
                0x000000002000f6d0                __malloc_current_mallinfo
                0x000000002000f6f8                __malloc_max_sbrked_mem
                0x000000002000f6fc                __malloc_max_total_mem
 .bss           0x000000002000f700        0x1 ../../libraries/libboard_sama5d3x-ek/lib/libboard_sama5d3x_ek_gcc_rel.a(mcid_dma.o)
 *fill*         0x000000002000f701        0x3 00
 .bss           0x000000002000f704        0x4 ../../libraries/libboard_sama5d3x-ek/lib/libboard_sama5d3x_ek_gcc_rel.a(syscalls.o)
 .bss           0x000000002000f708        0x1 ../../libraries/libboard_sama5d3x-ek/lib/libboard_sama5d3x_ek_gcc_rel.a(dbgu_console.o)
                0x000000002000f708                _bConsoleIsInitialized
 *(COMMON)
 *fill*         0x000000002000f709        0x3 00
 COMMON         0x000000002000f70c        0x4 /usr/local/arm-none-eabi/bin/../arm-none-eabi/sysroot/lib/libc.a(lib_a-reent.o)
                0x000000002000f70c                errno
                0x000000002000f710                . = ALIGN (0x4)
                0x000000002000f710                _ebss = .
                0x000000002000f710                _ezero = .
                0x000000002000f710                PROVIDE (__exidx_start, .)

.ARM.exidx      0x000000002000f710       0xd0
 *(.ARM.exidx* .gnu.linkonce.armexidx.*)
 .ARM.exidx     0x000000002000f710        0x8 /usr/local/arm-none-eabi/bin/../lib/gcc/arm-none-eabi/4.7.3/libgcc.a(_divdi3.o)
 .ARM.exidx     0x000000002000f718        0x0 /usr/local/arm-none-eabi/bin/../lib/gcc/arm-none-eabi/4.7.3/libgcc.a(_udivdi3.o)
                                          0x8 (size before relaxing)
 .ARM.exidx     0x000000002000f718       0x90 /usr/local/arm-none-eabi/bin/../lib/gcc/arm-none-eabi/4.7.3/libgcc.a(unwind-arm.o)
                                         0xd8 (size before relaxing)
 .ARM.exidx     0x000000002000f7a8       0x38 /usr/local/arm-none-eabi/bin/../lib/gcc/arm-none-eabi/4.7.3/libgcc.a(pr-support.o)
                                         0x48 (size before relaxing)
                0x000000002000f7e0                PROVIDE (__exidx_end, .)
                0x0000000023e00000                PROVIDE (_heap, ALIGN (((ORIGIN (ddr_ebi0) + 0x4000000) - 0x200000), 0x8))
                0x0000000023f00000                PROVIDE (_eheap, ALIGN (((ORIGIN (ddr_ebi0) + 0x4000000) - 0x100000), 0x8))
                0x0000000024000000                _sstack = 0x24000000
                0x000000002000f7e0                . = ALIGN (0x4)
                0x000000002000f7e0                _end = .
OUTPUT(bin/applet-sdmmc-sama5d3x.elf elf32-littlearm)

.eh_frame       0x000000002000f7e0        0x0
 .eh_frame      0x000000002000f7e0        0x0 /usr/local/arm-none-eabi/bin/../lib/gcc/arm-none-eabi/4.7.3/crtbegin.o

.jcr            0x000000002000f7e0        0x0
 .jcr           0x000000002000f7e0        0x0 /usr/local/arm-none-eabi/bin/../lib/gcc/arm-none-eabi/4.7.3/crtbegin.o

.tm_clone_table
                0x000000002000f7e0        0x0
 .tm_clone_table
                0x000000002000f7e0        0x0 /usr/local/arm-none-eabi/bin/../lib/gcc/arm-none-eabi/4.7.3/crtbegin.o
 .tm_clone_table
                0x000000002000f7e0        0x0 /usr/local/arm-none-eabi/bin/../lib/gcc/arm-none-eabi/4.7.3/crtend.o

.igot.plt       0x000000002000f7e0        0x0
 .igot.plt      0x0000000000000000        0x0 /usr/local/arm-none-eabi/bin/../lib/gcc/arm-none-eabi/4.7.3/crtbegin.o

.ARM.attributes
                0x0000000000000000       0x2e
 .ARM.attributes
                0x0000000000000000       0x18 /usr/local/arm-none-eabi/bin/../lib/gcc/arm-none-eabi/4.7.3/crti.o
 .ARM.attributes
                0x0000000000000018       0x32 /usr/local/arm-none-eabi/bin/../lib/gcc/arm-none-eabi/4.7.3/crtbegin.o
 .ARM.attributes
                0x000000000000004a       0x18 obj/ddram_applet_cstartup.o
 .ARM.attributes
                0x0000000000000062       0x32 obj/ddram_main.o
 .ARM.attributes
                0x0000000000000094       0x1a /usr/local/arm-none-eabi/bin/../lib/gcc/arm-none-eabi/4.7.3/libgcc.a(_divsi3.o)
 .ARM.attributes
                0x00000000000000ae       0x18 /usr/local/arm-none-eabi/bin/../lib/gcc/arm-none-eabi/4.7.3/libgcc.a(_dvmd_tls.o)
 .ARM.attributes
                0x00000000000000c6       0x32 /usr/local/arm-none-eabi/bin/../arm-none-eabi/sysroot/lib/libc.a(lib_a-impure.o)
 .ARM.attributes
                0x00000000000000f8       0x32 /usr/local/arm-none-eabi/bin/../arm-none-eabi/sysroot/lib/libc.a(lib_a-iprintf.o)
 .ARM.attributes
                0x000000000000012a       0x32 /usr/local/arm-none-eabi/bin/../arm-none-eabi/sysroot/lib/libc.a(lib_a-memcpy-stub.o)
 .ARM.attributes
                0x000000000000015c       0x32 /usr/local/arm-none-eabi/bin/../arm-none-eabi/sysroot/lib/libc.a(lib_a-memset.o)
 .ARM.attributes
                0x000000000000018e       0x32 /usr/local/arm-none-eabi/bin/../arm-none-eabi/sysroot/lib/libc.a(lib_a-vfiprintf.o)
 .ARM.attributes
                0x00000000000001c0       0x32 /usr/local/arm-none-eabi/bin/../arm-none-eabi/sysroot/lib/libc.a(lib_a-wsetup.o)
 .ARM.attributes
                0x00000000000001f2       0x32 /usr/local/arm-none-eabi/bin/../arm-none-eabi/sysroot/lib/libc.a(lib_a-fflush.o)
 .ARM.attributes
                0x0000000000000224       0x32 /usr/local/arm-none-eabi/bin/../arm-none-eabi/sysroot/lib/libc.a(lib_a-findfp.o)
 .ARM.attributes
                0x0000000000000256       0x32 /usr/local/arm-none-eabi/bin/../arm-none-eabi/sysroot/lib/libc.a(lib_a-fputwc.o)
 .ARM.attributes
                0x0000000000000288       0x32 /usr/local/arm-none-eabi/bin/../arm-none-eabi/sysroot/lib/libc.a(lib_a-freer.o)
 .ARM.attributes
                0x00000000000002ba       0x32 /usr/local/arm-none-eabi/bin/../arm-none-eabi/sysroot/lib/libc.a(lib_a-fvwrite.o)
 .ARM.attributes
                0x00000000000002ec       0x32 /usr/local/arm-none-eabi/bin/../arm-none-eabi/sysroot/lib/libc.a(lib_a-fwalk.o)
 .ARM.attributes
                0x000000000000031e       0x32 /usr/local/arm-none-eabi/bin/../arm-none-eabi/sysroot/lib/libc.a(lib_a-locale.o)
 .ARM.attributes
                0x0000000000000350       0x32 /usr/local/arm-none-eabi/bin/../arm-none-eabi/sysroot/lib/libc.a(lib_a-makebuf.o)
 .ARM.attributes
                0x0000000000000382       0x32 /usr/local/arm-none-eabi/bin/../arm-none-eabi/sysroot/lib/libc.a(lib_a-mallocr.o)
 .ARM.attributes
                0x00000000000003b4       0x32 /usr/local/arm-none-eabi/bin/../arm-none-eabi/sysroot/lib/libc.a(lib_a-memchr-stub.o)
 .ARM.attributes
                0x00000000000003e6       0x32 /usr/local/arm-none-eabi/bin/../arm-none-eabi/sysroot/lib/libc.a(lib_a-memmove.o)
 .ARM.attributes
                0x0000000000000418       0x32 /usr/local/arm-none-eabi/bin/../arm-none-eabi/sysroot/lib/libc.a(lib_a-mlock.o)
 .ARM.attributes
                0x000000000000044a       0x32 /usr/local/arm-none-eabi/bin/../arm-none-eabi/sysroot/lib/libc.a(lib_a-reallocr.o)
 .ARM.attributes
                0x000000000000047c       0x32 /usr/local/arm-none-eabi/bin/../arm-none-eabi/sysroot/lib/libc.a(lib_a-sbrkr.o)
 .ARM.attributes
                0x00000000000004ae       0x32 /usr/local/arm-none-eabi/bin/../arm-none-eabi/sysroot/lib/libc.a(lib_a-stdio.o)
 .ARM.attributes
                0x00000000000004e0       0x32 /usr/local/arm-none-eabi/bin/../arm-none-eabi/sysroot/lib/libc.a(lib_a-strcmp.o)
 .ARM.attributes
                0x0000000000000512       0x32 /usr/local/arm-none-eabi/bin/../arm-none-eabi/sysroot/lib/libc.a(lib_a-strlen.o)
 .ARM.attributes
                0x0000000000000544       0x32 /usr/local/arm-none-eabi/bin/../arm-none-eabi/sysroot/lib/libc.a(lib_a-strncpy.o)
 .ARM.attributes
                0x0000000000000576       0x32 /usr/local/arm-none-eabi/bin/../arm-none-eabi/sysroot/lib/libc.a(lib_a-wbuf.o)
 .ARM.attributes
                0x00000000000005a8       0x32 /usr/local/arm-none-eabi/bin/../arm-none-eabi/sysroot/lib/libc.a(lib_a-wcrtomb.o)
 .ARM.attributes
                0x00000000000005da       0x32 /usr/local/arm-none-eabi/bin/../arm-none-eabi/sysroot/lib/libc.a(lib_a-wctomb_r.o)
 .ARM.attributes
                0x000000000000060c       0x32 /usr/local/arm-none-eabi/bin/../arm-none-eabi/sysroot/lib/libc.a(lib_a-writer.o)
 .ARM.attributes
                0x000000000000063e       0x32 /usr/local/arm-none-eabi/bin/../arm-none-eabi/sysroot/lib/libc.a(lib_a-closer.o)
 .ARM.attributes
                0x0000000000000670       0x32 /usr/local/arm-none-eabi/bin/../arm-none-eabi/sysroot/lib/libc.a(lib_a-fclose.o)
 .ARM.attributes
                0x00000000000006a2       0x32 /usr/local/arm-none-eabi/bin/../arm-none-eabi/sysroot/lib/libc.a(lib_a-fstatr.o)
 .ARM.attributes
                0x00000000000006d4       0x32 /usr/local/arm-none-eabi/bin/../arm-none-eabi/sysroot/lib/libc.a(lib_a-isattyr.o)
 .ARM.attributes
                0x0000000000000706       0x32 /usr/local/arm-none-eabi/bin/../arm-none-eabi/sysroot/lib/libc.a(lib_a-lseekr.o)
 .ARM.attributes
                0x0000000000000738       0x32 /usr/local/arm-none-eabi/bin/../arm-none-eabi/sysroot/lib/libc.a(lib_a-readr.o)
 .ARM.attributes
                0x000000000000076a       0x32 /usr/local/arm-none-eabi/bin/../arm-none-eabi/sysroot/lib/libc.a(lib_a-reent.o)
 .ARM.attributes
                0x000000000000079c       0x32 ../../libraries/libchip_sama5d3x/lib/libchip_sama5d3x_gcc_rel.a(pio.o)
 .ARM.attributes
                0x00000000000007ce       0x32 ../../libraries/libchip_sama5d3x/lib/libchip_sama5d3x_gcc_rel.a(pmc.o)
 .ARM.attributes
                0x0000000000000800       0x32 ../../libraries/libchip_sama5d3x/lib/libchip_sama5d3x_gcc_rel.a(wdt.o)
 .ARM.attributes
                0x0000000000000832       0x32 ../../libraries/libboard_sama5d3x-ek/lib/libboard_sama5d3x_ek_gcc_rel.a(dmad.o)
 .ARM.attributes
                0x0000000000000864       0x32 ../../libraries/libboard_sama5d3x-ek/lib/libboard_sama5d3x_ek_gcc_rel.a(dma_hardware_interface.o)
 .ARM.attributes
                0x0000000000000896       0x32 ../../libraries/libboard_sama5d3x-ek/lib/libboard_sama5d3x_ek_gcc_rel.a(mcid_dma.o)
 .ARM.attributes
                0x00000000000008c8       0x32 ../../libraries/libboard_sama5d3x-ek/lib/libboard_sama5d3x_ek_gcc_rel.a(syscalls.o)
 .ARM.attributes
                0x00000000000008fa       0x32 ../../libraries/libboard_sama5d3x-ek/lib/libboard_sama5d3x_ek_gcc_rel.a(trace.o)
 .ARM.attributes
                0x000000000000092c       0x32 ../../libraries/libboard_sama5d3x-ek/lib/libboard_sama5d3x_ek_gcc_rel.a(dbgu_console.o)
 .ARM.attributes
                0x000000000000095e       0x32 ../../libraries/libsdmmc/lib/libsdmmc_gcc_rel.a(sdmmc.o)
 .ARM.attributes
                0x0000000000000990       0x1a /usr/local/arm-none-eabi/bin/../lib/gcc/arm-none-eabi/4.7.3/libgcc.a(_udivsi3.o)
 .ARM.attributes
                0x00000000000009aa       0x1a /usr/local/arm-none-eabi/bin/../lib/gcc/arm-none-eabi/4.7.3/libgcc.a(_aeabi_uldivmod.o)
 .ARM.attributes
                0x00000000000009c4       0x32 /usr/local/arm-none-eabi/bin/../lib/gcc/arm-none-eabi/4.7.3/libgcc.a(bpabi.o)
 .ARM.attributes
                0x00000000000009f6       0x32 /usr/local/arm-none-eabi/bin/../lib/gcc/arm-none-eabi/4.7.3/libgcc.a(_divdi3.o)
 .ARM.attributes
                0x0000000000000a28       0x32 /usr/local/arm-none-eabi/bin/../lib/gcc/arm-none-eabi/4.7.3/libgcc.a(_udivdi3.o)
 .ARM.attributes
                0x0000000000000a5a       0x1a /usr/local/arm-none-eabi/bin/../lib/gcc/arm-none-eabi/4.7.3/libgcc.a(_clzsi2.o)
 .ARM.attributes
                0x0000000000000a74       0x32 /usr/local/arm-none-eabi/bin/../arm-none-eabi/sysroot/lib/libc.a(lib_a-abort.o)
 .ARM.attributes
                0x0000000000000aa6       0x32 /usr/local/arm-none-eabi/bin/../arm-none-eabi/sysroot/lib/libc.a(lib_a-assert.o)
 .ARM.attributes
                0x0000000000000ad8       0x32 /usr/local/arm-none-eabi/bin/../arm-none-eabi/sysroot/lib/libc.a(lib_a-fiprintf.o)
 .ARM.attributes
                0x0000000000000b0a       0x32 /usr/local/arm-none-eabi/bin/../arm-none-eabi/sysroot/lib/libc.a(lib_a-setvbuf.o)
 .ARM.attributes
                0x0000000000000b3c       0x32 /usr/local/arm-none-eabi/bin/../arm-none-eabi/sysroot/lib/libc.a(lib_a-signal.o)
 .ARM.attributes
                0x0000000000000b6e       0x32 /usr/local/arm-none-eabi/bin/../arm-none-eabi/sysroot/lib/libc.a(lib_a-signalr.o)
 .ARM.attributes
                0x0000000000000ba0       0x32 /usr/local/arm-none-eabi/bin/../arm-none-eabi/sysroot/lib/libc.a(lib_a-malloc.o)
 .ARM.attributes
                0x0000000000000bd2       0x32 ../../libraries/libchip_sama5d3x/lib/libchip_sama5d3x_gcc_rel.a(dmac.o)
 .ARM.attributes
                0x0000000000000c04       0x32 ../../libraries/libchip_sama5d3x/lib/libchip_sama5d3x_gcc_rel.a(hsmci.o)
 .ARM.attributes
                0x0000000000000c36       0x32 /usr/local/arm-none-eabi/bin/../lib/gcc/arm-none-eabi/4.7.3/crtend.o
 .ARM.attributes
                0x0000000000000c68       0x1a /usr/local/arm-none-eabi/bin/../lib/gcc/arm-none-eabi/4.7.3/crtn.o

.comment        0x0000000000000000       0x21
 .comment       0x0000000000000000       0x21 /usr/local/arm-none-eabi/bin/../lib/gcc/arm-none-eabi/4.7.3/crtbegin.o
                                         0x22 (size before relaxing)
 .comment       0x0000000000000000       0x22 obj/ddram_main.o
 .comment       0x0000000000000000       0x22 /usr/local/arm-none-eabi/bin/../arm-none-eabi/sysroot/lib/libc.a(lib_a-impure.o)
 .comment       0x0000000000000000       0x22 /usr/local/arm-none-eabi/bin/../arm-none-eabi/sysroot/lib/libc.a(lib_a-iprintf.o)
 .comment       0x0000000000000000       0x22 /usr/local/arm-none-eabi/bin/../arm-none-eabi/sysroot/lib/libc.a(lib_a-memcpy-stub.o)
 .comment       0x0000000000000000       0x22 /usr/local/arm-none-eabi/bin/../arm-none-eabi/sysroot/lib/libc.a(lib_a-memset.o)
 .comment       0x0000000000000000       0x22 /usr/local/arm-none-eabi/bin/../arm-none-eabi/sysroot/lib/libc.a(lib_a-vfiprintf.o)
 .comment       0x0000000000000000       0x22 /usr/local/arm-none-eabi/bin/../arm-none-eabi/sysroot/lib/libc.a(lib_a-wsetup.o)
 .comment       0x0000000000000000       0x22 /usr/local/arm-none-eabi/bin/../arm-none-eabi/sysroot/lib/libc.a(lib_a-fflush.o)
 .comment       0x0000000000000000       0x22 /usr/local/arm-none-eabi/bin/../arm-none-eabi/sysroot/lib/libc.a(lib_a-findfp.o)
 .comment       0x0000000000000000       0x22 /usr/local/arm-none-eabi/bin/../arm-none-eabi/sysroot/lib/libc.a(lib_a-fputwc.o)
 .comment       0x0000000000000000       0x22 /usr/local/arm-none-eabi/bin/../arm-none-eabi/sysroot/lib/libc.a(lib_a-freer.o)
 .comment       0x0000000000000000       0x22 /usr/local/arm-none-eabi/bin/../arm-none-eabi/sysroot/lib/libc.a(lib_a-fvwrite.o)
 .comment       0x0000000000000000       0x22 /usr/local/arm-none-eabi/bin/../arm-none-eabi/sysroot/lib/libc.a(lib_a-fwalk.o)
 .comment       0x0000000000000000       0x22 /usr/local/arm-none-eabi/bin/../arm-none-eabi/sysroot/lib/libc.a(lib_a-locale.o)
 .comment       0x0000000000000000       0x22 /usr/local/arm-none-eabi/bin/../arm-none-eabi/sysroot/lib/libc.a(lib_a-makebuf.o)
 .comment       0x0000000000000000       0x22 /usr/local/arm-none-eabi/bin/../arm-none-eabi/sysroot/lib/libc.a(lib_a-mallocr.o)
 .comment       0x0000000000000000       0x22 /usr/local/arm-none-eabi/bin/../arm-none-eabi/sysroot/lib/libc.a(lib_a-memchr-stub.o)
 .comment       0x0000000000000000       0x22 /usr/local/arm-none-eabi/bin/../arm-none-eabi/sysroot/lib/libc.a(lib_a-memmove.o)
 .comment       0x0000000000000000       0x22 /usr/local/arm-none-eabi/bin/../arm-none-eabi/sysroot/lib/libc.a(lib_a-mlock.o)
 .comment       0x0000000000000000       0x22 /usr/local/arm-none-eabi/bin/../arm-none-eabi/sysroot/lib/libc.a(lib_a-reallocr.o)
 .comment       0x0000000000000000       0x22 /usr/local/arm-none-eabi/bin/../arm-none-eabi/sysroot/lib/libc.a(lib_a-sbrkr.o)
 .comment       0x0000000000000000       0x22 /usr/local/arm-none-eabi/bin/../arm-none-eabi/sysroot/lib/libc.a(lib_a-stdio.o)
 .comment       0x0000000000000000       0x22 /usr/local/arm-none-eabi/bin/../arm-none-eabi/sysroot/lib/libc.a(lib_a-strcmp.o)
 .comment       0x0000000000000000       0x22 /usr/local/arm-none-eabi/bin/../arm-none-eabi/sysroot/lib/libc.a(lib_a-strlen.o)
 .comment       0x0000000000000000       0x22 /usr/local/arm-none-eabi/bin/../arm-none-eabi/sysroot/lib/libc.a(lib_a-strncpy.o)
 .comment       0x0000000000000000       0x22 /usr/local/arm-none-eabi/bin/../arm-none-eabi/sysroot/lib/libc.a(lib_a-wbuf.o)
 .comment       0x0000000000000000       0x22 /usr/local/arm-none-eabi/bin/../arm-none-eabi/sysroot/lib/libc.a(lib_a-wcrtomb.o)
 .comment       0x0000000000000000       0x22 /usr/local/arm-none-eabi/bin/../arm-none-eabi/sysroot/lib/libc.a(lib_a-wctomb_r.o)
 .comment       0x0000000000000000       0x22 /usr/local/arm-none-eabi/bin/../arm-none-eabi/sysroot/lib/libc.a(lib_a-writer.o)
 .comment       0x0000000000000000       0x22 /usr/local/arm-none-eabi/bin/../arm-none-eabi/sysroot/lib/libc.a(lib_a-closer.o)
 .comment       0x0000000000000000       0x22 /usr/local/arm-none-eabi/bin/../arm-none-eabi/sysroot/lib/libc.a(lib_a-fclose.o)
 .comment       0x0000000000000000       0x22 /usr/local/arm-none-eabi/bin/../arm-none-eabi/sysroot/lib/libc.a(lib_a-fstatr.o)
 .comment       0x0000000000000000       0x22 /usr/local/arm-none-eabi/bin/../arm-none-eabi/sysroot/lib/libc.a(lib_a-isattyr.o)
 .comment       0x0000000000000000       0x22 /usr/local/arm-none-eabi/bin/../arm-none-eabi/sysroot/lib/libc.a(lib_a-lseekr.o)
 .comment       0x0000000000000000       0x22 /usr/local/arm-none-eabi/bin/../arm-none-eabi/sysroot/lib/libc.a(lib_a-readr.o)
 .comment       0x0000000000000000       0x22 /usr/local/arm-none-eabi/bin/../arm-none-eabi/sysroot/lib/libc.a(lib_a-reent.o)
 .comment       0x0000000000000000       0x22 ../../libraries/libchip_sama5d3x/lib/libchip_sama5d3x_gcc_rel.a(pio.o)
 .comment       0x0000000000000000       0x22 ../../libraries/libchip_sama5d3x/lib/libchip_sama5d3x_gcc_rel.a(pmc.o)
 .comment       0x0000000000000000       0x22 ../../libraries/libchip_sama5d3x/lib/libchip_sama5d3x_gcc_rel.a(wdt.o)
 .comment       0x0000000000000000       0x22 ../../libraries/libboard_sama5d3x-ek/lib/libboard_sama5d3x_ek_gcc_rel.a(dmad.o)
 .comment       0x0000000000000000       0x22 ../../libraries/libboard_sama5d3x-ek/lib/libboard_sama5d3x_ek_gcc_rel.a(dma_hardware_interface.o)
 .comment       0x0000000000000000       0x22 ../../libraries/libboard_sama5d3x-ek/lib/libboard_sama5d3x_ek_gcc_rel.a(mcid_dma.o)
 .comment       0x0000000000000000       0x22 ../../libraries/libboard_sama5d3x-ek/lib/libboard_sama5d3x_ek_gcc_rel.a(syscalls.o)
 .comment       0x0000000000000000       0x22 ../../libraries/libboard_sama5d3x-ek/lib/libboard_sama5d3x_ek_gcc_rel.a(trace.o)
 .comment       0x0000000000000000       0x22 ../../libraries/libboard_sama5d3x-ek/lib/libboard_sama5d3x_ek_gcc_rel.a(dbgu_console.o)
 .comment       0x0000000000000000       0x22 ../../libraries/libsdmmc/lib/libsdmmc_gcc_rel.a(sdmmc.o)
 .comment       0x0000000000000000       0x22 /usr/local/arm-none-eabi/bin/../lib/gcc/arm-none-eabi/4.7.3/libgcc.a(bpabi.o)
 .comment       0x0000000000000000       0x22 /usr/local/arm-none-eabi/bin/../lib/gcc/arm-none-eabi/4.7.3/libgcc.a(_divdi3.o)
 .comment       0x0000000000000000       0x22 /usr/local/arm-none-eabi/bin/../lib/gcc/arm-none-eabi/4.7.3/libgcc.a(_udivdi3.o)
 .comment       0x0000000000000000       0x22 /usr/local/arm-none-eabi/bin/../arm-none-eabi/sysroot/lib/libc.a(lib_a-abort.o)
 .comment       0x0000000000000000       0x22 /usr/local/arm-none-eabi/bin/../arm-none-eabi/sysroot/lib/libc.a(lib_a-assert.o)
 .comment       0x0000000000000000       0x22 /usr/local/arm-none-eabi/bin/../arm-none-eabi/sysroot/lib/libc.a(lib_a-fiprintf.o)
 .comment       0x0000000000000000       0x22 /usr/local/arm-none-eabi/bin/../arm-none-eabi/sysroot/lib/libc.a(lib_a-setvbuf.o)
 .comment       0x0000000000000000       0x22 /usr/local/arm-none-eabi/bin/../arm-none-eabi/sysroot/lib/libc.a(lib_a-signal.o)
 .comment       0x0000000000000000       0x22 /usr/local/arm-none-eabi/bin/../arm-none-eabi/sysroot/lib/libc.a(lib_a-signalr.o)
 .comment       0x0000000000000000       0x22 /usr/local/arm-none-eabi/bin/../arm-none-eabi/sysroot/lib/libc.a(lib_a-malloc.o)
 .comment       0x0000000000000000       0x22 ../../libraries/libchip_sama5d3x/lib/libchip_sama5d3x_gcc_rel.a(dmac.o)
 .comment       0x0000000000000000       0x22 ../../libraries/libchip_sama5d3x/lib/libchip_sama5d3x_gcc_rel.a(hsmci.o)
 .comment       0x0000000000000000       0x22 /usr/local/arm-none-eabi/bin/../lib/gcc/arm-none-eabi/4.7.3/crtend.o

.debug_line     0x0000000000000000     0x6f43
 .debug_line    0x0000000000000000       0x71 obj/ddram_applet_cstartup.o
 .debug_line    0x0000000000000071      0x26e obj/ddram_main.o
 .debug_line    0x00000000000002df       0xd6 /usr/local/arm-none-eabi/bin/../lib/gcc/arm-none-eabi/4.7.3/libgcc.a(_divsi3.o)
 .debug_line    0x00000000000003b5       0xa1 /usr/local/arm-none-eabi/bin/../lib/gcc/arm-none-eabi/4.7.3/libgcc.a(_dvmd_tls.o)
 .debug_line    0x0000000000000456      0x1b0 /usr/local/arm-none-eabi/bin/../arm-none-eabi/sysroot/lib/libc.a(lib_a-impure.o)
 .debug_line    0x0000000000000606      0x25e /usr/local/arm-none-eabi/bin/../arm-none-eabi/sysroot/lib/libc.a(lib_a-iprintf.o)
 .debug_line    0x0000000000000864      0x1c3 /usr/local/arm-none-eabi/bin/../arm-none-eabi/sysroot/lib/libc.a(lib_a-memcpy-stub.o)
 .debug_line    0x0000000000000a27      0x1bb /usr/local/arm-none-eabi/bin/../arm-none-eabi/sysroot/lib/libc.a(lib_a-memset.o)
 .debug_line    0x0000000000000be2      0x65f /usr/local/arm-none-eabi/bin/../arm-none-eabi/sysroot/lib/libc.a(lib_a-vfiprintf.o)
 .debug_line    0x0000000000001241      0x28a /usr/local/arm-none-eabi/bin/../arm-none-eabi/sysroot/lib/libc.a(lib_a-wsetup.o)
 .debug_line    0x00000000000014cb      0x2fa /usr/local/arm-none-eabi/bin/../arm-none-eabi/sysroot/lib/libc.a(lib_a-fflush.o)
 .debug_line    0x00000000000017c5      0x2f9 /usr/local/arm-none-eabi/bin/../arm-none-eabi/sysroot/lib/libc.a(lib_a-findfp.o)
 .debug_line    0x0000000000001abe      0x287 /usr/local/arm-none-eabi/bin/../arm-none-eabi/sysroot/lib/libc.a(lib_a-fputwc.o)
 .debug_line    0x0000000000001d45      0x2e3 /usr/local/arm-none-eabi/bin/../arm-none-eabi/sysroot/lib/libc.a(lib_a-freer.o)
 .debug_line    0x0000000000002028      0x322 /usr/local/arm-none-eabi/bin/../arm-none-eabi/sysroot/lib/libc.a(lib_a-fvwrite.o)
 .debug_line    0x000000000000234a      0x285 /usr/local/arm-none-eabi/bin/../arm-none-eabi/sysroot/lib/libc.a(lib_a-fwalk.o)
 .debug_line    0x00000000000025cf      0x27a /usr/local/arm-none-eabi/bin/../arm-none-eabi/sysroot/lib/libc.a(lib_a-locale.o)
 .debug_line    0x0000000000002849      0x2b0 /usr/local/arm-none-eabi/bin/../arm-none-eabi/sysroot/lib/libc.a(lib_a-makebuf.o)
 .debug_line    0x0000000000002af9      0x39b /usr/local/arm-none-eabi/bin/../arm-none-eabi/sysroot/lib/libc.a(lib_a-mallocr.o)
 .debug_line    0x0000000000002e94      0x1ce /usr/local/arm-none-eabi/bin/../arm-none-eabi/sysroot/lib/libc.a(lib_a-memchr-stub.o)
 .debug_line    0x0000000000003062      0x1da /usr/local/arm-none-eabi/bin/../arm-none-eabi/sysroot/lib/libc.a(lib_a-memmove.o)
 .debug_line    0x000000000000323c      0x1c2 /usr/local/arm-none-eabi/bin/../arm-none-eabi/sysroot/lib/libc.a(lib_a-mlock.o)
 .debug_line    0x00000000000033fe      0x28e /usr/local/arm-none-eabi/bin/../arm-none-eabi/sysroot/lib/libc.a(lib_a-reallocr.o)
 .debug_line    0x000000000000368c      0x246 /usr/local/arm-none-eabi/bin/../arm-none-eabi/sysroot/lib/libc.a(lib_a-sbrkr.o)
 .debug_line    0x00000000000038d2      0x269 /usr/local/arm-none-eabi/bin/../arm-none-eabi/sysroot/lib/libc.a(lib_a-stdio.o)
 .debug_line    0x0000000000003b3b      0x11f /usr/local/arm-none-eabi/bin/../arm-none-eabi/sysroot/lib/libc.a(lib_a-strcmp.o)
 .debug_line    0x0000000000003c5a      0x1b1 /usr/local/arm-none-eabi/bin/../arm-none-eabi/sysroot/lib/libc.a(lib_a-strlen.o)
 .debug_line    0x0000000000003e0b      0x1d8 /usr/local/arm-none-eabi/bin/../arm-none-eabi/sysroot/lib/libc.a(lib_a-strncpy.o)
 .debug_line    0x0000000000003fe3      0x28d /usr/local/arm-none-eabi/bin/../arm-none-eabi/sysroot/lib/libc.a(lib_a-wbuf.o)
 .debug_line    0x0000000000004270      0x25e /usr/local/arm-none-eabi/bin/../arm-none-eabi/sysroot/lib/libc.a(lib_a-wcrtomb.o)
 .debug_line    0x00000000000044ce      0x264 /usr/local/arm-none-eabi/bin/../arm-none-eabi/sysroot/lib/libc.a(lib_a-wctomb_r.o)
 .debug_line    0x0000000000004732      0x246 /usr/local/arm-none-eabi/bin/../arm-none-eabi/sysroot/lib/libc.a(lib_a-writer.o)
 .debug_line    0x0000000000004978      0x247 /usr/local/arm-none-eabi/bin/../arm-none-eabi/sysroot/lib/libc.a(lib_a-closer.o)
 .debug_line    0x0000000000004bbf      0x28b /usr/local/arm-none-eabi/bin/../arm-none-eabi/sysroot/lib/libc.a(lib_a-fclose.o)
 .debug_line    0x0000000000004e4a      0x25c /usr/local/arm-none-eabi/bin/../arm-none-eabi/sysroot/lib/libc.a(lib_a-fstatr.o)
 .debug_line    0x00000000000050a6      0x248 /usr/local/arm-none-eabi/bin/../arm-none-eabi/sysroot/lib/libc.a(lib_a-isattyr.o)
 .debug_line    0x00000000000052ee      0x246 /usr/local/arm-none-eabi/bin/../arm-none-eabi/sysroot/lib/libc.a(lib_a-lseekr.o)
 .debug_line    0x0000000000005534      0x245 /usr/local/arm-none-eabi/bin/../arm-none-eabi/sysroot/lib/libc.a(lib_a-readr.o)
 .debug_line    0x0000000000005779      0x289 /usr/local/arm-none-eabi/bin/../arm-none-eabi/sysroot/lib/libc.a(lib_a-reent.o)
 .debug_line    0x0000000000005a02       0xca /usr/local/arm-none-eabi/bin/../lib/gcc/arm-none-eabi/4.7.3/libgcc.a(_udivsi3.o)
 .debug_line    0x0000000000005acc       0xa6 /usr/local/arm-none-eabi/bin/../lib/gcc/arm-none-eabi/4.7.3/libgcc.a(_aeabi_uldivmod.o)
 .debug_line    0x0000000000005b72       0xa7 /usr/local/arm-none-eabi/bin/../lib/gcc/arm-none-eabi/4.7.3/libgcc.a(bpabi.o)
 .debug_line    0x0000000000005c19      0x11b /usr/local/arm-none-eabi/bin/../lib/gcc/arm-none-eabi/4.7.3/libgcc.a(_divdi3.o)
 .debug_line    0x0000000000005d34      0x10e /usr/local/arm-none-eabi/bin/../lib/gcc/arm-none-eabi/4.7.3/libgcc.a(_udivdi3.o)
 .debug_line    0x0000000000005e42       0xae /usr/local/arm-none-eabi/bin/../lib/gcc/arm-none-eabi/4.7.3/libgcc.a(_clzsi2.o)
 .debug_line    0x0000000000005ef0      0x1a1 /usr/local/arm-none-eabi/bin/../arm-none-eabi/sysroot/lib/libc.a(lib_a-abort.o)
 .debug_line    0x0000000000006091      0x258 /usr/local/arm-none-eabi/bin/../arm-none-eabi/sysroot/lib/libc.a(lib_a-assert.o)
 .debug_line    0x00000000000062e9      0x25d /usr/local/arm-none-eabi/bin/../arm-none-eabi/sysroot/lib/libc.a(lib_a-fiprintf.o)
 .debug_line    0x0000000000006546      0x29d /usr/local/arm-none-eabi/bin/../arm-none-eabi/sysroot/lib/libc.a(lib_a-setvbuf.o)
 .debug_line    0x00000000000067e3      0x2d2 /usr/local/arm-none-eabi/bin/../arm-none-eabi/sysroot/lib/libc.a(lib_a-signal.o)
 .debug_line    0x0000000000006ab5      0x24d /usr/local/arm-none-eabi/bin/../arm-none-eabi/sysroot/lib/libc.a(lib_a-signalr.o)
 .debug_line    0x0000000000006d02      0x241 /usr/local/arm-none-eabi/bin/../arm-none-eabi/sysroot/lib/libc.a(lib_a-malloc.o)

.debug_info     0x0000000000000000    0x1ba75
 .debug_info    0x0000000000000000       0x8d obj/ddram_applet_cstartup.o
 .debug_info    0x000000000000008d     0x1c6c obj/ddram_main.o
 .debug_info    0x0000000000001cf9      0x114 /usr/local/arm-none-eabi/bin/../lib/gcc/arm-none-eabi/4.7.3/libgcc.a(_divsi3.o)
 .debug_info    0x0000000000001e0d      0x114 /usr/local/arm-none-eabi/bin/../lib/gcc/arm-none-eabi/4.7.3/libgcc.a(_dvmd_tls.o)
 .debug_info    0x0000000000001f21      0x961 /usr/local/arm-none-eabi/bin/../arm-none-eabi/sysroot/lib/libc.a(lib_a-impure.o)
 .debug_info    0x0000000000002882      0xa8d /usr/local/arm-none-eabi/bin/../arm-none-eabi/sysroot/lib/libc.a(lib_a-iprintf.o)
 .debug_info    0x000000000000330f      0x102 /usr/local/arm-none-eabi/bin/../arm-none-eabi/sysroot/lib/libc.a(lib_a-memcpy-stub.o)
 .debug_info    0x0000000000003411       0xd3 /usr/local/arm-none-eabi/bin/../arm-none-eabi/sysroot/lib/libc.a(lib_a-memset.o)
 .debug_info    0x00000000000034e4     0x1545 /usr/local/arm-none-eabi/bin/../arm-none-eabi/sysroot/lib/libc.a(lib_a-vfiprintf.o)
 .debug_info    0x0000000000004a29      0xa01 /usr/local/arm-none-eabi/bin/../arm-none-eabi/sysroot/lib/libc.a(lib_a-wsetup.o)
 .debug_info    0x000000000000542a      0xb89 /usr/local/arm-none-eabi/bin/../arm-none-eabi/sysroot/lib/libc.a(lib_a-fflush.o)
 .debug_info    0x0000000000005fb3      0xdbc /usr/local/arm-none-eabi/bin/../arm-none-eabi/sysroot/lib/libc.a(lib_a-findfp.o)
 .debug_info    0x0000000000006d6f      0xb7f /usr/local/arm-none-eabi/bin/../arm-none-eabi/sysroot/lib/libc.a(lib_a-fputwc.o)
 .debug_info    0x00000000000078ee      0xd0e /usr/local/arm-none-eabi/bin/../arm-none-eabi/sysroot/lib/libc.a(lib_a-freer.o)
 .debug_info    0x00000000000085fc      0xd7f /usr/local/arm-none-eabi/bin/../arm-none-eabi/sysroot/lib/libc.a(lib_a-fvwrite.o)
 .debug_info    0x000000000000937b      0xa75 /usr/local/arm-none-eabi/bin/../arm-none-eabi/sysroot/lib/libc.a(lib_a-fwalk.o)
 .debug_info    0x0000000000009df0      0xd0f /usr/local/arm-none-eabi/bin/../arm-none-eabi/sysroot/lib/libc.a(lib_a-locale.o)
 .debug_info    0x000000000000aaff      0xbea /usr/local/arm-none-eabi/bin/../arm-none-eabi/sysroot/lib/libc.a(lib_a-makebuf.o)
 .debug_info    0x000000000000b6e9      0xe25 /usr/local/arm-none-eabi/bin/../arm-none-eabi/sysroot/lib/libc.a(lib_a-mallocr.o)
 .debug_info    0x000000000000c50e       0xf8 /usr/local/arm-none-eabi/bin/../arm-none-eabi/sysroot/lib/libc.a(lib_a-memchr-stub.o)
 .debug_info    0x000000000000c606      0x102 /usr/local/arm-none-eabi/bin/../arm-none-eabi/sysroot/lib/libc.a(lib_a-memmove.o)
 .debug_info    0x000000000000c708      0x985 /usr/local/arm-none-eabi/bin/../arm-none-eabi/sysroot/lib/libc.a(lib_a-mlock.o)
 .debug_info    0x000000000000d08d      0xd86 /usr/local/arm-none-eabi/bin/../arm-none-eabi/sysroot/lib/libc.a(lib_a-reallocr.o)
 .debug_info    0x000000000000de13      0x9cc /usr/local/arm-none-eabi/bin/../arm-none-eabi/sysroot/lib/libc.a(lib_a-sbrkr.o)
 .debug_info    0x000000000000e7df      0xc7c /usr/local/arm-none-eabi/bin/../arm-none-eabi/sysroot/lib/libc.a(lib_a-stdio.o)
 .debug_info    0x000000000000f45b       0xb5 /usr/local/arm-none-eabi/bin/../arm-none-eabi/sysroot/lib/libc.a(lib_a-strcmp.o)
 .debug_info    0x000000000000f510       0xcd /usr/local/arm-none-eabi/bin/../arm-none-eabi/sysroot/lib/libc.a(lib_a-strlen.o)
 .debug_info    0x000000000000f5dd       0xf6 /usr/local/arm-none-eabi/bin/../arm-none-eabi/sysroot/lib/libc.a(lib_a-strncpy.o)
 .debug_info    0x000000000000f6d3      0xaa2 /usr/local/arm-none-eabi/bin/../arm-none-eabi/sysroot/lib/libc.a(lib_a-wbuf.o)
 .debug_info    0x0000000000010175      0xaa9 /usr/local/arm-none-eabi/bin/../arm-none-eabi/sysroot/lib/libc.a(lib_a-wcrtomb.o)
 .debug_info    0x0000000000010c1e      0xa92 /usr/local/arm-none-eabi/bin/../arm-none-eabi/sysroot/lib/libc.a(lib_a-wctomb_r.o)
 .debug_info    0x00000000000116b0      0x9ff /usr/local/arm-none-eabi/bin/../arm-none-eabi/sysroot/lib/libc.a(lib_a-writer.o)
 .debug_info    0x00000000000120af      0x9b6 /usr/local/arm-none-eabi/bin/../arm-none-eabi/sysroot/lib/libc.a(lib_a-closer.o)
 .debug_info    0x0000000000012a65      0xac3 /usr/local/arm-none-eabi/bin/../arm-none-eabi/sysroot/lib/libc.a(lib_a-fclose.o)
 .debug_info    0x0000000000013528      0xb61 /usr/local/arm-none-eabi/bin/../arm-none-eabi/sysroot/lib/libc.a(lib_a-fstatr.o)
 .debug_info    0x0000000000014089      0x9b6 /usr/local/arm-none-eabi/bin/../arm-none-eabi/sysroot/lib/libc.a(lib_a-isattyr.o)
 .debug_info    0x0000000000014a3f      0x9ed /usr/local/arm-none-eabi/bin/../arm-none-eabi/sysroot/lib/libc.a(lib_a-lseekr.o)
 .debug_info    0x000000000001542c      0x9f8 /usr/local/arm-none-eabi/bin/../arm-none-eabi/sysroot/lib/libc.a(lib_a-readr.o)
 .debug_info    0x0000000000015e24      0xb22 /usr/local/arm-none-eabi/bin/../arm-none-eabi/sysroot/lib/libc.a(lib_a-reent.o)
 .debug_info    0x0000000000016946      0x114 /usr/local/arm-none-eabi/bin/../lib/gcc/arm-none-eabi/4.7.3/libgcc.a(_udivsi3.o)
 .debug_info    0x0000000000016a5a      0x110 /usr/local/arm-none-eabi/bin/../lib/gcc/arm-none-eabi/4.7.3/libgcc.a(_aeabi_uldivmod.o)
 .debug_info    0x0000000000016b6a      0x170 /usr/local/arm-none-eabi/bin/../lib/gcc/arm-none-eabi/4.7.3/libgcc.a(bpabi.o)
 .debug_info    0x0000000000016cda      0x5e5 /usr/local/arm-none-eabi/bin/../lib/gcc/arm-none-eabi/4.7.3/libgcc.a(_divdi3.o)
 .debug_info    0x00000000000172bf      0x5a4 /usr/local/arm-none-eabi/bin/../lib/gcc/arm-none-eabi/4.7.3/libgcc.a(_udivdi3.o)
 .debug_info    0x0000000000017863      0x114 /usr/local/arm-none-eabi/bin/../lib/gcc/arm-none-eabi/4.7.3/libgcc.a(_clzsi2.o)
 .debug_info    0x0000000000017977       0xdb /usr/local/arm-none-eabi/bin/../arm-none-eabi/sysroot/lib/libc.a(lib_a-abort.o)
 .debug_info    0x0000000000017a52      0xa70 /usr/local/arm-none-eabi/bin/../arm-none-eabi/sysroot/lib/libc.a(lib_a-assert.o)
 .debug_info    0x00000000000184c2      0xaa3 /usr/local/arm-none-eabi/bin/../arm-none-eabi/sysroot/lib/libc.a(lib_a-fiprintf.o)
 .debug_info    0x0000000000018f65      0xa79 /usr/local/arm-none-eabi/bin/../arm-none-eabi/sysroot/lib/libc.a(lib_a-setvbuf.o)
 .debug_info    0x00000000000199de      0xc6e /usr/local/arm-none-eabi/bin/../arm-none-eabi/sysroot/lib/libc.a(lib_a-signal.o)
 .debug_info    0x000000000001a64c      0xa37 /usr/local/arm-none-eabi/bin/../arm-none-eabi/sysroot/lib/libc.a(lib_a-signalr.o)
 .debug_info    0x000000000001b083      0x9f2 /usr/local/arm-none-eabi/bin/../arm-none-eabi/sysroot/lib/libc.a(lib_a-malloc.o)

.debug_abbrev   0x0000000000000000     0x53eb
 .debug_abbrev  0x0000000000000000       0x14 obj/ddram_applet_cstartup.o
 .debug_abbrev  0x0000000000000014      0x39c obj/ddram_main.o
 .debug_abbrev  0x00000000000003b0       0x14 /usr/local/arm-none-eabi/bin/../lib/gcc/arm-none-eabi/4.7.3/libgcc.a(_divsi3.o)
 .debug_abbrev  0x00000000000003c4       0x14 /usr/local/arm-none-eabi/bin/../lib/gcc/arm-none-eabi/4.7.3/libgcc.a(_dvmd_tls.o)
 .debug_abbrev  0x00000000000003d8      0x160 /usr/local/arm-none-eabi/bin/../arm-none-eabi/sysroot/lib/libc.a(lib_a-impure.o)
 .debug_abbrev  0x0000000000000538      0x1ed /usr/local/arm-none-eabi/bin/../arm-none-eabi/sysroot/lib/libc.a(lib_a-iprintf.o)
 .debug_abbrev  0x0000000000000725       0xa2 /usr/local/arm-none-eabi/bin/../arm-none-eabi/sysroot/lib/libc.a(lib_a-memcpy-stub.o)
 .debug_abbrev  0x00000000000007c7       0x8c /usr/local/arm-none-eabi/bin/../arm-none-eabi/sysroot/lib/libc.a(lib_a-memset.o)
 .debug_abbrev  0x0000000000000853      0x3df /usr/local/arm-none-eabi/bin/../arm-none-eabi/sysroot/lib/libc.a(lib_a-vfiprintf.o)
 .debug_abbrev  0x0000000000000c32      0x1d5 /usr/local/arm-none-eabi/bin/../arm-none-eabi/sysroot/lib/libc.a(lib_a-wsetup.o)
 .debug_abbrev  0x0000000000000e07      0x259 /usr/local/arm-none-eabi/bin/../arm-none-eabi/sysroot/lib/libc.a(lib_a-fflush.o)
 .debug_abbrev  0x0000000000001060      0x317 /usr/local/arm-none-eabi/bin/../arm-none-eabi/sysroot/lib/libc.a(lib_a-findfp.o)
 .debug_abbrev  0x0000000000001377      0x27c /usr/local/arm-none-eabi/bin/../arm-none-eabi/sysroot/lib/libc.a(lib_a-fputwc.o)
 .debug_abbrev  0x00000000000015f3      0x23a /usr/local/arm-none-eabi/bin/../arm-none-eabi/sysroot/lib/libc.a(lib_a-freer.o)
 .debug_abbrev  0x000000000000182d      0x22b /usr/local/arm-none-eabi/bin/../arm-none-eabi/sysroot/lib/libc.a(lib_a-fvwrite.o)
 .debug_abbrev  0x0000000000001a58      0x1b3 /usr/local/arm-none-eabi/bin/../arm-none-eabi/sysroot/lib/libc.a(lib_a-fwalk.o)
 .debug_abbrev  0x0000000000001c0b      0x2a1 /usr/local/arm-none-eabi/bin/../arm-none-eabi/sysroot/lib/libc.a(lib_a-locale.o)
 .debug_abbrev  0x0000000000001eac      0x1e8 /usr/local/arm-none-eabi/bin/../arm-none-eabi/sysroot/lib/libc.a(lib_a-makebuf.o)
 .debug_abbrev  0x0000000000002094      0x286 /usr/local/arm-none-eabi/bin/../arm-none-eabi/sysroot/lib/libc.a(lib_a-mallocr.o)
 .debug_abbrev  0x000000000000231a       0xa9 /usr/local/arm-none-eabi/bin/../arm-none-eabi/sysroot/lib/libc.a(lib_a-memchr-stub.o)
 .debug_abbrev  0x00000000000023c3       0x9a /usr/local/arm-none-eabi/bin/../arm-none-eabi/sysroot/lib/libc.a(lib_a-memmove.o)
 .debug_abbrev  0x000000000000245d      0x17a /usr/local/arm-none-eabi/bin/../arm-none-eabi/sysroot/lib/libc.a(lib_a-mlock.o)
 .debug_abbrev  0x00000000000025d7      0x23d /usr/local/arm-none-eabi/bin/../arm-none-eabi/sysroot/lib/libc.a(lib_a-reallocr.o)
 .debug_abbrev  0x0000000000002814      0x1dd /usr/local/arm-none-eabi/bin/../arm-none-eabi/sysroot/lib/libc.a(lib_a-sbrkr.o)
 .debug_abbrev  0x00000000000029f1      0x229 /usr/local/arm-none-eabi/bin/../arm-none-eabi/sysroot/lib/libc.a(lib_a-stdio.o)
 .debug_abbrev  0x0000000000002c1a       0x70 /usr/local/arm-none-eabi/bin/../arm-none-eabi/sysroot/lib/libc.a(lib_a-strcmp.o)
 .debug_abbrev  0x0000000000002c8a       0x8a /usr/local/arm-none-eabi/bin/../arm-none-eabi/sysroot/lib/libc.a(lib_a-strlen.o)
 .debug_abbrev  0x0000000000002d14       0x8c /usr/local/arm-none-eabi/bin/../arm-none-eabi/sysroot/lib/libc.a(lib_a-strncpy.o)
 .debug_abbrev  0x0000000000002da0      0x21a /usr/local/arm-none-eabi/bin/../arm-none-eabi/sysroot/lib/libc.a(lib_a-wbuf.o)
 .debug_abbrev  0x0000000000002fba      0x205 /usr/local/arm-none-eabi/bin/../arm-none-eabi/sysroot/lib/libc.a(lib_a-wcrtomb.o)
 .debug_abbrev  0x00000000000031bf      0x210 /usr/local/arm-none-eabi/bin/../arm-none-eabi/sysroot/lib/libc.a(lib_a-wctomb_r.o)
 .debug_abbrev  0x00000000000033cf      0x1d4 /usr/local/arm-none-eabi/bin/../arm-none-eabi/sysroot/lib/libc.a(lib_a-writer.o)
 .debug_abbrev  0x00000000000035a3      0x1cf /usr/local/arm-none-eabi/bin/../arm-none-eabi/sysroot/lib/libc.a(lib_a-closer.o)
 .debug_abbrev  0x0000000000003772      0x232 /usr/local/arm-none-eabi/bin/../arm-none-eabi/sysroot/lib/libc.a(lib_a-fclose.o)
 .debug_abbrev  0x00000000000039a4      0x1de /usr/local/arm-none-eabi/bin/../arm-none-eabi/sysroot/lib/libc.a(lib_a-fstatr.o)
 .debug_abbrev  0x0000000000003b82      0x1cf /usr/local/arm-none-eabi/bin/../arm-none-eabi/sysroot/lib/libc.a(lib_a-isattyr.o)
 .debug_abbrev  0x0000000000003d51      0x1de /usr/local/arm-none-eabi/bin/../arm-none-eabi/sysroot/lib/libc.a(lib_a-lseekr.o)
 .debug_abbrev  0x0000000000003f2f      0x1cf /usr/local/arm-none-eabi/bin/../arm-none-eabi/sysroot/lib/libc.a(lib_a-readr.o)
 .debug_abbrev  0x00000000000040fe      0x26e /usr/local/arm-none-eabi/bin/../arm-none-eabi/sysroot/lib/libc.a(lib_a-reent.o)
 .debug_abbrev  0x000000000000436c       0x14 /usr/local/arm-none-eabi/bin/../lib/gcc/arm-none-eabi/4.7.3/libgcc.a(_udivsi3.o)
 .debug_abbrev  0x0000000000004380       0x14 /usr/local/arm-none-eabi/bin/../lib/gcc/arm-none-eabi/4.7.3/libgcc.a(_aeabi_uldivmod.o)
 .debug_abbrev  0x0000000000004394       0xb5 /usr/local/arm-none-eabi/bin/../lib/gcc/arm-none-eabi/4.7.3/libgcc.a(bpabi.o)
 .debug_abbrev  0x0000000000004449      0x165 /usr/local/arm-none-eabi/bin/../lib/gcc/arm-none-eabi/4.7.3/libgcc.a(_divdi3.o)
 .debug_abbrev  0x00000000000045ae      0x154 /usr/local/arm-none-eabi/bin/../lib/gcc/arm-none-eabi/4.7.3/libgcc.a(_udivdi3.o)
 .debug_abbrev  0x0000000000004702       0x14 /usr/local/arm-none-eabi/bin/../lib/gcc/arm-none-eabi/4.7.3/libgcc.a(_clzsi2.o)
 .debug_abbrev  0x0000000000004716       0x93 /usr/local/arm-none-eabi/bin/../arm-none-eabi/sysroot/lib/libc.a(lib_a-abort.o)
 .debug_abbrev  0x00000000000047a9      0x1da /usr/local/arm-none-eabi/bin/../arm-none-eabi/sysroot/lib/libc.a(lib_a-assert.o)
 .debug_abbrev  0x0000000000004983      0x1f8 /usr/local/arm-none-eabi/bin/../arm-none-eabi/sysroot/lib/libc.a(lib_a-fiprintf.o)
 .debug_abbrev  0x0000000000004b7b      0x217 /usr/local/arm-none-eabi/bin/../arm-none-eabi/sysroot/lib/libc.a(lib_a-setvbuf.o)
 .debug_abbrev  0x0000000000004d92      0x2a8 /usr/local/arm-none-eabi/bin/../arm-none-eabi/sysroot/lib/libc.a(lib_a-signal.o)
 .debug_abbrev  0x000000000000503a      0x1da /usr/local/arm-none-eabi/bin/../arm-none-eabi/sysroot/lib/libc.a(lib_a-signalr.o)
 .debug_abbrev  0x0000000000005214      0x1d7 /usr/local/arm-none-eabi/bin/../arm-none-eabi/sysroot/lib/libc.a(lib_a-malloc.o)

.debug_aranges  0x0000000000000000      0x678
 .debug_aranges
                0x0000000000000000       0x20 obj/ddram_applet_cstartup.o
 .debug_aranges
                0x0000000000000020       0x20 obj/ddram_main.o
 .debug_aranges
                0x0000000000000040       0x20 /usr/local/arm-none-eabi/bin/../lib/gcc/arm-none-eabi/4.7.3/libgcc.a(_divsi3.o)
 .debug_aranges
                0x0000000000000060       0x20 /usr/local/arm-none-eabi/bin/../lib/gcc/arm-none-eabi/4.7.3/libgcc.a(_dvmd_tls.o)
 .debug_aranges
                0x0000000000000080       0x18 /usr/local/arm-none-eabi/bin/../arm-none-eabi/sysroot/lib/libc.a(lib_a-impure.o)
 .debug_aranges
                0x0000000000000098       0x20 /usr/local/arm-none-eabi/bin/../arm-none-eabi/sysroot/lib/libc.a(lib_a-iprintf.o)
 .debug_aranges
                0x00000000000000b8       0x20 /usr/local/arm-none-eabi/bin/../arm-none-eabi/sysroot/lib/libc.a(lib_a-memcpy-stub.o)
 .debug_aranges
                0x00000000000000d8       0x20 /usr/local/arm-none-eabi/bin/../arm-none-eabi/sysroot/lib/libc.a(lib_a-memset.o)
 .debug_aranges
                0x00000000000000f8       0x20 /usr/local/arm-none-eabi/bin/../arm-none-eabi/sysroot/lib/libc.a(lib_a-vfiprintf.o)
 .debug_aranges
                0x0000000000000118       0x20 /usr/local/arm-none-eabi/bin/../arm-none-eabi/sysroot/lib/libc.a(lib_a-wsetup.o)
 .debug_aranges
                0x0000000000000138       0x20 /usr/local/arm-none-eabi/bin/../arm-none-eabi/sysroot/lib/libc.a(lib_a-fflush.o)
 .debug_aranges
                0x0000000000000158       0x20 /usr/local/arm-none-eabi/bin/../arm-none-eabi/sysroot/lib/libc.a(lib_a-findfp.o)
 .debug_aranges
                0x0000000000000178       0x20 /usr/local/arm-none-eabi/bin/../arm-none-eabi/sysroot/lib/libc.a(lib_a-fputwc.o)
 .debug_aranges
                0x0000000000000198       0x20 /usr/local/arm-none-eabi/bin/../arm-none-eabi/sysroot/lib/libc.a(lib_a-freer.o)
 .debug_aranges
                0x00000000000001b8       0x20 /usr/local/arm-none-eabi/bin/../arm-none-eabi/sysroot/lib/libc.a(lib_a-fvwrite.o)
 .debug_aranges
                0x00000000000001d8       0x20 /usr/local/arm-none-eabi/bin/../arm-none-eabi/sysroot/lib/libc.a(lib_a-fwalk.o)
 .debug_aranges
                0x00000000000001f8       0x20 /usr/local/arm-none-eabi/bin/../arm-none-eabi/sysroot/lib/libc.a(lib_a-locale.o)
 .debug_aranges
                0x0000000000000218       0x20 /usr/local/arm-none-eabi/bin/../arm-none-eabi/sysroot/lib/libc.a(lib_a-makebuf.o)
 .debug_aranges
                0x0000000000000238       0x20 /usr/local/arm-none-eabi/bin/../arm-none-eabi/sysroot/lib/libc.a(lib_a-mallocr.o)
 .debug_aranges
                0x0000000000000258       0x20 /usr/local/arm-none-eabi/bin/../arm-none-eabi/sysroot/lib/libc.a(lib_a-memchr-stub.o)
 .debug_aranges
                0x0000000000000278       0x20 /usr/local/arm-none-eabi/bin/../arm-none-eabi/sysroot/lib/libc.a(lib_a-memmove.o)
 .debug_aranges
                0x0000000000000298       0x20 /usr/local/arm-none-eabi/bin/../arm-none-eabi/sysroot/lib/libc.a(lib_a-mlock.o)
 .debug_aranges
                0x00000000000002b8       0x20 /usr/local/arm-none-eabi/bin/../arm-none-eabi/sysroot/lib/libc.a(lib_a-reallocr.o)
 .debug_aranges
                0x00000000000002d8       0x20 /usr/local/arm-none-eabi/bin/../arm-none-eabi/sysroot/lib/libc.a(lib_a-sbrkr.o)
 .debug_aranges
                0x00000000000002f8       0x20 /usr/local/arm-none-eabi/bin/../arm-none-eabi/sysroot/lib/libc.a(lib_a-stdio.o)
 .debug_aranges
                0x0000000000000318       0x20 /usr/local/arm-none-eabi/bin/../arm-none-eabi/sysroot/lib/libc.a(lib_a-strcmp.o)
 .debug_aranges
                0x0000000000000338       0x20 /usr/local/arm-none-eabi/bin/../arm-none-eabi/sysroot/lib/libc.a(lib_a-strlen.o)
 .debug_aranges
                0x0000000000000358       0x20 /usr/local/arm-none-eabi/bin/../arm-none-eabi/sysroot/lib/libc.a(lib_a-strncpy.o)
 .debug_aranges
                0x0000000000000378       0x20 /usr/local/arm-none-eabi/bin/../arm-none-eabi/sysroot/lib/libc.a(lib_a-wbuf.o)
 .debug_aranges
                0x0000000000000398       0x20 /usr/local/arm-none-eabi/bin/../arm-none-eabi/sysroot/lib/libc.a(lib_a-wcrtomb.o)
 .debug_aranges
                0x00000000000003b8       0x20 /usr/local/arm-none-eabi/bin/../arm-none-eabi/sysroot/lib/libc.a(lib_a-wctomb_r.o)
 .debug_aranges
                0x00000000000003d8       0x20 /usr/local/arm-none-eabi/bin/../arm-none-eabi/sysroot/lib/libc.a(lib_a-writer.o)
 .debug_aranges
                0x00000000000003f8       0x20 /usr/local/arm-none-eabi/bin/../arm-none-eabi/sysroot/lib/libc.a(lib_a-closer.o)
 .debug_aranges
                0x0000000000000418       0x20 /usr/local/arm-none-eabi/bin/../arm-none-eabi/sysroot/lib/libc.a(lib_a-fclose.o)
 .debug_aranges
                0x0000000000000438       0x20 /usr/local/arm-none-eabi/bin/../arm-none-eabi/sysroot/lib/libc.a(lib_a-fstatr.o)
 .debug_aranges
                0x0000000000000458       0x20 /usr/local/arm-none-eabi/bin/../arm-none-eabi/sysroot/lib/libc.a(lib_a-isattyr.o)
 .debug_aranges
                0x0000000000000478       0x20 /usr/local/arm-none-eabi/bin/../arm-none-eabi/sysroot/lib/libc.a(lib_a-lseekr.o)
 .debug_aranges
                0x0000000000000498       0x20 /usr/local/arm-none-eabi/bin/../arm-none-eabi/sysroot/lib/libc.a(lib_a-readr.o)
 .debug_aranges
                0x00000000000004b8       0x20 /usr/local/arm-none-eabi/bin/../arm-none-eabi/sysroot/lib/libc.a(lib_a-reent.o)
 .debug_aranges
                0x00000000000004d8       0x20 /usr/local/arm-none-eabi/bin/../lib/gcc/arm-none-eabi/4.7.3/libgcc.a(_udivsi3.o)
 .debug_aranges
                0x00000000000004f8       0x20 /usr/local/arm-none-eabi/bin/../lib/gcc/arm-none-eabi/4.7.3/libgcc.a(_aeabi_uldivmod.o)
 .debug_aranges
                0x0000000000000518       0x20 /usr/local/arm-none-eabi/bin/../lib/gcc/arm-none-eabi/4.7.3/libgcc.a(bpabi.o)
 .debug_aranges
                0x0000000000000538       0x20 /usr/local/arm-none-eabi/bin/../lib/gcc/arm-none-eabi/4.7.3/libgcc.a(_divdi3.o)
 .debug_aranges
                0x0000000000000558       0x20 /usr/local/arm-none-eabi/bin/../lib/gcc/arm-none-eabi/4.7.3/libgcc.a(_udivdi3.o)
 .debug_aranges
                0x0000000000000578       0x20 /usr/local/arm-none-eabi/bin/../lib/gcc/arm-none-eabi/4.7.3/libgcc.a(_clzsi2.o)
 .debug_aranges
                0x0000000000000598       0x20 /usr/local/arm-none-eabi/bin/../arm-none-eabi/sysroot/lib/libc.a(lib_a-abort.o)
 .debug_aranges
                0x00000000000005b8       0x20 /usr/local/arm-none-eabi/bin/../arm-none-eabi/sysroot/lib/libc.a(lib_a-assert.o)
 .debug_aranges
                0x00000000000005d8       0x20 /usr/local/arm-none-eabi/bin/../arm-none-eabi/sysroot/lib/libc.a(lib_a-fiprintf.o)
 .debug_aranges
                0x00000000000005f8       0x20 /usr/local/arm-none-eabi/bin/../arm-none-eabi/sysroot/lib/libc.a(lib_a-setvbuf.o)
 .debug_aranges
                0x0000000000000618       0x20 /usr/local/arm-none-eabi/bin/../arm-none-eabi/sysroot/lib/libc.a(lib_a-signal.o)
 .debug_aranges
                0x0000000000000638       0x20 /usr/local/arm-none-eabi/bin/../arm-none-eabi/sysroot/lib/libc.a(lib_a-signalr.o)
 .debug_aranges
                0x0000000000000658       0x20 /usr/local/arm-none-eabi/bin/../arm-none-eabi/sysroot/lib/libc.a(lib_a-malloc.o)

.debug_loc      0x0000000000000000     0x6ac7
 .debug_loc     0x0000000000000000      0x242 obj/ddram_main.o
 .debug_loc     0x0000000000000242       0x8c /usr/local/arm-none-eabi/bin/../arm-none-eabi/sysroot/lib/libc.a(lib_a-iprintf.o)
 .debug_loc     0x00000000000002ce       0x39 /usr/local/arm-none-eabi/bin/../arm-none-eabi/sysroot/lib/libc.a(lib_a-memcpy-stub.o)
 .debug_loc     0x0000000000000307       0x3f /usr/local/arm-none-eabi/bin/../arm-none-eabi/sysroot/lib/libc.a(lib_a-memset.o)
 .debug_loc     0x0000000000000346     0x109c /usr/local/arm-none-eabi/bin/../arm-none-eabi/sysroot/lib/libc.a(lib_a-vfiprintf.o)
 .debug_loc     0x00000000000013e2       0x5c /usr/local/arm-none-eabi/bin/../arm-none-eabi/sysroot/lib/libc.a(lib_a-wsetup.o)
 .debug_loc     0x000000000000143e      0x258 /usr/local/arm-none-eabi/bin/../arm-none-eabi/sysroot/lib/libc.a(lib_a-fflush.o)
 .debug_loc     0x0000000000001696      0x2bb /usr/local/arm-none-eabi/bin/../arm-none-eabi/sysroot/lib/libc.a(lib_a-findfp.o)
 .debug_loc     0x0000000000001951      0x1a5 /usr/local/arm-none-eabi/bin/../arm-none-eabi/sysroot/lib/libc.a(lib_a-fputwc.o)
 .debug_loc     0x0000000000001af6      0x3bf /usr/local/arm-none-eabi/bin/../arm-none-eabi/sysroot/lib/libc.a(lib_a-freer.o)
 .debug_loc     0x0000000000001eb5      0x4e9 /usr/local/arm-none-eabi/bin/../arm-none-eabi/sysroot/lib/libc.a(lib_a-fvwrite.o)
 .debug_loc     0x000000000000239e      0x175 /usr/local/arm-none-eabi/bin/../arm-none-eabi/sysroot/lib/libc.a(lib_a-fwalk.o)
 .debug_loc     0x0000000000002513      0x141 /usr/local/arm-none-eabi/bin/../arm-none-eabi/sysroot/lib/libc.a(lib_a-locale.o)
 .debug_loc     0x0000000000002654      0x10a /usr/local/arm-none-eabi/bin/../arm-none-eabi/sysroot/lib/libc.a(lib_a-makebuf.o)