Archive member included because of file (symbol)

/usr/local/arm-none-eabi/bin/../arm-none-eabi/sysroot/lib/libc.a(lib_a-atexit.o)
                              /usr/local/arm-none-eabi/bin/../lib/gcc/arm-none-eabi/4.7.3/../../../../arm-none-eabi/lib/crt0.o (atexit)
/usr/local/arm-none-eabi/bin/../arm-none-eabi/sysroot/lib/libc.a(lib_a-exit.o)
                              /usr/local/arm-none-eabi/bin/../lib/gcc/arm-none-eabi/4.7.3/../../../../arm-none-eabi/lib/crt0.o (exit)
/usr/local/arm-none-eabi/bin/../arm-none-eabi/sysroot/lib/libc.a(lib_a-fini.o)
                              /usr/local/arm-none-eabi/bin/../lib/gcc/arm-none-eabi/4.7.3/../../../../arm-none-eabi/lib/crt0.o (__libc_fini_array)
/usr/local/arm-none-eabi/bin/../arm-none-eabi/sysroot/lib/libc.a(lib_a-impure.o)
                              /usr/local/arm-none-eabi/bin/../arm-none-eabi/sysroot/lib/libc.a(lib_a-exit.o) (_global_impure_ptr)
/usr/local/arm-none-eabi/bin/../arm-none-eabi/sysroot/lib/libc.a(lib_a-init.o)
                              /usr/local/arm-none-eabi/bin/../lib/gcc/arm-none-eabi/4.7.3/../../../../arm-none-eabi/lib/crt0.o (__libc_init_array)
/usr/local/arm-none-eabi/bin/../arm-none-eabi/sysroot/lib/libc.a(lib_a-memset.o)
                              /usr/local/arm-none-eabi/bin/../lib/gcc/arm-none-eabi/4.7.3/../../../../arm-none-eabi/lib/crt0.o (memset)
/usr/local/arm-none-eabi/bin/../arm-none-eabi/sysroot/lib/libc.a(lib_a-__atexit.o)
                              /usr/local/arm-none-eabi/bin/../arm-none-eabi/sysroot/lib/libc.a(lib_a-atexit.o) (__register_exitproc)
/usr/local/arm-none-eabi/bin/../arm-none-eabi/sysroot/lib/libc.a(lib_a-__call_atexit.o)
                              /usr/local/arm-none-eabi/bin/../arm-none-eabi/sysroot/lib/libc.a(lib_a-exit.o) (__call_exitprocs)

Discarded input sections

 .text          0x0000000000000000        0x0 /usr/local/arm-none-eabi/bin/../lib/gcc/arm-none-eabi/4.7.3/crti.o
 .data          0x0000000000000000        0x0 /usr/local/arm-none-eabi/bin/../lib/gcc/arm-none-eabi/4.7.3/crti.o
 .bss           0x0000000000000000        0x0 /usr/local/arm-none-eabi/bin/../lib/gcc/arm-none-eabi/4.7.3/crti.o
 .data          0x0000000000000000        0x4 /usr/local/arm-none-eabi/bin/../lib/gcc/arm-none-eabi/4.7.3/crtbegin.o
 .text          0x0000000000000000      0x104 /usr/local/arm-none-eabi/bin/../lib/gcc/arm-none-eabi/4.7.3/../../../../arm-none-eabi/lib/crt0.o
 .data          0x0000000000000000        0x0 /usr/local/arm-none-eabi/bin/../lib/gcc/arm-none-eabi/4.7.3/../../../../arm-none-eabi/lib/crt0.o
 .bss           0x0000000000000000        0x0 /usr/local/arm-none-eabi/bin/../lib/gcc/arm-none-eabi/4.7.3/../../../../arm-none-eabi/lib/crt0.o
 .ARM.extab     0x0000000000000000        0x0 /usr/local/arm-none-eabi/bin/../lib/gcc/arm-none-eabi/4.7.3/../../../../arm-none-eabi/lib/crt0.o
 .ARM.exidx     0x0000000000000000        0x8 /usr/local/arm-none-eabi/bin/../lib/gcc/arm-none-eabi/4.7.3/../../../../arm-none-eabi/lib/crt0.o
 .ARM.attributes
                0x0000000000000000       0x16 /usr/local/arm-none-eabi/bin/../lib/gcc/arm-none-eabi/4.7.3/../../../../arm-none-eabi/lib/crt0.o
 .debug_line    0x0000000000000000       0xdb /usr/local/arm-none-eabi/bin/../lib/gcc/arm-none-eabi/4.7.3/../../../../arm-none-eabi/lib/crt0.o
 .debug_info    0x0000000000000000      0x110 /usr/local/arm-none-eabi/bin/../lib/gcc/arm-none-eabi/4.7.3/../../../../arm-none-eabi/lib/crt0.o
 .debug_abbrev  0x0000000000000000       0x14 /usr/local/arm-none-eabi/bin/../lib/gcc/arm-none-eabi/4.7.3/../../../../arm-none-eabi/lib/crt0.o
 .debug_aranges
                0x0000000000000000       0x20 /usr/local/arm-none-eabi/bin/../lib/gcc/arm-none-eabi/4.7.3/../../../../arm-none-eabi/lib/crt0.o
 .text          0x0000000000000000        0x0 obj/sram_applet_cstartup.o
 .data          0x0000000000000000        0x0 obj/sram_applet_cstartup.o
 .bss           0x0000000000000000        0x0 obj/sram_applet_cstartup.o
 .text          0x0000000000000000        0x0 obj/sram_main.o
 .data          0x0000000000000000        0x0 obj/sram_main.o
 .bss           0x0000000000000000        0x0 obj/sram_main.o
 .text          0x0000000000000000        0x0 obj/sram_board_memories.o
 .data          0x0000000000000000        0x0 obj/sram_board_memories.o
 .bss           0x0000000000000000        0x0 obj/sram_board_memories.o
 .text.BOARD_RemapRom
                0x0000000000000000       0x24 obj/sram_board_memories.o
 .text.BOARD_RemapRam
                0x0000000000000000       0x24 obj/sram_board_memories.o
 .text.BOARD_ConfigureVddMemSel
                0x0000000000000000       0x20 obj/sram_board_memories.o
 .text.BOARD_ConfigureNandFlash
                0x0000000000000000       0x88 obj/sram_board_memories.o
 .text.BOARD_ConfigureNorFlash
                0x0000000000000000       0xa8 obj/sram_board_memories.o
 .text          0x0000000000000000        0x0 obj/sram_board_lowlevel.o
 .data          0x0000000000000000        0x0 obj/sram_board_lowlevel.o
 .bss           0x0000000000000000        0x0 obj/sram_board_lowlevel.o
 .text.defaultSpuriousHandler
                0x0000000000000000        0xc obj/sram_board_lowlevel.o
 .text.defaultFiqHandler
                0x0000000000000000        0xc obj/sram_board_lowlevel.o
 .text.defaultIrqHandler
                0x0000000000000000        0xc obj/sram_board_lowlevel.o
 .text.LowLevelInit
                0x0000000000000000      0x1c8 obj/sram_board_lowlevel.o
 .debug_info    0x0000000000000000      0x5d0 obj/sram_board_lowlevel.o
 .debug_abbrev  0x0000000000000000       0xce obj/sram_board_lowlevel.o
 .debug_loc     0x0000000000000000       0xb0 obj/sram_board_lowlevel.o
 .debug_aranges
                0x0000000000000000       0x38 obj/sram_board_lowlevel.o
 .debug_ranges  0x0000000000000000       0x28 obj/sram_board_lowlevel.o
 .debug_line    0x0000000000000000      0x1b0 obj/sram_board_lowlevel.o
 .debug_str     0x0000000000000000      0x3a6 obj/sram_board_lowlevel.o
 .comment       0x0000000000000000       0x22 obj/sram_board_lowlevel.o
 .ARM.attributes
                0x0000000000000000       0x32 obj/sram_board_lowlevel.o
 .debug_frame   0x0000000000000000       0x74 obj/sram_board_lowlevel.o
 .text          0x0000000000000000       0x20 /usr/local/arm-none-eabi/bin/../arm-none-eabi/sysroot/lib/libc.a(lib_a-atexit.o)
 .data          0x0000000000000000        0x0 /usr/local/arm-none-eabi/bin/../arm-none-eabi/sysroot/lib/libc.a(lib_a-atexit.o)
 .bss           0x0000000000000000        0x0 /usr/local/arm-none-eabi/bin/../arm-none-eabi/sysroot/lib/libc.a(lib_a-atexit.o)
 .debug_info    0x0000000000000000      0x10f /usr/local/arm-none-eabi/bin/../arm-none-eabi/sysroot/lib/libc.a(lib_a-atexit.o)
 .debug_abbrev  0x0000000000000000       0xb3 /usr/local/arm-none-eabi/bin/../arm-none-eabi/sysroot/lib/libc.a(lib_a-atexit.o)
 .debug_loc     0x0000000000000000       0x4c /usr/local/arm-none-eabi/bin/../arm-none-eabi/sysroot/lib/libc.a(lib_a-atexit.o)
 .debug_aranges
                0x0000000000000000       0x20 /usr/local/arm-none-eabi/bin/../arm-none-eabi/sysroot/lib/libc.a(lib_a-atexit.o)
 .debug_line    0x0000000000000000      0x129 /usr/local/arm-none-eabi/bin/../arm-none-eabi/sysroot/lib/libc.a(lib_a-atexit.o)
 .debug_str     0x0000000000000000      0x15c /usr/local/arm-none-eabi/bin/../arm-none-eabi/sysroot/lib/libc.a(lib_a-atexit.o)
 .comment       0x0000000000000000       0x22 /usr/local/arm-none-eabi/bin/../arm-none-eabi/sysroot/lib/libc.a(lib_a-atexit.o)
 .ARM.attributes
                0x0000000000000000       0x32 /usr/local/arm-none-eabi/bin/../arm-none-eabi/sysroot/lib/libc.a(lib_a-atexit.o)
 .debug_frame   0x0000000000000000       0x28 /usr/local/arm-none-eabi/bin/../arm-none-eabi/sysroot/lib/libc.a(lib_a-atexit.o)
 .text          0x0000000000000000       0x34 /usr/local/arm-none-eabi/bin/../arm-none-eabi/sysroot/lib/libc.a(lib_a-exit.o)
 .data          0x0000000000000000        0x0 /usr/local/arm-none-eabi/bin/../arm-none-eabi/sysroot/lib/libc.a(lib_a-exit.o)
 .bss           0x0000000000000000        0x0 /usr/local/arm-none-eabi/bin/../arm-none-eabi/sysroot/lib/libc.a(lib_a-exit.o)
 .debug_info    0x0000000000000000      0x9bc /usr/local/arm-none-eabi/bin/../arm-none-eabi/sysroot/lib/libc.a(lib_a-exit.o)
 .debug_abbrev  0x0000000000000000      0x1c6 /usr/local/arm-none-eabi/bin/../arm-none-eabi/sysroot/lib/libc.a(lib_a-exit.o)
 .debug_loc     0x0000000000000000       0x3e /usr/local/arm-none-eabi/bin/../arm-none-eabi/sysroot/lib/libc.a(lib_a-exit.o)
 .debug_aranges
                0x0000000000000000       0x20 /usr/local/arm-none-eabi/bin/../arm-none-eabi/sysroot/lib/libc.a(lib_a-exit.o)
 .debug_line    0x0000000000000000      0x253 /usr/local/arm-none-eabi/bin/../arm-none-eabi/sysroot/lib/libc.a(lib_a-exit.o)
 .debug_str     0x0000000000000000      0x4f2 /usr/local/arm-none-eabi/bin/../arm-none-eabi/sysroot/lib/libc.a(lib_a-exit.o)
 .comment       0x0000000000000000       0x22 /usr/local/arm-none-eabi/bin/../arm-none-eabi/sysroot/lib/libc.a(lib_a-exit.o)
 .ARM.attributes
                0x0000000000000000       0x32 /usr/local/arm-none-eabi/bin/../arm-none-eabi/sysroot/lib/libc.a(lib_a-exit.o)
 .debug_frame   0x0000000000000000       0x28 /usr/local/arm-none-eabi/bin/../arm-none-eabi/sysroot/lib/libc.a(lib_a-exit.o)
 .text          0x0000000000000000       0x50 /usr/local/arm-none-eabi/bin/../arm-none-eabi/sysroot/lib/libc.a(lib_a-fini.o)
 .data          0x0000000000000000        0x0 /usr/local/arm-none-eabi/bin/../arm-none-eabi/sysroot/lib/libc.a(lib_a-fini.o)
 .bss           0x0000000000000000        0x0 /usr/local/arm-none-eabi/bin/../arm-none-eabi/sysroot/lib/libc.a(lib_a-fini.o)
 .debug_info    0x0000000000000000       0xf6 /usr/local/arm-none-eabi/bin/../arm-none-eabi/sysroot/lib/libc.a(lib_a-fini.o)
 .debug_abbrev  0x0000000000000000       0xb8 /usr/local/arm-none-eabi/bin/../arm-none-eabi/sysroot/lib/libc.a(lib_a-fini.o)
 .debug_loc     0x0000000000000000       0x33 /usr/local/arm-none-eabi/bin/../arm-none-eabi/sysroot/lib/libc.a(lib_a-fini.o)
 .debug_aranges
                0x0000000000000000       0x20 /usr/local/arm-none-eabi/bin/../arm-none-eabi/sysroot/lib/libc.a(lib_a-fini.o)
 .debug_line    0x0000000000000000      0x142 /usr/local/arm-none-eabi/bin/../arm-none-eabi/sysroot/lib/libc.a(lib_a-fini.o)
 .debug_str     0x0000000000000000      0x156 /usr/local/arm-none-eabi/bin/../arm-none-eabi/sysroot/lib/libc.a(lib_a-fini.o)
 .comment       0x0000000000000000       0x22 /usr/local/arm-none-eabi/bin/../arm-none-eabi/sysroot/lib/libc.a(lib_a-fini.o)
 .ARM.attributes
                0x0000000000000000       0x32 /usr/local/arm-none-eabi/bin/../arm-none-eabi/sysroot/lib/libc.a(lib_a-fini.o)
 .debug_frame   0x0000000000000000       0x2c /usr/local/arm-none-eabi/bin/../arm-none-eabi/sysroot/lib/libc.a(lib_a-fini.o)
 .text          0x0000000000000000        0x0 /usr/local/arm-none-eabi/bin/../arm-none-eabi/sysroot/lib/libc.a(lib_a-impure.o)
 .data          0x0000000000000000      0x430 /usr/local/arm-none-eabi/bin/../arm-none-eabi/sysroot/lib/libc.a(lib_a-impure.o)
 .bss           0x0000000000000000        0x0 /usr/local/arm-none-eabi/bin/../arm-none-eabi/sysroot/lib/libc.a(lib_a-impure.o)
 .rodata        0x0000000000000000        0x4 /usr/local/arm-none-eabi/bin/../arm-none-eabi/sysroot/lib/libc.a(lib_a-impure.o)
 .rodata.str1.1
                0x0000000000000000        0x2 /usr/local/arm-none-eabi/bin/../arm-none-eabi/sysroot/lib/libc.a(lib_a-impure.o)
 .debug_info    0x0000000000000000      0x961 /usr/local/arm-none-eabi/bin/../arm-none-eabi/sysroot/lib/libc.a(lib_a-impure.o)
 .debug_abbrev  0x0000000000000000      0x160 /usr/local/arm-none-eabi/bin/../arm-none-eabi/sysroot/lib/libc.a(lib_a-impure.o)
 .debug_aranges
                0x0000000000000000       0x18 /usr/local/arm-none-eabi/bin/../arm-none-eabi/sysroot/lib/libc.a(lib_a-impure.o)
 .debug_line    0x0000000000000000      0x1b0 /usr/local/arm-none-eabi/bin/../arm-none-eabi/sysroot/lib/libc.a(lib_a-impure.o)
 .debug_str     0x0000000000000000      0x4ea /usr/local/arm-none-eabi/bin/../arm-none-eabi/sysroot/lib/libc.a(lib_a-impure.o)
 .comment       0x0000000000000000       0x22 /usr/local/arm-none-eabi/bin/../arm-none-eabi/sysroot/lib/libc.a(lib_a-impure.o)
 .ARM.attributes
                0x0000000000000000       0x32 /usr/local/arm-none-eabi/bin/../arm-none-eabi/sysroot/lib/libc.a(lib_a-impure.o)
 .text          0x0000000000000000       0x88 /usr/local/arm-none-eabi/bin/../arm-none-eabi/sysroot/lib/libc.a(lib_a-init.o)
 .data          0x0000000000000000        0x0 /usr/local/arm-none-eabi/bin/../arm-none-eabi/sysroot/lib/libc.a(lib_a-init.o)
 .bss           0x0000000000000000        0x0 /usr/local/arm-none-eabi/bin/../arm-none-eabi/sysroot/lib/libc.a(lib_a-init.o)
 .debug_info    0x0000000000000000      0x112 /usr/local/arm-none-eabi/bin/../arm-none-eabi/sysroot/lib/libc.a(lib_a-init.o)
 .debug_abbrev  0x0000000000000000       0xb8 /usr/local/arm-none-eabi/bin/../arm-none-eabi/sysroot/lib/libc.a(lib_a-init.o)
 .debug_loc     0x0000000000000000       0x74 /usr/local/arm-none-eabi/bin/../arm-none-eabi/sysroot/lib/libc.a(lib_a-init.o)
 .debug_aranges
                0x0000000000000000       0x20 /usr/local/arm-none-eabi/bin/../arm-none-eabi/sysroot/lib/libc.a(lib_a-init.o)
 .debug_line    0x0000000000000000      0x158 /usr/local/arm-none-eabi/bin/../arm-none-eabi/sysroot/lib/libc.a(lib_a-init.o)
 .debug_str     0x0000000000000000      0x180 /usr/local/arm-none-eabi/bin/../arm-none-eabi/sysroot/lib/libc.a(lib_a-init.o)
 .comment       0x0000000000000000       0x22 /usr/local/arm-none-eabi/bin/../arm-none-eabi/sysroot/lib/libc.a(lib_a-init.o)
 .ARM.attributes
                0x0000000000000000       0x32 /usr/local/arm-none-eabi/bin/../arm-none-eabi/sysroot/lib/libc.a(lib_a-init.o)
 .debug_frame   0x0000000000000000       0x2c /usr/local/arm-none-eabi/bin/../arm-none-eabi/sysroot/lib/libc.a(lib_a-init.o)
 .text          0x0000000000000000       0x1c /usr/local/arm-none-eabi/bin/../arm-none-eabi/sysroot/lib/libc.a(lib_a-memset.o)
 .data          0x0000000000000000        0x0 /usr/local/arm-none-eabi/bin/../arm-none-eabi/sysroot/lib/libc.a(lib_a-memset.o)
 .bss           0x0000000000000000        0x0 /usr/local/arm-none-eabi/bin/../arm-none-eabi/sysroot/lib/libc.a(lib_a-memset.o)
 .debug_info    0x0000000000000000       0xd3 /usr/local/arm-none-eabi/bin/../arm-none-eabi/sysroot/lib/libc.a(lib_a-memset.o)
 .debug_abbrev  0x0000000000000000       0x8c /usr/local/arm-none-eabi/bin/../arm-none-eabi/sysroot/lib/libc.a(lib_a-memset.o)
 .debug_loc     0x0000000000000000       0x3f /usr/local/arm-none-eabi/bin/../arm-none-eabi/sysroot/lib/libc.a(lib_a-memset.o)
 .debug_aranges
                0x0000000000000000       0x20 /usr/local/arm-none-eabi/bin/../arm-none-eabi/sysroot/lib/libc.a(lib_a-memset.o)
 .debug_line    0x0000000000000000      0x1bb /usr/local/arm-none-eabi/bin/../arm-none-eabi/sysroot/lib/libc.a(lib_a-memset.o)
 .debug_str     0x0000000000000000      0x11f /usr/local/arm-none-eabi/bin/../arm-none-eabi/sysroot/lib/libc.a(lib_a-memset.o)
 .comment       0x0000000000000000       0x22 /usr/local/arm-none-eabi/bin/../arm-none-eabi/sysroot/lib/libc.a(lib_a-memset.o)
 .ARM.attributes
                0x0000000000000000       0x32 /usr/local/arm-none-eabi/bin/../arm-none-eabi/sysroot/lib/libc.a(lib_a-memset.o)
 .debug_frame   0x0000000000000000       0x20 /usr/local/arm-none-eabi/bin/../arm-none-eabi/sysroot/lib/libc.a(lib_a-memset.o)
 .text          0x0000000000000000       0xe0 /usr/local/arm-none-eabi/bin/../arm-none-eabi/sysroot/lib/libc.a(lib_a-__atexit.o)
 .data          0x0000000000000000        0x0 /usr/local/arm-none-eabi/bin/../arm-none-eabi/sysroot/lib/libc.a(lib_a-__atexit.o)
 .bss           0x0000000000000000        0x0 /usr/local/arm-none-eabi/bin/../arm-none-eabi/sysroot/lib/libc.a(lib_a-__atexit.o)
 .debug_info    0x0000000000000000      0xa15 /usr/local/arm-none-eabi/bin/../arm-none-eabi/sysroot/lib/libc.a(lib_a-__atexit.o)
 .debug_abbrev  0x0000000000000000      0x1fe /usr/local/arm-none-eabi/bin/../arm-none-eabi/sysroot/lib/libc.a(lib_a-__atexit.o)
 .debug_loc     0x0000000000000000      0x120 /usr/local/arm-none-eabi/bin/../arm-none-eabi/sysroot/lib/libc.a(lib_a-__atexit.o)
 .debug_aranges
                0x0000000000000000       0x20 /usr/local/arm-none-eabi/bin/../arm-none-eabi/sysroot/lib/libc.a(lib_a-__atexit.o)
 .debug_line    0x0000000000000000      0x271 /usr/local/arm-none-eabi/bin/../arm-none-eabi/sysroot/lib/libc.a(lib_a-__atexit.o)
 .debug_str     0x0000000000000000      0x53f /usr/local/arm-none-eabi/bin/../arm-none-eabi/sysroot/lib/libc.a(lib_a-__atexit.o)
 .comment       0x0000000000000000       0x22 /usr/local/arm-none-eabi/bin/../arm-none-eabi/sysroot/lib/libc.a(lib_a-__atexit.o)
 .ARM.attributes
                0x0000000000000000       0x32 /usr/local/arm-none-eabi/bin/../arm-none-eabi/sysroot/lib/libc.a(lib_a-__atexit.o)
 .debug_frame   0x0000000000000000       0x34 /usr/local/arm-none-eabi/bin/../arm-none-eabi/sysroot/lib/libc.a(lib_a-__atexit.o)
 .text          0x0000000000000000      0x154 /usr/local/arm-none-eabi/bin/../arm-none-eabi/sysroot/lib/libc.a(lib_a-__call_atexit.o)
 .data          0x0000000000000000        0x0 /usr/local/arm-none-eabi/bin/../arm-none-eabi/sysroot/lib/libc.a(lib_a-__call_atexit.o)
 .bss           0x0000000000000000        0x0 /usr/local/arm-none-eabi/bin/../arm-none-eabi/sysroot/lib/libc.a(lib_a-__call_atexit.o)
 .debug_info    0x0000000000000000      0xa1f /usr/local/arm-none-eabi/bin/../arm-none-eabi/sysroot/lib/libc.a(lib_a-__call_atexit.o)
 .debug_abbrev  0x0000000000000000      0x20e /usr/local/arm-none-eabi/bin/../arm-none-eabi/sysroot/lib/libc.a(lib_a-__call_atexit.o)
 .debug_loc     0x0000000000000000      0x102 /usr/local/arm-none-eabi/bin/../arm-none-eabi/sysroot/lib/libc.a(lib_a-__call_atexit.o)
 .debug_aranges
                0x0000000000000000       0x20 /usr/local/arm-none-eabi/bin/../arm-none-eabi/sysroot/lib/libc.a(lib_a-__call_atexit.o)
 .debug_ranges  0x0000000000000000       0x28 /usr/local/arm-none-eabi/bin/../arm-none-eabi/sysroot/lib/libc.a(lib_a-__call_atexit.o)
 .debug_line    0x0000000000000000      0x2af /usr/local/arm-none-eabi/bin/../arm-none-eabi/sysroot/lib/libc.a(lib_a-__call_atexit.o)
 .debug_str     0x0000000000000000      0x508 /usr/local/arm-none-eabi/bin/../arm-none-eabi/sysroot/lib/libc.a(lib_a-__call_atexit.o)
 .comment       0x0000000000000000       0x22 /usr/local/arm-none-eabi/bin/../arm-none-eabi/sysroot/lib/libc.a(lib_a-__call_atexit.o)
 .ARM.attributes
                0x0000000000000000       0x32 /usr/local/arm-none-eabi/bin/../arm-none-eabi/sysroot/lib/libc.a(lib_a-__call_atexit.o)
 .debug_frame   0x0000000000000000       0x3c /usr/local/arm-none-eabi/bin/../arm-none-eabi/sysroot/lib/libc.a(lib_a-__call_atexit.o)
 .text          0x0000000000000000        0x0 /usr/local/arm-none-eabi/bin/../lib/gcc/arm-none-eabi/4.7.3/crtend.o
 .data          0x0000000000000000        0x0 /usr/local/arm-none-eabi/bin/../lib/gcc/arm-none-eabi/4.7.3/crtend.o
 .bss           0x0000000000000000        0x0 /usr/local/arm-none-eabi/bin/../lib/gcc/arm-none-eabi/4.7.3/crtend.o
 .eh_frame      0x0000000000000000        0x4 /usr/local/arm-none-eabi/bin/../lib/gcc/arm-none-eabi/4.7.3/crtend.o
 .jcr           0x0000000000000000        0x4 /usr/local/arm-none-eabi/bin/../lib/gcc/arm-none-eabi/4.7.3/crtend.o
 .text          0x0000000000000000        0x0 /usr/local/arm-none-eabi/bin/../lib/gcc/arm-none-eabi/4.7.3/crtn.o
 .data          0x0000000000000000        0x0 /usr/local/arm-none-eabi/bin/../lib/gcc/arm-none-eabi/4.7.3/crtn.o
 .bss           0x0000000000000000        0x0 /usr/local/arm-none-eabi/bin/../lib/gcc/arm-none-eabi/4.7.3/crtn.o

Memory Configuration

Name             Origin             Length             Attributes
romcodesram      0x0000000000306000 0x0000000000002000 w !xr
sram             0x0000000000308000 0x0000000000018000 w !xr
*default*        0x0000000000000000 0xffffffffffffffff

Linker script and memory map

LOAD /usr/local/arm-none-eabi/bin/../lib/gcc/arm-none-eabi/4.7.3/crti.o
LOAD /usr/local/arm-none-eabi/bin/../lib/gcc/arm-none-eabi/4.7.3/crtbegin.o
LOAD /usr/local/arm-none-eabi/bin/../lib/gcc/arm-none-eabi/4.7.3/../../../../arm-none-eabi/lib/crt0.o
LOAD obj/sram_applet_cstartup.o
LOAD obj/sram_main.o
LOAD obj/sram_board_memories.o
LOAD obj/sram_board_lowlevel.o
START GROUP
LOAD /usr/local/arm-none-eabi/bin/../lib/gcc/arm-none-eabi/4.7.3/libgcc.a
LOAD /usr/local/arm-none-eabi/bin/../arm-none-eabi/sysroot/lib/libc.a
END GROUP
START GROUP
LOAD /usr/local/arm-none-eabi/bin/../lib/gcc/arm-none-eabi/4.7.3/libgcc.a
LOAD /usr/local/arm-none-eabi/bin/../arm-none-eabi/sysroot/lib/libc.a
END GROUP
LOAD /usr/local/arm-none-eabi/bin/../lib/gcc/arm-none-eabi/4.7.3/crtend.o
LOAD /usr/local/arm-none-eabi/bin/../lib/gcc/arm-none-eabi/4.7.3/crtn.o

.fixed0         0x0000000000308000     0x1690
                0x0000000000308000                . = ALIGN (0x4)
                0x0000000000308000                _sfixed = .
 *(.textisp .textisp.*)
 .textisp       0x0000000000308000       0xf0 obj/sram_applet_cstartup.o
                0x0000000000308000                entry
 *(.text .text.* .gnu.linkonce.t.*)
 .text          0x00000000003080f0      0x128 /usr/local/arm-none-eabi/bin/../lib/gcc/arm-none-eabi/4.7.3/crtbegin.o
 .text.ExtRAM_TestOk
                0x0000000000308218      0x178 obj/sram_main.o
 .text.main     0x0000000000308390      0x374 obj/sram_main.o
                0x0000000000308390                main
 .text.BOARD_ConfigureDdram
                0x0000000000308704      0x630 obj/sram_board_memories.o
                0x0000000000308704                BOARD_ConfigureDdram
 .text.BOARD_ConfigureLpDdram1
                0x0000000000308d34      0x43c obj/sram_board_memories.o
                0x0000000000308d34                BOARD_ConfigureLpDdram1
 .text.BOARD_ConfigureLpDdram2
                0x0000000000309170      0x4d4 obj/sram_board_memories.o
                0x0000000000309170                BOARD_ConfigureLpDdram2
 .text.BOARD_ConfigureSdram
                0x0000000000309644       0x14 obj/sram_board_memories.o
                0x0000000000309644                BOARD_ConfigureSdram
 *(.glue_7t)
 .glue_7t       0x0000000000000000        0x0 linker stubs
 *(.glue_7)
 .glue_7        0x0000000000000000        0x0 linker stubs
 *(.CP15_*)
 *(.rodata .rodata* .gnu.linkonce.r.*)
 *(.ARM.extab* .gnu.linkonce.armextab.*)
                0x0000000000309658                . = ALIGN (0x4)
 *(.init)
 .init          0x0000000000309658        0xc /usr/local/arm-none-eabi/bin/../lib/gcc/arm-none-eabi/4.7.3/crti.o
                0x0000000000309658                _init
 .init          0x0000000000309664        0xc /usr/local/arm-none-eabi/bin/../lib/gcc/arm-none-eabi/4.7.3/crtn.o
                0x0000000000309670                . = ALIGN (0x4)
                0x0000000000309670                __preinit_array_start = .
 *(.preinit_array)
                0x0000000000309670                __preinit_array_end = .
                0x0000000000309670                . = ALIGN (0x4)
                0x0000000000309670                __init_array_start = .
 *(SORT(.init_array.*))
 *(.init_array)
 .init_array    0x0000000000309670        0x4 /usr/local/arm-none-eabi/bin/../lib/gcc/arm-none-eabi/4.7.3/crtbegin.o
                0x0000000000309674                __init_array_end = .
                0x0000000000309674                . = ALIGN (0x4)
 *crtbegin.o(.ctors)
 *(EXCLUDE_FILE(*crtend.o) .ctors)
 *(SORT(.ctors.*))
 *crtend.o(.ctors)
                0x0000000000309674                . = ALIGN (0x4)
 *(.fini)
 .fini          0x0000000000309674        0xc /usr/local/arm-none-eabi/bin/../lib/gcc/arm-none-eabi/4.7.3/crti.o
                0x0000000000309674                _fini
 .fini          0x0000000000309680        0xc /usr/local/arm-none-eabi/bin/../lib/gcc/arm-none-eabi/4.7.3/crtn.o
                0x000000000030968c                . = ALIGN (0x4)
                0x000000000030968c                __fini_array_start = .
 *(.fini_array)
 .fini_array    0x000000000030968c        0x4 /usr/local/arm-none-eabi/bin/../lib/gcc/arm-none-eabi/4.7.3/crtbegin.o
 *(SORT(.fini_array.*))
                0x0000000000309690                __fini_array_end = .
 *crtbegin.o(.dtors)
 *(EXCLUDE_FILE(*crtend.o) .dtors)
 *(SORT(.dtors.*))
 *crtend.o(.dtors)
 *(.data .data.*)
                0x0000000000309690                . = ALIGN (0x4)
                0x0000000000309690                _efixed = .

.vfp11_veneer   0x0000000000309690        0x0
 .vfp11_veneer  0x0000000000000000        0x0 linker stubs

.v4_bx          0x0000000000309690        0x0
 .v4_bx         0x0000000000000000        0x0 linker stubs

.iplt           0x0000000000309690        0x0
 .iplt          0x0000000000000000        0x0 /usr/local/arm-none-eabi/bin/../lib/gcc/arm-none-eabi/4.7.3/crtbegin.o

.eh_frame       0x0000000000309690        0x0
 .eh_frame      0x0000000000309690        0x0 /usr/local/arm-none-eabi/bin/../lib/gcc/arm-none-eabi/4.7.3/crtbegin.o

.rel.dyn        0x0000000000309690        0x0
 .rel.iplt      0x0000000000000000        0x0 /usr/local/arm-none-eabi/bin/../lib/gcc/arm-none-eabi/4.7.3/crtbegin.o

.jcr            0x0000000000309690        0x0
 .jcr           0x0000000000309690        0x0 /usr/local/arm-none-eabi/bin/../lib/gcc/arm-none-eabi/4.7.3/crtbegin.o

.tm_clone_table
                0x0000000000309690        0x0
 .tm_clone_table
                0x0000000000309690        0x0 /usr/local/arm-none-eabi/bin/../lib/gcc/arm-none-eabi/4.7.3/crtbegin.o
 .tm_clone_table
                0x0000000000309690        0x0 /usr/local/arm-none-eabi/bin/../lib/gcc/arm-none-eabi/4.7.3/crtend.o

.igot.plt       0x0000000000309690        0x0
 .igot.plt      0x0000000000000000        0x0 /usr/local/arm-none-eabi/bin/../lib/gcc/arm-none-eabi/4.7.3/crtbegin.o
                0x0000000000309690                . = ALIGN (0x4)
                0x0000000000309690                _etext = .

.relocate       0x0000000000309690        0x0
                0x0000000000309690                . = ALIGN (0x4)
                0x0000000000309690                _srelocate = .
                0x0000000000309690                . = ALIGN (0x4)
                0x0000000000309690                _erelocate = .

.bss            0x0000000000309690       0x1c
                0x0000000000309690                . = ALIGN (0x4)
                0x0000000000309690                _sbss = .
                0x0000000000309690                _szero = .
 *(.bss .bss.*)
 .bss           0x0000000000309690       0x1c /usr/local/arm-none-eabi/bin/../lib/gcc/arm-none-eabi/4.7.3/crtbegin.o
 *(COMMON)
                0x00000000003096ac                . = ALIGN (0x4)
                0x00000000003096ac                _ebss = .
                0x00000000003096ac                _ezero = .
                0x00000000003096ac                PROVIDE (__exidx_start, .)

.ARM.exidx
 *(.ARM.exidx* .gnu.linkonce.armexidx.*)
                0x00000000003096ac                PROVIDE (__exidx_end, .)
                0x000000000031e000                PROVIDE (_heap, 0x31e000)
                0x0000000000320000                _sstack = 0x320000
                0x00000000003096ac                . = ALIGN (0x4)
                0x00000000003096ac                _end = .
                0x00000000003096ac                end = .
OUTPUT(bin/applet-extram-sama5d3x.elf elf32-littlearm)

.ARM.attributes
                0x0000000000000000       0x2e
 .ARM.attributes
                0x0000000000000000       0x18 /usr/local/arm-none-eabi/bin/../lib/gcc/arm-none-eabi/4.7.3/crti.o
 .ARM.attributes
                0x0000000000000018       0x32 /usr/local/arm-none-eabi/bin/../lib/gcc/arm-none-eabi/4.7.3/crtbegin.o
 .ARM.attributes
                0x000000000000004a       0x18 obj/sram_applet_cstartup.o
 .ARM.attributes
                0x0000000000000062       0x32 obj/sram_main.o
 .ARM.attributes
                0x0000000000000094       0x32 obj/sram_board_memories.o
 .ARM.attributes
                0x00000000000000c6       0x32 /usr/local/arm-none-eabi/bin/../lib/gcc/arm-none-eabi/4.7.3/crtend.o
 .ARM.attributes
                0x00000000000000f8       0x1a /usr/local/arm-none-eabi/bin/../lib/gcc/arm-none-eabi/4.7.3/crtn.o

.comment        0x0000000000000000       0x21
 .comment       0x0000000000000000       0x21 /usr/local/arm-none-eabi/bin/../lib/gcc/arm-none-eabi/4.7.3/crtbegin.o
                                         0x22 (size before relaxing)
 .comment       0x0000000000000000       0x22 obj/sram_main.o
 .comment       0x0000000000000000       0x22 obj/sram_board_memories.o
 .comment       0x0000000000000000       0x22 /usr/local/arm-none-eabi/bin/../lib/gcc/arm-none-eabi/4.7.3/crtend.o

.debug_line     0x0000000000000000      0x6b5
 .debug_line    0x0000000000000000       0x71 obj/sram_applet_cstartup.o
 .debug_line    0x0000000000000071      0x152 obj/sram_main.o
 .debug_line    0x00000000000001c3      0x4f2 obj/sram_board_memories.o

.debug_info     0x0000000000000000     0x2231
 .debug_info    0x0000000000000000       0x8e obj/sram_applet_cstartup.o
 .debug_info    0x000000000000008e      0xc87 obj/sram_main.o
 .debug_info    0x0000000000000d15     0x151c obj/sram_board_memories.o

.debug_abbrev   0x0000000000000000      0x307
 .debug_abbrev  0x0000000000000000       0x14 obj/sram_applet_cstartup.o
 .debug_abbrev  0x0000000000000014      0x15e obj/sram_main.o
 .debug_abbrev  0x0000000000000172      0x195 obj/sram_board_memories.o

.debug_aranges  0x0000000000000000       0xa8
 .debug_aranges
                0x0000000000000000       0x20 obj/sram_applet_cstartup.o
 .debug_aranges
                0x0000000000000020       0x28 obj/sram_main.o
 .debug_aranges
                0x0000000000000048       0x60 obj/sram_board_memories.o

.debug_loc      0x0000000000000000      0x1e4
 .debug_loc     0x0000000000000000       0x58 obj/sram_main.o
 .debug_loc     0x0000000000000058      0x18c obj/sram_board_memories.o

.debug_ranges   0x0000000000000000       0x68
 .debug_ranges  0x0000000000000000       0x18 obj/sram_main.o
 .debug_ranges  0x0000000000000018       0x50 obj/sram_board_memories.o

.debug_str      0x0000000000000000      0xc89
 .debug_str     0x0000000000000000      0x677 obj/sram_main.o
                                        0x6ba (size before relaxing)
 .debug_str     0x0000000000000677      0x612 obj/sram_board_memories.o
                                        0xb89 (size before relaxing)

.debug_frame    0x0000000000000000      0x134
 .debug_frame   0x0000000000000000       0x44 obj/sram_main.o
 .debug_frame   0x0000000000000044       0xf0 obj/sram_board_memories.o

Cross Reference Table

Symbol                                            File
BOARD_ConfigureDdram                              obj/sram_board_memories.o
                                                  obj/sram_main.o
BOARD_ConfigureLpDdram1                           obj/sram_board_memories.o
                                                  obj/sram_main.o
BOARD_ConfigureLpDdram2                           obj/sram_board_memories.o
                                                  obj/sram_main.o
BOARD_ConfigureNandFlash                          obj/sram_board_memories.o
BOARD_ConfigureNorFlash                           obj/sram_board_memories.o
BOARD_ConfigureSdram                              obj/sram_board_memories.o
                                                  obj/sram_main.o
BOARD_ConfigureVddMemSel                          obj/sram_board_memories.o
BOARD_RemapRam                                    obj/sram_board_memories.o
BOARD_RemapRom                                    obj/sram_board_memories.o
LowLevelInit                                      obj/sram_board_lowlevel.o
PMC_EnablePeripheral                              obj/sram_board_memories.o
PMC_SelectExt12M_Osc                              obj/sram_board_lowlevel.o
PMC_SetMckDivider                                 obj/sram_board_lowlevel.o
PMC_SetMckPllaDiv                                 obj/sram_board_lowlevel.o
PMC_SetMckPrescaler                               obj/sram_board_lowlevel.o
PMC_SetPllA                                       obj/sram_board_lowlevel.o
PMC_SwitchMck2Main                                obj/sram_board_lowlevel.o
PMC_SwitchMck2Pll                                 obj/sram_board_lowlevel.o
_ITM_deregisterTMCloneTable                       /usr/local/arm-none-eabi/bin/../lib/gcc/arm-none-eabi/4.7.3/crtbegin.o
_ITM_registerTMCloneTable                         /usr/local/arm-none-eabi/bin/../lib/gcc/arm-none-eabi/4.7.3/crtbegin.o
_Jv_RegisterClasses                               /usr/local/arm-none-eabi/bin/../lib/gcc/arm-none-eabi/4.7.3/crtbegin.o
__TMC_END__                                       /usr/local/arm-none-eabi/bin/../lib/gcc/arm-none-eabi/4.7.3/crtend.o
                                                  /usr/local/arm-none-eabi/bin/../lib/gcc/arm-none-eabi/4.7.3/crtbegin.o
__bss_end__                                       /usr/local/arm-none-eabi/bin/../lib/gcc/arm-none-eabi/4.7.3/../../../../arm-none-eabi/lib/crt0.o
__bss_start__                                     /usr/local/arm-none-eabi/bin/../lib/gcc/arm-none-eabi/4.7.3/../../../../arm-none-eabi/lib/crt0.o
__call_exitprocs                                  /usr/local/arm-none-eabi/bin/../arm-none-eabi/sysroot/lib/libc.a(lib_a-__call_atexit.o)
                                                  /usr/local/arm-none-eabi/bin/../arm-none-eabi/sysroot/lib/libc.a(lib_a-exit.o)
__deregister_frame_info                           /usr/local/arm-none-eabi/bin/../lib/gcc/arm-none-eabi/4.7.3/crtbegin.o
__dso_handle                                      /usr/local/arm-none-eabi/bin/../lib/gcc/arm-none-eabi/4.7.3/crtbegin.o
__fini_array_end                                  /usr/local/arm-none-eabi/bin/../arm-none-eabi/sysroot/lib/libc.a(lib_a-fini.o)
__fini_array_start                                /usr/local/arm-none-eabi/bin/../arm-none-eabi/sysroot/lib/libc.a(lib_a-fini.o)
__init_array_end                                  /usr/local/arm-none-eabi/bin/../arm-none-eabi/sysroot/lib/libc.a(lib_a-init.o)
__init_array_start                                /usr/local/arm-none-eabi/bin/../arm-none-eabi/sysroot/lib/libc.a(lib_a-init.o)
__libc_fini_array                                 /usr/local/arm-none-eabi/bin/../arm-none-eabi/sysroot/lib/libc.a(lib_a-fini.o)
                                                  /usr/local/arm-none-eabi/bin/../lib/gcc/arm-none-eabi/4.7.3/../../../../arm-none-eabi/lib/crt0.o
__libc_init_array                                 /usr/local/arm-none-eabi/bin/../arm-none-eabi/sysroot/lib/libc.a(lib_a-init.o)
                                                  /usr/local/arm-none-eabi/bin/../lib/gcc/arm-none-eabi/4.7.3/../../../../arm-none-eabi/lib/crt0.o
__preinit_array_end                               /usr/local/arm-none-eabi/bin/../arm-none-eabi/sysroot/lib/libc.a(lib_a-init.o)
__preinit_array_start                             /usr/local/arm-none-eabi/bin/../arm-none-eabi/sysroot/lib/libc.a(lib_a-init.o)
__register_exitproc                               /usr/local/arm-none-eabi/bin/../arm-none-eabi/sysroot/lib/libc.a(lib_a-__atexit.o)
                                                  /usr/local/arm-none-eabi/bin/../arm-none-eabi/sysroot/lib/libc.a(lib_a-atexit.o)
__register_frame_info                             /usr/local/arm-none-eabi/bin/../lib/gcc/arm-none-eabi/4.7.3/crtbegin.o
__stack                                           /usr/local/arm-none-eabi/bin/../lib/gcc/arm-none-eabi/4.7.3/../../../../arm-none-eabi/lib/crt0.o
_end                                              obj/sram_main.o
_exit                                             /usr/local/arm-none-eabi/bin/../arm-none-eabi/sysroot/lib/libc.a(lib_a-exit.o)
_ezero                                            obj/sram_applet_cstartup.o
_fini                                             /usr/local/arm-none-eabi/bin/../lib/gcc/arm-none-eabi/4.7.3/crti.o
                                                  /usr/local/arm-none-eabi/bin/../arm-none-eabi/sysroot/lib/libc.a(lib_a-fini.o)
_global_impure_ptr                                /usr/local/arm-none-eabi/bin/../arm-none-eabi/sysroot/lib/libc.a(lib_a-impure.o)
                                                  /usr/local/arm-none-eabi/bin/../arm-none-eabi/sysroot/lib/libc.a(lib_a-__call_atexit.o)
                                                  /usr/local/arm-none-eabi/bin/../arm-none-eabi/sysroot/lib/libc.a(lib_a-__atexit.o)
                                                  /usr/local/arm-none-eabi/bin/../arm-none-eabi/sysroot/lib/libc.a(lib_a-exit.o)
_impure_ptr                                       /usr/local/arm-none-eabi/bin/../arm-none-eabi/sysroot/lib/libc.a(lib_a-impure.o)
_init                                             /usr/local/arm-none-eabi/bin/../lib/gcc/arm-none-eabi/4.7.3/crti.o
                                                  /usr/local/arm-none-eabi/bin/../arm-none-eabi/sysroot/lib/libc.a(lib_a-init.o)
_mainCRTStartup                                   /usr/local/arm-none-eabi/bin/../lib/gcc/arm-none-eabi/4.7.3/../../../../arm-none-eabi/lib/crt0.o
_sstack                                           obj/sram_applet_cstartup.o
_start                                            /usr/local/arm-none-eabi/bin/../lib/gcc/arm-none-eabi/4.7.3/../../../../arm-none-eabi/lib/crt0.o
_szero                                            obj/sram_applet_cstartup.o
atexit                                            /usr/local/arm-none-eabi/bin/../arm-none-eabi/sysroot/lib/libc.a(lib_a-atexit.o)
                                                  /usr/local/arm-none-eabi/bin/../lib/gcc/arm-none-eabi/4.7.3/../../../../arm-none-eabi/lib/crt0.o
defaultFiqHandler                                 obj/sram_board_lowlevel.o
defaultIrqHandler                                 obj/sram_board_lowlevel.o
defaultSpuriousHandler                            obj/sram_board_lowlevel.o
entry                                             obj/sram_applet_cstartup.o
exit                                              /usr/local/arm-none-eabi/bin/../arm-none-eabi/sysroot/lib/libc.a(lib_a-exit.o)
                                                  /usr/local/arm-none-eabi/bin/../lib/gcc/arm-none-eabi/4.7.3/../../../../arm-none-eabi/lib/crt0.o
free                                              /usr/local/arm-none-eabi/bin/../arm-none-eabi/sysroot/lib/libc.a(lib_a-__call_atexit.o)
hardware_init_hook                                /usr/local/arm-none-eabi/bin/../lib/gcc/arm-none-eabi/4.7.3/../../../../arm-none-eabi/lib/crt0.o
main                                              obj/sram_main.o
                                                  obj/sram_applet_cstartup.o
                                                  /usr/local/arm-none-eabi/bin/../lib/gcc/arm-none-eabi/4.7.3/../../../../arm-none-eabi/lib/crt0.o
malloc                                            /usr/local/arm-none-eabi/bin/../arm-none-eabi/sysroot/lib/libc.a(lib_a-__atexit.o)
memset                                            /usr/local/arm-none-eabi/bin/../arm-none-eabi/sysroot/lib/libc.a(lib_a-memset.o)
                                                  /usr/local/arm-none-eabi/bin/../lib/gcc/arm-none-eabi/4.7.3/../../../../arm-none-eabi/lib/crt0.o
software_init_hook                                /usr/local/arm-none-eabi/bin/../lib/gcc/arm-none-eabi/4.7.3/../../../../arm-none-eabi/lib/crt0.o
start                                             /usr/local/arm-none-eabi/bin/../lib/gcc/arm-none-eabi/4.7.3/../../../../arm-none-eabi/lib/crt0.o
