Archive member included because of file (symbol)

/usr/local/arm-none-eabi/bin/../arm-none-eabi/sysroot/lib/libc.a(lib_a-atexit.o)
                              /usr/local/arm-none-eabi/bin/../lib/gcc/arm-none-eabi/4.7.3/../../../../arm-none-eabi/lib/crt0.o (atexit)
/usr/local/arm-none-eabi/bin/../arm-none-eabi/sysroot/lib/libc.a(lib_a-exit.o)
                              /usr/local/arm-none-eabi/bin/../lib/gcc/arm-none-eabi/4.7.3/../../../../arm-none-eabi/lib/crt0.o (exit)
/usr/local/arm-none-eabi/bin/../arm-none-eabi/sysroot/lib/libc.a(lib_a-fini.o)
                              /usr/local/arm-none-eabi/bin/../lib/gcc/arm-none-eabi/4.7.3/../../../../arm-none-eabi/lib/crt0.o (__libc_fini_array)
/usr/local/arm-none-eabi/bin/../arm-none-eabi/sysroot/lib/libc.a(lib_a-impure.o)
                              /usr/local/arm-none-eabi/bin/../arm-none-eabi/sysroot/lib/libc.a(lib_a-exit.o) (_global_impure_ptr)
/usr/local/arm-none-eabi/bin/../arm-none-eabi/sysroot/lib/libc.a(lib_a-init.o)
                              /usr/local/arm-none-eabi/bin/../lib/gcc/arm-none-eabi/4.7.3/../../../../arm-none-eabi/lib/crt0.o (__libc_init_array)
/usr/local/arm-none-eabi/bin/../arm-none-eabi/sysroot/lib/libc.a(lib_a-iprintf.o)
                              obj/ddram_main.o (iprintf)
/usr/local/arm-none-eabi/bin/../arm-none-eabi/sysroot/lib/libc.a(lib_a-memcpy-stub.o)
                              obj/ddram_main.o (memcpy)
/usr/local/arm-none-eabi/bin/../arm-none-eabi/sysroot/lib/libc.a(lib_a-memset.o)
                              /usr/local/arm-none-eabi/bin/../lib/gcc/arm-none-eabi/4.7.3/../../../../arm-none-eabi/lib/crt0.o (memset)
/usr/local/arm-none-eabi/bin/../arm-none-eabi/sysroot/lib/libc.a(lib_a-vfiprintf.o)
                              /usr/local/arm-none-eabi/bin/../arm-none-eabi/sysroot/lib/libc.a(lib_a-iprintf.o) (_vfiprintf_r)
/usr/local/arm-none-eabi/bin/../arm-none-eabi/sysroot/lib/libc.a(lib_a-wsetup.o)
                              /usr/local/arm-none-eabi/bin/../arm-none-eabi/sysroot/lib/libc.a(lib_a-vfiprintf.o) (__swsetup_r)
/usr/local/arm-none-eabi/bin/../arm-none-eabi/sysroot/lib/libc.a(lib_a-__atexit.o)
                              /usr/local/arm-none-eabi/bin/../arm-none-eabi/sysroot/lib/libc.a(lib_a-atexit.o) (__register_exitproc)
/usr/local/arm-none-eabi/bin/../arm-none-eabi/sysroot/lib/libc.a(lib_a-__call_atexit.o)
                              /usr/local/arm-none-eabi/bin/../arm-none-eabi/sysroot/lib/libc.a(lib_a-exit.o) (__call_exitprocs)
/usr/local/arm-none-eabi/bin/../arm-none-eabi/sysroot/lib/libc.a(lib_a-fflush.o)
                              /usr/local/arm-none-eabi/bin/../arm-none-eabi/sysroot/lib/libc.a(lib_a-vfiprintf.o) (_fflush_r)
/usr/local/arm-none-eabi/bin/../arm-none-eabi/sysroot/lib/libc.a(lib_a-findfp.o)
                              /usr/local/arm-none-eabi/bin/../arm-none-eabi/sysroot/lib/libc.a(lib_a-vfiprintf.o) (__sinit)
/usr/local/arm-none-eabi/bin/../arm-none-eabi/sysroot/lib/libc.a(lib_a-fputwc.o)
                              /usr/local/arm-none-eabi/bin/../arm-none-eabi/sysroot/lib/libc.a(lib_a-vfiprintf.o) (_fputwc_r)
/usr/local/arm-none-eabi/bin/../arm-none-eabi/sysroot/lib/libc.a(lib_a-freer.o)
                              /usr/local/arm-none-eabi/bin/../arm-none-eabi/sysroot/lib/libc.a(lib_a-wsetup.o) (_free_r)
/usr/local/arm-none-eabi/bin/../arm-none-eabi/sysroot/lib/libc.a(lib_a-fvwrite.o)
                              /usr/local/arm-none-eabi/bin/../arm-none-eabi/sysroot/lib/libc.a(lib_a-vfiprintf.o) (__sfvwrite_r)
/usr/local/arm-none-eabi/bin/../arm-none-eabi/sysroot/lib/libc.a(lib_a-fwalk.o)
                              /usr/local/arm-none-eabi/bin/../arm-none-eabi/sysroot/lib/libc.a(lib_a-findfp.o) (_fwalk)
/usr/local/arm-none-eabi/bin/../arm-none-eabi/sysroot/lib/libc.a(lib_a-locale.o)
                              /usr/local/arm-none-eabi/bin/../arm-none-eabi/sysroot/lib/libc.a(lib_a-fputwc.o) (__locale_mb_cur_max)
/usr/local/arm-none-eabi/bin/../arm-none-eabi/sysroot/lib/libc.a(lib_a-makebuf.o)
                              /usr/local/arm-none-eabi/bin/../arm-none-eabi/sysroot/lib/libc.a(lib_a-wsetup.o) (__smakebuf_r)
/usr/local/arm-none-eabi/bin/../arm-none-eabi/sysroot/lib/libc.a(lib_a-mallocr.o)
                              /usr/local/arm-none-eabi/bin/../arm-none-eabi/sysroot/lib/libc.a(lib_a-findfp.o) (_malloc_r)
/usr/local/arm-none-eabi/bin/../arm-none-eabi/sysroot/lib/libc.a(lib_a-memchr-stub.o)
                              /usr/local/arm-none-eabi/bin/../arm-none-eabi/sysroot/lib/libc.a(lib_a-vfiprintf.o) (memchr)
/usr/local/arm-none-eabi/bin/../arm-none-eabi/sysroot/lib/libc.a(lib_a-memmove.o)
                              /usr/local/arm-none-eabi/bin/../arm-none-eabi/sysroot/lib/libc.a(lib_a-fvwrite.o) (memmove)
/usr/local/arm-none-eabi/bin/../arm-none-eabi/sysroot/lib/libc.a(lib_a-mlock.o)
                              /usr/local/arm-none-eabi/bin/../arm-none-eabi/sysroot/lib/libc.a(lib_a-freer.o) (__malloc_lock)
[...]
Memory Configuration

Name             Origin             Length             Attributes
romcodesram      0x0000000000306000 0x0000000000002000 w !xr
sram             0x0000000000300000 0x0000000000020000 w !xr
ddr_ebi0         0x0000000020000000 0x0000000004000000 w !xr
*default*        0x0000000000000000 0xffffffffffffffff

Linker script and memory map

LOAD /usr/local/arm-none-eabi/bin/../lib/gcc/arm-none-eabi/4.7.3/crti.o
LOAD /usr/local/arm-none-eabi/bin/../lib/gcc/arm-none-eabi/4.7.3/crtbegin.o
LOAD /usr/local/arm-none-eabi/bin/../lib/gcc/arm-none-eabi/4.7.3/../../../../arm-none-eabi/lib/crt0.o
LOAD obj/ddram_applet_cstartup.o
LOAD obj/ddram_main.o
START GROUP
LOAD /usr/local/arm-none-eabi/bin/../lib/gcc/arm-none-eabi/4.7.3/libgcc.a
LOAD /usr/local/arm-none-eabi/bin/../arm-none-eabi/sysroot/lib/libc.a
LOAD ../../libraries/libchip_sama5d3x/lib/libchip_sama5d3x_gcc_rel.a
LOAD ../../libraries/libboard_sama5d3x-ek/lib/libboard_sama5d3x_ek_gcc_rel.a
LOAD ../../libraries/libnorflash/lib/libnorflash_gcc_rel.a
END GROUP
START GROUP
LOAD /usr/local/arm-none-eabi/bin/../lib/gcc/arm-none-eabi/4.7.3/libgcc.a
LOAD /usr/local/arm-none-eabi/bin/../arm-none-eabi/sysroot/lib/libc.a
END GROUP
LOAD /usr/local/arm-none-eabi/bin/../lib/gcc/arm-none-eabi/4.7.3/crtend.o
LOAD /usr/local/arm-none-eabi/bin/../lib/gcc/arm-none-eabi/4.7.3/crtn.o

.fixed0         0x0000000020000000     0xa458
                0x0000000020000000                . = ALIGN (0x4)
                0x0000000020000000                _sfixed = .
 *(.textisp .textisp.*)
 .textisp       0x0000000020000000       0xf0 obj/ddram_applet_cstartup.o
                0x0000000020000000                entry
 *(.text .text.* .gnu.linkonce.t.*)
 .text          0x00000000200000f0      0x128 /usr/local/arm-none-eabi/bin/../lib/gcc/arm-none-eabi/4.7.3/crtbegin.o
 .text.startup.main
                0x0000000020000218      0x554 obj/ddram_main.o
                0x0000000020000218                main
 .text          0x000000002000076c       0x5c /usr/local/arm-none-eabi/bin/../arm-none-eabi/sysroot/lib/libc.a(lib_a-iprintf.o)
                0x000000002000076c                iprintf
                0x00000000200007a0                _iprintf_r
 .text          0x00000000200007c8       0x20 /usr/local/arm-none-eabi/bin/../arm-none-eabi/sysroot/lib/libc.a(lib_a-memcpy-stub.o)
                0x00000000200007c8                memcpy
 .text          0x00000000200007e8       0x1c /usr/local/arm-none-eabi/bin/../arm-none-eabi/sysroot/lib/libc.a(lib_a-memset.o)
                0x00000000200007e8                memset
 .text          0x0000000020000804     0x1004 /usr/local/arm-none-eabi/bin/../arm-none-eabi/sysroot/lib/libc.a(lib_a-vfiprintf.o)
                0x0000000020000804                __sprint_r
                0x00000000200008b4                _vfiprintf_r
                0x00000000200017dc                vfiprintf
 .text          0x0000000020001808      0x128 /usr/local/arm-none-eabi/bin/../arm-none-eabi/sysroot/lib/libc.a(lib_a-wsetup.o)
                0x0000000020001808                __swsetup_r
 .text          0x0000000020001930      0x284 /usr/local/arm-none-eabi/bin/../arm-none-eabi/sysroot/lib/libc.a(lib_a-fflush.o)
                0x0000000020001930                __sflush_r
                0x0000000020001b30                _fflush_r
                0x0000000020001b70                fflush
 .text          0x0000000020001bb4      0x2a4 /usr/local/arm-none-eabi/bin/../arm-none-eabi/sysroot/lib/libc.a(lib_a-findfp.o)
                0x0000000020001bc4                _cleanup_r
                0x0000000020001c58                __sfmoreglue
                0x0000000020001c9c                _cleanup
                0x0000000020001cac                __sinit
                0x0000000020001d24                __sfp
                0x0000000020001e00                __sfp_lock_acquire
                0x0000000020001e04                __sfp_lock_release
                0x0000000020001e08                __sinit_lock_acquire
                0x0000000020001e0c                __sinit_lock_release
                0x0000000020001e10                __fp_lock_all
                0x0000000020001e34                __fp_unlock_all
 .text          0x0000000020001e58      0x17c /usr/local/arm-none-eabi/bin/../arm-none-eabi/sysroot/lib/libc.a(lib_a-fputwc.o)
                0x0000000020001e58                _fputwc_r
                0x0000000020001f90                fputwc
 .text          0x0000000020001fd4      0x340 /usr/local/arm-none-eabi/bin/../arm-none-eabi/sysroot/lib/libc.a(lib_a-freer.o)
                0x0000000020001fd4                _malloc_trim_r
                0x00000000200020d0                _free_r
 .text          0x0000000020002314      0x454 /usr/local/arm-none-eabi/bin/../arm-none-eabi/sysroot/lib/libc.a(lib_a-fvwrite.o)
                0x0000000020002314                __sfvwrite_r
 .text          0x0000000020002768       0xf0 /usr/local/arm-none-eabi/bin/../arm-none-eabi/sysroot/lib/libc.a(lib_a-fwalk.o)
                0x0000000020002768                _fwalk
                0x00000000200027dc                _fwalk_reent
 .text          0x0000000020002858       0xd0 /usr/local/arm-none-eabi/bin/../arm-none-eabi/sysroot/lib/libc.a(lib_a-locale.o)
                0x0000000020002858                _setlocale_r
                0x00000000200028c4                __locale_charset
                0x00000000200028d0                __locale_mb_cur_max
                0x00000000200028e0                __locale_msgcharset
                0x00000000200028ec                __locale_cjk_lang
                0x00000000200028f4                _localeconv_r
                0x0000000020002900                setlocale
                0x000000002000291c                localeconv
 .text          0x0000000020002928      0x140 /usr/local/arm-none-eabi/bin/../arm-none-eabi/sysroot/lib/libc.a(lib_a-makebuf.o)
                0x0000000020002928                __smakebuf_r
 .text          0x0000000020002a68      0x618 /usr/local/arm-none-eabi/bin/../arm-none-eabi/sysroot/lib/libc.a(lib_a-mallocr.o)
                0x0000000020002a68                _malloc_r
 .text          0x0000000020003080       0x34 /usr/local/arm-none-eabi/bin/../arm-none-eabi/sysroot/lib/libc.a(lib_a-memchr-stub.o)
                0x0000000020003080                memchr
 .text          0x00000000200030b4       0x5c /usr/local/arm-none-eabi/bin/../arm-none-eabi/sysroot/lib/libc.a(lib_a-memmove.o)
                0x00000000200030b4                memmove
 .text          0x0000000020003110        0x8 /usr/local/arm-none-eabi/bin/../arm-none-eabi/sysroot/lib/libc.a(lib_a-mlock.o)
                0x0000000020003110                __malloc_lock
                0x0000000020003114                __malloc_unlock
 .text          0x0000000020003118      0x454 /usr/local/arm-none-eabi/bin/../arm-none-eabi/sysroot/lib/libc.a(lib_a-reallocr.o)
                0x0000000020003118                _realloc_r
 .text          0x000000002000356c       0x3c /usr/local/arm-none-eabi/bin/../arm-none-eabi/sysroot/lib/libc.a(lib_a-sbrkr.o)
                0x000000002000356c                _sbrk_r
 .text          0x00000000200035a8       0xd8 /usr/local/arm-none-eabi/bin/../arm-none-eabi/sysroot/lib/libc.a(lib_a-stdio.o)
                0x00000000200035a8                __sread
                0x00000000200035dc                __seofread
                0x00000000200035e4                __swrite
                0x0000000020003638                __sseek
                0x000000002000366c                __sclose
 .text          0x0000000020003680       0x1c /usr/local/arm-none-eabi/bin/../arm-none-eabi/sysroot/lib/libc.a(lib_a-strcmp.o)
                0x0000000020003680                strcmp
 .text          0x000000002000369c       0x1c /usr/local/arm-none-eabi/bin/../arm-none-eabi/sysroot/lib/libc.a(lib_a-strlen.o)
                0x000000002000369c                strlen
 .text          0x00000000200036b8       0x58 /usr/local/arm-none-eabi/bin/../arm-none-eabi/sysroot/lib/libc.a(lib_a-strncpy.o)
                0x00000000200036b8                strncpy
 .text          0x0000000020003710      0x128 /usr/local/arm-none-eabi/bin/../arm-none-eabi/sysroot/lib/libc.a(lib_a-wbuf.o)
                0x0000000020003710                __swbuf_r
                0x000000002000381c                __swbuf
 .text          0x0000000020003838       0xb0 /usr/local/arm-none-eabi/bin/../arm-none-eabi/sysroot/lib/libc.a(lib_a-wcrtomb.o)
                0x0000000020003838                _wcrtomb_r
                0x00000000200038bc                wcrtomb
 .text          0x00000000200038e8       0x74 /usr/local/arm-none-eabi/bin/../arm-none-eabi/sysroot/lib/libc.a(lib_a-wctomb_r.o)
                0x00000000200038e8                __ascii_wctomb
                0x0000000020003914                _wctomb_r
 .text          0x000000002000395c       0x44 /usr/local/arm-none-eabi/bin/../arm-none-eabi/sysroot/lib/libc.a(lib_a-writer.o)
                0x000000002000395c                _write_r
 .text          0x00000000200039a0       0x3c /usr/local/arm-none-eabi/bin/../arm-none-eabi/sysroot/lib/libc.a(lib_a-closer.o)
                0x00000000200039a0                _close_r
 .text          0x00000000200039dc       0xf0 /usr/local/arm-none-eabi/bin/../arm-none-eabi/sysroot/lib/libc.a(lib_a-fclose.o)
                0x00000000200039dc                _fclose_r
                0x0000000020003ab8                fclose
 .text          0x0000000020003acc       0x40 /usr/local/arm-none-eabi/bin/../arm-none-eabi/sysroot/lib/libc.a(lib_a-fstatr.o)
                0x0000000020003acc                _fstat_r
 .text          0x0000000020003b0c       0x3c /usr/local/arm-none-eabi/bin/../arm-none-eabi/sysroot/lib/libc.a(lib_a-isattyr.o)
                0x0000000020003b0c                _isatty_r
 .text          0x0000000020003b48       0x44 /usr/local/arm-none-eabi/bin/../arm-none-eabi/sysroot/lib/libc.a(lib_a-lseekr.o)
                0x0000000020003b48                _lseek_r
 .text          0x0000000020003b8c       0x44 /usr/local/arm-none-eabi/bin/../arm-none-eabi/sysroot/lib/libc.a(lib_a-readr.o)
                0x0000000020003b8c                _read_r
 .text.PIO_Configure
                0x0000000020003bd0      0x200 ../../libraries/libchip_sama5d3x/lib/libchip_sama5d3x_gcc_rel.a(pio.o)
                0x0000000020003bd0                PIO_Configure
 .text.PMC_EnablePeripheral
                0x0000000020003dd0       0x44 ../../libraries/libchip_sama5d3x/lib/libchip_sama5d3x_gcc_rel.a(pmc.o)
                0x0000000020003dd0                PMC_EnablePeripheral
 .text.BOARD_ConfigureNorFlash
                0x0000000020003e14       0x68 ../../libraries/libboard_sama5d3x-ek/lib/libboard_sama5d3x_ek_gcc_rel.a(board_memories.o)
                0x0000000020003e14                BOARD_ConfigureNorFlash
 .text._sbrk    0x0000000020003e7c       0x30 ../../libraries/libboard_sama5d3x-ek/lib/libboard_sama5d3x_ek_gcc_rel.a(syscalls.o)
                0x0000000020003e7c                _sbrk
 .text._close   0x0000000020003eac        0x8 ../../libraries/libboard_sama5d3x-ek/lib/libboard_sama5d3x_ek_gcc_rel.a(syscalls.o)
                0x0000000020003eac                _close
 .text._fstat   0x0000000020003eb4       0x10 ../../libraries/libboard_sama5d3x-ek/lib/libboard_sama5d3x_ek_gcc_rel.a(syscalls.o)
                0x0000000020003eb4                _fstat
 .text._isatty  0x0000000020003ec4        0x8 ../../libraries/libboard_sama5d3x-ek/lib/libboard_sama5d3x_ek_gcc_rel.a(syscalls.o)
                0x0000000020003ec4                _isatty
 .text._lseek   0x0000000020003ecc        0x8 ../../libraries/libboard_sama5d3x-ek/lib/libboard_sama5d3x_ek_gcc_rel.a(syscalls.o)
                0x0000000020003ecc                _lseek
 .text._read    0x0000000020003ed4        0x8 ../../libraries/libboard_sama5d3x-ek/lib/libboard_sama5d3x_ek_gcc_rel.a(syscalls.o)
                0x0000000020003ed4                _read
 .text._write   0x0000000020003edc       0x40 ../../libraries/libboard_sama5d3x-ek/lib/libboard_sama5d3x_ek_gcc_rel.a(syscalls.o)
                0x0000000020003edc                _write
 .text._exit    0x0000000020003f1c       0x24 ../../libraries/libboard_sama5d3x-ek/lib/libboard_sama5d3x_ek_gcc_rel.a(syscalls.o)
                0x0000000020003f1c                _exit
 .text._kill    0x0000000020003f40        0x4 ../../libraries/libboard_sama5d3x-ek/lib/libboard_sama5d3x_ek_gcc_rel.a(syscalls.o)
                0x0000000020003f40                _kill
 .text._getpid  0x0000000020003f44        0x8 ../../libraries/libboard_sama5d3x-ek/lib/libboard_sama5d3x_ek_gcc_rel.a(syscalls.o)
                0x0000000020003f44                _getpid
 .text.DBGU_Configure
                0x0000000020003f4c       0xe0 ../../libraries/libboard_sama5d3x-ek/lib/libboard_sama5d3x_ek_gcc_rel.a(dbgu_console.o)
                0x0000000020003f4c                DBGU_Configure
 .text.DBGU_PutChar
                0x000000002000402c       0x60 ../../libraries/libboard_sama5d3x-ek/lib/libboard_sama5d3x_ek_gcc_rel.a(dbgu_console.o)
                0x000000002000402c                DBGU_PutChar
 .text.NORFLASH_Reset
                0x000000002000408c       0x74 ../../libraries/libnorflash/lib/libnorflash_gcc_rel.a(NorFlashApi.o)
                0x000000002000408c                NORFLASH_Reset
 .text.NORFLASH_ReadDeviceID
                0x0000000020004100       0x78 ../../libraries/libnorflash/lib/libnorflash_gcc_rel.a(NorFlashApi.o)
                0x0000000020004100                NORFLASH_ReadDeviceID
 .text.NORFLASH_EraseSector
                0x0000000020004178       0x8c ../../libraries/libnorflash/lib/libnorflash_gcc_rel.a(NorFlashApi.o)
                0x0000000020004178                NORFLASH_EraseSector
 .text.NORFLASH_EraseChip
                0x0000000020004204       0x80 ../../libraries/libnorflash/lib/libnorflash_gcc_rel.a(NorFlashApi.o)
                0x0000000020004204                NORFLASH_EraseChip
 .text.NORFLASH_WriteData
                0x0000000020004284       0xa4 ../../libraries/libnorflash/lib/libnorflash_gcc_rel.a(NorFlashApi.o)
                0x0000000020004284                NORFLASH_WriteData
 .text.NORFLASH_ReadData
                0x0000000020004328      0x138 ../../libraries/libnorflash/lib/libnorflash_gcc_rel.a(NorFlashApi.o)
                0x0000000020004328                NORFLASH_ReadData
 .text.NorFlash_CFI_DumpConfigruation
                0x0000000020004460      0x590 ../../libraries/libnorflash/lib/libnorflash_gcc_rel.a(NorFlashCFI.o)
 .text.NorFlash_GetDeviceNumOfBlocks
                0x00000000200049f0       0x9c ../../libraries/libnorflash/lib/libnorflash_gcc_rel.a(NorFlashCFI.o)
                0x00000000200049f0                NorFlash_GetDeviceNumOfBlocks
 .text.NorFlash_GetDeviceMaxBlockSize
                0x0000000020004a8c       0xcc ../../libraries/libnorflash/lib/libnorflash_gcc_rel.a(NorFlashCFI.o)
                0x0000000020004a8c                NorFlash_GetDeviceMaxBlockSize
 .text.NorFlash_GetDeviceSectorInRegion
                0x0000000020004b58      0x130 ../../libraries/libnorflash/lib/libnorflash_gcc_rel.a(NorFlashCFI.o)
                0x0000000020004b58                NorFlash_GetDeviceSectorInRegion
 .text.NorFlash_GetDeviceSectorAddress
                0x0000000020004c88      0x130 ../../libraries/libnorflash/lib/libnorflash_gcc_rel.a(NorFlashCFI.o)
                0x0000000020004c88                NorFlash_GetDeviceSectorAddress
 .text.NorFlash_GetByteAddress
                0x0000000020004db8       0x34 ../../libraries/libnorflash/lib/libnorflash_gcc_rel.a(NorFlashCFI.o)
                0x0000000020004db8                NorFlash_GetByteAddress
 .text.NorFlash_GetByteAddressInChip
                0x0000000020004dec       0x40 ../../libraries/libnorflash/lib/libnorflash_gcc_rel.a(NorFlashCFI.o)
                0x0000000020004dec                NorFlash_GetByteAddressInChip
 .text.NorFlash_GetAddressInChip
                0x0000000020004e2c       0x34 ../../libraries/libnorflash/lib/libnorflash_gcc_rel.a(NorFlashCFI.o)
                0x0000000020004e2c                NorFlash_GetAddressInChip
 .text.NorFlash_GetDataBusWidth
                0x0000000020004e60       0x30 ../../libraries/libnorflash/lib/libnorflash_gcc_rel.a(NorFlashCFI.o)
                0x0000000020004e60                NorFlash_GetDataBusWidth
 .text.NorFlash_GetDeviceSizeInBytes
                0x0000000020004e90       0x34 ../../libraries/libnorflash/lib/libnorflash_gcc_rel.a(NorFlashCFI.o)
                0x0000000020004e90                NorFlash_GetDeviceSizeInBytes
 .text.NorFlash_CFI_Detect
                0x0000000020004ec4      0x4e8 ../../libraries/libnorflash/lib/libnorflash_gcc_rel.a(NorFlashCFI.o)
                0x0000000020004ec4                NorFlash_CFI_Detect
 .text.WriteCommand
                0x00000000200053ac       0x8c ../../libraries/libnorflash/lib/libnorflash_gcc_rel.a(NorFlashCommon.o)
                0x00000000200053ac                WriteCommand
 .text.ReadRawData
                0x0000000020005438       0xa0 ../../libraries/libnorflash/lib/libnorflash_gcc_rel.a(NorFlashCommon.o)
                0x0000000020005438                ReadRawData
 .text.WriteRawData
                0x00000000200054d8       0x94 ../../libraries/libnorflash/lib/libnorflash_gcc_rel.a(NorFlashCommon.o)
                0x00000000200054d8                WriteRawData
 .text.intel_Reset
                0x000000002000556c       0x7c ../../libraries/libnorflash/lib/libnorflash_gcc_rel.a(NorFlashIntel.o)
 .text.intel_ReadIdentification
                0x00000000200055e8      0x128 ../../libraries/libnorflash/lib/libnorflash_gcc_rel.a(NorFlashIntel.o)
 .text.intel_ReadStatus
                0x0000000020005710       0xa8 ../../libraries/libnorflash/lib/libnorflash_gcc_rel.a(NorFlashIntel.o)
 .text.intel_ClearStatus
                0x00000000200057b8       0x74 ../../libraries/libnorflash/lib/libnorflash_gcc_rel.a(NorFlashIntel.o)
 .text.intel_UnlockSector
                0x000000002000582c       0xc0 ../../libraries/libnorflash/lib/libnorflash_gcc_rel.a(NorFlashIntel.o)
 .text.intel_GetBlockLockStatus
                0x00000000200058ec       0x64 ../../libraries/libnorflash/lib/libnorflash_gcc_rel.a(NorFlashIntel.o)
 .text.intel_Program
                0x0000000020005950      0x188 ../../libraries/libnorflash/lib/libnorflash_gcc_rel.a(NorFlashIntel.o)
 .text.INTEL_Reset
                0x0000000020005ad8       0x38 ../../libraries/libnorflash/lib/libnorflash_gcc_rel.a(NorFlashIntel.o)
                0x0000000020005ad8                INTEL_Reset
 .text.INTEL_ReadDeviceID
                0x0000000020005b10       0x3c ../../libraries/libnorflash/lib/libnorflash_gcc_rel.a(NorFlashIntel.o)
                0x0000000020005b10                INTEL_ReadDeviceID
 .text.INTEL_EraseSector
                0x0000000020005b4c      0x21c ../../libraries/libnorflash/lib/libnorflash_gcc_rel.a(NorFlashIntel.o)
                0x0000000020005b4c                INTEL_EraseSector
 .text.INTEL_EraseChip
                0x0000000020005d68       0xac ../../libraries/libnorflash/lib/libnorflash_gcc_rel.a(NorFlashIntel.o)
                0x0000000020005d68                INTEL_EraseChip
 .text.INTEL_Write_Data
                0x0000000020005e14      0x1f4 ../../libraries/libnorflash/lib/libnorflash_gcc_rel.a(NorFlashIntel.o)
                0x0000000020005e14                INTEL_Write_Data
 .text.amd_Reset
                0x0000000020006008       0xe8 ../../libraries/libnorflash/lib/libnorflash_gcc_rel.a(NorFlashAmd.o)
 .text.amd_ReadIdentification
                0x00000000200060f0      0x1d0 ../../libraries/libnorflash/lib/libnorflash_gcc_rel.a(NorFlashAmd.o)
 .text.amd_Program
                0x00000000200062c0      0x204 ../../libraries/libnorflash/lib/libnorflash_gcc_rel.a(NorFlashAmd.o)
 .text.AMD_Reset
                0x00000000200064c4       0x38 ../../libraries/libnorflash/lib/libnorflash_gcc_rel.a(NorFlashAmd.o)
                0x00000000200064c4                AMD_Reset
 .text.AMD_ReadDeviceID
                0x00000000200064fc       0x3c ../../libraries/libnorflash/lib/libnorflash_gcc_rel.a(NorFlashAmd.o)
                0x00000000200064fc                AMD_ReadDeviceID
 .text.AMD_EraseSector
                0x0000000020006538      0x250 ../../libraries/libnorflash/lib/libnorflash_gcc_rel.a(NorFlashAmd.o)
                0x0000000020006538                AMD_EraseSector
 .text.AMD_EraseChip
                0x0000000020006788      0x278 ../../libraries/libnorflash/lib/libnorflash_gcc_rel.a(NorFlashAmd.o)
                0x0000000020006788                AMD_EraseChip
 .text.AMD_Write_Data
                0x0000000020006a00      0x1f4 ../../libraries/libnorflash/lib/libnorflash_gcc_rel.a(NorFlashAmd.o)
                0x0000000020006a00                AMD_Write_Data
 .text          0x0000000020006bf4      0x114 /usr/local/arm-none-eabi/bin/../lib/gcc/arm-none-eabi/4.7.3/libgcc.a(_udivsi3.o)
                0x0000000020006bf4                __udivsi3
                0x0000000020006bf4                __aeabi_uidiv
                0x0000000020006ce8                __aeabi_uidivmod
 .text          0x0000000020006d08        0x4 /usr/local/arm-none-eabi/bin/../lib/gcc/arm-none-eabi/4.7.3/libgcc.a(_dvmd_tls.o)
                0x0000000020006d08                __aeabi_ldiv0
                0x0000000020006d08                __aeabi_idiv0
 .text          0x0000000020006d0c       0x3c /usr/local/arm-none-eabi/bin/../lib/gcc/arm-none-eabi/4.7.3/libgcc.a(_aeabi_uldivmod.o)
                0x0000000020006d0c                __aeabi_uldivmod
 .text          0x0000000020006d48       0x84 /usr/local/arm-none-eabi/bin/../lib/gcc/arm-none-eabi/4.7.3/libgcc.a(bpabi.o)
                0x0000000020006d48                __gnu_ldivmod_helper
                0x0000000020006d8c                __gnu_uldivmod_helper
 .text          0x0000000020006dcc      0x4f8 /usr/local/arm-none-eabi/bin/../lib/gcc/arm-none-eabi/4.7.3/libgcc.a(_divdi3.o)
                0x0000000020006dcc                __divdi3
 .text          0x00000000200072c4      0x498 /usr/local/arm-none-eabi/bin/../lib/gcc/arm-none-eabi/4.7.3/libgcc.a(_udivdi3.o)
                0x00000000200072c4                __udivdi3
 .text          0x000000002000775c      0xfb0 /usr/local/arm-none-eabi/bin/../lib/gcc/arm-none-eabi/4.7.3/libgcc.a(unwind-arm.o)
                0x0000000020007be4                _Unwind_GetCFA
                0x0000000020007bec                __gnu_Unwind_RaiseException
                0x0000000020007c98                __gnu_Unwind_ForcedUnwind
                0x0000000020007cbc                __gnu_Unwind_Resume
                0x0000000020007d34                __gnu_Unwind_Resume_or_Rethrow
                0x0000000020007d54                _Unwind_Complete
                0x0000000020007d58                _Unwind_DeleteException
                0x0000000020007d7c                _Unwind_VRS_Get
                0x0000000020007df0                _Unwind_VRS_Set
                0x0000000020008294                __aeabi_unwind_cpp_pr2
                0x000000002000829c                __aeabi_unwind_cpp_pr1
                0x00000000200082a4                __aeabi_unwind_cpp_pr0
                0x00000000200082ac                __gnu_Unwind_Backtrace
                0x0000000020008378                _Unwind_VRS_Pop
 .text          0x000000002000870c      0x1b0 /usr/local/arm-none-eabi/bin/../lib/gcc/arm-none-eabi/4.7.3/libgcc.a(libunwind.o)
                0x000000002000870c                __restore_core_regs
                0x000000002000870c                restore_core_regs
                0x0000000020008728                __gnu_Unwind_Restore_VFP
                0x0000000020008730                __gnu_Unwind_Save_VFP
                0x0000000020008738                __gnu_Unwind_Restore_VFP_D
                0x0000000020008740                __gnu_Unwind_Save_VFP_D
                0x0000000020008748                __gnu_Unwind_Restore_VFP_D_16_to_31
                0x0000000020008750                __gnu_Unwind_Save_VFP_D_16_to_31
                0x0000000020008758                __gnu_Unwind_Restore_WMMXD
                0x000000002000879c                __gnu_Unwind_Save_WMMXD
                0x00000000200087e0                __gnu_Unwind_Restore_WMMXC
                0x00000000200087f4                __gnu_Unwind_Save_WMMXC
                0x0000000020008808                ___Unwind_RaiseException
                0x0000000020008808                _Unwind_RaiseException
                0x000000002000882c                ___Unwind_Resume
                0x000000002000882c                _Unwind_Resume
                0x0000000020008850                _Unwind_Resume_or_Rethrow
                0x0000000020008850                ___Unwind_Resume_or_Rethrow
                0x0000000020008874                ___Unwind_ForcedUnwind
                0x0000000020008874                _Unwind_ForcedUnwind
                0x0000000020008898                _Unwind_Backtrace
                0x0000000020008898                ___Unwind_Backtrace
 .text          0x00000000200088bc      0x53c /usr/local/arm-none-eabi/bin/../lib/gcc/arm-none-eabi/4.7.3/libgcc.a(pr-support.o)
                0x0000000020008950                __gnu_unwind_execute
                0x0000000020008d6c                __gnu_unwind_frame
                0x0000000020008db4                _Unwind_GetRegionStart
                0x0000000020008dc8                _Unwind_GetLanguageSpecificData
                0x0000000020008de8                _Unwind_GetDataRelBase
                0x0000000020008df0                _Unwind_GetTextRelBase
 .text          0x0000000020008df8       0x48 /usr/local/arm-none-eabi/bin/../lib/gcc/arm-none-eabi/4.7.3/libgcc.a(_clzsi2.o)
                0x0000000020008df8                __clzsi2
 .text          0x0000000020008e40       0x14 /usr/local/arm-none-eabi/bin/../arm-none-eabi/sysroot/lib/libc.a(lib_a-abort.o)
                0x0000000020008e40                abort
 .text          0x0000000020008e54      0x164 /usr/local/arm-none-eabi/bin/../arm-none-eabi/sysroot/lib/libc.a(lib_a-setvbuf.o)
                0x0000000020008e54                setvbuf
 .text          0x0000000020008fb8      0x22c /usr/local/arm-none-eabi/bin/../arm-none-eabi/sysroot/lib/libc.a(lib_a-signal.o)
                0x0000000020008fb8                _init_signal_r
                0x0000000020009014                _signal_r
                0x0000000020009068                _raise_r
                0x0000000020009100                __sigtramp_r
                0x0000000020009190                raise
                0x00000000200091a4                signal
                0x00000000200091c0                _init_signal
                0x00000000200091d0                __sigtramp
 .text          0x00000000200091e4       0x50 /usr/local/arm-none-eabi/bin/../arm-none-eabi/sysroot/lib/libc.a(lib_a-signalr.o)
                0x00000000200091e4                _kill_r
                0x0000000020009224                _getpid_r
 .text          0x0000000020009234       0x40 /usr/local/arm-none-eabi/bin/../arm-none-eabi/sysroot/lib/libc.a(lib_a-malloc.o)
                0x0000000020009234                malloc
                0x0000000020009254                free
 *(.glue_7t)
 .glue_7t       0x0000000000000000        0x0 linker stubs
 *(.glue_7)
 .glue_7        0x0000000000000000        0x0 linker stubs
 *(.CP15_*)
 *(.rodata .rodata* .gnu.linkonce.r.*)
 .rodata        0x0000000020009274       0x10 obj/ddram_main.o
 .rodata.str1.1
                0x0000000020009284      0x2b3 obj/ddram_main.o
 *fill*         0x0000000020009537        0x1 00
 .rodata        0x0000000020009538        0x4 /usr/local/arm-none-eabi/bin/../arm-none-eabi/sysroot/lib/libc.a(lib_a-impure.o)
                0x0000000020009538                _global_impure_ptr
 .rodata.str1.1
                0x000000002000953c        0x2 /usr/local/arm-none-eabi/bin/../arm-none-eabi/sysroot/lib/libc.a(lib_a-impure.o)
 .rodata        0x000000002000953e       0x20 /usr/local/arm-none-eabi/bin/../arm-none-eabi/sysroot/lib/libc.a(lib_a-vfiprintf.o)
 .rodata.str1.1
                0x000000002000955e       0x22 /usr/local/arm-none-eabi/bin/../arm-none-eabi/sysroot/lib/libc.a(lib_a-vfiprintf.o)
 .rodata.str1.1
                0x0000000020009580        0x8 /usr/local/arm-none-eabi/bin/../arm-none-eabi/sysroot/lib/libc.a(lib_a-locale.o)
                                          0xb (size before relaxing)
 .rodata.str1.1
                0x0000000020009588       0x19 ../../libraries/libboard_sama5d3x-ek/lib/libboard_sama5d3x_ek_gcc_rel.a(syscalls.o)
 *fill*         0x00000000200095a1        0x3 00
 .rodata        0x00000000200095a4       0x24 ../../libraries/libboard_sama5d3x-ek/lib/libboard_sama5d3x_ek_gcc_rel.a(dbgu_console.o)
 .rodata        0x00000000200095c8      0x544 ../../libraries/libnorflash/lib/libnorflash_gcc_rel.a(NorFlashCFI.o)
 *(.ARM.extab* .gnu.linkonce.armextab.*)
 .ARM.extab     0x0000000020009b0c       0x18 /usr/local/arm-none-eabi/bin/../lib/gcc/arm-none-eabi/4.7.3/libgcc.a(unwind-arm.o)
 .ARM.extab     0x0000000020009b24       0x18 /usr/local/arm-none-eabi/bin/../lib/gcc/arm-none-eabi/4.7.3/libgcc.a(pr-support.o)
                0x0000000020009b3c                . = ALIGN (0x4)
 *(.init)
 .init          0x0000000020009b3c        0xc /usr/local/arm-none-eabi/bin/../lib/gcc/arm-none-eabi/4.7.3/crti.o
                0x0000000020009b3c                _init
 .init          0x0000000020009b48        0xc /usr/local/arm-none-eabi/bin/../lib/gcc/arm-none-eabi/4.7.3/crtn.o
                0x0000000020009b54                . = ALIGN (0x4)
                0x0000000020009b54                __preinit_array_start = .
 *(.preinit_array)
                0x0000000020009b54                __preinit_array_end = .
                0x0000000020009b54                . = ALIGN (0x4)
                0x0000000020009b54                __init_array_start = .
 *(SORT(.init_array.*))
 *(.init_array)
 .init_array    0x0000000020009b54        0x4 /usr/local/arm-none-eabi/bin/../lib/gcc/arm-none-eabi/4.7.3/crtbegin.o
                0x0000000020009b58                __init_array_end = .
                0x0000000020009b58                . = ALIGN (0x4)
 *crtbegin.o(.ctors)
 *(EXCLUDE_FILE(*crtend.o) .ctors)
 *(SORT(.ctors.*))
 *crtend.o(.ctors)
                0x0000000020009b58                . = ALIGN (0x4)
 *(.fini)
 .fini          0x0000000020009b58        0xc /usr/local/arm-none-eabi/bin/../lib/gcc/arm-none-eabi/4.7.3/crti.o
                0x0000000020009b58                _fini
 .fini          0x0000000020009b64        0xc /usr/local/arm-none-eabi/bin/../lib/gcc/arm-none-eabi/4.7.3/crtn.o
                0x0000000020009b70                . = ALIGN (0x4)
                0x0000000020009b70                __fini_array_start = .
 *(.fini_array)
 .fini_array    0x0000000020009b70        0x4 /usr/local/arm-none-eabi/bin/../lib/gcc/arm-none-eabi/4.7.3/crtbegin.o
 *(SORT(.fini_array.*))
                0x0000000020009b74                __fini_array_end = .
 *crtbegin.o(.dtors)
 *(EXCLUDE_FILE(*crtend.o) .dtors)
 *(SORT(.dtors.*))
 *crtend.o(.dtors)
 *(.data .data.*)
 .data          0x0000000020009b74        0x2 obj/ddram_main.o
 *fill*         0x0000000020009b76        0x2 00
 .data          0x0000000020009b78      0x430 /usr/local/arm-none-eabi/bin/../arm-none-eabi/sysroot/lib/libc.a(lib_a-impure.o)
                0x0000000020009b78                _impure_ptr
 .data          0x0000000020009fa8       0x7c /usr/local/arm-none-eabi/bin/../arm-none-eabi/sysroot/lib/libc.a(lib_a-locale.o)
                0x0000000020009fc8                __mb_cur_max
 .data          0x000000002000a024      0x410 /usr/local/arm-none-eabi/bin/../arm-none-eabi/sysroot/lib/libc.a(lib_a-mallocr.o)
                0x000000002000a024                __malloc_av_
                0x000000002000a42c                __malloc_sbrk_base
                0x000000002000a430                __malloc_trim_threshold
 .data          0x000000002000a434        0x4 /usr/local/arm-none-eabi/bin/../arm-none-eabi/sysroot/lib/libc.a(lib_a-wctomb_r.o)
                0x000000002000a434                __wctomb
 .data          0x000000002000a438        0x4 ../../libraries/libboard_sama5d3x-ek/lib/libboard_sama5d3x_ek_gcc_rel.a(trace.o)
                0x000000002000a438                dwTraceLevel
 .data          0x000000002000a43c       0x1c ../../libraries/libboard_sama5d3x-ek/lib/libboard_sama5d3x_ek_gcc_rel.a(dbgu_console.o)
                0x000000002000a458                . = ALIGN (0x4)
                0x000000002000a458                _efixed = .

.vfp11_veneer   0x000000002000a458        0x0
 .vfp11_veneer  0x0000000000000000        0x0 linker stubs

.v4_bx          0x000000002000a458        0x0
 .v4_bx         0x0000000000000000        0x0 linker stubs

.iplt           0x000000002000a458        0x0
 .iplt          0x0000000000000000        0x0 /usr/local/arm-none-eabi/bin/../lib/gcc/arm-none-eabi/4.7.3/crtbegin.o

.rel.dyn        0x000000002000a458        0x0
 .rel.iplt      0x0000000000000000        0x0 /usr/local/arm-none-eabi/bin/../lib/gcc/arm-none-eabi/4.7.3/crtbegin.o
                0x000000002000a458                . = ALIGN (0x4)
                0x000000002000a458                _etext = .

.relocate       0x000000002000a458        0x0
                0x000000002000a458                . = ALIGN (0x4)
                0x000000002000a458                _srelocate = .
                0x000000002000a458                . = ALIGN (0x4)
                0x000000002000a458                _erelocate = .

.bss            0x000000002000a458       0xd4
                0x000000002000a458                . = ALIGN (0x4)
                0x000000002000a458                _sbss = .
                0x000000002000a458                _szero = .
 *(.bss .bss.*)
 .bss           0x000000002000a458       0x1c /usr/local/arm-none-eabi/bin/../lib/gcc/arm-none-eabi/4.7.3/crtbegin.o
 .bss           0x000000002000a474       0x78 obj/ddram_main.o
 .bss           0x000000002000a4ec       0x34 /usr/local/arm-none-eabi/bin/../arm-none-eabi/sysroot/lib/libc.a(lib_a-mallocr.o)
                0x000000002000a4ec                __malloc_top_pad
                0x000000002000a4f0                __malloc_current_mallinfo
                0x000000002000a518                __malloc_max_sbrked_mem
                0x000000002000a51c                __malloc_max_total_mem
 .bss           0x000000002000a520        0x4 ../../libraries/libboard_sama5d3x-ek/lib/libboard_sama5d3x_ek_gcc_rel.a(syscalls.o)
 .bss           0x000000002000a524        0x1 ../../libraries/libboard_sama5d3x-ek/lib/libboard_sama5d3x_ek_gcc_rel.a(dbgu_console.o)
                0x000000002000a524                _bConsoleIsInitialized
 *(COMMON)
 *fill*         0x000000002000a525        0x3 00
 COMMON         0x000000002000a528        0x4 /usr/local/arm-none-eabi/bin/../arm-none-eabi/sysroot/lib/libc.a(lib_a-reent.o)
                0x000000002000a528                errno
                0x000000002000a52c                . = ALIGN (0x4)
                0x000000002000a52c                _ebss = .
                0x000000002000a52c                _ezero = .
                0x000000002000a52c                PROVIDE (__exidx_start, .)

.ARM.exidx      0x000000002000a52c       0xd0
 *(.ARM.exidx* .gnu.linkonce.armexidx.*)
 .ARM.exidx     0x000000002000a52c        0x8 /usr/local/arm-none-eabi/bin/../lib/gcc/arm-none-eabi/4.7.3/libgcc.a(_divdi3.o)
 .ARM.exidx     0x000000002000a534        0x0 /usr/local/arm-none-eabi/bin/../lib/gcc/arm-none-eabi/4.7.3/libgcc.a(_udivdi3.o)
                                          0x8 (size before relaxing)
 .ARM.exidx     0x000000002000a534       0x90 /usr/local/arm-none-eabi/bin/../lib/gcc/arm-none-eabi/4.7.3/libgcc.a(unwind-arm.o)
                                         0xd8 (size before relaxing)
 .ARM.exidx     0x000000002000a5c4       0x38 /usr/local/arm-none-eabi/bin/../lib/gcc/arm-none-eabi/4.7.3/libgcc.a(pr-support.o)
                                         0x48 (size before relaxing)
                0x000000002000a5fc                PROVIDE (__exidx_end, .)
                0x0000000023e00000                PROVIDE (_heap, ALIGN (((ORIGIN (ddr_ebi0) + 0x4000000) - 0x200000), 0x8))
                0x0000000023f00000                PROVIDE (_eheap, ALIGN (((ORIGIN (ddr_ebi0) + 0x4000000) - 0x100000), 0x8))
                0x0000000024000000                _sstack = 0x24000000
                0x000000002000a5fc                . = ALIGN (0x4)
                0x000000002000a5fc                _end = .
OUTPUT(bin/applet-norflash-sama5d3x.elf elf32-littlearm)

.eh_frame       0x000000002000a5fc        0x0
 .eh_frame      0x000000002000a5fc        0x0 /usr/local/arm-none-eabi/bin/../lib/gcc/arm-none-eabi/4.7.3/crtbegin.o

.jcr            0x000000002000a5fc        0x0
 .jcr           0x000000002000a5fc        0x0 /usr/local/arm-none-eabi/bin/../lib/gcc/arm-none-eabi/4.7.3/crtbegin.o

.tm_clone_table
                0x000000002000a5fc        0x0
 .tm_clone_table
                0x000000002000a5fc        0x0 /usr/local/arm-none-eabi/bin/../lib/gcc/arm-none-eabi/4.7.3/crtbegin.o
 .tm_clone_table
                0x000000002000a5fc        0x0 /usr/local/arm-none-eabi/bin/../lib/gcc/arm-none-eabi/4.7.3/crtend.o

.igot.plt       0x000000002000a5fc        0x0
 .igot.plt      0x0000000000000000        0x0 /usr/local/arm-none-eabi/bin/../lib/gcc/arm-none-eabi/4.7.3/crtbegin.o

.ARM.attributes
                0x0000000000000000       0x2e
 .ARM.attributes
                0x0000000000000000       0x18 /usr/local/arm-none-eabi/bin/../lib/gcc/arm-none-eabi/4.7.3/crti.o
 .ARM.attributes
                0x0000000000000018       0x32 /usr/local/arm-none-eabi/bin/../lib/gcc/arm-none-eabi/4.7.3/crtbegin.o
 .ARM.attributes
                0x000000000000004a       0x18 obj/ddram_applet_cstartup.o
 .ARM.attributes
                0x0000000000000062       0x32 obj/ddram_main.o
 .ARM.attributes
                0x0000000000000094       0x32 /usr/local/arm-none-eabi/bin/../arm-none-eabi/sysroot/lib/libc.a(lib_a-impure.o)
 .ARM.attributes
                0x00000000000000c6       0x32 /usr/local/arm-none-eabi/bin/../arm-none-eabi/sysroot/lib/libc.a(lib_a-iprintf.o)
 .ARM.attributes
                0x00000000000000f8       0x32 /usr/local/arm-none-eabi/bin/../arm-none-eabi/sysroot/lib/libc.a(lib_a-memcpy-stub.o)
 .ARM.attributes
                0x000000000000012a       0x32 /usr/local/arm-none-eabi/bin/../arm-none-eabi/sysroot/lib/libc.a(lib_a-memset.o)
 .ARM.attributes
                0x000000000000015c       0x32 /usr/local/arm-none-eabi/bin/../arm-none-eabi/sysroot/lib/libc.a(lib_a-vfiprintf.o)
 .ARM.attributes
                0x000000000000018e       0x32 /usr/local/arm-none-eabi/bin/../arm-none-eabi/sysroot/lib/libc.a(lib_a-wsetup.o)
 .ARM.attributes
                0x00000000000001c0       0x32 /usr/local/arm-none-eabi/bin/../arm-none-eabi/sysroot/lib/libc.a(lib_a-fflush.o)
 .ARM.attributes
                0x00000000000001f2       0x32 /usr/local/arm-none-eabi/bin/../arm-none-eabi/sysroot/lib/libc.a(lib_a-findfp.o)
 .ARM.attributes
                0x0000000000000224       0x32 /usr/local/arm-none-eabi/bin/../arm-none-eabi/sysroot/lib/libc.a(lib_a-fputwc.o)
 .ARM.attributes
                0x0000000000000256       0x32 /usr/local/arm-none-eabi/bin/../arm-none-eabi/sysroot/lib/libc.a(lib_a-freer.o)
 .ARM.attributes
                0x0000000000000288       0x32 /usr/local/arm-none-eabi/bin/../arm-none-eabi/sysroot/lib/libc.a(lib_a-fvwrite.o)
 .ARM.attributes
                0x00000000000002ba       0x32 /usr/local/arm-none-eabi/bin/../arm-none-eabi/sysroot/lib/libc.a(lib_a-fwalk.o)
 .ARM.attributes
                0x00000000000002ec       0x32 /usr/local/arm-none-eabi/bin/../arm-none-eabi/sysroot/lib/libc.a(lib_a-locale.o)
 .ARM.attributes
                0x000000000000031e       0x32 /usr/local/arm-none-eabi/bin/../arm-none-eabi/sysroot/lib/libc.a(lib_a-makebuf.o)
 .ARM.attributes
                0x0000000000000350       0x32 /usr/local/arm-none-eabi/bin/../arm-none-eabi/sysroot/lib/libc.a(lib_a-mallocr.o)
 .ARM.attributes
                0x0000000000000382       0x32 /usr/local/arm-none-eabi/bin/../arm-none-eabi/sysroot/lib/libc.a(lib_a-memchr-stub.o)
 .ARM.attributes
                0x00000000000003b4       0x32 /usr/local/arm-none-eabi/bin/../arm-none-eabi/sysroot/lib/libc.a(lib_a-memmove.o)
 .ARM.attributes
                0x00000000000003e6       0x32 /usr/local/arm-none-eabi/bin/../arm-none-eabi/sysroot/lib/libc.a(lib_a-mlock.o)
 .ARM.attributes
                0x0000000000000418       0x32 /usr/local/arm-none-eabi/bin/../arm-none-eabi/sysroot/lib/libc.a(lib_a-reallocr.o)
 .ARM.attributes
                0x000000000000044a       0x32 /usr/local/arm-none-eabi/bin/../arm-none-eabi/sysroot/lib/libc.a(lib_a-sbrkr.o)
 .ARM.attributes
                0x000000000000047c       0x32 /usr/local/arm-none-eabi/bin/../arm-none-eabi/sysroot/lib/libc.a(lib_a-stdio.o)
 .ARM.attributes
                0x00000000000004ae       0x32 /usr/local/arm-none-eabi/bin/../arm-none-eabi/sysroot/lib/libc.a(lib_a-strcmp.o)
 .ARM.attributes
                0x00000000000004e0       0x32 /usr/local/arm-none-eabi/bin/../arm-none-eabi/sysroot/lib/libc.a(lib_a-strlen.o)
 .ARM.attributes
                0x0000000000000512       0x32 /usr/local/arm-none-eabi/bin/../arm-none-eabi/sysroot/lib/libc.a(lib_a-strncpy.o)
 .ARM.attributes
                0x0000000000000544       0x32 /usr/local/arm-none-eabi/bin/../arm-none-eabi/sysroot/lib/libc.a(lib_a-wbuf.o)
 .ARM.attributes
                0x0000000000000576       0x32 /usr/local/arm-none-eabi/bin/../arm-none-eabi/sysroot/lib/libc.a(lib_a-wcrtomb.o)
 .ARM.attributes
                0x00000000000005a8       0x32 /usr/local/arm-none-eabi/bin/../arm-none-eabi/sysroot/lib/libc.a(lib_a-wctomb_r.o)
 .ARM.attributes
                0x00000000000005da       0x32 /usr/local/arm-none-eabi/bin/../arm-none-eabi/sysroot/lib/libc.a(lib_a-writer.o)
 .ARM.attributes
                0x000000000000060c       0x32 /usr/local/arm-none-eabi/bin/../arm-none-eabi/sysroot/lib/libc.a(lib_a-closer.o)
 .ARM.attributes
                0x000000000000063e       0x32 /usr/local/arm-none-eabi/bin/../arm-none-eabi/sysroot/lib/libc.a(lib_a-fclose.o)
 .ARM.attributes
                0x0000000000000670       0x32 /usr/local/arm-none-eabi/bin/../arm-none-eabi/sysroot/lib/libc.a(lib_a-fstatr.o)
 .ARM.attributes
                0x00000000000006a2       0x32 /usr/local/arm-none-eabi/bin/../arm-none-eabi/sysroot/lib/libc.a(lib_a-isattyr.o)
 .ARM.attributes
                0x00000000000006d4       0x32 /usr/local/arm-none-eabi/bin/../arm-none-eabi/sysroot/lib/libc.a(lib_a-lseekr.o)
 .ARM.attributes
                0x0000000000000706       0x32 /usr/local/arm-none-eabi/bin/../arm-none-eabi/sysroot/lib/libc.a(lib_a-readr.o)
 .ARM.attributes
                0x0000000000000738       0x32 /usr/local/arm-none-eabi/bin/../arm-none-eabi/sysroot/lib/libc.a(lib_a-reent.o)
 .ARM.attributes
                0x000000000000076a       0x32 ../../libraries/libchip_sama5d3x/lib/libchip_sama5d3x_gcc_rel.a(pio.o)
 .ARM.attributes
                0x000000000000079c       0x32 ../../libraries/libchip_sama5d3x/lib/libchip_sama5d3x_gcc_rel.a(pmc.o)
 .ARM.attributes
                0x00000000000007ce       0x32 ../../libraries/libboard_sama5d3x-ek/lib/libboard_sama5d3x_ek_gcc_rel.a(board_memories.o)
 .ARM.attributes
                0x0000000000000800       0x32 ../../libraries/libboard_sama5d3x-ek/lib/libboard_sama5d3x_ek_gcc_rel.a(syscalls.o)
 .ARM.attributes
                0x0000000000000832       0x32 ../../libraries/libboard_sama5d3x-ek/lib/libboard_sama5d3x_ek_gcc_rel.a(trace.o)
 .ARM.attributes
                0x0000000000000864       0x32 ../../libraries/libboard_sama5d3x-ek/lib/libboard_sama5d3x_ek_gcc_rel.a(dbgu_console.o)
 .ARM.attributes
                0x0000000000000896       0x32 ../../libraries/libnorflash/lib/libnorflash_gcc_rel.a(NorFlashApi.o)
 .ARM.attributes
                0x00000000000008c8       0x32 ../../libraries/libnorflash/lib/libnorflash_gcc_rel.a(NorFlashCFI.o)
 .ARM.attributes
                0x00000000000008fa       0x32 ../../libraries/libnorflash/lib/libnorflash_gcc_rel.a(NorFlashCommon.o)
 .ARM.attributes
                0x000000000000092c       0x32 ../../libraries/libnorflash/lib/libnorflash_gcc_rel.a(NorFlashIntel.o)
 .ARM.attributes
                0x000000000000095e       0x32 ../../libraries/libnorflash/lib/libnorflash_gcc_rel.a(NorFlashAmd.o)
 .ARM.attributes
                0x0000000000000990       0x1a /usr/local/arm-none-eabi/bin/../lib/gcc/arm-none-eabi/4.7.3/libgcc.a(_udivsi3.o)
 .ARM.attributes
                0x00000000000009aa       0x18 /usr/local/arm-none-eabi/bin/../lib/gcc/arm-none-eabi/4.7.3/libgcc.a(_dvmd_tls.o)
 .ARM.attributes
                0x00000000000009c2       0x1a /usr/local/arm-none-eabi/bin/../lib/gcc/arm-none-eabi/4.7.3/libgcc.a(_aeabi_uldivmod.o)
 .ARM.attributes
                0x00000000000009dc       0x32 /usr/local/arm-none-eabi/bin/../lib/gcc/arm-none-eabi/4.7.3/libgcc.a(bpabi.o)
 .ARM.attributes
                0x0000000000000a0e       0x32 /usr/local/arm-none-eabi/bin/../lib/gcc/arm-none-eabi/4.7.3/libgcc.a(_divdi3.o)
 .ARM.attributes
                0x0000000000000a40       0x32 /usr/local/arm-none-eabi/bin/../lib/gcc/arm-none-eabi/4.7.3/libgcc.a(_udivdi3.o)
 .ARM.attributes
                0x0000000000000a72       0x1a /usr/local/arm-none-eabi/bin/../lib/gcc/arm-none-eabi/4.7.3/libgcc.a(_clzsi2.o)
 .ARM.attributes
                0x0000000000000a8c       0x32 /usr/local/arm-none-eabi/bin/../arm-none-eabi/sysroot/lib/libc.a(lib_a-setvbuf.o)
 .ARM.attributes
                0x0000000000000abe       0x32 /usr/local/arm-none-eabi/bin/../arm-none-eabi/sysroot/lib/libc.a(lib_a-malloc.o)
 .ARM.attributes
                0x0000000000000af0       0x32 /usr/local/arm-none-eabi/bin/../lib/gcc/arm-none-eabi/4.7.3/crtend.o
 .ARM.attributes
                0x0000000000000b22       0x1a /usr/local/arm-none-eabi/bin/../lib/gcc/arm-none-eabi/4.7.3/crtn.o

.comment        0x0000000000000000       0x21
 .comment       0x0000000000000000       0x21 /usr/local/arm-none-eabi/bin/../lib/gcc/arm-none-eabi/4.7.3/crtbegin.o
                                         0x22 (size before relaxing)
 .comment       0x0000000000000000       0x22 obj/ddram_main.o
 .comment       0x0000000000000000       0x22 /usr/local/arm-none-eabi/bin/../arm-none-eabi/sysroot/lib/libc.a(lib_a-impure.o)
 .comment       0x0000000000000000       0x22 /usr/local/arm-none-eabi/bin/../arm-none-eabi/sysroot/lib/libc.a(lib_a-iprintf.o)
 .comment       0x0000000000000000       0x22 /usr/local/arm-none-eabi/bin/../arm-none-eabi/sysroot/lib/libc.a(lib_a-memcpy-stub.o)
 .comment       0x0000000000000000       0x22 /usr/local/arm-none-eabi/bin/../arm-none-eabi/sysroot/lib/libc.a(lib_a-memset.o)
 .comment       0x0000000000000000       0x22 /usr/local/arm-none-eabi/bin/../arm-none-eabi/sysroot/lib/libc.a(lib_a-vfiprintf.o)
 .comment       0x0000000000000000       0x22 /usr/local/arm-none-eabi/bin/../arm-none-eabi/sysroot/lib/libc.a(lib_a-wsetup.o)
 .comment       0x0000000000000000       0x22 /usr/local/arm-none-eabi/bin/../arm-none-eabi/sysroot/lib/libc.a(lib_a-fflush.o)
 .comment       0x0000000000000000       0x22 /usr/local/arm-none-eabi/bin/../arm-none-eabi/sysroot/lib/libc.a(lib_a-findfp.o)
 .comment       0x0000000000000000       0x22 /usr/local/arm-none-eabi/bin/../arm-none-eabi/sysroot/lib/libc.a(lib_a-fputwc.o)
 .comment       0x0000000000000000       0x22 /usr/local/arm-none-eabi/bin/../arm-none-eabi/sysroot/lib/libc.a(lib_a-freer.o)
 .comment       0x0000000000000000       0x22 /usr/local/arm-none-eabi/bin/../arm-none-eabi/sysroot/lib/libc.a(lib_a-fvwrite.o)
 .comment       0x0000000000000000       0x22 /usr/local/arm-none-eabi/bin/../arm-none-eabi/sysroot/lib/libc.a(lib_a-fwalk.o)
 .comment       0x0000000000000000       0x22 /usr/local/arm-none-eabi/bin/../arm-none-eabi/sysroot/lib/libc.a(lib_a-locale.o)
 .comment       0x0000000000000000       0x22 /usr/local/arm-none-eabi/bin/../arm-none-eabi/sysroot/lib/libc.a(lib_a-makebuf.o)
 .comment       0x0000000000000000       0x22 /usr/local/arm-none-eabi/bin/../arm-none-eabi/sysroot/lib/libc.a(lib_a-mallocr.o)
 .comment       0x0000000000000000       0x22 /usr/local/arm-none-eabi/bin/../arm-none-eabi/sysroot/lib/libc.a(lib_a-memchr-stub.o)
 .comment       0x0000000000000000       0x22 /usr/local/arm-none-eabi/bin/../arm-none-eabi/sysroot/lib/libc.a(lib_a-memmove.o)
 .comment       0x0000000000000000       0x22 /usr/local/arm-none-eabi/bin/../arm-none-eabi/sysroot/lib/libc.a(lib_a-mlock.o)
 .comment       0x0000000000000000       0x22 /usr/local/arm-none-eabi/bin/../arm-none-eabi/sysroot/lib/libc.a(lib_a-reallocr.o)
 .comment       0x0000000000000000       0x22 /usr/local/arm-none-eabi/bin/../arm-none-eabi/sysroot/lib/libc.a(lib_a-sbrkr.o)
 .comment       0x0000000000000000       0x22 /usr/local/arm-none-eabi/bin/../arm-none-eabi/sysroot/lib/libc.a(lib_a-stdio.o)
 .comment       0x0000000000000000       0x22 /usr/local/arm-none-eabi/bin/../arm-none-eabi/sysroot/lib/libc.a(lib_a-strcmp.o)
 .comment       0x0000000000000000       0x22 /usr/local/arm-none-eabi/bin/../arm-none-eabi/sysroot/lib/libc.a(lib_a-strlen.o)
 .comment       0x0000000000000000       0x22 /usr/local/arm-none-eabi/bin/../arm-none-eabi/sysroot/lib/libc.a(lib_a-strncpy.o)
 .comment       0x0000000000000000       0x22 /usr/local/arm-none-eabi/bin/../arm-none-eabi/sysroot/lib/libc.a(lib_a-wbuf.o)
 .comment       0x0000000000000000       0x22 /usr/local/arm-none-eabi/bin/../arm-none-eabi/sysroot/lib/libc.a(lib_a-wcrtomb.o)
 .comment       0x0000000000000000       0x22 /usr/local/arm-none-eabi/bin/../arm-none-eabi/sysroot/lib/libc.a(lib_a-wctomb_r.o)
 .comment       0x0000000000000000       0x22 /usr/local/arm-none-eabi/bin/../arm-none-eabi/sysroot/lib/libc.a(lib_a-writer.o)
 .comment       0x0000000000000000       0x22 /usr/local/arm-none-eabi/bin/../arm-none-eabi/sysroot/lib/libc.a(lib_a-closer.o)
 .comment       0x0000000000000000       0x22 /usr/local/arm-none-eabi/bin/../arm-none-eabi/sysroot/lib/libc.a(lib_a-fclose.o)
 .comment       0x0000000000000000       0x22 /usr/local/arm-none-eabi/bin/../arm-none-eabi/sysroot/lib/libc.a(lib_a-fstatr.o)
 .comment       0x0000000000000000       0x22 /usr/local/arm-none-eabi/bin/../arm-none-eabi/sysroot/lib/libc.a(lib_a-isattyr.o)
 .comment       0x0000000000000000       0x22 /usr/local/arm-none-eabi/bin/../arm-none-eabi/sysroot/lib/libc.a(lib_a-lseekr.o)
 .comment       0x0000000000000000       0x22 /usr/local/arm-none-eabi/bin/../arm-none-eabi/sysroot/lib/libc.a(lib_a-readr.o)
 .comment       0x0000000000000000       0x22 /usr/local/arm-none-eabi/bin/../arm-none-eabi/sysroot/lib/libc.a(lib_a-reent.o)
 .comment       0x0000000000000000       0x22 ../../libraries/libchip_sama5d3x/lib/libchip_sama5d3x_gcc_rel.a(pio.o)
 .comment       0x0000000000000000       0x22 ../../libraries/libchip_sama5d3x/lib/libchip_sama5d3x_gcc_rel.a(pmc.o)
 .comment       0x0000000000000000       0x22 ../../libraries/libboard_sama5d3x-ek/lib/libboard_sama5d3x_ek_gcc_rel.a(board_memories.o)
 .comment       0x0000000000000000       0x22 ../../libraries/libboard_sama5d3x-ek/lib/libboard_sama5d3x_ek_gcc_rel.a(syscalls.o)
 .comment       0x0000000000000000       0x22 ../../libraries/libboard_sama5d3x-ek/lib/libboard_sama5d3x_ek_gcc_rel.a(trace.o)
 .comment       0x0000000000000000       0x22 ../../libraries/libboard_sama5d3x-ek/lib/libboard_sama5d3x_ek_gcc_rel.a(dbgu_console.o)
 .comment       0x0000000000000000       0x22 ../../libraries/libnorflash/lib/libnorflash_gcc_rel.a(NorFlashApi.o)
 .comment       0x0000000000000000       0x22 ../../libraries/libnorflash/lib/libnorflash_gcc_rel.a(NorFlashCFI.o)
 .comment       0x0000000000000000       0x22 ../../libraries/libnorflash/lib/libnorflash_gcc_rel.a(NorFlashCommon.o)
 .comment       0x0000000000000000       0x22 ../../libraries/libnorflash/lib/libnorflash_gcc_rel.a(NorFlashIntel.o)
 .comment       0x0000000000000000       0x22 ../../libraries/libnorflash/lib/libnorflash_gcc_rel.a(NorFlashAmd.o)
 .comment       0x0000000000000000       0x22 /usr/local/arm-none-eabi/bin/../lib/gcc/arm-none-eabi/4.7.3/libgcc.a(bpabi.o)
 .comment       0x0000000000000000       0x22 /usr/local/arm-none-eabi/bin/../lib/gcc/arm-none-eabi/4.7.3/libgcc.a(_divdi3.o)
 .comment       0x0000000000000000       0x22 /usr/local/arm-none-eabi/bin/../lib/gcc/arm-none-eabi/4.7.3/libgcc.a(_udivdi3.o)
 .comment       0x0000000000000000       0x22 /usr/local/arm-none-eabi/bin/../arm-none-eabi/sysroot/lib/libc.a(lib_a-setvbuf.o)
 .comment       0x0000000000000000       0x22 /usr/local/arm-none-eabi/bin/../arm-none-eabi/sysroot/lib/libc.a(lib_a-malloc.o)
 .comment       0x0000000000000000       0x22 /usr/local/arm-none-eabi/bin/../lib/gcc/arm-none-eabi/4.7.3/crtend.o

.debug_line     0x0000000000000000     0x631f
 .debug_line    0x0000000000000000       0x71 obj/ddram_applet_cstartup.o
 .debug_line    0x0000000000000071      0x295 obj/ddram_main.o
 .debug_line    0x0000000000000306      0x1b0 /usr/local/arm-none-eabi/bin/../arm-none-eabi/sysroot/lib/libc.a(lib_a-impure.o)
 .debug_line    0x00000000000004b6      0x25e /usr/local/arm-none-eabi/bin/../arm-none-eabi/sysroot/lib/libc.a(lib_a-iprintf.o)
 .debug_line    0x0000000000000714      0x1c3 /usr/local/arm-none-eabi/bin/../arm-none-eabi/sysroot/lib/libc.a(lib_a-memcpy-stub.o)
 .debug_line    0x00000000000008d7      0x1bb /usr/local/arm-none-eabi/bin/../arm-none-eabi/sysroot/lib/libc.a(lib_a-memset.o)
 .debug_line    0x0000000000000a92      0x65f /usr/local/arm-none-eabi/bin/../arm-none-eabi/sysroot/lib/libc.a(lib_a-vfiprintf.o)
 .debug_line    0x00000000000010f1      0x28a /usr/local/arm-none-eabi/bin/../arm-none-eabi/sysroot/lib/libc.a(lib_a-wsetup.o)
 .debug_line    0x000000000000137b      0x2fa /usr/local/arm-none-eabi/bin/../arm-none-eabi/sysroot/lib/libc.a(lib_a-fflush.o)
 .debug_line    0x0000000000001675      0x2f9 /usr/local/arm-none-eabi/bin/../arm-none-eabi/sysroot/lib/libc.a(lib_a-findfp.o)
 .debug_line    0x000000000000196e      0x287 /usr/local/arm-none-eabi/bin/../arm-none-eabi/sysroot/lib/libc.a(lib_a-fputwc.o)
 .debug_line    0x0000000000001bf5      0x2e3 /usr/local/arm-none-eabi/bin/../arm-none-eabi/sysroot/lib/libc.a(lib_a-freer.o)
 .debug_line    0x0000000000001ed8      0x322 /usr/local/arm-none-eabi/bin/../arm-none-eabi/sysroot/lib/libc.a(lib_a-fvwrite.o)
 .debug_line    0x00000000000021fa      0x285 /usr/local/arm-none-eabi/bin/../arm-none-eabi/sysroot/lib/libc.a(lib_a-fwalk.o)
 .debug_line    0x000000000000247f      0x27a /usr/local/arm-none-eabi/bin/../arm-none-eabi/sysroot/lib/libc.a(lib_a-locale.o)
 .debug_line    0x00000000000026f9      0x2b0 /usr/local/arm-none-eabi/bin/../arm-none-eabi/sysroot/lib/libc.a(lib_a-makebuf.o)
 .debug_line    0x00000000000029a9      0x39b /usr/local/arm-none-eabi/bin/../arm-none-eabi/sysroot/lib/libc.a(lib_a-mallocr.o)
 .debug_line    0x0000000000002d44      0x1ce /usr/local/arm-none-eabi/bin/../arm-none-eabi/sysroot/lib/libc.a(lib_a-memchr-stub.o)
 .debug_line    0x0000000000002f12      0x1da /usr/local/arm-none-eabi/bin/../arm-none-eabi/sysroot/lib/libc.a(lib_a-memmove.o)
 .debug_line    0x00000000000030ec      0x1c2 /usr/local/arm-none-eabi/bin/../arm-none-eabi/sysroot/lib/libc.a(lib_a-mlock.o)
 .debug_line    0x00000000000032ae      0x28e /usr/local/arm-none-eabi/bin/../arm-none-eabi/sysroot/lib/libc.a(lib_a-reallocr.o)
 .debug_line    0x000000000000353c      0x246 /usr/local/arm-none-eabi/bin/../arm-none-eabi/sysroot/lib/libc.a(lib_a-sbrkr.o)
 .debug_line    0x0000000000003782      0x269 /usr/local/arm-none-eabi/bin/../arm-none-eabi/sysroot/lib/libc.a(lib_a-stdio.o)
 .debug_line    0x00000000000039eb      0x11f /usr/local/arm-none-eabi/bin/../arm-none-eabi/sysroot/lib/libc.a(lib_a-strcmp.o)
 .debug_line    0x0000000000003b0a      0x1b1 /usr/local/arm-none-eabi/bin/../arm-none-eabi/sysroot/lib/libc.a(lib_a-strlen.o)
 .debug_line    0x0000000000003cbb      0x1d8 /usr/local/arm-none-eabi/bin/../arm-none-eabi/sysroot/lib/libc.a(lib_a-strncpy.o)
 .debug_line    0x0000000000003e93      0x28d /usr/local/arm-none-eabi/bin/../arm-none-eabi/sysroot/lib/libc.a(lib_a-wbuf.o)
 .debug_line    0x0000000000004120      0x25e /usr/local/arm-none-eabi/bin/../arm-none-eabi/sysroot/lib/libc.a(lib_a-wcrtomb.o)
 .debug_line    0x000000000000437e      0x264 /usr/local/arm-none-eabi/bin/../arm-none-eabi/sysroot/lib/libc.a(lib_a-wctomb_r.o)
 .debug_line    0x00000000000045e2      0x246 /usr/local/arm-none-eabi/bin/../arm-none-eabi/sysroot/lib/libc.a(lib_a-writer.o)
 .debug_line    0x0000000000004828      0x247 /usr/local/arm-none-eabi/bin/../arm-none-eabi/sysroot/lib/libc.a(lib_a-closer.o)
 .debug_line    0x0000000000004a6f      0x28b /usr/local/arm-none-eabi/bin/../arm-none-eabi/sysroot/lib/libc.a(lib_a-fclose.o)
 .debug_line    0x0000000000004cfa      0x25c /usr/local/arm-none-eabi/bin/../arm-none-eabi/sysroot/lib/libc.a(lib_a-fstatr.o)
 .debug_line    0x0000000000004f56      0x248 /usr/local/arm-none-eabi/bin/../arm-none-eabi/sysroot/lib/libc.a(lib_a-isattyr.o)
 .debug_line    0x000000000000519e      0x246 /usr/local/arm-none-eabi/bin/../arm-none-eabi/sysroot/lib/libc.a(lib_a-lseekr.o)
 .debug_line    0x00000000000053e4      0x245 /usr/local/arm-none-eabi/bin/../arm-none-eabi/sysroot/lib/libc.a(lib_a-readr.o)
 .debug_line    0x0000000000005629      0x289 /usr/local/arm-none-eabi/bin/../arm-none-eabi/sysroot/lib/libc.a(lib_a-reent.o)
 .debug_line    0x00000000000058b2       0xca /usr/local/arm-none-eabi/bin/../lib/gcc/arm-none-eabi/4.7.3/libgcc.a(_udivsi3.o)
 .debug_line    0x000000000000597c       0xa1 /usr/local/arm-none-eabi/bin/../lib/gcc/arm-none-eabi/4.7.3/libgcc.a(_dvmd_tls.o)
 .debug_line    0x0000000000005a1d       0xa6 /usr/local/arm-none-eabi/bin/../lib/gcc/arm-none-eabi/4.7.3/libgcc.a(_aeabi_uldivmod.o)
 .debug_line    0x0000000000005ac3       0xa7 /usr/local/arm-none-eabi/bin/../lib/gcc/arm-none-eabi/4.7.3/libgcc.a(bpabi.o)
 .debug_line    0x0000000000005b6a      0x11b /usr/local/arm-none-eabi/bin/../lib/gcc/arm-none-eabi/4.7.3/libgcc.a(_divdi3.o)
 .debug_line    0x0000000000005c85      0x10e /usr/local/arm-none-eabi/bin/../lib/gcc/arm-none-eabi/4.7.3/libgcc.a(_udivdi3.o)
 .debug_line    0x0000000000005d93       0xae /usr/local/arm-none-eabi/bin/../lib/gcc/arm-none-eabi/4.7.3/libgcc.a(_clzsi2.o)
 .debug_line    0x0000000000005e41      0x29d /usr/local/arm-none-eabi/bin/../arm-none-eabi/sysroot/lib/libc.a(lib_a-setvbuf.o)
 .debug_line    0x00000000000060de      0x241 /usr/local/arm-none-eabi/bin/../arm-none-eabi/sysroot/lib/libc.a(lib_a-malloc.o)

.debug_info     0x0000000000000000    0x18219
 .debug_info    0x0000000000000000       0x90 obj/ddram_applet_cstartup.o
 .debug_info    0x0000000000000090     0x11b4 obj/ddram_main.o
 .debug_info    0x0000000000001244      0x961 /usr/local/arm-none-eabi/bin/../arm-none-eabi/sysroot/lib/libc.a(lib_a-impure.o)
 .debug_info    0x0000000000001ba5      0xa8d /usr/local/arm-none-eabi/bin/../arm-none-eabi/sysroot/lib/libc.a(lib_a-iprintf.o)
 .debug_info    0x0000000000002632      0x102 /usr/local/arm-none-eabi/bin/../arm-none-eabi/sysroot/lib/libc.a(lib_a-memcpy-stub.o)
 .debug_info    0x0000000000002734       0xd3 /usr/local/arm-none-eabi/bin/../arm-none-eabi/sysroot/lib/libc.a(lib_a-memset.o)
 .debug_info    0x0000000000002807     0x1545 /usr/local/arm-none-eabi/bin/../arm-none-eabi/sysroot/lib/libc.a(lib_a-vfiprintf.o)
 .debug_info    0x0000000000003d4c      0xa01 /usr/local/arm-none-eabi/bin/../arm-none-eabi/sysroot/lib/libc.a(lib_a-wsetup.o)
 .debug_info    0x000000000000474d      0xb89 /usr/local/arm-none-eabi/bin/../arm-none-eabi/sysroot/lib/libc.a(lib_a-fflush.o)
 .debug_info    0x00000000000052d6      0xdbc /usr/local/arm-none-eabi/bin/../arm-none-eabi/sysroot/lib/libc.a(lib_a-findfp.o)
 .debug_info    0x0000000000006092      0xb7f /usr/local/arm-none-eabi/bin/../arm-none-eabi/sysroot/lib/libc.a(lib_a-fputwc.o)
 .debug_info    0x0000000000006c11      0xd0e /usr/local/arm-none-eabi/bin/../arm-none-eabi/sysroot/lib/libc.a(lib_a-freer.o)
 .debug_info    0x000000000000791f      0xd7f /usr/local/arm-none-eabi/bin/../arm-none-eabi/sysroot/lib/libc.a(lib_a-fvwrite.o)
 .debug_info    0x000000000000869e      0xa75 /usr/local/arm-none-eabi/bin/../arm-none-eabi/sysroot/lib/libc.a(lib_a-fwalk.o)
 .debug_info    0x0000000000009113      0xd0f /usr/local/arm-none-eabi/bin/../arm-none-eabi/sysroot/lib/libc.a(lib_a-locale.o)
 .debug_info    0x0000000000009e22      0xbea /usr/local/arm-none-eabi/bin/../arm-none-eabi/sysroot/lib/libc.a(lib_a-makebuf.o)
 .debug_info    0x000000000000aa0c      0xe25 /usr/local/arm-none-eabi/bin/../arm-none-eabi/sysroot/lib/libc.a(lib_a-mallocr.o)
 .debug_info    0x000000000000b831       0xf8 /usr/local/arm-none-eabi/bin/../arm-none-eabi/sysroot/lib/libc.a(lib_a-memchr-stub.o)
 .debug_info    0x000000000000b929      0x102 /usr/local/arm-none-eabi/bin/../arm-none-eabi/sysroot/lib/libc.a(lib_a-memmove.o)
 .debug_info    0x000000000000ba2b      0x985 /usr/local/arm-none-eabi/bin/../arm-none-eabi/sysroot/lib/libc.a(lib_a-mlock.o)
 .debug_info    0x000000000000c3b0      0xd86 /usr/local/arm-none-eabi/bin/../arm-none-eabi/sysroot/lib/libc.a(lib_a-reallocr.o)
 .debug_info    0x000000000000d136      0x9cc /usr/local/arm-none-eabi/bin/../arm-none-eabi/sysroot/lib/libc.a(lib_a-sbrkr.o)
 .debug_info    0x000000000000db02      0xc7c /usr/local/arm-none-eabi/bin/../arm-none-eabi/sysroot/lib/libc.a(lib_a-stdio.o)
 .debug_info    0x000000000000e77e       0xb5 /usr/local/arm-none-eabi/bin/../arm-none-eabi/sysroot/lib/libc.a(lib_a-strcmp.o)
 .debug_info    0x000000000000e833       0xcd /usr/local/arm-none-eabi/bin/../arm-none-eabi/sysroot/lib/libc.a(lib_a-strlen.o)
 .debug_info    0x000000000000e900       0xf6 /usr/local/arm-none-eabi/bin/../arm-none-eabi/sysroot/lib/libc.a(lib_a-strncpy.o)
 .debug_info    0x000000000000e9f6      0xaa2 /usr/local/arm-none-eabi/bin/../arm-none-eabi/sysroot/lib/libc.a(lib_a-wbuf.o)
 .debug_info    0x000000000000f498      0xaa9 /usr/local/arm-none-eabi/bin/../arm-none-eabi/sysroot/lib/libc.a(lib_a-wcrtomb.o)
 .debug_info    0x000000000000ff41      0xa92 /usr/local/arm-none-eabi/bin/../arm-none-eabi/sysroot/lib/libc.a(lib_a-wctomb_r.o)
 .debug_info    0x00000000000109d3      0x9ff /usr/local/arm-none-eabi/bin/../arm-none-eabi/sysroot/lib/libc.a(lib_a-writer.o)
 .debug_info    0x00000000000113d2      0x9b6 /usr/local/arm-none-eabi/bin/../arm-none-eabi/sysroot/lib/libc.a(lib_a-closer.o)
 .debug_info    0x0000000000011d88      0xac3 /usr/local/arm-none-eabi/bin/../arm-none-eabi/sysroot/lib/libc.a(lib_a-fclose.o)
 .debug_info    0x000000000001284b      0xb61 /usr/local/arm-none-eabi/bin/../arm-none-eabi/sysroot/lib/libc.a(lib_a-fstatr.o)
 .debug_info    0x00000000000133ac      0x9b6 /usr/local/arm-none-eabi/bin/../arm-none-eabi/sysroot/lib/libc.a(lib_a-isattyr.o)
 .debug_info    0x0000000000013d62      0x9ed /usr/local/arm-none-eabi/bin/../arm-none-eabi/sysroot/lib/libc.a(lib_a-lseekr.o)
 .debug_info    0x000000000001474f      0x9f8 /usr/local/arm-none-eabi/bin/../arm-none-eabi/sysroot/lib/libc.a(lib_a-readr.o)
 .debug_info    0x0000000000015147      0xb22 /usr/local/arm-none-eabi/bin/../arm-none-eabi/sysroot/lib/libc.a(lib_a-reent.o)
 .debug_info    0x0000000000015c69      0x114 /usr/local/arm-none-eabi/bin/../lib/gcc/arm-none-eabi/4.7.3/libgcc.a(_udivsi3.o)
 .debug_info    0x0000000000015d7d      0x114 /usr/local/arm-none-eabi/bin/../lib/gcc/arm-none-eabi/4.7.3/libgcc.a(_dvmd_tls.o)
 .debug_info    0x0000000000015e91      0x110 /usr/local/arm-none-eabi/bin/../lib/gcc/arm-none-eabi/4.7.3/libgcc.a(_aeabi_uldivmod.o)
 .debug_info    0x0000000000015fa1      0x170 /usr/local/arm-none-eabi/bin/../lib/gcc/arm-none-eabi/4.7.3/libgcc.a(bpabi.o)
 .debug_info    0x0000000000016111      0x5e5 /usr/local/arm-none-eabi/bin/../lib/gcc/arm-none-eabi/4.7.3/libgcc.a(_divdi3.o)
 .debug_info    0x00000000000166f6      0x5a4 /usr/local/arm-none-eabi/bin/../lib/gcc/arm-none-eabi/4.7.3/libgcc.a(_udivdi3.o)
 .debug_info    0x0000000000016c9a      0x114 /usr/local/arm-none-eabi/bin/../lib/gcc/arm-none-eabi/4.7.3/libgcc.a(_clzsi2.o)
 .debug_info    0x0000000000016dae      0xa79 /usr/local/arm-none-eabi/bin/../arm-none-eabi/sysroot/lib/libc.a(lib_a-setvbuf.o)
 .debug_info    0x0000000000017827      0x9f2 /usr/local/arm-none-eabi/bin/../arm-none-eabi/sysroot/lib/libc.a(lib_a-malloc.o)

.debug_abbrev   0x0000000000000000     0x497a
 .debug_abbrev  0x0000000000000000       0x14 obj/ddram_applet_cstartup.o
 .debug_abbrev  0x0000000000000014      0x226 obj/ddram_main.o
 .debug_abbrev  0x000000000000023a      0x160 /usr/local/arm-none-eabi/bin/../arm-none-eabi/sysroot/lib/libc.a(lib_a-impure.o)
 .debug_abbrev  0x000000000000039a      0x1ed /usr/local/arm-none-eabi/bin/../arm-none-eabi/sysroot/lib/libc.a(lib_a-iprintf.o)
 .debug_abbrev  0x0000000000000587       0xa2 /usr/local/arm-none-eabi/bin/../arm-none-eabi/sysroot/lib/libc.a(lib_a-memcpy-stub.o)
 .debug_abbrev  0x0000000000000629       0x8c /usr/local/arm-none-eabi/bin/../arm-none-eabi/sysroot/lib/libc.a(lib_a-memset.o)
 .debug_abbrev  0x00000000000006b5      0x3df /usr/local/arm-none-eabi/bin/../arm-none-eabi/sysroot/lib/libc.a(lib_a-vfiprintf.o)
 .debug_abbrev  0x0000000000000a94      0x1d5 /usr/local/arm-none-eabi/bin/../arm-none-eabi/sysroot/lib/libc.a(lib_a-wsetup.o)
 .debug_abbrev  0x0000000000000c69      0x259 /usr/local/arm-none-eabi/bin/../arm-none-eabi/sysroot/lib/libc.a(lib_a-fflush.o)
 .debug_abbrev  0x0000000000000ec2      0x317 /usr/local/arm-none-eabi/bin/../arm-none-eabi/sysroot/lib/libc.a(lib_a-findfp.o)
 .debug_abbrev  0x00000000000011d9      0x27c /usr/local/arm-none-eabi/bin/../arm-none-eabi/sysroot/lib/libc.a(lib_a-fputwc.o)
 .debug_abbrev  0x0000000000001455      0x23a /usr/local/arm-none-eabi/bin/../arm-none-eabi/sysroot/lib/libc.a(lib_a-freer.o)
 .debug_abbrev  0x000000000000168f      0x22b /usr/local/arm-none-eabi/bin/../arm-none-eabi/sysroot/lib/libc.a(lib_a-fvwrite.o)
 .debug_abbrev  0x00000000000018ba      0x1b3 /usr/local/arm-none-eabi/bin/../arm-none-eabi/sysroot/lib/libc.a(lib_a-fwalk.o)
 .debug_abbrev  0x0000000000001a6d      0x2a1 /usr/local/arm-none-eabi/bin/../arm-none-eabi/sysroot/lib/libc.a(lib_a-locale.o)
 .debug_abbrev  0x0000000000001d0e      0x1e8 /usr/local/arm-none-eabi/bin/../arm-none-eabi/sysroot/lib/libc.a(lib_a-makebuf.o)
 .debug_abbrev  0x0000000000001ef6      0x286 /usr/local/arm-none-eabi/bin/../arm-none-eabi/sysroot/lib/libc.a(lib_a-mallocr.o)
 .debug_abbrev  0x000000000000217c       0xa9 /usr/local/arm-none-eabi/bin/../arm-none-eabi/sysroot/lib/libc.a(lib_a-memchr-stub.o)
 .debug_abbrev  0x0000000000002225       0x9a /usr/local/arm-none-eabi/bin/../arm-none-eabi/sysroot/lib/libc.a(lib_a-memmove.o)
 .debug_abbrev  0x00000000000022bf      0x17a /usr/local/arm-none-eabi/bin/../arm-none-eabi/sysroot/lib/libc.a(lib_a-mlock.o)
 .debug_abbrev  0x0000000000002439      0x23d /usr/local/arm-none-eabi/bin/../arm-none-eabi/sysroot/lib/libc.a(lib_a-reallocr.o)
 .debug_abbrev  0x0000000000002676      0x1dd /usr/local/arm-none-eabi/bin/../arm-none-eabi/sysroot/lib/libc.a(lib_a-sbrkr.o)
 .debug_abbrev  0x0000000000002853      0x229 /usr/local/arm-none-eabi/bin/../arm-none-eabi/sysroot/lib/libc.a(lib_a-stdio.o)
 .debug_abbrev  0x0000000000002a7c       0x70 /usr/local/arm-none-eabi/bin/../arm-none-eabi/sysroot/lib/libc.a(lib_a-strcmp.o)
 .debug_abbrev  0x0000000000002aec       0x8a /usr/local/arm-none-eabi/bin/../arm-none-eabi/sysroot/lib/libc.a(lib_a-strlen.o)
 .debug_abbrev  0x0000000000002b76       0x8c /usr/local/arm-none-eabi/bin/../arm-none-eabi/sysroot/lib/libc.a(lib_a-strncpy.o)
 .debug_abbrev  0x0000000000002c02      0x21a /usr/local/arm-none-eabi/bin/../arm-none-eabi/sysroot/lib/libc.a(lib_a-wbuf.o)
 .debug_abbrev  0x0000000000002e1c      0x205 /usr/local/arm-none-eabi/bin/../arm-none-eabi/sysroot/lib/libc.a(lib_a-wcrtomb.o)
 .debug_abbrev  0x0000000000003021      0x210 /usr/local/arm-none-eabi/bin/../arm-none-eabi/sysroot/lib/libc.a(lib_a-wctomb_r.o)
 .debug_abbrev  0x0000000000003231      0x1d4 /usr/local/arm-none-eabi/bin/../arm-none-eabi/sysroot/lib/libc.a(lib_a-writer.o)
 .debug_abbrev  0x0000000000003405      0x1cf /usr/local/arm-none-eabi/bin/../arm-none-eabi/sysroot/lib/libc.a(lib_a-closer.o)
 .debug_abbrev  0x00000000000035d4      0x232 /usr/local/arm-none-eabi/bin/../arm-none-eabi/sysroot/lib/libc.a(lib_a-fclose.o)
 .debug_abbrev  0x0000000000003806      0x1de /usr/local/arm-none-eabi/bin/../arm-none-eabi/sysroot/lib/libc.a(lib_a-fstatr.o)
 .debug_abbrev  0x00000000000039e4      0x1cf /usr/local/arm-none-eabi/bin/../arm-none-eabi/sysroot/lib/libc.a(lib_a-isattyr.o)
 .debug_abbrev  0x0000000000003bb3      0x1de /usr/local/arm-none-eabi/bin/../arm-none-eabi/sysroot/lib/libc.a(lib_a-lseekr.o)
 .debug_abbrev  0x0000000000003d91      0x1cf /usr/local/arm-none-eabi/bin/../arm-none-eabi/sysroot/lib/libc.a(lib_a-readr.o)
 .debug_abbrev  0x0000000000003f60      0x26e /usr/local/arm-none-eabi/bin/../arm-none-eabi/sysroot/lib/libc.a(lib_a-reent.o)
 .debug_abbrev  0x00000000000041ce       0x14 /usr/local/arm-none-eabi/bin/../lib/gcc/arm-none-eabi/4.7.3/libgcc.a(_udivsi3.o)
 .debug_abbrev  0x00000000000041e2       0x14 /usr/local/arm-none-eabi/bin/../lib/gcc/arm-none-eabi/4.7.3/libgcc.a(_dvmd_tls.o)
 .debug_abbrev  0x00000000000041f6       0x14 /usr/local/arm-none-eabi/bin/../lib/gcc/arm-none-eabi/4.7.3/libgcc.a(_aeabi_uldivmod.o)
 .debug_abbrev  0x000000000000420a       0xb5 /usr/local/arm-none-eabi/bin/../lib/gcc/arm-none-eabi/4.7.3/libgcc.a(bpabi.o)
 .debug_abbrev  0x00000000000042bf      0x165 /usr/local/arm-none-eabi/bin/../lib/gcc/arm-none-eabi/4.7.3/libgcc.a(_divdi3.o)
 .debug_abbrev  0x0000000000004424      0x154 /usr/local/arm-none-eabi/bin/../lib/gcc/arm-none-eabi/4.7.3/libgcc.a(_udivdi3.o)
 .debug_abbrev  0x0000000000004578       0x14 /usr/local/arm-none-eabi/bin/../lib/gcc/arm-none-eabi/4.7.3/libgcc.a(_clzsi2.o)
 .debug_abbrev  0x000000000000458c      0x217 /usr/local/arm-none-eabi/bin/../arm-none-eabi/sysroot/lib/libc.a(lib_a-setvbuf.o)
 .debug_abbrev  0x00000000000047a3      0x1d7 /usr/local/arm-none-eabi/bin/../arm-none-eabi/sysroot/lib/libc.a(lib_a-malloc.o)

.debug_aranges  0x0000000000000000      0x5b8
 .debug_aranges
                0x0000000000000000       0x20 obj/ddram_applet_cstartup.o
 .debug_aranges
                0x0000000000000020       0x20 obj/ddram_main.o
 .debug_aranges
                0x0000000000000040       0x18 /usr/local/arm-none-eabi/bin/../arm-none-eabi/sysroot/lib/libc.a(lib_a-impure.o)
 .debug_aranges
                0x0000000000000058       0x20 /usr/local/arm-none-eabi/bin/../arm-none-eabi/sysroot/lib/libc.a(lib_a-iprintf.o)
 .debug_aranges
                0x0000000000000078       0x20 /usr/local/arm-none-eabi/bin/../arm-none-eabi/sysroot/lib/libc.a(lib_a-memcpy-stub.o)
 .debug_aranges
                0x0000000000000098       0x20 /usr/local/arm-none-eabi/bin/../arm-none-eabi/sysroot/lib/libc.a(lib_a-memset.o)
 .debug_aranges
                0x00000000000000b8       0x20 /usr/local/arm-none-eabi/bin/../arm-none-eabi/sysroot/lib/libc.a(lib_a-vfiprintf.o)
 .debug_aranges
                0x00000000000000d8       0x20 /usr/local/arm-none-eabi/bin/../arm-none-eabi/sysroot/lib/libc.a(lib_a-wsetup.o)
 .debug_aranges
                0x00000000000000f8       0x20 /usr/local/arm-none-eabi/bin/../arm-none-eabi/sysroot/lib/libc.a(lib_a-fflush.o)
 .debug_aranges
                0x0000000000000118       0x20 /usr/local/arm-none-eabi/bin/../arm-none-eabi/sysroot/lib/libc.a(lib_a-findfp.o)
 .debug_aranges
                0x0000000000000138       0x20 /usr/local/arm-none-eabi/bin/../arm-none-eabi/sysroot/lib/libc.a(lib_a-fputwc.o)
 .debug_aranges
                0x0000000000000158       0x20 /usr/local/arm-none-eabi/bin/../arm-none-eabi/sysroot/lib/libc.a(lib_a-freer.o)
 .debug_aranges
                0x0000000000000178       0x20 /usr/local/arm-none-eabi/bin/../arm-none-eabi/sysroot/lib/libc.a(lib_a-fvwrite.o)
 .debug_aranges
                0x0000000000000198       0x20 /usr/local/arm-none-eabi/bin/../arm-none-eabi/sysroot/lib/libc.a(lib_a-fwalk.o)
 .debug_aranges
                0x00000000000001b8       0x20 /usr/local/arm-none-eabi/bin/../arm-none-eabi/sysroot/lib/libc.a(lib_a-locale.o)
 .debug_aranges
                0x00000000000001d8       0x20 /usr/local/arm-none-eabi/bin/../arm-none-eabi/sysroot/lib/libc.a(lib_a-makebuf.o)
 .debug_aranges
                0x00000000000001f8       0x20 /usr/local/arm-none-eabi/bin/../arm-none-eabi/sysroot/lib/libc.a(lib_a-mallocr.o)
 .debug_aranges
                0x0000000000000218       0x20 /usr/local/arm-none-eabi/bin/../arm-none-eabi/sysroot/lib/libc.a(lib_a-memchr-stub.o)
 .debug_aranges
                0x0000000000000238       0x20 /usr/local/arm-none-eabi/bin/../arm-none-eabi/sysroot/lib/libc.a(lib_a-memmove.o)
 .debug_aranges
                0x0000000000000258       0x20 /usr/local/arm-none-eabi/bin/../arm-none-eabi/sysroot/lib/libc.a(lib_a-mlock.o)
 .debug_aranges
                0x0000000000000278       0x20 /usr/local/arm-none-eabi/bin/../arm-none-eabi/sysroot/lib/libc.a(lib_a-reallocr.o)
 .debug_aranges
                0x0000000000000298       0x20 /usr/local/arm-none-eabi/bin/../arm-none-eabi/sysroot/lib/libc.a(lib_a-sbrkr.o)
 .debug_aranges
                0x00000000000002b8       0x20 /usr/local/arm-none-eabi/bin/../arm-none-eabi/sysroot/lib/libc.a(lib_a-stdio.o)
 .debug_aranges
                0x00000000000002d8       0x20 /usr/local/arm-none-eabi/bin/../arm-none-eabi/sysroot/lib/libc.a(lib_a-strcmp.o)
 .debug_aranges
                0x00000000000002f8       0x20 /usr/local/arm-none-eabi/bin/../arm-none-eabi/sysroot/lib/libc.a(lib_a-strlen.o)
 .debug_aranges
                0x0000000000000318       0x20 /usr/local/arm-none-eabi/bin/../arm-none-eabi/sysroot/lib/libc.a(lib_a-strncpy.o)
 .debug_aranges
                0x0000000000000338       0x20 /usr/local/arm-none-eabi/bin/../arm-none-eabi/sysroot/lib/libc.a(lib_a-wbuf.o)
 .debug_aranges
                0x0000000000000358       0x20 /usr/local/arm-none-eabi/bin/../arm-none-eabi/sysroot/lib/libc.a(lib_a-wcrtomb.o)
 .debug_aranges
                0x0000000000000378       0x20 /usr/local/arm-none-eabi/bin/../arm-none-eabi/sysroot/lib/libc.a(lib_a-wctomb_r.o)
 .debug_aranges
                0x0000000000000398       0x20 /usr/local/arm-none-eabi/bin/../arm-none-eabi/sysroot/lib/libc.a(lib_a-writer.o)
 .debug_aranges
                0x00000000000003b8       0x20 /usr/local/arm-none-eabi/bin/../arm-none-eabi/sysroot/lib/libc.a(lib_a-closer.o)
 .debug_aranges
                0x00000000000003d8       0x20 /usr/local/arm-none-eabi/bin/../arm-none-eabi/sysroot/lib/libc.a(lib_a-fclose.o)
 .debug_aranges
                0x00000000000003f8       0x20 /usr/local/arm-none-eabi/bin/../arm-none-eabi/sysroot/lib/libc.a(lib_a-fstatr.o)
 .debug_aranges
                0x0000000000000418       0x20 /usr/local/arm-none-eabi/bin/../arm-none-eabi/sysroot/lib/libc.a(lib_a-isattyr.o)
 .debug_aranges
                0x0000000000000438       0x20 /usr/local/arm-none-eabi/bin/../arm-none-eabi/sysroot/lib/libc.a(lib_a-lseekr.o)
 .debug_aranges
                0x0000000000000458       0x20 /usr/local/arm-none-eabi/bin/../arm-none-eabi/sysroot/lib/libc.a(lib_a-readr.o)
 .debug_aranges
                0x0000000000000478       0x20 /usr/local/arm-none-eabi/bin/../arm-none-eabi/sysroot/lib/libc.a(lib_a-reent.o)
 .debug_aranges
                0x0000000000000498       0x20 /usr/local/arm-none-eabi/bin/../lib/gcc/arm-none-eabi/4.7.3/libgcc.a(_udivsi3.o)
 .debug_aranges
                0x00000000000004b8       0x20 /usr/local/arm-none-eabi/bin/../lib/gcc/arm-none-eabi/4.7.3/libgcc.a(_dvmd_tls.o)
 .debug_aranges
                0x00000000000004d8       0x20 /usr/local/arm-none-eabi/bin/../lib/gcc/arm-none-eabi/4.7.3/libgcc.a(_aeabi_uldivmod.o)
 .debug_aranges
                0x00000000000004f8       0x20 /usr/local/arm-none-eabi/bin/../lib/gcc/arm-none-eabi/4.7.3/libgcc.a(bpabi.o)
 .debug_aranges
                0x0000000000000518       0x20 /usr/local/arm-none-eabi/bin/../lib/gcc/arm-none-eabi/4.7.3/libgcc.a(_divdi3.o)
 .debug_aranges
                0x0000000000000538       0x20 /usr/local/arm-none-eabi/bin/../lib/gcc/arm-none-eabi/4.7.3/libgcc.a(_udivdi3.o)
 .debug_aranges
                0x0000000000000558       0x20 /usr/local/arm-none-eabi/bin/../lib/gcc/arm-none-eabi/4.7.3/libgcc.a(_clzsi2.o)
 .debug_aranges
                0x0000000000000578       0x20 /usr/local/arm-none-eabi/bin/../arm-none-eabi/sysroot/lib/libc.a(lib_a-setvbuf.o)
 .debug_aranges
                0x0000000000000598       0x20 /usr/local/arm-none-eabi/bin/../arm-none-eabi/sysroot/lib/libc.a(lib_a-malloc.o)

.debug_loc      0x0000000000000000     0x6398
 .debug_loc     0x0000000000000000      0x1cb obj/ddram_main.o
 .debug_loc     0x00000000000001cb       0x8c /usr/local/arm-none-eabi/bin/../arm-none-eabi/sysroot/lib/libc.a(lib_a-iprintf.o)
 .debug_loc     0x0000000000000257       0x39 /usr/local/arm-none-eabi/bin/../arm-none-eabi/sysroot/lib/libc.a(lib_a-memcpy-stub.o)
 .debug_loc     0x0000000000000290       0x3f /usr/local/arm-none-eabi/bin/../arm-none-eabi/sysroot/lib/libc.a(lib_a-memset.o)
 .debug_loc     0x00000000000002cf     0x109c /usr/local/arm-none-eabi/bin/../arm-none-eabi/sysroot/lib/libc.a(lib_a-vfiprintf.o)
 .debug_loc     0x000000000000136b       0x5c /usr/local/arm-none-eabi/bin/../arm-none-eabi/sysroot/lib/libc.a(lib_a-wsetup.o)
 .debug_loc     0x00000000000013c7      0x258 /usr/local/arm-none-eabi/bin/../arm-none-eabi/sysroot/lib/libc.a(lib_a-fflush.o)
 .debug_loc     0x000000000000161f      0x2bb /usr/local/arm-none-eabi/bin/../arm-none-eabi/sysroot/lib/libc.a(lib_a-findfp.o)
 .debug_loc     0x00000000000018da      0x1a5 /usr/local/arm-none-eabi/bin/../arm-none-eabi/sysroot/lib/libc.a(lib_a-fputwc.o)
 .debug_loc     0x0000000000001a7f      0x3bf /usr/local/arm-none-eabi/bin/../arm-none-eabi/sysroot/lib/libc.a(lib_a-freer.o)
 .debug_loc     0x0000000000001e3e      0x4e9 /usr/local/arm-none-eabi/bin/../arm-none-eabi/sysroot/lib/libc.a(lib_a-fvwrite.o)
 .debug_loc     0x0000000000002327      0x175 /usr/local/arm-none-eabi/bin/../arm-none-eabi/sysroot/lib/libc.a(lib_a-fwalk.o)
 .debug_loc     0x000000000000249c      0x141 /usr/local/arm-none-eabi/bin/../arm-none-eabi/sysroot/lib/libc.a(lib_a-locale.o)
 .debug_loc     0x00000000000025dd      0x10a /usr/local/arm-none-eabi/bin/../arm-none-eabi/sysroot/lib/libc.a(lib_a-makebuf.o)
 .debug_loc     0x00000000000026e7      0x7fa /usr/local/arm-none-eabi/bin/../arm-none-eabi/sysroot/lib/libc.a(lib_a-mallocr.o)
 .debug_loc     0x0000000000002ee1       0x81 /usr/local/arm-none-eabi/bin/../arm-none-eabi/sysroot/lib/libc.a(lib_a-memchr-stub.o)
 .debug_loc     0x0000000000002f62       0xd2 /usr/local/arm-none-eabi/bin/../arm-none-eabi/sysroot/lib/libc.a(lib_a-memmove.o)
 .debug_loc     0x0000000000003034      0xb12 /usr/local/arm-none-eabi/bin/../arm-none-eabi/sysroot/lib/libc.a(lib_a-reallocr.o)
 .debug_loc     0x0000000000003b46       0x5f /usr/local/arm-none-eabi/bin/../arm-none-eabi/sysroot/lib/libc.a(lib_a-sbrkr.o)
 .debug_loc     0x0000000000003ba5      0x25d /usr/local/arm-none-eabi/bin/../arm-none-eabi/sysroot/lib/libc.a(lib_a-stdio.o)
 .debug_loc     0x0000000000003e02       0x21 /usr/local/arm-none-eabi/bin/../arm-none-eabi/sysroot/lib/libc.a(lib_a-strcmp.o)
 .debug_loc     0x0000000000003e23       0x21 /usr/local/arm-none-eabi/bin/../arm-none-eabi/sysroot/lib/libc.a(lib_a-strlen.o)
 .debug_loc     0x0000000000003e44      0x102 /usr/local/arm-none-eabi/bin/../arm-none-eabi/sysroot/lib/libc.a(lib_a-strncpy.o)
 .debug_loc     0x0000000000003f46      0x125 /usr/local/arm-none-eabi/bin/../arm-none-eabi/sysroot/lib/libc.a(lib_a-wbuf.o)
 .debug_loc     0x000000000000406b      0x19b /usr/local/arm-none-eabi/bin/../arm-none-eabi/sysroot/lib/libc.a(lib_a-wcrtomb.o)
 .debug_loc     0x0000000000004206       0xfe /usr/local/arm-none-eabi/bin/../arm-none-eabi/sysroot/lib/libc.a(lib_a-wctomb_r.o)
 .debug_loc     0x0000000000004304       0xb7 /usr/local/arm-none-eabi/bin/../arm-none-eabi/sysroot/lib/libc.a(lib_a-writer.o)
 .debug_loc     0x00000000000043bb       0x5f /usr/local/arm-none-eabi/bin/../arm-none-eabi/sysroot/lib/libc.a(lib_a-closer.o)
 .debug_loc     0x000000000000441a       0xd2 /usr/local/arm-none-eabi/bin/../arm-none-eabi/sysroot/lib/libc.a(lib_a-fclose.o)
 .debug_loc     0x00000000000044ec       0x8b /usr/local/arm-none-eabi/bin/../arm-none-eabi/sysroot/lib/libc.a(lib_a-fstatr.o)
 .debug_loc     0x0000000000004577       0x5f /usr/local/arm-none-eabi/bin/../arm-none-eabi/sysroot/lib/libc.a(lib_a-isattyr.o)
 .debug_loc     0x00000000000045d6       0xb7 /usr/local/arm-none-eabi/bin/../arm-none-eabi/sysroot/lib/libc.a(lib_a-lseekr.o)
 .debug_loc     0x000000000000468d       0xb7 /usr/local/arm-none-eabi/bin/../arm-none-eabi/sysroot/lib/libc.a(lib_a-readr.o)
 .debug_loc     0x0000000000004744      0x165 /usr/local/arm-none-eabi/bin/../arm-none-eabi/sysroot/lib/libc.a(lib_a-reent.o)
 .debug_loc     0x00000000000048a9       0xe0 /usr/local/arm-none-eabi/bin/../lib/gcc/arm-none-eabi/4.7.3/libgcc.a(bpabi.o)
 .debug_loc     0x0000000000004989      0xb77 /usr/local/arm-none-eabi/bin/../lib/gcc/arm-none-eabi/4.7.3/libgcc.a(_divdi3.o)
 .debug_loc     0x0000000000005500      0xc8c /usr/local/arm-none-eabi/bin/../lib/gcc/arm-none-eabi/4.7.3/libgcc.a(_udivdi3.o)
 .debug_loc     0x000000000000618c      0x174 /usr/local/arm-none-eabi/bin/../arm-none-eabi/sysroot/lib/libc.a(lib_a-setvbuf.o)
 .debug_loc     0x0000000000006300       0x98 /usr/local/arm-none-eabi/bin/../arm-none-eabi/sysroot/lib/libc.a(lib_a-malloc.o)

.debug_ranges   0x0000000000000000      0x1e8
 .debug_ranges  0x0000000000000000       0x10 obj/ddram_main.o
 .debug_ranges  0x0000000000000010       0x38 /usr/local/arm-none-eabi/bin/../arm-none-eabi/sysroot/lib/libc.a(lib_a-vfiprintf.o)
 .debug_ranges  0x0000000000000048       0xc8 /usr/local/arm-none-eabi/bin/../lib/gcc/arm-none-eabi/4.7.3/libgcc.a(_divdi3.o)
 .debug_ranges  0x0000000000000110       0xd8 /usr/local/arm-none-eabi/bin/../lib/gcc/arm-none-eabi/4.7.3/libgcc.a(_udivdi3.o)

.debug_str      0x0000000000000000     0x297f
 .debug_str     0x0000000000000000      0x89b obj/ddram_main.o
                                        0x8f4 (size before relaxing)
 .debug_str     0x000000000000089b      0x3ff /usr/local/arm-none-eabi/bin/../arm-none-eabi/sysroot/lib/libc.a(lib_a-impure.o)
                                        0x4ea (size before relaxing)
 .debug_str     0x0000000000000c9a      0x12d /usr/local/arm-none-eabi/bin/../arm-none-eabi/sysroot/lib/libc.a(lib_a-iprintf.o)
                                        0x59b (size before relaxing)
 .debug_str     0x0000000000000dc7       0x91 /usr/local/arm-none-eabi/bin/../arm-none-eabi/sysroot/lib/libc.a(lib_a-memcpy-stub.o)
                                        0x13d (size before relaxing)
 .debug_str     0x0000000000000e58       0x7a /usr/local/arm-none-eabi/bin/../arm-none-eabi/sysroot/lib/libc.a(lib_a-memset.o)
                                        0x11f (size before relaxing)
 .debug_str     0x0000000000000ed2      0x2ea /usr/local/arm-none-eabi/bin/../arm-none-eabi/sysroot/lib/libc.a(lib_a-vfiprintf.o)
                                        0x8bc (size before relaxing)
 .debug_str     0x00000000000011bc       0x87 /usr/local/arm-none-eabi/bin/../arm-none-eabi/sysroot/lib/libc.a(lib_a-wsetup.o)
                                        0x57d (size before relaxing)
 .debug_str     0x0000000000001243       0xa2 /usr/local/arm-none-eabi/bin/../arm-none-eabi/sysroot/lib/libc.a(lib_a-fflush.o)
                                        0x5b8 (size before relaxing)
 .debug_str     0x00000000000012e5      0x143 /usr/local/arm-none-eabi/bin/../arm-none-eabi/sysroot/lib/libc.a(lib_a-findfp.o)
                                        0x667 (size before relaxing)
 .debug_str     0x0000000000001428       0xa4 /usr/local/arm-none-eabi/bin/../arm-none-eabi/sysroot/lib/libc.a(lib_a-fputwc.o)
                                        0x5b8 (size before relaxing)
 .debug_str     0x00000000000014cc      0x240 /usr/local/arm-none-eabi/bin/../arm-none-eabi/sysroot/lib/libc.a(lib_a-freer.o)
                                        0x6c7 (size before relaxing)
 .debug_str     0x000000000000170c       0xa4 /usr/local/arm-none-eabi/bin/../arm-none-eabi/sysroot/lib/libc.a(lib_a-fvwrite.o)
                                        0x600 (size before relaxing)
 .debug_str     0x00000000000017b0       0x80 /usr/local/arm-none-eabi/bin/../arm-none-eabi/sysroot/lib/libc.a(lib_a-fwalk.o)
                                        0x573 (size before relaxing)
 .debug_str     0x0000000000001830      0x1cb /usr/local/arm-none-eabi/bin/../arm-none-eabi/sysroot/lib/libc.a(lib_a-locale.o)
                                        0x7cb (size before relaxing)
 .debug_str     0x00000000000019fb      0x161 /usr/local/arm-none-eabi/bin/../arm-none-eabi/sysroot/lib/libc.a(lib_a-makebuf.o)
                                        0x677 (size before relaxing)
 .debug_str     0x0000000000001b5c       0xdf /usr/local/arm-none-eabi/bin/../arm-none-eabi/sysroot/lib/libc.a(lib_a-mallocr.o)
                                        0x77d (size before relaxing)
 .debug_str     0x0000000000001c3b       0x8d /usr/local/arm-none-eabi/bin/../arm-none-eabi/sysroot/lib/libc.a(lib_a-memchr-stub.o)
                                        0x139 (size before relaxing)
 .debug_str     0x0000000000001cc8       0x7d /usr/local/arm-none-eabi/bin/../arm-none-eabi/sysroot/lib/libc.a(lib_a-memmove.o)
                                        0x13a (size before relaxing)
 .debug_str     0x0000000000001d45       0x87 /usr/local/arm-none-eabi/bin/../arm-none-eabi/sysroot/lib/libc.a(lib_a-mlock.o)
                                        0x4f2 (size before relaxing)
 .debug_str     0x0000000000001dcc       0x4e /usr/local/arm-none-eabi/bin/../arm-none-eabi/sysroot/lib/libc.a(lib_a-reallocr.o)
                                        0x64f (size before relaxing)
 .debug_str     0x0000000000001e1a       0x7c /usr/local/arm-none-eabi/bin/../arm-none-eabi/sysroot/lib/libc.a(lib_a-sbrkr.o)
                                        0x4e1 (size before relaxing)
 .debug_str     0x0000000000001e96       0xd1 /usr/local/arm-none-eabi/bin/../arm-none-eabi/sysroot/lib/libc.a(lib_a-stdio.o)
                                        0x5c8 (size before relaxing)
 .debug_str     0x0000000000001f67       0x78 /usr/local/arm-none-eabi/bin/../arm-none-eabi/sysroot/lib/libc.a(lib_a-strcmp.o)
                                        0x11d (size before relaxing)
 .debug_str     0x0000000000001fdf       0x80 /usr/local/arm-none-eabi/bin/../arm-none-eabi/sysroot/lib/libc.a(lib_a-strlen.o)
                                        0x12c (size before relaxing)
 .debug_str     0x000000000000205f       0x80 /usr/local/arm-none-eabi/bin/../arm-none-eabi/sysroot/lib/libc.a(lib_a-strncpy.o)
                                        0x13d (size before relaxing)
 .debug_str     0x00000000000020df       0x78 /usr/local/arm-none-eabi/bin/../arm-none-eabi/sysroot/lib/libc.a(lib_a-wbuf.o)
                                        0x582 (size before relaxing)
 .debug_str     0x0000000000002157       0x8c /usr/local/arm-none-eabi/bin/../arm-none-eabi/sysroot/lib/libc.a(lib_a-wcrtomb.o)
                                        0x59f (size before relaxing)
 .debug_str     0x00000000000021e3       0x95 /usr/local/arm-none-eabi/bin/../arm-none-eabi/sysroot/lib/libc.a(lib_a-wctomb_r.o)
                                        0x5ae (size before relaxing)
 .debug_str     0x0000000000002278       0x72 /usr/local/arm-none-eabi/bin/../arm-none-eabi/sysroot/lib/libc.a(lib_a-writer.o)
                                        0x4de (size before relaxing)
 .debug_str     0x00000000000022ea       0x72 /usr/local/arm-none-eabi/bin/../arm-none-eabi/sysroot/lib/libc.a(lib_a-closer.o)
                                        0x4ce (size before relaxing)
 .debug_str     0x000000000000235c       0x83 /usr/local/arm-none-eabi/bin/../arm-none-eabi/sysroot/lib/libc.a(lib_a-fclose.o)
                                        0x5aa (size before relaxing)
 .debug_str     0x00000000000023df       0x7f /usr/local/arm-none-eabi/bin/../arm-none-eabi/sysroot/lib/libc.a(lib_a-fstatr.o)
                                        0x5c8 (size before relaxing)
 .debug_str     0x000000000000245e       0x7b /usr/local/arm-none-eabi/bin/../arm-none-eabi/sysroot/lib/libc.a(lib_a-isattyr.o)
                                        0x4d8 (size before relaxing)
 .debug_str     0x00000000000024d9       0x79 /usr/local/arm-none-eabi/bin/../arm-none-eabi/sysroot/lib/libc.a(lib_a-lseekr.o)
                                        0x4e3 (size before relaxing)
 .debug_str     0x0000000000002552       0x71 /usr/local/arm-none-eabi/bin/../arm-none-eabi/sysroot/lib/libc.a(lib_a-readr.o)
                                        0x4dc (size before relaxing)
 .debug_str     0x00000000000025c3       0xab /usr/local/arm-none-eabi/bin/../arm-none-eabi/sysroot/lib/libc.a(lib_a-reent.o)
                                        0x517 (size before relaxing)
 .debug_str     0x000000000000266e       0xb4 /usr/local/arm-none-eabi/bin/../lib/gcc/arm-none-eabi/4.7.3/libgcc.a(bpabi.o)
                                         0xef (size before relaxing)
 .debug_str     0x0000000000002722      0x15e /usr/local/arm-none-eabi/bin/../lib/gcc/arm-none-eabi/4.7.3/libgcc.a(_divdi3.o)
                                        0x217 (size before relaxing)
 .debug_str     0x0000000000000000      0x218 /usr/local/arm-none-eabi/bin/../lib/gcc/arm-none-eabi/4.7.3/libgcc.a(_udivdi3.o)
 .debug_str     0x0000000000002880       0x7b /usr/local/arm-none-eabi/bin/../arm-none-eabi/sysroot/lib/libc.a(lib_a-setvbuf.o)
                                        0x58f (size before relaxing)
 .debug_str     0x00000000000028fb       0x84 /usr/local/arm-none-eabi/bin/../arm-none-eabi/sysroot/lib/libc.a(lib_a-malloc.o)
                                        0x4fd (size before relaxing)

.debug_frame    0x0000000000000000      0xacc
 .debug_frame   0x0000000000000000       0x38 obj/ddram_main.o
 .debug_frame   0x0000000000000038       0x5c /usr/local/arm-none-eabi/bin/../arm-none-eabi/sysroot/lib/libc.a(lib_a-iprintf.o)
 .debug_frame   0x0000000000000094       0x20 /usr/local/arm-none-eabi/bin/../arm-none-eabi/sysroot/lib/libc.a(lib_a-memcpy-stub.o)
 .debug_frame   0x00000000000000b4       0x20 /usr/local/arm-none-eabi/bin/../arm-none-eabi/sysroot/lib/libc.a(lib_a-memset.o)
 .debug_frame   0x00000000000000d4       0x7c /usr/local/arm-none-eabi/bin/../arm-none-eabi/sysroot/lib/libc.a(lib_a-vfiprintf.o)
 .debug_frame   0x0000000000000150       0x2c /usr/local/arm-none-eabi/bin/../arm-none-eabi/sysroot/lib/libc.a(lib_a-wsetup.o)
 .debug_frame   0x000000000000017c       0x64 /usr/local/arm-none-eabi/bin/../arm-none-eabi/sysroot/lib/libc.a(lib_a-fflush.o)
 .debug_frame   0x00000000000001e0      0x138 /usr/local/arm-none-eabi/bin/../arm-none-eabi/sysroot/lib/libc.a(lib_a-findfp.o)
 .debug_frame   0x0000000000000318       0x50 /usr/local/arm-none-eabi/bin/../arm-none-eabi/sysroot/lib/libc.a(lib_a-fputwc.o)
 .debug_frame   0x0000000000000368       0x4c /usr/local/arm-none-eabi/bin/../arm-none-eabi/sysroot/lib/libc.a(lib_a-freer.o)
 .debug_frame   0x00000000000003b4       0x38 /usr/local/arm-none-eabi/bin/../arm-none-eabi/sysroot/lib/libc.a(lib_a-fvwrite.o)
 .debug_frame   0x00000000000003ec       0x54 /usr/local/arm-none-eabi/bin/../arm-none-eabi/sysroot/lib/libc.a(lib_a-fwalk.o)
 .debug_frame   0x0000000000000440       0x98 /usr/local/arm-none-eabi/bin/../arm-none-eabi/sysroot/lib/libc.a(lib_a-locale.o)
 .debug_frame   0x00000000000004d8       0x30 /usr/local/arm-none-eabi/bin/../arm-none-eabi/sysroot/lib/libc.a(lib_a-makebuf.o)
 .debug_frame   0x0000000000000508       0x34 /usr/local/arm-none-eabi/bin/../arm-none-eabi/sysroot/lib/libc.a(lib_a-mallocr.o)
 .debug_frame   0x000000000000053c       0x20 /usr/local/arm-none-eabi/bin/../arm-none-eabi/sysroot/lib/libc.a(lib_a-memchr-stub.o)
 .debug_frame   0x000000000000055c       0x20 /usr/local/arm-none-eabi/bin/../arm-none-eabi/sysroot/lib/libc.a(lib_a-memmove.o)
 .debug_frame   0x000000000000057c       0x30 /usr/local/arm-none-eabi/bin/../arm-none-eabi/sysroot/lib/libc.a(lib_a-mlock.o)
 .debug_frame   0x00000000000005ac       0x38 /usr/local/arm-none-eabi/bin/../arm-none-eabi/sysroot/lib/libc.a(lib_a-reallocr.o)
 .debug_frame   0x00000000000005e4       0x2c /usr/local/arm-none-eabi/bin/../arm-none-eabi/sysroot/lib/libc.a(lib_a-sbrkr.o)
 .debug_frame   0x0000000000000610       0x88 /usr/local/arm-none-eabi/bin/../arm-none-eabi/sysroot/lib/libc.a(lib_a-stdio.o)
 .debug_frame   0x0000000000000698       0x20 /usr/local/arm-none-eabi/bin/../arm-none-eabi/sysroot/lib/libc.a(lib_a-strcmp.o)
 .debug_frame   0x00000000000006b8       0x20 /usr/local/arm-none-eabi/bin/../arm-none-eabi/sysroot/lib/libc.a(lib_a-strlen.o)
 .debug_frame   0x00000000000006d8       0x28 /usr/local/arm-none-eabi/bin/../arm-none-eabi/sysroot/lib/libc.a(lib_a-strncpy.o)
 .debug_frame   0x0000000000000700       0x3c /usr/local/arm-none-eabi/bin/../arm-none-eabi/sysroot/lib/libc.a(lib_a-wbuf.o)
 .debug_frame   0x000000000000073c       0x4c /usr/local/arm-none-eabi/bin/../arm-none-eabi/sysroot/lib/libc.a(lib_a-wcrtomb.o)
 .debug_frame   0x0000000000000788       0x44 /usr/local/arm-none-eabi/bin/../arm-none-eabi/sysroot/lib/libc.a(lib_a-wctomb_r.o)
 .debug_frame   0x00000000000007cc       0x2c /usr/local/arm-none-eabi/bin/../arm-none-eabi/sysroot/lib/libc.a(lib_a-writer.o)
 .debug_frame   0x00000000000007f8       0x2c /usr/local/arm-none-eabi/bin/../arm-none-eabi/sysroot/lib/libc.a(lib_a-closer.o)
 .debug_frame   0x0000000000000824       0x3c /usr/local/arm-none-eabi/bin/../arm-none-eabi/sysroot/lib/libc.a(lib_a-fclose.o)
 .debug_frame   0x0000000000000860       0x2c /usr/local/arm-none-eabi/bin/../arm-none-eabi/sysroot/lib/libc.a(lib_a-fstatr.o)
 .debug_frame   0x000000000000088c       0x2c /usr/local/arm-none-eabi/bin/../arm-none-eabi/sysroot/lib/libc.a(lib_a-isattyr.o)
 .debug_frame   0x00000000000008b8       0x2c /usr/local/arm-none-eabi/bin/../arm-none-eabi/sysroot/lib/libc.a(lib_a-lseekr.o)
 .debug_frame   0x00000000000008e4       0x2c /usr/local/arm-none-eabi/bin/../arm-none-eabi/sysroot/lib/libc.a(lib_a-readr.o)
 .debug_frame   0x0000000000000910       0x64 /usr/local/arm-none-eabi/bin/../arm-none-eabi/sysroot/lib/libc.a(lib_a-reent.o)